Apache Maven 3.9.9 (8e8579a9e76f7d015ee5ec7bfcdc97d260186937)
Maven home: C:\DevTools\Apache\Maven
Java version: 17.0.16, vendor: Eclipse Adoptium, runtime: C:\Program Files\Eclipse Adoptium\jdk-17.0.16.8-hotspot
Default locale: es_CO, platform encoding: Cp1252
OS name: "windows 11", version: "10.0", arch: "amd64", family: "windows"
[DEBUG] Created new class realm maven.api
[DEBUG] Importing foreign packages into class realm maven.api
[DEBUG]   Imported: javax.annotation.* < plexus.core
[DEBUG]   Imported: javax.annotation.security.* < plexus.core
[DEBUG]   Imported: javax.inject.* < plexus.core
[DEBUG]   Imported: org.apache.maven.* < plexus.core
[DEBUG]   Imported: org.apache.maven.artifact < plexus.core
[DEBUG]   Imported: org.apache.maven.classrealm < plexus.core
[DEBUG]   Imported: org.apache.maven.cli < plexus.core
[DEBUG]   Imported: org.apache.maven.configuration < plexus.core
[DEBUG]   Imported: org.apache.maven.exception < plexus.core
[DEBUG]   Imported: org.apache.maven.execution < plexus.core
[DEBUG]   Imported: org.apache.maven.execution.scope < plexus.core
[DEBUG]   Imported: org.apache.maven.graph < plexus.core
[DEBUG]   Imported: org.apache.maven.lifecycle < plexus.core
[DEBUG]   Imported: org.apache.maven.model < plexus.core
[DEBUG]   Imported: org.apache.maven.monitor < plexus.core
[DEBUG]   Imported: org.apache.maven.plugin < plexus.core
[DEBUG]   Imported: org.apache.maven.profiles < plexus.core
[DEBUG]   Imported: org.apache.maven.project < plexus.core
[DEBUG]   Imported: org.apache.maven.reporting < plexus.core
[DEBUG]   Imported: org.apache.maven.repository < plexus.core
[DEBUG]   Imported: org.apache.maven.rtinfo < plexus.core
[DEBUG]   Imported: org.apache.maven.settings < plexus.core
[DEBUG]   Imported: org.apache.maven.toolchain < plexus.core
[DEBUG]   Imported: org.apache.maven.usability < plexus.core
[DEBUG]   Imported: org.apache.maven.wagon.* < plexus.core
[DEBUG]   Imported: org.apache.maven.wagon.authentication < plexus.core
[DEBUG]   Imported: org.apache.maven.wagon.authorization < plexus.core
[DEBUG]   Imported: org.apache.maven.wagon.events < plexus.core
[DEBUG]   Imported: org.apache.maven.wagon.observers < plexus.core
[DEBUG]   Imported: org.apache.maven.wagon.proxy < plexus.core
[DEBUG]   Imported: org.apache.maven.wagon.repository < plexus.core
[DEBUG]   Imported: org.apache.maven.wagon.resource < plexus.core
[DEBUG]   Imported: org.codehaus.classworlds < plexus.core
[DEBUG]   Imported: org.codehaus.plexus.* < plexus.core
[DEBUG]   Imported: org.codehaus.plexus.classworlds < plexus.core
[DEBUG]   Imported: org.codehaus.plexus.component < plexus.core
[DEBUG]   Imported: org.codehaus.plexus.configuration < plexus.core
[DEBUG]   Imported: org.codehaus.plexus.container < plexus.core
[DEBUG]   Imported: org.codehaus.plexus.context < plexus.core
[DEBUG]   Imported: org.codehaus.plexus.lifecycle < plexus.core
[DEBUG]   Imported: org.codehaus.plexus.logging < plexus.core
[DEBUG]   Imported: org.codehaus.plexus.personality < plexus.core
[DEBUG]   Imported: org.codehaus.plexus.util.xml.Xpp3Dom < plexus.core
[DEBUG]   Imported: org.codehaus.plexus.util.xml.pull.XmlPullParser < plexus.core
[DEBUG]   Imported: org.codehaus.plexus.util.xml.pull.XmlPullParserException < plexus.core
[DEBUG]   Imported: org.codehaus.plexus.util.xml.pull.XmlSerializer < plexus.core
[DEBUG]   Imported: org.eclipse.aether.* < plexus.core
[DEBUG]   Imported: org.eclipse.aether.artifact < plexus.core
[DEBUG]   Imported: org.eclipse.aether.collection < plexus.core
[DEBUG]   Imported: org.eclipse.aether.deployment < plexus.core
[DEBUG]   Imported: org.eclipse.aether.graph < plexus.core
[DEBUG]   Imported: org.eclipse.aether.impl < plexus.core
[DEBUG]   Imported: org.eclipse.aether.installation < plexus.core
[DEBUG]   Imported: org.eclipse.aether.internal.impl < plexus.core
[DEBUG]   Imported: org.eclipse.aether.metadata < plexus.core
[DEBUG]   Imported: org.eclipse.aether.repository < plexus.core
[DEBUG]   Imported: org.eclipse.aether.resolution < plexus.core
[DEBUG]   Imported: org.eclipse.aether.spi < plexus.core
[DEBUG]   Imported: org.eclipse.aether.transfer < plexus.core
[DEBUG]   Imported: org.eclipse.aether.util < plexus.core
[DEBUG]   Imported: org.eclipse.aether.version < plexus.core
[DEBUG]   Imported: org.fusesource.jansi.* < plexus.core
[DEBUG]   Imported: org.slf4j.* < plexus.core
[DEBUG]   Imported: org.slf4j.event.* < plexus.core
[DEBUG]   Imported: org.slf4j.helpers.* < plexus.core
[DEBUG]   Imported: org.slf4j.spi.* < plexus.core
[DEBUG] Populating class realm maven.api
[DEBUG] Created adapter factory; available factories [file-lock, rwlock-local, semaphore-local, noop]; available name mappers [discriminating, file-gav, file-hgav, file-static, gav, static]
[INFO] Error stacktraces are turned on.
[DEBUG] Message scheme: color
[DEBUG] Message styles: debug info warning error success failure strong mojo project
[DEBUG] Reading global settings from C:\DevTools\Apache\Maven\conf\settings.xml
[DEBUG] Reading user settings from C:\Users\camil\.m2\settings.xml
[DEBUG] Reading global toolchains from C:\DevTools\Apache\Maven\conf\toolchains.xml
[DEBUG] Reading user toolchains from C:\Users\camil\.m2\toolchains.xml
[DEBUG] Using local repository at C:\Users\camil\.m2\repository
[DEBUG] Using manager EnhancedLocalRepositoryManager with priority 10.0 for C:\Users\camil\.m2\repository
[INFO] Scanning for projects...
[DEBUG] Creating adapter using nameMapper 'gav' and factory 'rwlock-local'
[DEBUG] Extension realms for project com.FabricaEscuela:Feature1Back:jar:0.0.1-SNAPSHOT: (none)
[DEBUG] Looking up lifecycle mappings for packaging jar from ClassRealm[plexus.core, parent: null]
[DEBUG] Extension realms for project org.springframework.boot:spring-boot-starter-parent:pom:3.4.10: (none)
[DEBUG] Looking up lifecycle mappings for packaging pom from ClassRealm[plexus.core, parent: null]
[DEBUG] Extension realms for project org.springframework.boot:spring-boot-dependencies:pom:3.4.10: (none)
[DEBUG] Looking up lifecycle mappings for packaging pom from ClassRealm[plexus.core, parent: null]
[WARNING] 
[WARNING] Some problems were encountered while building the effective model for com.FabricaEscuela:Feature1Back:jar:0.0.1-SNAPSHOT
[WARNING] 'dependencies.dependency.version' for org.testng:testng:jar is either LATEST or RELEASE (both of them are being deprecated) @ line 128, column 22
[WARNING] 
[WARNING] It is highly recommended to fix these problems because they threaten the stability of your build.
[WARNING] 
[WARNING] For this reason, future Maven versions might no longer support building such malformed projects.
[WARNING] 
[DEBUG] === REACTOR BUILD PLAN ================================================
[DEBUG] Project: com.FabricaEscuela:Feature1Back:jar:0.0.1-SNAPSHOT
[DEBUG] Tasks:   [clean, test]
[DEBUG] Style:   Regular
[DEBUG] =======================================================================
[INFO] 
[INFO] ------------------< com.FabricaEscuela:Feature1Back >-------------------
[INFO] Building Feature1Back 0.0.1-SNAPSHOT
[INFO]   from pom.xml
[INFO] --------------------------------[ jar ]---------------------------------
[DEBUG] Lifecycle clean -> [pre-clean, clean, post-clean]
[DEBUG] Lifecycle default -> [validate, initialize, generate-sources, process-sources, generate-resources, process-resources, compile, process-classes, generate-test-sources, process-test-sources, generate-test-resources, process-test-resources, test-compile, process-test-classes, test, prepare-package, package, pre-integration-test, integration-test, post-integration-test, verify, install, deploy]
[DEBUG] Lifecycle site -> [pre-site, site, post-site, site-deploy]
[DEBUG] Lifecycle clean -> [pre-clean, clean, post-clean]
[DEBUG] Lifecycle default -> [validate, initialize, generate-sources, process-sources, generate-resources, process-resources, compile, process-classes, generate-test-sources, process-test-sources, generate-test-resources, process-test-resources, test-compile, process-test-classes, test, prepare-package, package, pre-integration-test, integration-test, post-integration-test, verify, install, deploy]
[DEBUG] Lifecycle site -> [pre-site, site, post-site, site-deploy]
[DEBUG] Lifecycle clean -> [pre-clean, clean, post-clean]
[DEBUG] Lifecycle default -> [validate, initialize, generate-sources, process-sources, generate-resources, process-resources, compile, process-classes, generate-test-sources, process-test-sources, generate-test-resources, process-test-resources, test-compile, process-test-classes, test, prepare-package, package, pre-integration-test, integration-test, post-integration-test, verify, install, deploy]
[DEBUG] Lifecycle site -> [pre-site, site, post-site, site-deploy]
[DEBUG] Lifecycle clean -> [pre-clean, clean, post-clean]
[DEBUG] Lifecycle default -> [validate, initialize, generate-sources, process-sources, generate-resources, process-resources, compile, process-classes, generate-test-sources, process-test-sources, generate-test-resources, process-test-resources, test-compile, process-test-classes, test, prepare-package, package, pre-integration-test, integration-test, post-integration-test, verify, install, deploy]
[DEBUG] Lifecycle site -> [pre-site, site, post-site, site-deploy]
[DEBUG] Lifecycle clean -> [pre-clean, clean, post-clean]
[DEBUG] Lifecycle default -> [validate, initialize, generate-sources, process-sources, generate-resources, process-resources, compile, process-classes, generate-test-sources, process-test-sources, generate-test-resources, process-test-resources, test-compile, process-test-classes, test, prepare-package, package, pre-integration-test, integration-test, post-integration-test, verify, install, deploy]
[DEBUG] Lifecycle site -> [pre-site, site, post-site, site-deploy]
[DEBUG] Lifecycle clean -> [pre-clean, clean, post-clean]
[DEBUG] Lifecycle default -> [validate, initialize, generate-sources, process-sources, generate-resources, process-resources, compile, process-classes, generate-test-sources, process-test-sources, generate-test-resources, process-test-resources, test-compile, process-test-classes, test, prepare-package, package, pre-integration-test, integration-test, post-integration-test, verify, install, deploy]
[DEBUG] Lifecycle site -> [pre-site, site, post-site, site-deploy]
[DEBUG] Lifecycle clean -> [pre-clean, clean, post-clean]
[DEBUG] Lifecycle default -> [validate, initialize, generate-sources, process-sources, generate-resources, process-resources, compile, process-classes, generate-test-sources, process-test-sources, generate-test-resources, process-test-resources, test-compile, process-test-classes, test, prepare-package, package, pre-integration-test, integration-test, post-integration-test, verify, install, deploy]
[DEBUG] Lifecycle site -> [pre-site, site, post-site, site-deploy]
[DEBUG] Lifecycle clean -> [pre-clean, clean, post-clean]
[DEBUG] Lifecycle default -> [validate, initialize, generate-sources, process-sources, generate-resources, process-resources, compile, process-classes, generate-test-sources, process-test-sources, generate-test-resources, process-test-resources, test-compile, process-test-classes, test, prepare-package, package, pre-integration-test, integration-test, post-integration-test, verify, install, deploy]
[DEBUG] Lifecycle site -> [pre-site, site, post-site, site-deploy]
[DEBUG] Lifecycle clean -> [pre-clean, clean, post-clean]
[DEBUG] Lifecycle default -> [validate, initialize, generate-sources, process-sources, generate-resources, process-resources, compile, process-classes, generate-test-sources, process-test-sources, generate-test-resources, process-test-resources, test-compile, process-test-classes, test, prepare-package, package, pre-integration-test, integration-test, post-integration-test, verify, install, deploy]
[DEBUG] Lifecycle site -> [pre-site, site, post-site, site-deploy]
[DEBUG] === PROJECT BUILD PLAN ================================================
[DEBUG] Project:       com.FabricaEscuela:Feature1Back:0.0.1-SNAPSHOT
[DEBUG] Dependencies (collect): []
[DEBUG] Dependencies (resolve): [compile, runtime, test]
[DEBUG] Repositories (dependencies): [central (https://repo.maven.apache.org/maven2, default, releases)]
[DEBUG] Repositories (plugins)     : [central (https://repo.maven.apache.org/maven2, default, releases)]
[DEBUG] -----------------------------------------------------------------------
[DEBUG] Goal:          org.apache.maven.plugins:maven-clean-plugin:3.4.1:clean (default-clean)
[DEBUG] Style:         Regular
[DEBUG] Configuration: <?xml version="1.0" encoding="UTF-8"?>
<configuration>
  <directory default-value="${project.build.directory}"/>
  <excludeDefaultDirectories default-value="false">${maven.clean.excludeDefaultDirectories}</excludeDefaultDirectories>
  <failOnError default-value="true">${maven.clean.failOnError}</failOnError>
  <fast default-value="false">${maven.clean.fast}</fast>
  <fastDir>${maven.clean.fastDir}</fastDir>
  <fastMode default-value="background">${maven.clean.fastMode}</fastMode>
  <followSymLinks default-value="false">${maven.clean.followSymLinks}</followSymLinks>
  <outputDirectory default-value="${project.build.outputDirectory}"/>
  <reportDirectory default-value="${project.build.outputDirectory}"/>
  <retryOnError default-value="true">${maven.clean.retryOnError}</retryOnError>
  <session default-value="${session}"/>
  <skip default-value="false">${maven.clean.skip}</skip>
  <testOutputDirectory default-value="${project.build.testOutputDirectory}"/>
  <verbose>${maven.clean.verbose}</verbose>
</configuration>
[DEBUG] -----------------------------------------------------------------------
[DEBUG] Goal:          org.jacoco:jacoco-maven-plugin:0.8.10:prepare-agent (default)
[DEBUG] Style:         Regular
[DEBUG] Configuration: <?xml version="1.0" encoding="UTF-8"?>
<configuration>
  <address>${jacoco.address}</address>
  <append>${jacoco.append}</append>
  <classDumpDir>${jacoco.classDumpDir}</classDumpDir>
  <destFile default-value="${project.build.directory}/jacoco.exec">${jacoco.destFile}</destFile>
  <dumpOnExit>${jacoco.dumpOnExit}</dumpOnExit>
  <exclClassLoaders>${jacoco.exclClassLoaders}</exclClassLoaders>
  <inclBootstrapClasses>${jacoco.inclBootstrapClasses}</inclBootstrapClasses>
  <inclNoLocationClasses>${jacoco.inclNoLocationClasses}</inclNoLocationClasses>
  <jmx>${jacoco.jmx}</jmx>
  <output>${jacoco.output}</output>
  <pluginArtifactMap>${plugin.artifactMap}</pluginArtifactMap>
  <port>${jacoco.port}</port>
  <project>${project}</project>
  <propertyName>${jacoco.propertyName}</propertyName>
  <sessionId>${jacoco.sessionId}</sessionId>
  <skip default-value="false">${jacoco.skip}</skip>
</configuration>
[DEBUG] -----------------------------------------------------------------------
[DEBUG] Goal:          org.apache.maven.plugins:maven-resources-plugin:3.3.1:resources (default-resources)
[DEBUG] Style:         Regular
[DEBUG] Configuration: <?xml version="1.0" encoding="UTF-8"?>
<configuration>
  <addDefaultExcludes default-value="true"/>
  <buildFilters default-value="${project.build.filters}"/>
  <delimiters>
    <delimiter>@</delimiter>
  </delimiters>
  <encoding default-value="${project.build.sourceEncoding}"/>
  <escapeWindowsPaths default-value="true"/>
  <fileNameFiltering default-value="false"/>
  <includeEmptyDirs default-value="false"/>
  <outputDirectory default-value="${project.build.outputDirectory}"/>
  <overwrite default-value="false"/>
  <project default-value="${project}"/>
  <propertiesEncoding>UTF-8</propertiesEncoding>
  <resources default-value="${project.resources}"/>
  <session default-value="${session}"/>
  <skip default-value="false">${maven.resources.skip}</skip>
  <supportMultiLineFiltering default-value="false"/>
  <useBuildFilters default-value="true"/>
  <useDefaultDelimiters default-value="true">false</useDefaultDelimiters>
</configuration>
[DEBUG] -----------------------------------------------------------------------
[DEBUG] Goal:          org.apache.maven.plugins:maven-compiler-plugin:3.11.0:compile (default-compile)
[DEBUG] Style:         Regular
[DEBUG] Configuration: <?xml version="1.0" encoding="UTF-8"?>
<configuration>
  <annotationProcessorPaths>
    <path>
      <groupId>org.projectlombok</groupId>
      <artifactId>lombok</artifactId>
      <version>1.18.30</version>
    </path>
    <path>
      <groupId>org.mapstruct</groupId>
      <artifactId>mapstruct-processor</artifactId>
      <version>1.5.5.Final</version>
    </path>
    <path>
      <groupId>org.projectlombok</groupId>
      <artifactId>lombok-mapstruct-binding</artifactId>
      <version>0.2.0</version>
    </path>
  </annotationProcessorPaths>
  <basedir default-value="${basedir}"/>
  <buildDirectory default-value="${project.build.directory}"/>
  <compilePath default-value="${project.compileClasspathElements}"/>
  <compileSourceRoots default-value="${project.compileSourceRoots}"/>
  <compilerId default-value="javac">${maven.compiler.compilerId}</compilerId>
  <compilerReuseStrategy default-value="${reuseCreated}">${maven.compiler.compilerReuseStrategy}</compilerReuseStrategy>
  <compilerVersion>${maven.compiler.compilerVersion}</compilerVersion>
  <createMissingPackageInfoClass default-value="true">${maven.compiler.createMissingPackageInfoClass}</createMissingPackageInfoClass>
  <debug default-value="true">${maven.compiler.debug}</debug>
  <debugFileName default-value="javac"/>
  <debuglevel>${maven.compiler.debuglevel}</debuglevel>
  <enablePreview default-value="false">${maven.compiler.enablePreview}</enablePreview>
  <encoding default-value="${project.build.sourceEncoding}">${encoding}</encoding>
  <executable>${maven.compiler.executable}</executable>
  <failOnError default-value="true">${maven.compiler.failOnError}</failOnError>
  <failOnWarning default-value="false">${maven.compiler.failOnWarning}</failOnWarning>
  <forceJavacCompilerUse default-value="false">${maven.compiler.forceJavacCompilerUse}</forceJavacCompilerUse>
  <fork default-value="false">${maven.compiler.fork}</fork>
  <generatedSourcesDirectory default-value="${project.build.directory}/generated-sources/annotations"/>
  <implicit>${maven.compiler.implicit}</implicit>
  <maxmem>${maven.compiler.maxmem}</maxmem>
  <meminitial>${maven.compiler.meminitial}</meminitial>
  <mojoExecution default-value="${mojoExecution}"/>
  <optimize default-value="false">${maven.compiler.optimize}</optimize>
  <outputDirectory default-value="${project.build.outputDirectory}"/>
  <parameters default-value="false">true</parameters>
  <project default-value="${project}"/>
  <projectArtifact default-value="${project.artifact}"/>
  <release>17</release>
  <session default-value="${session}"/>
  <showCompilationChanges default-value="false">${maven.compiler.showCompilationChanges}</showCompilationChanges>
  <showDeprecation default-value="false">${maven.compiler.showDeprecation}</showDeprecation>
  <showWarnings default-value="true">${maven.compiler.showWarnings}</showWarnings>
  <skipMain>${maven.main.skip}</skipMain>
  <skipMultiThreadWarning default-value="false">${maven.compiler.skipMultiThreadWarning}</skipMultiThreadWarning>
  <source default-value="1.8">17</source>
  <staleMillis default-value="0">${lastModGranularityMs}</staleMillis>
  <target default-value="1.8">17</target>
  <useIncrementalCompilation default-value="true">${maven.compiler.useIncrementalCompilation}</useIncrementalCompilation>
  <verbose default-value="false">${maven.compiler.verbose}</verbose>
</configuration>
[DEBUG] -----------------------------------------------------------------------
[DEBUG] Goal:          org.apache.maven.plugins:maven-resources-plugin:3.3.1:testResources (default-testResources)
[DEBUG] Style:         Regular
[DEBUG] Configuration: <?xml version="1.0" encoding="UTF-8"?>
<configuration>
  <addDefaultExcludes default-value="true"/>
  <buildFilters default-value="${project.build.filters}"/>
  <delimiters>
    <delimiter>@</delimiter>
  </delimiters>
  <encoding default-value="${project.build.sourceEncoding}"/>
  <escapeWindowsPaths default-value="true"/>
  <fileNameFiltering default-value="false"/>
  <includeEmptyDirs default-value="false"/>
  <outputDirectory default-value="${project.build.testOutputDirectory}"/>
  <overwrite default-value="false"/>
  <project default-value="${project}"/>
  <propertiesEncoding>UTF-8</propertiesEncoding>
  <resources default-value="${project.testResources}"/>
  <session default-value="${session}"/>
  <skip default-value="false">${maven.test.skip}</skip>
  <supportMultiLineFiltering default-value="false"/>
  <useBuildFilters default-value="true"/>
  <useDefaultDelimiters default-value="true">false</useDefaultDelimiters>
</configuration>
[DEBUG] -----------------------------------------------------------------------
[DEBUG] Goal:          org.apache.maven.plugins:maven-compiler-plugin:3.11.0:testCompile (default-testCompile)
[DEBUG] Style:         Regular
[DEBUG] Configuration: <?xml version="1.0" encoding="UTF-8"?>
<configuration>
  <annotationProcessorPaths>
    <path>
      <groupId>org.projectlombok</groupId>
      <artifactId>lombok</artifactId>
      <version>1.18.30</version>
    </path>
    <path>
      <groupId>org.mapstruct</groupId>
      <artifactId>mapstruct-processor</artifactId>
      <version>1.5.5.Final</version>
    </path>
    <path>
      <groupId>org.projectlombok</groupId>
      <artifactId>lombok-mapstruct-binding</artifactId>
      <version>0.2.0</version>
    </path>
  </annotationProcessorPaths>
  <basedir default-value="${basedir}"/>
  <buildDirectory default-value="${project.build.directory}"/>
  <compileSourceRoots default-value="${project.testCompileSourceRoots}"/>
  <compilerId default-value="javac">${maven.compiler.compilerId}</compilerId>
  <compilerReuseStrategy default-value="${reuseCreated}">${maven.compiler.compilerReuseStrategy}</compilerReuseStrategy>
  <compilerVersion>${maven.compiler.compilerVersion}</compilerVersion>
  <createMissingPackageInfoClass default-value="true">${maven.compiler.createMissingPackageInfoClass}</createMissingPackageInfoClass>
  <debug default-value="true">${maven.compiler.debug}</debug>
  <debugFileName default-value="javac-test"/>
  <debuglevel>${maven.compiler.debuglevel}</debuglevel>
  <enablePreview default-value="false">${maven.compiler.enablePreview}</enablePreview>
  <encoding default-value="${project.build.sourceEncoding}">${encoding}</encoding>
  <executable>${maven.compiler.executable}</executable>
  <failOnError default-value="true">${maven.compiler.failOnError}</failOnError>
  <failOnWarning default-value="false">${maven.compiler.failOnWarning}</failOnWarning>
  <forceJavacCompilerUse default-value="false">${maven.compiler.forceJavacCompilerUse}</forceJavacCompilerUse>
  <fork default-value="false">${maven.compiler.fork}</fork>
  <generatedTestSourcesDirectory default-value="${project.build.directory}/generated-test-sources/test-annotations"/>
  <implicit>${maven.compiler.implicit}</implicit>
  <maxmem>${maven.compiler.maxmem}</maxmem>
  <meminitial>${maven.compiler.meminitial}</meminitial>
  <mojoExecution default-value="${mojoExecution}"/>
  <optimize default-value="false">${maven.compiler.optimize}</optimize>
  <outputDirectory default-value="${project.build.testOutputDirectory}"/>
  <parameters default-value="false">true</parameters>
  <project default-value="${project}"/>
  <release>17</release>
  <session default-value="${session}"/>
  <showCompilationChanges default-value="false">${maven.compiler.showCompilationChanges}</showCompilationChanges>
  <showDeprecation default-value="false">${maven.compiler.showDeprecation}</showDeprecation>
  <showWarnings default-value="true">${maven.compiler.showWarnings}</showWarnings>
  <skip>${maven.test.skip}</skip>
  <skipMultiThreadWarning default-value="false">${maven.compiler.skipMultiThreadWarning}</skipMultiThreadWarning>
  <source default-value="1.8">17</source>
  <staleMillis default-value="0">${lastModGranularityMs}</staleMillis>
  <target default-value="1.8">17</target>
  <testPath default-value="${project.testClasspathElements}"/>
  <testRelease>${maven.compiler.testRelease}</testRelease>
  <testSource>${maven.compiler.testSource}</testSource>
  <testTarget>${maven.compiler.testTarget}</testTarget>
  <useIncrementalCompilation default-value="true">${maven.compiler.useIncrementalCompilation}</useIncrementalCompilation>
  <useModulePath default-value="true"/>
  <verbose default-value="false">${maven.compiler.verbose}</verbose>
</configuration>
[DEBUG] -----------------------------------------------------------------------
[DEBUG] Goal:          org.apache.maven.plugins:maven-surefire-plugin:3.5.4:test (default-test)
[DEBUG] Style:         Regular
[DEBUG] Configuration: <?xml version="1.0" encoding="UTF-8"?>
<configuration>
  <additionalClasspathDependencies>${maven.test.additionalClasspathDependencies}</additionalClasspathDependencies>
  <additionalClasspathElements>${maven.test.additionalClasspath}</additionalClasspathElements>
  <argLine>${argLine}</argLine>
  <basedir default-value="${basedir}"/>
  <childDelegation default-value="false">${childDelegation}</childDelegation>
  <classesDirectory default-value="${project.build.outputDirectory}"/>
  <classpathDependencyExcludes>${maven.test.dependency.excludes}</classpathDependencyExcludes>
  <debugForkedProcess>${maven.surefire.debug}</debugForkedProcess>
  <dependenciesToScan>${dependenciesToScan}</dependenciesToScan>
  <disableXmlReport>${disableXmlReport}</disableXmlReport>
  <enableAssertions default-value="true">${enableAssertions}</enableAssertions>
  <enableOutErrElements default-value="true">${enableOutErrElements}</enableOutErrElements>
  <enableProcessChecker>${surefire.enableProcessChecker}</enableProcessChecker>
  <enablePropertiesElement default-value="true">${enablePropertiesElement}</enablePropertiesElement>
  <encoding default-value="${project.reporting.outputEncoding}">${surefire.encoding}</encoding>
  <excludeJUnit5Engines>${surefire.excludeJUnit5Engines}</excludeJUnit5Engines>
  <excludedEnvironmentVariables>${surefire.excludedEnvironmentVariables}</excludedEnvironmentVariables>
  <excludedGroups>${excludedGroups}</excludedGroups>
  <excludes>${surefire.excludes}</excludes>
  <excludesFile>${surefire.excludesFile}</excludesFile>
  <failIfNoSpecifiedTests default-value="true">${surefire.failIfNoSpecifiedTests}</failIfNoSpecifiedTests>
  <failIfNoTests default-value="false">${failIfNoTests}</failIfNoTests>
  <failOnFlakeCount default-value="0">${surefire.failOnFlakeCount}</failOnFlakeCount>
  <forkCount default-value="1">${forkCount}</forkCount>
  <forkNode>${surefire.forkNode}</forkNode>
  <forkedProcessExitTimeoutInSeconds default-value="30">${surefire.exitTimeout}</forkedProcessExitTimeoutInSeconds>
  <forkedProcessTimeoutInSeconds>${surefire.timeout}</forkedProcessTimeoutInSeconds>
  <groups>${groups}</groups>
  <includeJUnit5Engines>${surefire.includeJUnit5Engines}</includeJUnit5Engines>
  <includes>${surefire.includes}</includes>
  <includesFile>${surefire.includesFile}</includesFile>
  <junitArtifactName default-value="junit:junit">${junitArtifactName}</junitArtifactName>
  <jvm>${jvm}</jvm>
  <objectFactory>${objectFactory}</objectFactory>
  <parallel>${parallel}</parallel>
  <parallelMavenExecution default-value="${session.parallel}"/>
  <parallelOptimized default-value="true">${parallelOptimized}</parallelOptimized>
  <parallelTestsTimeoutForcedInSeconds>${surefire.parallel.forcedTimeout}</parallelTestsTimeoutForcedInSeconds>
  <parallelTestsTimeoutInSeconds>${surefire.parallel.timeout}</parallelTestsTimeoutInSeconds>
  <perCoreThreadCount default-value="true">${perCoreThreadCount}</perCoreThreadCount>
  <pluginArtifactMap>${plugin.artifactMap}</pluginArtifactMap>
  <pluginDescriptor default-value="${plugin}"/>
  <printSummary default-value="true">${surefire.printSummary}</printSummary>
  <project default-value="${project}"/>
  <projectArtifactMap>${project.artifactMap}</projectArtifactMap>
  <projectBuildDirectory default-value="${project.build.directory}"/>
  <promoteUserPropertiesToSystemProperties default-value="true"/>
  <redirectTestOutputToFile default-value="false">${maven.test.redirectTestOutputToFile}</redirectTestOutputToFile>
  <reportFormat default-value="brief">${surefire.reportFormat}</reportFormat>
  <reportNameSuffix default-value="">${surefire.reportNameSuffix}</reportNameSuffix>
  <reportsDirectory default-value="${project.build.directory}/surefire-reports"/>
  <rerunFailingTestsCount default-value="0">${surefire.rerunFailingTestsCount}</rerunFailingTestsCount>
  <reuseForks default-value="true">${reuseForks}</reuseForks>
  <runOrder default-value="filesystem">${surefire.runOrder}</runOrder>
  <runOrderRandomSeed>${surefire.runOrder.random.seed}</runOrderRandomSeed>
  <session default-value="${session}"/>
  <shutdown default-value="exit">${surefire.shutdown}</shutdown>
  <skip default-value="false">${maven.test.skip}</skip>
  <skipAfterFailureCount default-value="0">${surefire.skipAfterFailureCount}</skipAfterFailureCount>
  <skipExec>${maven.test.skip.exec}</skipExec>
  <skipTests default-value="false">${skipTests}</skipTests>
  <suiteXmlFiles>${surefire.suiteXmlFiles}</suiteXmlFiles>
  <systemPropertiesFile>${surefire.systemPropertiesFile}</systemPropertiesFile>
  <tempDir default-value="surefire">${tempDir}</tempDir>
  <test>${test}</test>
  <testClassesDirectory default-value="${project.build.testOutputDirectory}"/>
  <testFailureIgnore default-value="false">${maven.test.failure.ignore}</testFailureIgnore>
  <testNGArtifactName default-value="org.testng:testng">${testNGArtifactName}</testNGArtifactName>
  <testSourceDirectory default-value="${project.build.testSourceDirectory}"/>
  <threadCount>${threadCount}</threadCount>
  <threadCountClasses default-value="0">${threadCountClasses}</threadCountClasses>
  <threadCountMethods default-value="0">${threadCountMethods}</threadCountMethods>
  <threadCountSuites default-value="0">${threadCountSuites}</threadCountSuites>
  <trimStackTrace default-value="false">${trimStackTrace}</trimStackTrace>
  <useFile default-value="true">${surefire.useFile}</useFile>
  <useManifestOnlyJar default-value="true">${surefire.useManifestOnlyJar}</useManifestOnlyJar>
  <useModulePath default-value="true">${surefire.useModulePath}</useModulePath>
  <useSystemClassLoader default-value="true">${surefire.useSystemClassLoader}</useSystemClassLoader>
  <useUnlimitedThreads default-value="false">${useUnlimitedThreads}</useUnlimitedThreads>
  <workingDirectory>${basedir}</workingDirectory>
</configuration>
[DEBUG] -----------------------------------------------------------------------
[DEBUG] Goal:          org.jacoco:jacoco-maven-plugin:0.8.10:report (report)
[DEBUG] Style:         Regular
[DEBUG] Configuration: <?xml version="1.0" encoding="UTF-8"?>
<configuration>
  <dataFile default-value="${project.build.directory}/jacoco.exec">${jacoco.dataFile}</dataFile>
  <formats default-value="HTML,XML,CSV"/>
  <outputDirectory default-value="${project.reporting.outputDirectory}/jacoco"/>
  <outputEncoding default-value="UTF-8">${project.reporting.outputEncoding}</outputEncoding>
  <project>${project}</project>
  <skip default-value="false">${jacoco.skip}</skip>
  <sourceEncoding default-value="UTF-8">${project.build.sourceEncoding}</sourceEncoding>
  <title default-value="${project.name}"/>
</configuration>
[DEBUG] =======================================================================
[DEBUG] Using mirror maven-default-http-blocker (http://0.0.0.0/) for vaadin-snapshots (http://oss.sonatype.org/content/repositories/vaadin-snapshots/).
[DEBUG] Using mirror maven-default-http-blocker (http://0.0.0.0/) for vaadin-releases (http://oss.sonatype.org/content/repositories/vaadin-releases/).
[DEBUG] Could not find metadata org.testng:testng/maven-metadata.xml in local (C:\Users\camil\.m2\repository)
[DEBUG] Skipped remote request for org.testng:testng/maven-metadata.xml, locally cached metadata up-to-date
[DEBUG] Could not find metadata org.testng:testng/maven-metadata.xml in local (C:\Users\camil\.m2\repository)
[DEBUG] Skipped remote request for org.testng:testng/maven-metadata.xml, locally cached metadata up-to-date
[DEBUG] Dependency collection stats {ConflictMarker.analyzeTime=2070800, ConflictMarker.markTime=277100, ConflictMarker.nodeCount=235, ConflictIdSorter.graphTime=1113800, ConflictIdSorter.topsortTime=748800, ConflictIdSorter.conflictIdCount=111, ConflictIdSorter.conflictIdCycleCount=0, ConflictResolver.totalTime=12496200, ConflictResolver.conflictItemCount=226, DfDependencyCollector.collectTime=607879300, DfDependencyCollector.transformTime=19705700}
[DEBUG] com.FabricaEscuela:Feature1Back:jar:0.0.1-SNAPSHOT
[DEBUG]    org.springframework.boot:spring-boot-starter-data-jpa:jar:3.4.10:compile
[DEBUG]       org.springframework.boot:spring-boot-starter:jar:3.4.10:compile (version managed from 3.4.10)
[DEBUG]          org.springframework.boot:spring-boot-starter-logging:jar:3.4.10:compile (version managed from 3.4.10)
[DEBUG]             ch.qos.logback:logback-classic:jar:1.5.18:compile (version managed from 1.5.18)
[DEBUG]                ch.qos.logback:logback-core:jar:1.5.18:compile (version managed from 1.5.18)
[DEBUG]             org.apache.logging.log4j:log4j-to-slf4j:jar:2.24.3:compile (version managed from 2.24.3)
[DEBUG]                org.apache.logging.log4j:log4j-api:jar:2.24.3:compile (version managed from 2.24.3)
[DEBUG]             org.slf4j:jul-to-slf4j:jar:2.0.17:compile (version managed from 2.0.17)
[DEBUG]          jakarta.annotation:jakarta.annotation-api:jar:2.1.1:compile (version managed from 2.1.1)
[DEBUG]          org.yaml:snakeyaml:jar:2.3:compile (version managed from 2.3)
[DEBUG]       org.springframework.boot:spring-boot-starter-jdbc:jar:3.4.10:compile (version managed from 3.4.10)
[DEBUG]          com.zaxxer:HikariCP:jar:5.1.0:compile (version managed from 5.1.0)
[DEBUG]          org.springframework:spring-jdbc:jar:6.2.11:compile (version managed from 6.2.11)
[DEBUG]       org.hibernate.orm:hibernate-core:jar:6.6.29.Final:compile (version managed from 6.6.29.Final)
[DEBUG]          jakarta.persistence:jakarta.persistence-api:jar:3.1.0:compile (version managed from 3.1.0)
[DEBUG]          jakarta.transaction:jakarta.transaction-api:jar:2.0.1:compile (version managed from 2.0.1)
[DEBUG]          org.jboss.logging:jboss-logging:jar:3.6.1.Final:compile (version managed from 3.5.0.Final)
[DEBUG]          org.hibernate.common:hibernate-commons-annotations:jar:7.0.3.Final:runtime
[DEBUG]          io.smallrye:jandex:jar:3.2.0:runtime
[DEBUG]          com.fasterxml:classmate:jar:1.7.0:compile (version managed from 1.5.1)
[DEBUG]          net.bytebuddy:byte-buddy:jar:1.15.11:runtime (version managed from 1.15.11)
[DEBUG]          org.glassfish.jaxb:jaxb-runtime:jar:4.0.5:runtime (version managed from 4.0.2)
[DEBUG]             org.glassfish.jaxb:jaxb-core:jar:4.0.5:runtime (version managed from 4.0.5)
[DEBUG]                org.glassfish.jaxb:txw2:jar:4.0.5:runtime (version managed from 4.0.5)
[DEBUG]                com.sun.istack:istack-commons-runtime:jar:4.1.2:runtime (version managed from 4.1.2)
[DEBUG]          jakarta.inject:jakarta.inject-api:jar:2.0.1:runtime (version managed from 2.0.1)
[DEBUG]          org.antlr:antlr4-runtime:jar:4.13.0:compile
[DEBUG]       org.springframework.data:spring-data-jpa:jar:3.4.10:compile (version managed from 3.4.10)
[DEBUG]          org.springframework.data:spring-data-commons:jar:3.4.10:compile (version managed from 3.4.10)
[DEBUG]          org.springframework:spring-orm:jar:6.2.11:compile (version managed from 6.2.11)
[DEBUG]          org.springframework:spring-context:jar:6.2.11:compile (version managed from 6.2.11)
[DEBUG]          org.springframework:spring-tx:jar:6.2.11:compile (version managed from 6.2.11)
[DEBUG]          org.springframework:spring-beans:jar:6.2.11:compile (version managed from 6.2.11)
[DEBUG]       org.springframework:spring-aspects:jar:6.2.11:compile (version managed from 6.2.11)
[DEBUG]          org.aspectj:aspectjweaver:jar:1.9.24:compile (version managed from 1.9.22.1)
[DEBUG]    org.springframework.boot:spring-boot-starter-validation:jar:3.4.10:compile
[DEBUG]       org.apache.tomcat.embed:tomcat-embed-el:jar:10.1.46:compile (version managed from 10.1.46)
[DEBUG]       org.hibernate.validator:hibernate-validator:jar:8.0.3.Final:compile (version managed from 8.0.3.Final)
[DEBUG]          jakarta.validation:jakarta.validation-api:jar:3.0.2:compile (version managed from 3.0.2)
[DEBUG]    org.springframework.boot:spring-boot-starter-web:jar:3.4.10:compile
[DEBUG]       org.springframework.boot:spring-boot-starter-json:jar:3.4.10:compile (version managed from 3.4.10)
[DEBUG]          com.fasterxml.jackson.datatype:jackson-datatype-jdk8:jar:2.18.4:compile (version managed from 2.18.4)
[DEBUG]          com.fasterxml.jackson.datatype:jackson-datatype-jsr310:jar:2.18.4:compile (version managed from 2.18.4)
[DEBUG]          com.fasterxml.jackson.module:jackson-module-parameter-names:jar:2.18.4:compile (version managed from 2.18.4)
[DEBUG]       org.springframework.boot:spring-boot-starter-tomcat:jar:3.4.10:compile (version managed from 3.4.10)
[DEBUG]          org.apache.tomcat.embed:tomcat-embed-core:jar:10.1.46:compile (version managed from 10.1.46)
[DEBUG]          org.apache.tomcat.embed:tomcat-embed-websocket:jar:10.1.46:compile (version managed from 10.1.46)
[DEBUG]       org.springframework:spring-web:jar:6.2.11:compile (version managed from 6.2.11)
[DEBUG]          io.micrometer:micrometer-observation:jar:1.14.11:compile (version managed from 1.14.11)
[DEBUG]             io.micrometer:micrometer-commons:jar:1.14.11:compile (version managed from 1.14.11)
[DEBUG]       org.springframework:spring-webmvc:jar:6.2.11:compile (version managed from 6.2.11)
[DEBUG]          org.springframework:spring-expression:jar:6.2.11:compile (version managed from 6.2.11)
[DEBUG]    org.springframework.boot:spring-boot-starter-security:jar:3.4.10:compile
[DEBUG]       org.springframework:spring-aop:jar:6.2.11:compile (version managed from 6.2.11)
[DEBUG]       org.springframework.security:spring-security-config:jar:6.4.11:compile (version managed from 6.4.11)
[DEBUG]          org.springframework.security:spring-security-core:jar:6.4.11:compile (version managed from 6.4.11)
[DEBUG]             org.springframework.security:spring-security-crypto:jar:6.4.11:compile (version managed from 6.4.11)
[DEBUG]       org.springframework.security:spring-security-web:jar:6.4.11:compile (version managed from 6.4.11)
[DEBUG]    io.jsonwebtoken:jjwt-api:jar:0.11.5:compile
[DEBUG]    io.jsonwebtoken:jjwt-impl:jar:0.11.5:runtime
[DEBUG]    io.jsonwebtoken:jjwt-jackson:jar:0.11.5:runtime
[DEBUG]    org.springframework.boot:spring-boot-starter-mail:jar:3.4.10:compile
[DEBUG]       org.springframework:spring-context-support:jar:6.2.11:compile (version managed from 6.2.11)
[DEBUG]       org.eclipse.angus:jakarta.mail:jar:2.0.4:compile (version managed from 2.0.4)
[DEBUG]          jakarta.activation:jakarta.activation-api:jar:2.1.4:compile (version managed from 2.1.3)
[DEBUG]          org.eclipse.angus:angus-activation:jar:2.0.2:runtime (version managed from 2.0.2)
[DEBUG]    org.springframework.boot:spring-boot-devtools:jar:3.4.10:runtime (optional)
[DEBUG]       org.springframework.boot:spring-boot:jar:3.4.10:compile (version managed from 3.4.10)
[DEBUG]       org.springframework.boot:spring-boot-autoconfigure:jar:3.4.10:compile (version managed from 3.4.10)
[DEBUG]    com.mysql:mysql-connector-j:jar:9.4.0:runtime (exclusions managed from [com.google.protobuf:protobuf-java:*:*])
[DEBUG]    org.postgresql:postgresql:jar:42.7.7:runtime
[DEBUG]       org.checkerframework:checker-qual:jar:3.49.3:runtime
[DEBUG]    org.springframework.boot:spring-boot-starter-test:jar:3.4.10:test
[DEBUG]       org.springframework.boot:spring-boot-test:jar:3.4.10:test (version managed from 3.4.10)
[DEBUG]       org.springframework.boot:spring-boot-test-autoconfigure:jar:3.4.10:test (version managed from 3.4.10)
[DEBUG]       com.jayway.jsonpath:json-path:jar:2.9.0:test (version managed from 2.9.0)
[DEBUG]       jakarta.xml.bind:jakarta.xml.bind-api:jar:4.0.2:runtime (version managed from 4.0.2)
[DEBUG]       net.minidev:json-smart:jar:2.5.2:test (version managed from 2.5.2)
[DEBUG]          net.minidev:accessors-smart:jar:2.5.2:test
[DEBUG]             org.ow2.asm:asm:jar:9.7.1:test
[DEBUG]       org.assertj:assertj-core:jar:3.26.3:test (version managed from 3.26.3)
[DEBUG]       org.awaitility:awaitility:jar:4.2.2:test (version managed from 4.2.2)
[DEBUG]       org.hamcrest:hamcrest:jar:2.2:test (version managed from 2.2)
[DEBUG]       org.junit.jupiter:junit-jupiter:jar:5.11.4:test (version managed from 5.11.4)
[DEBUG]          org.junit.jupiter:junit-jupiter-api:jar:5.11.4:test (version managed from 5.11.4)
[DEBUG]             org.opentest4j:opentest4j:jar:1.3.0:test
[DEBUG]             org.junit.platform:junit-platform-commons:jar:1.11.4:test (version managed from 1.11.4)
[DEBUG]             org.apiguardian:apiguardian-api:jar:1.1.2:test
[DEBUG]          org.junit.jupiter:junit-jupiter-params:jar:5.11.4:test (version managed from 5.11.4)
[DEBUG]          org.junit.jupiter:junit-jupiter-engine:jar:5.11.4:test (version managed from 5.11.4)
[DEBUG]             org.junit.platform:junit-platform-engine:jar:1.11.4:test (version managed from 1.11.4)
[DEBUG]       org.mockito:mockito-core:jar:5.14.2:test (version managed from 5.14.2)
[DEBUG]          net.bytebuddy:byte-buddy-agent:jar:1.15.11:test (version managed from 1.15.4)
[DEBUG]          org.objenesis:objenesis:jar:3.3:test
[DEBUG]       org.mockito:mockito-junit-jupiter:jar:5.14.2:test (version managed from 5.14.2)
[DEBUG]       org.skyscreamer:jsonassert:jar:1.5.3:test (version managed from 1.5.3)
[DEBUG]          com.vaadin.external.google:android-json:jar:0.0.20131108.vaadin1:test
[DEBUG]       org.springframework:spring-core:jar:6.2.11:compile (version managed from 6.2.11)
[DEBUG]          org.springframework:spring-jcl:jar:6.2.11:compile (version managed from 6.2.11)
[DEBUG]       org.springframework:spring-test:jar:6.2.11:test (version managed from 6.2.11)
[DEBUG]       org.xmlunit:xmlunit-core:jar:2.10.4:test (version managed from 2.10.4)
[DEBUG]    com.fasterxml.jackson.core:jackson-databind:jar:2.15.0:compile
[DEBUG]       com.fasterxml.jackson.core:jackson-annotations:jar:2.18.4:compile (version managed from 2.15.0)
[DEBUG]       com.fasterxml.jackson.core:jackson-core:jar:2.18.4.1:compile (version managed from 2.15.0)
[DEBUG]    org.projectlombok:lombok:jar:1.18.30:provided
[DEBUG]    org.mapstruct:mapstruct:jar:1.5.5.Final:compile
[DEBUG]    com.h2database:h2:jar:2.3.232:runtime
[DEBUG]    org.testng:testng:jar:RELEASE:compile
[DEBUG]       org.slf4j:slf4j-api:jar:2.0.17:compile (version managed from 2.0.16)
[DEBUG]       org.jcommander:jcommander:jar:1.83:compile
[DEBUG]       org.webjars:jquery:jar:3.7.1:runtime
[INFO] 
[INFO] --- clean:3.4.1:clean (default-clean) @ Feature1Back ---
[DEBUG] Dependency collection stats {ConflictMarker.analyzeTime=76000, ConflictMarker.markTime=85000, ConflictMarker.nodeCount=2, ConflictIdSorter.graphTime=7600, ConflictIdSorter.topsortTime=11000, ConflictIdSorter.conflictIdCount=2, ConflictIdSorter.conflictIdCycleCount=0, ConflictResolver.totalTime=108100, ConflictResolver.conflictItemCount=2, DfDependencyCollector.collectTime=11789000, DfDependencyCollector.transformTime=304100}
[DEBUG] org.apache.maven.plugins:maven-clean-plugin:jar:3.4.1
[DEBUG]    org.codehaus.plexus:plexus-utils:jar:4.0.1:compile
[DEBUG] Created new class realm plugin>org.apache.maven.plugins:maven-clean-plugin:3.4.1
[DEBUG] Importing foreign packages into class realm plugin>org.apache.maven.plugins:maven-clean-plugin:3.4.1
[DEBUG]   Imported:  < maven.api
[DEBUG] Populating class realm plugin>org.apache.maven.plugins:maven-clean-plugin:3.4.1
[DEBUG]   Included: org.apache.maven.plugins:maven-clean-plugin:jar:3.4.1
[DEBUG]   Included: org.codehaus.plexus:plexus-utils:jar:4.0.1
[DEBUG] Loading mojo org.apache.maven.plugins:maven-clean-plugin:3.4.1:clean from plugin realm ClassRealm[plugin>org.apache.maven.plugins:maven-clean-plugin:3.4.1, parent: jdk.internal.loader.ClassLoaders$AppClassLoader@c387f44]
[DEBUG] Configuring mojo execution 'org.apache.maven.plugins:maven-clean-plugin:3.4.1:clean:default-clean' with basic configurator -->
[DEBUG]   (f) directory = C:\Users\camil\Desktop\Apps\FabricaEscuela-2025-2\backend\target
[DEBUG]   (f) excludeDefaultDirectories = false
[DEBUG]   (f) failOnError = true
[DEBUG]   (f) fast = false
[DEBUG]   (f) fastMode = background
[DEBUG]   (f) followSymLinks = false
[DEBUG]   (f) outputDirectory = C:\Users\camil\Desktop\Apps\FabricaEscuela-2025-2\backend\target\classes
[DEBUG]   (f) reportDirectory = C:\Users\camil\Desktop\Apps\FabricaEscuela-2025-2\backend\target\classes
[DEBUG]   (f) retryOnError = true
[DEBUG]   (f) session = org.apache.maven.execution.MavenSession@2bc378f7
[DEBUG]   (f) skip = false
[DEBUG]   (f) testOutputDirectory = C:\Users\camil\Desktop\Apps\FabricaEscuela-2025-2\backend\target\test-classes
[DEBUG] -- end configuration --
[INFO] Deleting C:\Users\camil\Desktop\Apps\FabricaEscuela-2025-2\backend\target
[INFO] Deleting file C:\Users\camil\Desktop\Apps\FabricaEscuela-2025-2\backend\target\classes\application.properties
[INFO] Deleting file C:\Users\camil\Desktop\Apps\FabricaEscuela-2025-2\backend\target\classes\com\FabricaEscuela\Feature1Back\config\CorsConfig.class
[INFO] Deleting file C:\Users\camil\Desktop\Apps\FabricaEscuela-2025-2\backend\target\classes\com\FabricaEscuela\Feature1Back\config\JwtAuthenticationFilter.class
[INFO] Deleting file C:\Users\camil\Desktop\Apps\FabricaEscuela-2025-2\backend\target\classes\com\FabricaEscuela\Feature1Back\config\JwtUtil.class
[INFO] Deleting file C:\Users\camil\Desktop\Apps\FabricaEscuela-2025-2\backend\target\classes\com\FabricaEscuela\Feature1Back\config\SecurityConfig.class
[INFO] Deleting directory C:\Users\camil\Desktop\Apps\FabricaEscuela-2025-2\backend\target\classes\com\FabricaEscuela\Feature1Back\config
[INFO] Deleting file C:\Users\camil\Desktop\Apps\FabricaEscuela-2025-2\backend\target\classes\com\FabricaEscuela\Feature1Back\controller\AsignacionTurnoController.class
[INFO] Deleting file C:\Users\camil\Desktop\Apps\FabricaEscuela-2025-2\backend\target\classes\com\FabricaEscuela\Feature1Back\controller\AuthController.class
[INFO] Deleting file C:\Users\camil\Desktop\Apps\FabricaEscuela-2025-2\backend\target\classes\com\FabricaEscuela\Feature1Back\controller\ConductorController.class
[INFO] Deleting file C:\Users\camil\Desktop\Apps\FabricaEscuela-2025-2\backend\target\classes\com\FabricaEscuela\Feature1Back\controller\HealthController.class
[INFO] Deleting file C:\Users\camil\Desktop\Apps\FabricaEscuela-2025-2\backend\target\classes\com\FabricaEscuela\Feature1Back\controller\RutaController.class
[INFO] Deleting file C:\Users\camil\Desktop\Apps\FabricaEscuela-2025-2\backend\target\classes\com\FabricaEscuela\Feature1Back\controller\TurnoController.class
[INFO] Deleting file C:\Users\camil\Desktop\Apps\FabricaEscuela-2025-2\backend\target\classes\com\FabricaEscuela\Feature1Back\controller\UsuarioController.class
[INFO] Deleting directory C:\Users\camil\Desktop\Apps\FabricaEscuela-2025-2\backend\target\classes\com\FabricaEscuela\Feature1Back\controller
[INFO] Deleting file C:\Users\camil\Desktop\Apps\FabricaEscuela-2025-2\backend\target\classes\com\FabricaEscuela\Feature1Back\DTO\AsignacionTurnoDTO$AsignacionTurnoDTOBuilder.class
[INFO] Deleting file C:\Users\camil\Desktop\Apps\FabricaEscuela-2025-2\backend\target\classes\com\FabricaEscuela\Feature1Back\DTO\AsignacionTurnoDTO.class
[INFO] Deleting file C:\Users\camil\Desktop\Apps\FabricaEscuela-2025-2\backend\target\classes\com\FabricaEscuela\Feature1Back\DTO\AuthResponse$AuthResponseBuilder.class
[INFO] Deleting file C:\Users\camil\Desktop\Apps\FabricaEscuela-2025-2\backend\target\classes\com\FabricaEscuela\Feature1Back\DTO\AuthResponse.class
[INFO] Deleting file C:\Users\camil\Desktop\Apps\FabricaEscuela-2025-2\backend\target\classes\com\FabricaEscuela\Feature1Back\DTO\ConductorDTO$ConductorDTOBuilder.class
[INFO] Deleting file C:\Users\camil\Desktop\Apps\FabricaEscuela-2025-2\backend\target\classes\com\FabricaEscuela\Feature1Back\DTO\ConductorDTO.class
[INFO] Deleting file C:\Users\camil\Desktop\Apps\FabricaEscuela-2025-2\backend\target\classes\com\FabricaEscuela\Feature1Back\DTO\CrearTurnoRequest$CrearTurnoRequestBuilder.class
[INFO] Deleting file C:\Users\camil\Desktop\Apps\FabricaEscuela-2025-2\backend\target\classes\com\FabricaEscuela\Feature1Back\DTO\CrearTurnoRequest.class
[INFO] Deleting file C:\Users\camil\Desktop\Apps\FabricaEscuela-2025-2\backend\target\classes\com\FabricaEscuela\Feature1Back\DTO\LoginCedulaRequest$LoginCedulaRequestBuilder.class
[INFO] Deleting file C:\Users\camil\Desktop\Apps\FabricaEscuela-2025-2\backend\target\classes\com\FabricaEscuela\Feature1Back\DTO\LoginCedulaRequest.class
[INFO] Deleting file C:\Users\camil\Desktop\Apps\FabricaEscuela-2025-2\backend\target\classes\com\FabricaEscuela\Feature1Back\DTO\LoginRequest$LoginRequestBuilder.class
[INFO] Deleting file C:\Users\camil\Desktop\Apps\FabricaEscuela-2025-2\backend\target\classes\com\FabricaEscuela\Feature1Back\DTO\LoginRequest.class
[INFO] Deleting file C:\Users\camil\Desktop\Apps\FabricaEscuela-2025-2\backend\target\classes\com\FabricaEscuela\Feature1Back\DTO\MessageResponse$MessageResponseBuilder.class
[INFO] Deleting file C:\Users\camil\Desktop\Apps\FabricaEscuela-2025-2\backend\target\classes\com\FabricaEscuela\Feature1Back\DTO\MessageResponse.class
[INFO] Deleting file C:\Users\camil\Desktop\Apps\FabricaEscuela-2025-2\backend\target\classes\com\FabricaEscuela\Feature1Back\DTO\RutaDTO$RutaDTOBuilder.class
[INFO] Deleting file C:\Users\camil\Desktop\Apps\FabricaEscuela-2025-2\backend\target\classes\com\FabricaEscuela\Feature1Back\DTO\RutaDTO.class
[INFO] Deleting file C:\Users\camil\Desktop\Apps\FabricaEscuela-2025-2\backend\target\classes\com\FabricaEscuela\Feature1Back\DTO\TurnoDTO$TurnoDTOBuilder.class
[INFO] Deleting file C:\Users\camil\Desktop\Apps\FabricaEscuela-2025-2\backend\target\classes\com\FabricaEscuela\Feature1Back\DTO\TurnoDTO.class
[INFO] Deleting file C:\Users\camil\Desktop\Apps\FabricaEscuela-2025-2\backend\target\classes\com\FabricaEscuela\Feature1Back\DTO\UsuarioDTO$UsuarioDTOBuilder.class
[INFO] Deleting file C:\Users\camil\Desktop\Apps\FabricaEscuela-2025-2\backend\target\classes\com\FabricaEscuela\Feature1Back\DTO\UsuarioDTO.class
[INFO] Deleting file C:\Users\camil\Desktop\Apps\FabricaEscuela-2025-2\backend\target\classes\com\FabricaEscuela\Feature1Back\DTO\VerifyCodeRequest$VerifyCodeRequestBuilder.class
[INFO] Deleting file C:\Users\camil\Desktop\Apps\FabricaEscuela-2025-2\backend\target\classes\com\FabricaEscuela\Feature1Back\DTO\VerifyCodeRequest.class
[INFO] Deleting directory C:\Users\camil\Desktop\Apps\FabricaEscuela-2025-2\backend\target\classes\com\FabricaEscuela\Feature1Back\DTO
[INFO] Deleting file C:\Users\camil\Desktop\Apps\FabricaEscuela-2025-2\backend\target\classes\com\FabricaEscuela\Feature1Back\entity\AsignacionTurno$AsignacionTurnoBuilder.class
[INFO] Deleting file C:\Users\camil\Desktop\Apps\FabricaEscuela-2025-2\backend\target\classes\com\FabricaEscuela\Feature1Back\entity\AsignacionTurno.class
[INFO] Deleting file C:\Users\camil\Desktop\Apps\FabricaEscuela-2025-2\backend\target\classes\com\FabricaEscuela\Feature1Back\entity\CodigoVerificacion$CodigoVerificacionBuilder.class
[INFO] Deleting file C:\Users\camil\Desktop\Apps\FabricaEscuela-2025-2\backend\target\classes\com\FabricaEscuela\Feature1Back\entity\CodigoVerificacion.class
[INFO] Deleting file C:\Users\camil\Desktop\Apps\FabricaEscuela-2025-2\backend\target\classes\com\FabricaEscuela\Feature1Back\entity\Conductor$ConductorBuilder.class
[INFO] Deleting file C:\Users\camil\Desktop\Apps\FabricaEscuela-2025-2\backend\target\classes\com\FabricaEscuela\Feature1Back\entity\Conductor.class
[INFO] Deleting file C:\Users\camil\Desktop\Apps\FabricaEscuela-2025-2\backend\target\classes\com\FabricaEscuela\Feature1Back\entity\EstadoAsignacion.class
[INFO] Deleting file C:\Users\camil\Desktop\Apps\FabricaEscuela-2025-2\backend\target\classes\com\FabricaEscuela\Feature1Back\entity\EstadoTurno.class
[INFO] Deleting file C:\Users\camil\Desktop\Apps\FabricaEscuela-2025-2\backend\target\classes\com\FabricaEscuela\Feature1Back\entity\Rol.class
[INFO] Deleting file C:\Users\camil\Desktop\Apps\FabricaEscuela-2025-2\backend\target\classes\com\FabricaEscuela\Feature1Back\entity\Ruta.class
[INFO] Deleting file C:\Users\camil\Desktop\Apps\FabricaEscuela-2025-2\backend\target\classes\com\FabricaEscuela\Feature1Back\entity\Turno$TurnoBuilder.class
[INFO] Deleting file C:\Users\camil\Desktop\Apps\FabricaEscuela-2025-2\backend\target\classes\com\FabricaEscuela\Feature1Back\entity\Turno.class
[INFO] Deleting file C:\Users\camil\Desktop\Apps\FabricaEscuela-2025-2\backend\target\classes\com\FabricaEscuela\Feature1Back\entity\Usuario$UsuarioBuilder.class
[INFO] Deleting file C:\Users\camil\Desktop\Apps\FabricaEscuela-2025-2\backend\target\classes\com\FabricaEscuela\Feature1Back\entity\Usuario.class
[INFO] Deleting directory C:\Users\camil\Desktop\Apps\FabricaEscuela-2025-2\backend\target\classes\com\FabricaEscuela\Feature1Back\entity
[INFO] Deleting file C:\Users\camil\Desktop\Apps\FabricaEscuela-2025-2\backend\target\classes\com\FabricaEscuela\Feature1Back\Feature1BackApplication.class
[INFO] Deleting file C:\Users\camil\Desktop\Apps\FabricaEscuela-2025-2\backend\target\classes\com\FabricaEscuela\Feature1Back\mapper\AsignacionTurnoMapper.class
[INFO] Deleting file C:\Users\camil\Desktop\Apps\FabricaEscuela-2025-2\backend\target\classes\com\FabricaEscuela\Feature1Back\mapper\AsignacionTurnoMapperImpl.class
[INFO] Deleting file C:\Users\camil\Desktop\Apps\FabricaEscuela-2025-2\backend\target\classes\com\FabricaEscuela\Feature1Back\mapper\ConductorMapper.class
[INFO] Deleting file C:\Users\camil\Desktop\Apps\FabricaEscuela-2025-2\backend\target\classes\com\FabricaEscuela\Feature1Back\mapper\ConductorMapperImpl.class
[INFO] Deleting file C:\Users\camil\Desktop\Apps\FabricaEscuela-2025-2\backend\target\classes\com\FabricaEscuela\Feature1Back\mapper\RutaMapper.class
[INFO] Deleting file C:\Users\camil\Desktop\Apps\FabricaEscuela-2025-2\backend\target\classes\com\FabricaEscuela\Feature1Back\mapper\TurnoMapper.class
[INFO] Deleting file C:\Users\camil\Desktop\Apps\FabricaEscuela-2025-2\backend\target\classes\com\FabricaEscuela\Feature1Back\mapper\UsuarioMapper.class
[INFO] Deleting file C:\Users\camil\Desktop\Apps\FabricaEscuela-2025-2\backend\target\classes\com\FabricaEscuela\Feature1Back\mapper\UsuarioMapperImpl.class
[INFO] Deleting directory C:\Users\camil\Desktop\Apps\FabricaEscuela-2025-2\backend\target\classes\com\FabricaEscuela\Feature1Back\mapper
[INFO] Deleting file C:\Users\camil\Desktop\Apps\FabricaEscuela-2025-2\backend\target\classes\com\FabricaEscuela\Feature1Back\repository\AsignacionTurnoRepository.class
[INFO] Deleting file C:\Users\camil\Desktop\Apps\FabricaEscuela-2025-2\backend\target\classes\com\FabricaEscuela\Feature1Back\repository\CodigoVerificacionRepository.class
[INFO] Deleting file C:\Users\camil\Desktop\Apps\FabricaEscuela-2025-2\backend\target\classes\com\FabricaEscuela\Feature1Back\repository\ConductorRepository.class
[INFO] Deleting file C:\Users\camil\Desktop\Apps\FabricaEscuela-2025-2\backend\target\classes\com\FabricaEscuela\Feature1Back\repository\RutaRepository.class
[INFO] Deleting file C:\Users\camil\Desktop\Apps\FabricaEscuela-2025-2\backend\target\classes\com\FabricaEscuela\Feature1Back\repository\TurnoRepository.class
[INFO] Deleting file C:\Users\camil\Desktop\Apps\FabricaEscuela-2025-2\backend\target\classes\com\FabricaEscuela\Feature1Back\repository\UsuarioRepository.class
[INFO] Deleting directory C:\Users\camil\Desktop\Apps\FabricaEscuela-2025-2\backend\target\classes\com\FabricaEscuela\Feature1Back\repository
[INFO] Deleting file C:\Users\camil\Desktop\Apps\FabricaEscuela-2025-2\backend\target\classes\com\FabricaEscuela\Feature1Back\service\AsignacionTurnoService.class
[INFO] Deleting file C:\Users\camil\Desktop\Apps\FabricaEscuela-2025-2\backend\target\classes\com\FabricaEscuela\Feature1Back\service\AuthService.class
[INFO] Deleting file C:\Users\camil\Desktop\Apps\FabricaEscuela-2025-2\backend\target\classes\com\FabricaEscuela\Feature1Back\service\ConductorService.class
[INFO] Deleting file C:\Users\camil\Desktop\Apps\FabricaEscuela-2025-2\backend\target\classes\com\FabricaEscuela\Feature1Back\service\EmailService.class
[INFO] Deleting file C:\Users\camil\Desktop\Apps\FabricaEscuela-2025-2\backend\target\classes\com\FabricaEscuela\Feature1Back\service\RutaService.class
[INFO] Deleting file C:\Users\camil\Desktop\Apps\FabricaEscuela-2025-2\backend\target\classes\com\FabricaEscuela\Feature1Back\service\TurnoService.class
[INFO] Deleting file C:\Users\camil\Desktop\Apps\FabricaEscuela-2025-2\backend\target\classes\com\FabricaEscuela\Feature1Back\service\UsuarioService.class
[INFO] Deleting directory C:\Users\camil\Desktop\Apps\FabricaEscuela-2025-2\backend\target\classes\com\FabricaEscuela\Feature1Back\service
[INFO] Deleting directory C:\Users\camil\Desktop\Apps\FabricaEscuela-2025-2\backend\target\classes\com\FabricaEscuela\Feature1Back
[INFO] Deleting directory C:\Users\camil\Desktop\Apps\FabricaEscuela-2025-2\backend\target\classes\com\FabricaEscuela
[INFO] Deleting directory C:\Users\camil\Desktop\Apps\FabricaEscuela-2025-2\backend\target\classes\com
[INFO] Deleting file C:\Users\camil\Desktop\Apps\FabricaEscuela-2025-2\backend\target\classes\static\admin-dashboard.html
[INFO] Deleting file C:\Users\camil\Desktop\Apps\FabricaEscuela-2025-2\backend\target\classes\static\admin-dashboardv1.html
[INFO] Deleting file C:\Users\camil\Desktop\Apps\FabricaEscuela-2025-2\backend\target\classes\static\dashboard.html
[INFO] Deleting file C:\Users\camil\Desktop\Apps\FabricaEscuela-2025-2\backend\target\classes\static\dashboardv1.html
[INFO] Deleting file C:\Users\camil\Desktop\Apps\FabricaEscuela-2025-2\backend\target\classes\static\index.html
[INFO] Deleting directory C:\Users\camil\Desktop\Apps\FabricaEscuela-2025-2\backend\target\classes\static
[INFO] Deleting directory C:\Users\camil\Desktop\Apps\FabricaEscuela-2025-2\backend\target\classes
[INFO] Deleting file C:\Users\camil\Desktop\Apps\FabricaEscuela-2025-2\backend\target\generated-sources\annotations\com\FabricaEscuela\Feature1Back\mapper\AsignacionTurnoMapperImpl.java
[INFO] Deleting file C:\Users\camil\Desktop\Apps\FabricaEscuela-2025-2\backend\target\generated-sources\annotations\com\FabricaEscuela\Feature1Back\mapper\ConductorMapperImpl.java
[INFO] Deleting file C:\Users\camil\Desktop\Apps\FabricaEscuela-2025-2\backend\target\generated-sources\annotations\com\FabricaEscuela\Feature1Back\mapper\UsuarioMapperImpl.java
[INFO] Deleting directory C:\Users\camil\Desktop\Apps\FabricaEscuela-2025-2\backend\target\generated-sources\annotations\com\FabricaEscuela\Feature1Back\mapper
[INFO] Deleting directory C:\Users\camil\Desktop\Apps\FabricaEscuela-2025-2\backend\target\generated-sources\annotations\com\FabricaEscuela\Feature1Back
[INFO] Deleting directory C:\Users\camil\Desktop\Apps\FabricaEscuela-2025-2\backend\target\generated-sources\annotations\com\FabricaEscuela
[INFO] Deleting directory C:\Users\camil\Desktop\Apps\FabricaEscuela-2025-2\backend\target\generated-sources\annotations\com
[INFO] Deleting directory C:\Users\camil\Desktop\Apps\FabricaEscuela-2025-2\backend\target\generated-sources\annotations
[INFO] Deleting directory C:\Users\camil\Desktop\Apps\FabricaEscuela-2025-2\backend\target\generated-sources
[INFO] Deleting directory C:\Users\camil\Desktop\Apps\FabricaEscuela-2025-2\backend\target\generated-test-sources\test-annotations
[INFO] Deleting directory C:\Users\camil\Desktop\Apps\FabricaEscuela-2025-2\backend\target\generated-test-sources
[INFO] Deleting file C:\Users\camil\Desktop\Apps\FabricaEscuela-2025-2\backend\target\jacoco.exec
[INFO] Deleting file C:\Users\camil\Desktop\Apps\FabricaEscuela-2025-2\backend\target\maven-status\maven-compiler-plugin\compile\default-compile\createdFiles.lst
[INFO] Deleting file C:\Users\camil\Desktop\Apps\FabricaEscuela-2025-2\backend\target\maven-status\maven-compiler-plugin\compile\default-compile\inputFiles.lst
[INFO] Deleting directory C:\Users\camil\Desktop\Apps\FabricaEscuela-2025-2\backend\target\maven-status\maven-compiler-plugin\compile\default-compile
[INFO] Deleting directory C:\Users\camil\Desktop\Apps\FabricaEscuela-2025-2\backend\target\maven-status\maven-compiler-plugin\compile
[INFO] Deleting file C:\Users\camil\Desktop\Apps\FabricaEscuela-2025-2\backend\target\maven-status\maven-compiler-plugin\testCompile\default-testCompile\createdFiles.lst
[INFO] Deleting file C:\Users\camil\Desktop\Apps\FabricaEscuela-2025-2\backend\target\maven-status\maven-compiler-plugin\testCompile\default-testCompile\inputFiles.lst
[INFO] Deleting directory C:\Users\camil\Desktop\Apps\FabricaEscuela-2025-2\backend\target\maven-status\maven-compiler-plugin\testCompile\default-testCompile
[INFO] Deleting directory C:\Users\camil\Desktop\Apps\FabricaEscuela-2025-2\backend\target\maven-status\maven-compiler-plugin\testCompile
[INFO] Deleting directory C:\Users\camil\Desktop\Apps\FabricaEscuela-2025-2\backend\target\maven-status\maven-compiler-plugin
[INFO] Deleting directory C:\Users\camil\Desktop\Apps\FabricaEscuela-2025-2\backend\target\maven-status
[INFO] Deleting file C:\Users\camil\Desktop\Apps\FabricaEscuela-2025-2\backend\target\surefire-reports\com.FabricaEscuela.Feature1Back.controller.HealthControllerTest.txt
[INFO] Deleting file C:\Users\camil\Desktop\Apps\FabricaEscuela-2025-2\backend\target\surefire-reports\com.FabricaEscuela.Feature1Back.Feature1BackApplicationTests.txt
[INFO] Deleting file C:\Users\camil\Desktop\Apps\FabricaEscuela-2025-2\backend\target\surefire-reports\com.FabricaEscuela.Feature1Back.repository.TurnoRepositoryTest.txt
[INFO] Deleting file C:\Users\camil\Desktop\Apps\FabricaEscuela-2025-2\backend\target\surefire-reports\com.FabricaEscuela.Feature1Back.service.TurnoServiceTest.txt
[INFO] Deleting file C:\Users\camil\Desktop\Apps\FabricaEscuela-2025-2\backend\target\surefire-reports\TEST-com.FabricaEscuela.Feature1Back.controller.HealthControllerTest.xml
[INFO] Deleting file C:\Users\camil\Desktop\Apps\FabricaEscuela-2025-2\backend\target\surefire-reports\TEST-com.FabricaEscuela.Feature1Back.Feature1BackApplicationTests.xml
[INFO] Deleting file C:\Users\camil\Desktop\Apps\FabricaEscuela-2025-2\backend\target\surefire-reports\TEST-com.FabricaEscuela.Feature1Back.repository.TurnoRepositoryTest.xml
[INFO] Deleting file C:\Users\camil\Desktop\Apps\FabricaEscuela-2025-2\backend\target\surefire-reports\TEST-com.FabricaEscuela.Feature1Back.service.TurnoServiceTest.xml
[INFO] Deleting directory C:\Users\camil\Desktop\Apps\FabricaEscuela-2025-2\backend\target\surefire-reports
[INFO] Deleting file C:\Users\camil\Desktop\Apps\FabricaEscuela-2025-2\backend\target\test-classes\com\FabricaEscuela\Feature1Back\controller\HealthControllerTest.class
[INFO] Deleting directory C:\Users\camil\Desktop\Apps\FabricaEscuela-2025-2\backend\target\test-classes\com\FabricaEscuela\Feature1Back\controller
[INFO] Deleting file C:\Users\camil\Desktop\Apps\FabricaEscuela-2025-2\backend\target\test-classes\com\FabricaEscuela\Feature1Back\Feature1BackApplicationTests.class
[INFO] Deleting file C:\Users\camil\Desktop\Apps\FabricaEscuela-2025-2\backend\target\test-classes\com\FabricaEscuela\Feature1Back\repository\TurnoRepositoryTest.class
[INFO] Deleting directory C:\Users\camil\Desktop\Apps\FabricaEscuela-2025-2\backend\target\test-classes\com\FabricaEscuela\Feature1Back\repository
[INFO] Deleting file C:\Users\camil\Desktop\Apps\FabricaEscuela-2025-2\backend\target\test-classes\com\FabricaEscuela\Feature1Back\service\TurnoServiceTest.class
[INFO] Deleting directory C:\Users\camil\Desktop\Apps\FabricaEscuela-2025-2\backend\target\test-classes\com\FabricaEscuela\Feature1Back\service
[INFO] Deleting directory C:\Users\camil\Desktop\Apps\FabricaEscuela-2025-2\backend\target\test-classes\com\FabricaEscuela\Feature1Back
[INFO] Deleting directory C:\Users\camil\Desktop\Apps\FabricaEscuela-2025-2\backend\target\test-classes\com\FabricaEscuela
[INFO] Deleting directory C:\Users\camil\Desktop\Apps\FabricaEscuela-2025-2\backend\target\test-classes\com
[INFO] Deleting directory C:\Users\camil\Desktop\Apps\FabricaEscuela-2025-2\backend\target\test-classes
[INFO] Deleting directory C:\Users\camil\Desktop\Apps\FabricaEscuela-2025-2\backend\target
[DEBUG] Skipping non-existing directory C:\Users\camil\Desktop\Apps\FabricaEscuela-2025-2\backend\target\classes
[DEBUG] Skipping non-existing directory C:\Users\camil\Desktop\Apps\FabricaEscuela-2025-2\backend\target\test-classes
[DEBUG] Skipping non-existing directory C:\Users\camil\Desktop\Apps\FabricaEscuela-2025-2\backend\target\classes
[INFO] 
[INFO] --- jacoco:0.8.10:prepare-agent (default) @ Feature1Back ---
[DEBUG] Using mirror maven-default-http-blocker (http://0.0.0.0/) for apache.snapshots (http://people.apache.org/repo/m2-snapshot-repository).
[DEBUG] Using mirror maven-default-http-blocker (http://0.0.0.0/) for snapshots (http://snapshots.maven.codehaus.org/maven2).
[DEBUG] Using mirror maven-default-http-blocker (http://0.0.0.0/) for apache.snapshots (http://cvs.apache.org/maven-snapshot-repository).
[DEBUG] Using mirror maven-default-http-blocker (http://0.0.0.0/) for central (http://repo1.maven.org/maven2).
[DEBUG] Using mirror maven-default-http-blocker (http://0.0.0.0/) for codehaus.snapshots (http://snapshots.repository.codehaus.org).
[DEBUG] Using mirror maven-default-http-blocker (http://0.0.0.0/) for apache.snapshots (http://people.apache.org/maven-snapshot-repository).
[DEBUG] Using mirror maven-default-http-blocker (http://0.0.0.0/) for apache.snapshots (http://repository.apache.org/snapshots).
[DEBUG] Dependency collection stats {ConflictMarker.analyzeTime=58200, ConflictMarker.markTime=39900, ConflictMarker.nodeCount=38, ConflictIdSorter.graphTime=45300, ConflictIdSorter.topsortTime=21800, ConflictIdSorter.conflictIdCount=21, ConflictIdSorter.conflictIdCycleCount=0, ConflictResolver.totalTime=423200, ConflictResolver.conflictItemCount=34, DfDependencyCollector.collectTime=137632800, DfDependencyCollector.transformTime=608000}
[DEBUG] org.jacoco:jacoco-maven-plugin:jar:0.8.10
[DEBUG]    org.codehaus.plexus:plexus-utils:jar:3.0.24:compile
[DEBUG]    org.apache.maven.shared:file-management:jar:1.2.1:compile
[DEBUG]       org.apache.maven:maven-plugin-api:jar:2.0.6:compile
[DEBUG]       org.apache.maven.shared:maven-shared-io:jar:1.1:compile
[DEBUG]          org.apache.maven:maven-artifact:jar:2.0.2:compile
[DEBUG]          org.apache.maven:maven-artifact-manager:jar:2.0.2:compile
[DEBUG]             org.apache.maven:maven-repository-metadata:jar:2.0.2:compile
[DEBUG]          org.apache.maven.wagon:wagon-provider-api:jar:1.0-alpha-6:compile
[DEBUG]       org.codehaus.plexus:plexus-container-default:jar:1.0-alpha-9:compile
[DEBUG]          junit:junit:jar:4.13.1:compile (version managed from default)
[DEBUG]             org.hamcrest:hamcrest-core:jar:1.3:compile
[DEBUG]          classworlds:classworlds:jar:1.1-alpha-2:compile
[DEBUG]    org.apache.maven.reporting:maven-reporting-api:jar:3.0:compile
[DEBUG]       org.apache.maven.doxia:doxia-sink-api:jar:1.0:compile
[DEBUG]    org.jacoco:org.jacoco.agent:jar:runtime:0.8.10:compile
[DEBUG]    org.jacoco:org.jacoco.core:jar:0.8.10:compile
[DEBUG]       org.ow2.asm:asm:jar:9.5:compile (version managed from default)
[DEBUG]       org.ow2.asm:asm-commons:jar:9.5:compile (version managed from default)
[DEBUG]       org.ow2.asm:asm-tree:jar:9.5:compile (version managed from default)
[DEBUG]    org.jacoco:org.jacoco.report:jar:0.8.10:compile
[DEBUG] Created new class realm plugin>org.jacoco:jacoco-maven-plugin:0.8.10
[DEBUG] Importing foreign packages into class realm plugin>org.jacoco:jacoco-maven-plugin:0.8.10
[DEBUG]   Imported:  < maven.api
[DEBUG] Populating class realm plugin>org.jacoco:jacoco-maven-plugin:0.8.10
[DEBUG]   Included: org.jacoco:jacoco-maven-plugin:jar:0.8.10
[DEBUG]   Included: org.codehaus.plexus:plexus-utils:jar:3.0.24
[DEBUG]   Included: org.apache.maven.shared:file-management:jar:1.2.1
[DEBUG]   Included: org.apache.maven.shared:maven-shared-io:jar:1.1
[DEBUG]   Included: junit:junit:jar:4.13.1
[DEBUG]   Included: org.hamcrest:hamcrest-core:jar:1.3
[DEBUG]   Included: org.apache.maven.reporting:maven-reporting-api:jar:3.0
[DEBUG]   Included: org.apache.maven.doxia:doxia-sink-api:jar:1.0
[DEBUG]   Included: org.jacoco:org.jacoco.agent:jar:runtime:0.8.10
[DEBUG]   Included: org.jacoco:org.jacoco.core:jar:0.8.10
[DEBUG]   Included: org.ow2.asm:asm:jar:9.5
[DEBUG]   Included: org.ow2.asm:asm-commons:jar:9.5
[DEBUG]   Included: org.ow2.asm:asm-tree:jar:9.5
[DEBUG]   Included: org.jacoco:org.jacoco.report:jar:0.8.10
[DEBUG] Loading mojo org.jacoco:jacoco-maven-plugin:0.8.10:prepare-agent from plugin realm ClassRealm[plugin>org.jacoco:jacoco-maven-plugin:0.8.10, parent: jdk.internal.loader.ClassLoaders$AppClassLoader@c387f44]
[DEBUG] Configuring mojo execution 'org.jacoco:jacoco-maven-plugin:0.8.10:prepare-agent:default' with basic configurator -->
[DEBUG]   (f) destFile = C:\Users\camil\Desktop\Apps\FabricaEscuela-2025-2\backend\target\jacoco.exec
[DEBUG]   (f) pluginArtifactMap = {org.jacoco:jacoco-maven-plugin=org.jacoco:jacoco-maven-plugin:maven-plugin:0.8.10:, org.codehaus.plexus:plexus-utils=org.codehaus.plexus:plexus-utils:jar:3.0.24:compile, org.apache.maven.shared:file-management=org.apache.maven.shared:file-management:jar:1.2.1:compile, org.apache.maven:maven-plugin-api=org.apache.maven:maven-plugin-api:jar:2.0.6:compile, org.apache.maven.shared:maven-shared-io=org.apache.maven.shared:maven-shared-io:jar:1.1:compile, org.apache.maven:maven-artifact=org.apache.maven:maven-artifact:jar:2.0.2:compile, org.apache.maven:maven-artifact-manager=org.apache.maven:maven-artifact-manager:jar:2.0.2:compile, org.apache.maven:maven-repository-metadata=org.apache.maven:maven-repository-metadata:jar:2.0.2:compile, org.apache.maven.wagon:wagon-provider-api=org.apache.maven.wagon:wagon-provider-api:jar:1.0-alpha-6:compile, org.codehaus.plexus:plexus-container-default=org.codehaus.plexus:plexus-container-default:jar:1.0-alpha-9:compile, junit:junit=junit:junit:jar:4.13.1:compile, org.hamcrest:hamcrest-core=org.hamcrest:hamcrest-core:jar:1.3:compile, classworlds:classworlds=classworlds:classworlds:jar:1.1-alpha-2:compile, org.apache.maven.reporting:maven-reporting-api=org.apache.maven.reporting:maven-reporting-api:jar:3.0:compile, org.apache.maven.doxia:doxia-sink-api=org.apache.maven.doxia:doxia-sink-api:jar:1.0:compile, org.jacoco:org.jacoco.agent=org.jacoco:org.jacoco.agent:jar:runtime:0.8.10:compile, org.jacoco:org.jacoco.core=org.jacoco:org.jacoco.core:jar:0.8.10:compile, org.ow2.asm:asm=org.ow2.asm:asm:jar:9.5:compile, org.ow2.asm:asm-commons=org.ow2.asm:asm-commons:jar:9.5:compile, org.ow2.asm:asm-tree=org.ow2.asm:asm-tree:jar:9.5:compile, org.jacoco:org.jacoco.report=org.jacoco:org.jacoco.report:jar:0.8.10:compile}
[DEBUG]   (f) project = MavenProject: com.FabricaEscuela:Feature1Back:0.0.1-SNAPSHOT @ C:\Users\camil\Desktop\Apps\FabricaEscuela-2025-2\backend\pom.xml
[DEBUG]   (f) skip = false
[DEBUG] -- end configuration --
[INFO] argLine set to -javaagent:C:\\Users\\camil\\.m2\\repository\\org\\jacoco\\org.jacoco.agent\\0.8.10\\org.jacoco.agent-0.8.10-runtime.jar=destfile=C:\\Users\\camil\\Desktop\\Apps\\FabricaEscuela-2025-2\\backend\\target\\jacoco.exec
[INFO] 
[INFO] --- resources:3.3.1:resources (default-resources) @ Feature1Back ---
[DEBUG] Dependency collection stats {ConflictMarker.analyzeTime=31300, ConflictMarker.markTime=27400, ConflictMarker.nodeCount=13, ConflictIdSorter.graphTime=12000, ConflictIdSorter.topsortTime=9600, ConflictIdSorter.conflictIdCount=9, ConflictIdSorter.conflictIdCycleCount=0, ConflictResolver.totalTime=187700, ConflictResolver.conflictItemCount=13, DfDependencyCollector.collectTime=67382000, DfDependencyCollector.transformTime=285900}
[DEBUG] org.apache.maven.plugins:maven-resources-plugin:jar:3.3.1
[DEBUG]    org.codehaus.plexus:plexus-interpolation:jar:1.26:runtime
[DEBUG]    org.codehaus.plexus:plexus-utils:jar:3.5.1:compile
[DEBUG]    org.apache.maven.shared:maven-filtering:jar:3.3.1:compile
[DEBUG]       javax.inject:javax.inject:jar:1:compile
[DEBUG]       org.slf4j:slf4j-api:jar:1.7.36:compile
[DEBUG]       org.sonatype.plexus:plexus-build-api:jar:0.0.7:compile
[DEBUG]    commons-io:commons-io:jar:2.11.0:compile
[DEBUG]    org.apache.commons:commons-lang3:jar:3.12.0:compile
[DEBUG] Created new class realm plugin>org.apache.maven.plugins:maven-resources-plugin:3.3.1
[DEBUG] Importing foreign packages into class realm plugin>org.apache.maven.plugins:maven-resources-plugin:3.3.1
[DEBUG]   Imported:  < maven.api
[DEBUG] Populating class realm plugin>org.apache.maven.plugins:maven-resources-plugin:3.3.1
[DEBUG]   Included: org.apache.maven.plugins:maven-resources-plugin:jar:3.3.1
[DEBUG]   Included: org.codehaus.plexus:plexus-interpolation:jar:1.26
[DEBUG]   Included: org.codehaus.plexus:plexus-utils:jar:3.5.1
[DEBUG]   Included: org.apache.maven.shared:maven-filtering:jar:3.3.1
[DEBUG]   Included: org.sonatype.plexus:plexus-build-api:jar:0.0.7
[DEBUG]   Included: commons-io:commons-io:jar:2.11.0
[DEBUG]   Included: org.apache.commons:commons-lang3:jar:3.12.0
[DEBUG] Loading mojo org.apache.maven.plugins:maven-resources-plugin:3.3.1:resources from plugin realm ClassRealm[plugin>org.apache.maven.plugins:maven-resources-plugin:3.3.1, parent: jdk.internal.loader.ClassLoaders$AppClassLoader@c387f44]
[DEBUG] Configuring mojo execution 'org.apache.maven.plugins:maven-resources-plugin:3.3.1:resources:default-resources' with basic configurator -->
[DEBUG]   (f) addDefaultExcludes = true
[DEBUG]   (f) buildFilters = []
[DEBUG]   (s) delimiters = [@]
[DEBUG]   (f) encoding = UTF-8
[DEBUG]   (f) escapeWindowsPaths = true
[DEBUG]   (f) fileNameFiltering = false
[DEBUG]   (s) includeEmptyDirs = false
[DEBUG]   (s) outputDirectory = C:\Users\camil\Desktop\Apps\FabricaEscuela-2025-2\backend\target\classes
[DEBUG]   (s) overwrite = false
[DEBUG]   (f) project = MavenProject: com.FabricaEscuela:Feature1Back:0.0.1-SNAPSHOT @ C:\Users\camil\Desktop\Apps\FabricaEscuela-2025-2\backend\pom.xml
[DEBUG]   (f) propertiesEncoding = UTF-8
[DEBUG]   (s) resources = [Resource {targetPath: null, filtering: true, FileSet {directory: C:\Users\camil\Desktop\Apps\FabricaEscuela-2025-2\backend\src\main\resources, PatternSet [includes: {**/application*.yml, **/application*.yaml, **/application*.properties}, excludes: {}]}}, Resource {targetPath: null, filtering: false, FileSet {directory: C:\Users\camil\Desktop\Apps\FabricaEscuela-2025-2\backend\src\main\resources, PatternSet [includes: {}, excludes: {**/application*.yml, **/application*.yaml, **/application*.properties}]}}]
[DEBUG]   (f) session = org.apache.maven.execution.MavenSession@2bc378f7
[DEBUG]   (f) skip = false
[DEBUG]   (f) supportMultiLineFiltering = false
[DEBUG]   (f) useBuildFilters = true
[DEBUG]   (s) useDefaultDelimiters = false
[DEBUG] -- end configuration --
[DEBUG] properties used:
[DEBUG] activemq.version: 6.1.7
[DEBUG] angus-mail.version: 2.0.4
[DEBUG] argLine: -javaagent:C:\\Users\\camil\\.m2\\repository\\org\\jacoco\\org.jacoco.agent\\0.8.10\\org.jacoco.agent-0.8.10-runtime.jar=destfile=C:\\Users\\camil\\Desktop\\Apps\\FabricaEscuela-2025-2\\backend\\target\\jacoco.exec
[DEBUG] artemis.version: 2.37.0
[DEBUG] aspectj.version: 1.9.24
[DEBUG] assertj.version: 3.26.3
[DEBUG] awaitility.version: 4.2.2
[DEBUG] brave.version: 6.0.3
[DEBUG] build-helper-maven-plugin.version: 3.6.1
[DEBUG] byte-buddy.version: 1.15.11
[DEBUG] cache2k.version: 2.6.1.Final
[DEBUG] caffeine.version: 3.1.8
[DEBUG] cassandra-driver.version: 4.18.1
[DEBUG] classmate.version: 1.7.0
[DEBUG] classworlds.conf: C:\DevTools\Apache\Maven\bin\m2.conf
[DEBUG] commons-codec.version: 1.17.2
[DEBUG] commons-dbcp2.version: 2.12.0
[DEBUG] commons-lang3.version: 3.17.0
[DEBUG] commons-pool.version: 1.6
[DEBUG] commons-pool2.version: 2.12.1
[DEBUG] couchbase-client.version: 3.7.9
[DEBUG] crac.version: 1.5.0
[DEBUG] cyclonedx-maven-plugin.version: 2.9.1
[DEBUG] db2-jdbc.version: 11.5.9.0
[DEBUG] dependency-management-plugin.version: 1.1.7
[DEBUG] derby.version: 10.16.1.1
[DEBUG] ehcache3.version: 3.10.9
[DEBUG] elasticsearch-client.version: 8.15.5
[DEBUG] env.=::: ::\
[DEBUG] env.=C:: C:\Users\camil\Desktop\Apps\FabricaEscuela-2025-2\backend
[DEBUG] env.ALLUSERSPROFILE: C:\ProgramData
[DEBUG] env.APPDATA: C:\Users\camil\AppData\Roaming
[DEBUG] env.ASL.LOG: Destination=file
[DEBUG] env.CLASSWORLDS_JAR: "C:\DevTools\Apache\Maven\boot\plexus-classworlds-2.8.0.jar"
[DEBUG] env.CLASSWORLDS_LAUNCHER: org.codehaus.plexus.classworlds.launcher.Launcher
[DEBUG] env.COMMONPROGRAMFILES: C:\Program Files\Common Files
[DEBUG] env.COMMONPROGRAMFILES(X86): C:\Program Files (x86)\Common Files
[DEBUG] env.COMMONPROGRAMW6432: C:\Program Files\Common Files
[DEBUG] env.COMPUTERNAME: DESKTOP-BTQTFHG
[DEBUG] env.COMSPEC: C:\WINDOWS\system32\cmd.exe
[DEBUG] env.DRIVERDATA: C:\Windows\System32\Drivers\DriverData
[DEBUG] env.EFC_3964_1592913036: 1
[DEBUG] env.ERROR_CODE: 0
[DEBUG] env.EXEC_DIR: C:\Users\camil\Desktop\Apps\FabricaEscuela-2025-2\backend
[DEBUG] env.HOMEDRIVE: C:
[DEBUG] env.HOMEPATH: \Users\camil
[DEBUG] env.JAVACMD: C:\Program Files\Eclipse Adoptium\jdk-17.0.16.8-hotspot\bin\java.exe
[DEBUG] env.JAVA_HOME: C:\Program Files\Eclipse Adoptium\jdk-17.0.16.8-hotspot
[DEBUG] env.JETBRAINS_INTELLIJ_COMMAND_END_MARKER: qzKx7so8CBAqSS5GbOg98lpeUDpGhtQvNFZQqnEVb3YELzY3Nxl952eIWk4JSRgD
[DEBUG] env.JVMCONFIG: \.mvn\jvm.config
[DEBUG] env.LOCALAPPDATA: C:\Users\camil\AppData\Local
[DEBUG] env.LOGONSERVER: \\DESKTOP-BTQTFHG
[DEBUG] env.MAVEN_CMD_LINE_ARGS: clean test -e -X
[DEBUG] env.MAVEN_HOME: C:\DevTools\Apache\Maven
[DEBUG] env.MAVEN_PROJECTBASEDIR: C:\Users\camil\Desktop\Apps\FabricaEscuela-2025-2\backend
[DEBUG] env.NUMBER_OF_PROCESSORS: 8
[DEBUG] env.ONEDRIVE: C:\Users\camil\OneDrive
[DEBUG] env.OS: Windows_NT
[DEBUG] env.PATH: C:\Program Files\Eclipse Adoptium\jdk-17.0.16.8-hotspot\bin;C:\app\camil\product\21c\dbhomeXE\bin;C:\Program Files\Common Files\Oracle\Java\javapath;C:\Users\camil\AppData\Local\Packages\PythonSoftwareFoundation.Python.3.13_qbz5n2kfra8p0\LocalCache\local-packages\Python313\Scripts;C:\WINDOWS\system32;C:\WINDOWS;C:\WINDOWS\System32\Wbem;C:\WINDOWS\System32\WindowsPowerShell\v1.0\;C:\WINDOWS\System32\OpenSSH\;C:\Program Files\Git\cmd;C:\DevTools\Apache\Maven\bin;C:\Program Files\nodejs\;C:\Program Files\PostgreSQL\17\bin;C:\Program Files\Docker\Docker\resources\bin;C:\Program Files\Kubernetes\Minikube;C:\minikube;C:\Program Files\MySQL\MySQL Server 8.0\bin;C:\Program Files\MySQL\MySQL Shell 8.0\bin\;C:\Users\camil\AppData\Local\Programs\Python\Python313\Scripts\;C:\Users\camil\AppData\Local\Programs\Python\Python313\;C:\Users\camil\AppData\Local\Microsoft\WindowsApps;C:\Users\camil\AppData\Local\Programs\Microsoft VS Code\bin;C:\Users\camil\AppData\Local\Programs\Ollama;C:\Users\camil\.lmstudio\bin;C:\Users\camil\AppData\Roaming\npm;C:\Program Files\PostgreSQL\17\bin;C:\Users\camil\AppData\Local\gitkraken\bin
[DEBUG] env.PATHEXT: .COM;.EXE;.BAT;.CMD;.VBS;.VBE;.JS;.JSE;.WSF;.WSH;.MSC;.CPL
[DEBUG] env.PROCESSOR_ARCHITECTURE: AMD64
[DEBUG] env.PROCESSOR_IDENTIFIER: Intel64 Family 6 Model 165 Stepping 2, GenuineIntel
[DEBUG] env.PROCESSOR_LEVEL: 6
[DEBUG] env.PROCESSOR_REVISION: a502
[DEBUG] env.PROGRAMDATA: C:\ProgramData
[DEBUG] env.PROGRAMFILES: C:\Program Files
[DEBUG] env.PROGRAMFILES(X86): C:\Program Files (x86)
[DEBUG] env.PROGRAMW6432: C:\Program Files
[DEBUG] env.PROMPT: $P$G
[DEBUG] env.PSEXECUTIONPOLICYPREFERENCE: Bypass
[DEBUG] env.PSMODULEPATH: C:\Users\camil\Documents\WindowsPowerShell\Modules;C:\Program Files\WindowsPowerShell\Modules;C:\WINDOWS\system32\WindowsPowerShell\v1.0\Modules
[DEBUG] env.PT8HOME: C:\Program Files\Cisco Packet Tracer 8.2.2
[DEBUG] env.PUBLIC: C:\Users\Public
[DEBUG] env.SESSIONNAME: Console
[DEBUG] env.SYSTEMDRIVE: C:
[DEBUG] env.SYSTEMROOT: C:\WINDOWS
[DEBUG] env.TEMP: C:\Users\camil\AppData\Local\Temp
[DEBUG] env.TERMINAL_EMULATOR: JetBrains-JediTerm
[DEBUG] env.TERM_SESSION_ID: 7f776c8f-9392-495b-8329-588dc1958fbd
[DEBUG] env.TMP: C:\Users\camil\AppData\Local\Temp
[DEBUG] env.USERDOMAIN: DESKTOP-BTQTFHG
[DEBUG] env.USERDOMAIN_ROAMINGPROFILE: DESKTOP-BTQTFHG
[DEBUG] env.USERNAME: camil
[DEBUG] env.USERPROFILE: C:\Users\camil
[DEBUG] env.WDIR: C:\Users\camil\Desktop\Apps\FabricaEscuela-2025-2\backend
[DEBUG] env.WINDIR: C:\WINDOWS
[DEBUG] file.encoding: Cp1252
[DEBUG] file.separator: \
[DEBUG] flyway.version: 10.20.1
[DEBUG] freemarker.version: 2.3.34
[DEBUG] git-commit-id-maven-plugin.version: 9.0.2
[DEBUG] glassfish-jaxb.version: 4.0.5
[DEBUG] glassfish-jstl.version: 3.0.1
[DEBUG] graphql-java.version: 22.4
[DEBUG] groovy.version: 4.0.28
[DEBUG] gson.version: 2.11.0
[DEBUG] h2.version: 2.3.232
[DEBUG] hamcrest.version: 2.2
[DEBUG] hazelcast.version: 5.5.0
[DEBUG] hibernate-validator.version: 8.0.3.Final
[DEBUG] hibernate.version: 6.6.29.Final
[DEBUG] hikaricp.version: 5.1.0
[DEBUG] hsqldb.version: 2.7.3
[DEBUG] htmlunit.version: 4.5.0
[DEBUG] httpasyncclient.version: 4.1.5
[DEBUG] httpclient5.version: 5.4.4
[DEBUG] httpcore.version: 4.4.16
[DEBUG] httpcore5.version: 5.3.5
[DEBUG] infinispan.version: 15.0.21.Final
[DEBUG] influxdb-java.version: 2.24
[DEBUG] jackson-bom.version: 2.18.4.1
[DEBUG] jakarta-activation.version: 2.1.4
[DEBUG] jakarta-annotation.version: 2.1.1
[DEBUG] jakarta-inject.version: 2.0.1
[DEBUG] jakarta-jms.version: 3.1.0
[DEBUG] jakarta-json-bind.version: 3.0.1
[DEBUG] jakarta-json.version: 2.1.3
[DEBUG] jakarta-mail.version: 2.1.4
[DEBUG] jakarta-management.version: 1.1.4
[DEBUG] jakarta-persistence.version: 3.1.0
[DEBUG] jakarta-servlet-jsp-jstl.version: 3.0.2
[DEBUG] jakarta-servlet.version: 6.0.0
[DEBUG] jakarta-transaction.version: 2.0.1
[DEBUG] jakarta-validation.version: 3.0.2
[DEBUG] jakarta-websocket.version: 2.1.1
[DEBUG] jakarta-ws-rs.version: 3.1.0
[DEBUG] jakarta-xml-bind.version: 4.0.2
[DEBUG] jakarta-xml-soap.version: 3.0.2
[DEBUG] jakarta-xml-ws.version: 4.0.2
[DEBUG] janino.version: 3.1.12
[DEBUG] java.class.path: C:\DevTools\Apache\Maven\boot\plexus-classworlds-2.8.0.jar
[DEBUG] java.class.version: 61.0
[DEBUG] java.home: C:\Program Files\Eclipse Adoptium\jdk-17.0.16.8-hotspot
[DEBUG] java.io.tmpdir: C:\Users\camil\AppData\Local\Temp\
[DEBUG] java.library.path: C:\Program Files\Eclipse Adoptium\jdk-17.0.16.8-hotspot\bin;C:\WINDOWS\Sun\Java\bin;C:\WINDOWS\system32;C:\WINDOWS;C:\Program Files\Eclipse Adoptium\jdk-17.0.16.8-hotspot\bin;C:\app\camil\product\21c\dbhomeXE\bin;C:\Program Files\Common Files\Oracle\Java\javapath;C:\Users\camil\AppData\Local\Packages\PythonSoftwareFoundation.Python.3.13_qbz5n2kfra8p0\LocalCache\local-packages\Python313\Scripts;C:\WINDOWS\system32;C:\WINDOWS;C:\WINDOWS\System32\Wbem;C:\WINDOWS\System32\WindowsPowerShell\v1.0\;C:\WINDOWS\System32\OpenSSH\;C:\Program Files\Git\cmd;C:\DevTools\Apache\Maven\bin;C:\Program Files\nodejs\;C:\Program Files\PostgreSQL\17\bin;C:\Program Files\Docker\Docker\resources\bin;C:\Program Files\Kubernetes\Minikube;C:\minikube;C:\Program Files\MySQL\MySQL Server 8.0\bin;C:\Program Files\MySQL\MySQL Shell 8.0\bin\;C:\Users\camil\AppData\Local\Programs\Python\Python313\Scripts\;C:\Users\camil\AppData\Local\Programs\Python\Python313\;C:\Users\camil\AppData\Local\Microsoft\WindowsApps;C:\Users\camil\AppData\Local\Programs\Microsoft VS Code\bin;C:\Users\camil\AppData\Local\Programs\Ollama;C:\Users\camil\.lmstudio\bin;C:\Users\camil\AppData\Roaming\npm;C:\Program Files\PostgreSQL\17\bin;C:\Users\camil\AppData\Local\gitkraken\bin;.
[DEBUG] java.runtime.name: OpenJDK Runtime Environment
[DEBUG] java.runtime.version: 17.0.16+8
[DEBUG] java.specification.maintenance.version: 1
[DEBUG] java.specification.name: Java Platform API Specification
[DEBUG] java.specification.vendor: Oracle Corporation
[DEBUG] java.specification.version: 17
[DEBUG] java.vendor: Eclipse Adoptium
[DEBUG] java.vendor.url: https://adoptium.net/
[DEBUG] java.vendor.url.bug: https://github.com/adoptium/adoptium-support/issues
[DEBUG] java.vendor.version: Temurin-17.0.16+8
[DEBUG] java.version: 17.0.16
[DEBUG] java.version.date: 2025-07-15
[DEBUG] java.vm.compressedOopsMode: Zero based
[DEBUG] java.vm.info: mixed mode, sharing
[DEBUG] java.vm.name: OpenJDK 64-Bit Server VM
[DEBUG] java.vm.specification.name: Java Virtual Machine Specification
[DEBUG] java.vm.specification.vendor: Oracle Corporation
[DEBUG] java.vm.specification.version: 17
[DEBUG] java.vm.vendor: Eclipse Adoptium
[DEBUG] java.vm.version: 17.0.16+8
[DEBUG] javax-cache.version: 1.1.1
[DEBUG] javax-money.version: 1.1
[DEBUG] jaxen.version: 2.0.0
[DEBUG] jaybird.version: 5.0.9.java11
[DEBUG] jboss-logging.version: 3.6.1.Final
[DEBUG] jdk.debug: release
[DEBUG] jdom2.version: 2.0.6.1
[DEBUG] jedis.version: 5.2.0
[DEBUG] jersey.version: 3.1.11
[DEBUG] jetty-reactive-httpclient.version: 4.0.11
[DEBUG] jetty.version: 12.0.27
[DEBUG] jmustache.version: 1.16
[DEBUG] jooq.version: 3.19.26
[DEBUG] json-path.version: 2.9.0
[DEBUG] json-smart.version: 2.5.2
[DEBUG] jsonassert.version: 1.5.3
[DEBUG] jtds.version: 1.3.1
[DEBUG] junit-jupiter.version: 5.11.4
[DEBUG] junit.version: 4.13.2
[DEBUG] kafka.version: 3.8.1
[DEBUG] kotlin-coroutines.version: 1.8.1
[DEBUG] kotlin-serialization.version: 1.6.3
[DEBUG] kotlin.version: 1.9.25
[DEBUG] lettuce.version: 6.4.2.RELEASE
[DEBUG] library.jansi.path: C:\DevTools\Apache\Maven\lib\jansi-native
[DEBUG] line.separator: 

[DEBUG] liquibase.version: 4.29.2
[DEBUG] log4j2.version: 2.24.3
[DEBUG] logback.version: 1.5.18
[DEBUG] lombok.version: 1.18.40
[DEBUG] mapstruct.version: 1.5.5.Final
[DEBUG] mariadb.version: 3.4.2
[DEBUG] maven-antrun-plugin.version: 3.1.0
[DEBUG] maven-assembly-plugin.version: 3.7.1
[DEBUG] maven-clean-plugin.version: 3.4.1
[DEBUG] maven-compiler-plugin.version: 3.13.0
[DEBUG] maven-dependency-plugin.version: 3.8.1
[DEBUG] maven-deploy-plugin.version: 3.1.4
[DEBUG] maven-enforcer-plugin.version: 3.5.0
[DEBUG] maven-failsafe-plugin.version: 3.5.4
[DEBUG] maven-help-plugin.version: 3.5.1
[DEBUG] maven-install-plugin.version: 3.1.4
[DEBUG] maven-invoker-plugin.version: 3.8.1
[DEBUG] maven-jar-plugin.version: 3.4.2
[DEBUG] maven-javadoc-plugin.version: 3.10.1
[DEBUG] maven-resources-plugin.version: 3.3.1
[DEBUG] maven-shade-plugin.version: 3.6.1
[DEBUG] maven-source-plugin.version: 3.3.1
[DEBUG] maven-surefire-plugin.version: 3.5.4
[DEBUG] maven-war-plugin.version: 3.4.0
[DEBUG] maven.build.timestamp: 2025-11-21T16:57:22Z
[DEBUG] maven.build.version: Apache Maven 3.9.9 (8e8579a9e76f7d015ee5ec7bfcdc97d260186937)
[DEBUG] maven.compiler.release: 17
[DEBUG] maven.conf: C:\DevTools\Apache\Maven/conf
[DEBUG] maven.home: C:\DevTools\Apache\Maven
[DEBUG] maven.multiModuleProjectDirectory: C:\Users\camil\Desktop\Apps\FabricaEscuela-2025-2\backend
[DEBUG] maven.version: 3.9.9
[DEBUG] micrometer-tracing.version: 1.4.10
[DEBUG] micrometer.version: 1.14.11
[DEBUG] mockito.version: 5.14.2
[DEBUG] mongodb.version: 5.2.1
[DEBUG] mssql-jdbc.version: 12.8.1.jre11
[DEBUG] mysql.version: 9.4.0
[DEBUG] native-build-tools-plugin.version: 0.10.6
[DEBUG] native.encoding: Cp1252
[DEBUG] nekohtml.version: 1.9.22
[DEBUG] neo4j-java-driver.version: 5.28.9
[DEBUG] netty.version: 4.1.127.Final
[DEBUG] opentelemetry.version: 1.43.0
[DEBUG] oracle-database.version: 23.5.0.24.07
[DEBUG] oracle-r2dbc.version: 1.2.0
[DEBUG] os.arch: amd64
[DEBUG] os.name: Windows 11
[DEBUG] os.version: 10.0
[DEBUG] path.separator: ;
[DEBUG] pooled-jms.version: 3.1.7
[DEBUG] postgresql.version: 42.7.7
[DEBUG] project.baseUri: file:/C:/Users/camil/Desktop/Apps/FabricaEscuela-2025-2/backend/
[DEBUG] project.build.sourceEncoding: UTF-8
[DEBUG] project.reporting.outputEncoding: UTF-8
[DEBUG] prometheus-client.version: 1.3.10
[DEBUG] prometheus-simpleclient.version: 0.16.0
[DEBUG] pulsar-reactive.version: 0.5.10
[DEBUG] pulsar.version: 3.3.8
[DEBUG] quartz.version: 2.3.2
[DEBUG] querydsl.version: 5.1.0
[DEBUG] r2dbc-h2.version: 1.0.0.RELEASE
[DEBUG] r2dbc-mariadb.version: 1.2.2
[DEBUG] r2dbc-mssql.version: 1.0.3.RELEASE
[DEBUG] r2dbc-mysql.version: 1.3.2
[DEBUG] r2dbc-pool.version: 1.0.2.RELEASE
[DEBUG] r2dbc-postgresql.version: 1.0.7.RELEASE
[DEBUG] r2dbc-proxy.version: 1.1.6.RELEASE
[DEBUG] r2dbc-spi.version: 1.0.0.RELEASE
[DEBUG] rabbit-amqp-client.version: 5.22.0
[DEBUG] rabbit-stream-client.version: 0.18.0
[DEBUG] reactive-streams.version: 1.0.4
[DEBUG] reactor-bom.version: 2024.0.10
[DEBUG] resource.delimiter: @
[DEBUG] rest-assured.version: 5.5.6
[DEBUG] rsocket.version: 1.1.5
[DEBUG] rxjava3.version: 3.1.11
[DEBUG] saaj-impl.version: 3.0.4
[DEBUG] selenium-htmlunit.version: 4.25.0
[DEBUG] selenium.version: 4.25.0
[DEBUG] sendgrid.version: 4.10.3
[DEBUG] slf4j.version: 2.0.17
[DEBUG] snakeyaml.version: 2.3
[DEBUG] spring-amqp.version: 3.2.7
[DEBUG] spring-authorization-server.version: 1.4.5
[DEBUG] spring-batch.version: 5.2.3
[DEBUG] spring-boot.run.main-class: ${start-class}
[DEBUG] spring-data-bom.version: 2024.1.10
[DEBUG] spring-framework.version: 6.2.11
[DEBUG] spring-graphql.version: 1.3.6
[DEBUG] spring-hateoas.version: 2.4.1
[DEBUG] spring-integration.version: 6.4.7
[DEBUG] spring-kafka.version: 3.3.10
[DEBUG] spring-ldap.version: 3.2.14
[DEBUG] spring-pulsar.version: 1.2.10
[DEBUG] spring-restdocs.version: 3.0.5
[DEBUG] spring-retry.version: 2.0.12
[DEBUG] spring-security.version: 6.4.11
[DEBUG] spring-session.version: 3.4.5
[DEBUG] spring-ws.version: 4.0.15
[DEBUG] sqlite-jdbc.version: 3.47.2.0
[DEBUG] sun.arch.data.model: 64
[DEBUG] sun.boot.library.path: C:\Program Files\Eclipse Adoptium\jdk-17.0.16.8-hotspot\bin
[DEBUG] sun.cpu.endian: little
[DEBUG] sun.cpu.isalist: amd64
[DEBUG] sun.io.unicode.encoding: UnicodeLittle
[DEBUG] sun.java.command: org.codehaus.plexus.classworlds.launcher.Launcher clean test -e -X
[DEBUG] sun.java.launcher: SUN_STANDARD
[DEBUG] sun.jnu.encoding: Cp1252
[DEBUG] sun.management.compiler: HotSpot 64-Bit Tiered Compilers
[DEBUG] sun.os.patch.level: 
[DEBUG] testcontainers-redis-module.version: 2.2.4
[DEBUG] testcontainers.version: 1.20.6
[DEBUG] thymeleaf-extras-data-attribute.version: 2.0.1
[DEBUG] thymeleaf-extras-springsecurity.version: 3.1.3.RELEASE
[DEBUG] thymeleaf-layout-dialect.version: 3.3.0
[DEBUG] thymeleaf.version: 3.1.3.RELEASE
[DEBUG] tomcat.version: 10.1.46
[DEBUG] unboundid-ldapsdk.version: 6.0.11
[DEBUG] undertow.version: 2.3.19.Final
[DEBUG] user.country: CO
[DEBUG] user.dir: C:\Users\camil\Desktop\Apps\FabricaEscuela-2025-2\backend
[DEBUG] user.home: C:\Users\camil
[DEBUG] user.language: es
[DEBUG] user.name: camil
[DEBUG] user.script: 
[DEBUG] user.variant: 
[DEBUG] versions-maven-plugin.version: 2.17.1
[DEBUG] webjars-locator-core.version: 0.59
[DEBUG] webjars-locator-lite.version: 1.0.1
[DEBUG] wsdl4j.version: 1.6.3
[DEBUG] xml-maven-plugin.version: 1.1.0
[DEBUG] xmlunit2.version: 2.10.4
[DEBUG] yasson.version: 3.0.4
[DEBUG] zipkin-reporter.version: 3.4.3
[DEBUG] Using 'UTF-8' encoding to copy filtered resources.
[DEBUG] Using 'UTF-8' encoding to copy filtered properties files.
[DEBUG] resource with targetPath null
directory C:\Users\camil\Desktop\Apps\FabricaEscuela-2025-2\backend\src\main\resources
excludes []
includes [**/application*.yml, **/application*.yaml, **/application*.properties]
[DEBUG] ignoreDelta true
[INFO] Copying 1 resource from src\main\resources to target\classes
[DEBUG] Copying file application.properties
[DEBUG] file application.properties has a filtered file extension
[DEBUG] Using 'UTF-8' encoding to copy filtered resource 'application.properties'.
[DEBUG] filtering C:\Users\camil\Desktop\Apps\FabricaEscuela-2025-2\backend\src\main\resources\application.properties to C:\Users\camil\Desktop\Apps\FabricaEscuela-2025-2\backend\target\classes\application.properties
[DEBUG] resource with targetPath null
directory C:\Users\camil\Desktop\Apps\FabricaEscuela-2025-2\backend\src\main\resources
excludes [**/application*.yml, **/application*.yaml, **/application*.properties]
includes []
[DEBUG] ignoreDelta true
[INFO] Copying 5 resources from src\main\resources to target\classes
[DEBUG] Copying file static\admin-dashboard.html
[DEBUG] file admin-dashboard.html has a filtered file extension
[DEBUG] Using 'UTF-8' encoding to copy filtered resource 'admin-dashboard.html'.
[DEBUG] copy C:\Users\camil\Desktop\Apps\FabricaEscuela-2025-2\backend\src\main\resources\static\admin-dashboard.html to C:\Users\camil\Desktop\Apps\FabricaEscuela-2025-2\backend\target\classes\static\admin-dashboard.html
[DEBUG] Copying file static\admin-dashboardv1.html
[DEBUG] file admin-dashboardv1.html has a filtered file extension
[DEBUG] Using 'UTF-8' encoding to copy filtered resource 'admin-dashboardv1.html'.
[DEBUG] copy C:\Users\camil\Desktop\Apps\FabricaEscuela-2025-2\backend\src\main\resources\static\admin-dashboardv1.html to C:\Users\camil\Desktop\Apps\FabricaEscuela-2025-2\backend\target\classes\static\admin-dashboardv1.html
[DEBUG] Copying file static\dashboard.html
[DEBUG] file dashboard.html has a filtered file extension
[DEBUG] Using 'UTF-8' encoding to copy filtered resource 'dashboard.html'.
[DEBUG] copy C:\Users\camil\Desktop\Apps\FabricaEscuela-2025-2\backend\src\main\resources\static\dashboard.html to C:\Users\camil\Desktop\Apps\FabricaEscuela-2025-2\backend\target\classes\static\dashboard.html
[DEBUG] Copying file static\dashboardv1.html
[DEBUG] file dashboardv1.html has a filtered file extension
[DEBUG] Using 'UTF-8' encoding to copy filtered resource 'dashboardv1.html'.
[DEBUG] copy C:\Users\camil\Desktop\Apps\FabricaEscuela-2025-2\backend\src\main\resources\static\dashboardv1.html to C:\Users\camil\Desktop\Apps\FabricaEscuela-2025-2\backend\target\classes\static\dashboardv1.html
[DEBUG] Copying file static\index.html
[DEBUG] file index.html has a filtered file extension
[DEBUG] Using 'UTF-8' encoding to copy filtered resource 'index.html'.
[DEBUG] copy C:\Users\camil\Desktop\Apps\FabricaEscuela-2025-2\backend\src\main\resources\static\index.html to C:\Users\camil\Desktop\Apps\FabricaEscuela-2025-2\backend\target\classes\static\index.html
[DEBUG] no user filter components
[INFO] 
[INFO] --- compiler:3.11.0:compile (default-compile) @ Feature1Back ---
[DEBUG] Dependency collection stats {ConflictMarker.analyzeTime=58100, ConflictMarker.markTime=21100, ConflictMarker.nodeCount=17, ConflictIdSorter.graphTime=19700, ConflictIdSorter.topsortTime=15400, ConflictIdSorter.conflictIdCount=12, ConflictIdSorter.conflictIdCycleCount=0, ConflictResolver.totalTime=265400, ConflictResolver.conflictItemCount=17, DfDependencyCollector.collectTime=68292100, DfDependencyCollector.transformTime=400900}
[DEBUG] org.apache.maven.plugins:maven-compiler-plugin:jar:3.11.0
[DEBUG]    org.apache.maven.shared:maven-shared-utils:jar:3.3.4:compile
[DEBUG]       commons-io:commons-io:jar:2.6:compile
[DEBUG]    org.apache.maven.shared:maven-shared-incremental:jar:1.1:compile
[DEBUG]       org.codehaus.plexus:plexus-component-annotations:jar:1.5.5:compile
[DEBUG]    org.codehaus.plexus:plexus-java:jar:1.1.2:compile
[DEBUG]       org.ow2.asm:asm:jar:9.4:compile
[DEBUG]       com.thoughtworks.qdox:qdox:jar:2.0.3:compile (version managed from default)
[DEBUG]    org.codehaus.plexus:plexus-compiler-api:jar:2.13.0:compile
[DEBUG]       org.codehaus.plexus:plexus-utils:jar:3.5.0:compile (version managed from default)
[DEBUG]    org.codehaus.plexus:plexus-compiler-manager:jar:2.13.0:compile
[DEBUG]    org.codehaus.plexus:plexus-compiler-javac:jar:2.13.0:runtime
[DEBUG] Created new class realm plugin>org.apache.maven.plugins:maven-compiler-plugin:3.11.0
[DEBUG] Importing foreign packages into class realm plugin>org.apache.maven.plugins:maven-compiler-plugin:3.11.0
[DEBUG]   Imported:  < maven.api
[DEBUG] Populating class realm plugin>org.apache.maven.plugins:maven-compiler-plugin:3.11.0
[DEBUG]   Included: org.apache.maven.plugins:maven-compiler-plugin:jar:3.11.0
[DEBUG]   Included: org.apache.maven.shared:maven-shared-utils:jar:3.3.4
[DEBUG]   Included: commons-io:commons-io:jar:2.6
[DEBUG]   Included: org.apache.maven.shared:maven-shared-incremental:jar:1.1
[DEBUG]   Included: org.codehaus.plexus:plexus-component-annotations:jar:1.5.5
[DEBUG]   Included: org.codehaus.plexus:plexus-java:jar:1.1.2
[DEBUG]   Included: org.ow2.asm:asm:jar:9.4
[DEBUG]   Included: com.thoughtworks.qdox:qdox:jar:2.0.3
[DEBUG]   Included: org.codehaus.plexus:plexus-compiler-api:jar:2.13.0
[DEBUG]   Included: org.codehaus.plexus:plexus-utils:jar:3.5.0
[DEBUG]   Included: org.codehaus.plexus:plexus-compiler-manager:jar:2.13.0
[DEBUG]   Included: org.codehaus.plexus:plexus-compiler-javac:jar:2.13.0
[DEBUG] Loading mojo org.apache.maven.plugins:maven-compiler-plugin:3.11.0:compile from plugin realm ClassRealm[plugin>org.apache.maven.plugins:maven-compiler-plugin:3.11.0, parent: jdk.internal.loader.ClassLoaders$AppClassLoader@c387f44]
[DEBUG] Configuring mojo execution 'org.apache.maven.plugins:maven-compiler-plugin:3.11.0:compile:default-compile' with basic configurator -->
[DEBUG]   (s) groupId = org.projectlombok
[DEBUG]   (s) artifactId = lombok
[DEBUG]   (s) version = 1.18.30
[DEBUG]   (s) groupId = org.mapstruct
[DEBUG]   (s) artifactId = mapstruct-processor
[DEBUG]   (s) version = 1.5.5.Final
[DEBUG]   (s) groupId = org.projectlombok
[DEBUG]   (s) artifactId = lombok-mapstruct-binding
[DEBUG]   (s) version = 0.2.0
[DEBUG]   (f) annotationProcessorPaths = [org.projectlombok:lombok:1.18.30.jar, org.mapstruct:mapstruct-processor:1.5.5.Final.jar, org.projectlombok:lombok-mapstruct-binding:0.2.0.jar]
[DEBUG]   (f) basedir = C:\Users\camil\Desktop\Apps\FabricaEscuela-2025-2\backend
[DEBUG]   (f) buildDirectory = C:\Users\camil\Desktop\Apps\FabricaEscuela-2025-2\backend\target
[DEBUG]   (f) compilePath = [C:\Users\camil\Desktop\Apps\FabricaEscuela-2025-2\backend\target\classes, C:\Users\camil\.m2\repository\org\springframework\boot\spring-boot-starter-data-jpa\3.4.10\spring-boot-starter-data-jpa-3.4.10.jar, C:\Users\camil\.m2\repository\org\springframework\boot\spring-boot-starter\3.4.10\spring-boot-starter-3.4.10.jar, C:\Users\camil\.m2\repository\org\springframework\boot\spring-boot-starter-logging\3.4.10\spring-boot-starter-logging-3.4.10.jar, C:\Users\camil\.m2\repository\ch\qos\logback\logback-classic\1.5.18\logback-classic-1.5.18.jar, C:\Users\camil\.m2\repository\ch\qos\logback\logback-core\1.5.18\logback-core-1.5.18.jar, C:\Users\camil\.m2\repository\org\apache\logging\log4j\log4j-to-slf4j\2.24.3\log4j-to-slf4j-2.24.3.jar, C:\Users\camil\.m2\repository\org\apache\logging\log4j\log4j-api\2.24.3\log4j-api-2.24.3.jar, C:\Users\camil\.m2\repository\org\slf4j\jul-to-slf4j\2.0.17\jul-to-slf4j-2.0.17.jar, C:\Users\camil\.m2\repository\jakarta\annotation\jakarta.annotation-api\2.1.1\jakarta.annotation-api-2.1.1.jar, C:\Users\camil\.m2\repository\org\yaml\snakeyaml\2.3\snakeyaml-2.3.jar, C:\Users\camil\.m2\repository\org\springframework\boot\spring-boot-starter-jdbc\3.4.10\spring-boot-starter-jdbc-3.4.10.jar, C:\Users\camil\.m2\repository\com\zaxxer\HikariCP\5.1.0\HikariCP-5.1.0.jar, C:\Users\camil\.m2\repository\org\springframework\spring-jdbc\6.2.11\spring-jdbc-6.2.11.jar, C:\Users\camil\.m2\repository\org\hibernate\orm\hibernate-core\6.6.29.Final\hibernate-core-6.6.29.Final.jar, C:\Users\camil\.m2\repository\jakarta\persistence\jakarta.persistence-api\3.1.0\jakarta.persistence-api-3.1.0.jar, C:\Users\camil\.m2\repository\jakarta\transaction\jakarta.transaction-api\2.0.1\jakarta.transaction-api-2.0.1.jar, C:\Users\camil\.m2\repository\org\jboss\logging\jboss-logging\3.6.1.Final\jboss-logging-3.6.1.Final.jar, C:\Users\camil\.m2\repository\com\fasterxml\classmate\1.7.0\classmate-1.7.0.jar, C:\Users\camil\.m2\repository\org\antlr\antlr4-runtime\4.13.0\antlr4-runtime-4.13.0.jar, C:\Users\camil\.m2\repository\org\springframework\data\spring-data-jpa\3.4.10\spring-data-jpa-3.4.10.jar, C:\Users\camil\.m2\repository\org\springframework\data\spring-data-commons\3.4.10\spring-data-commons-3.4.10.jar, C:\Users\camil\.m2\repository\org\springframework\spring-orm\6.2.11\spring-orm-6.2.11.jar, C:\Users\camil\.m2\repository\org\springframework\spring-context\6.2.11\spring-context-6.2.11.jar, C:\Users\camil\.m2\repository\org\springframework\spring-tx\6.2.11\spring-tx-6.2.11.jar, C:\Users\camil\.m2\repository\org\springframework\spring-beans\6.2.11\spring-beans-6.2.11.jar, C:\Users\camil\.m2\repository\org\springframework\spring-aspects\6.2.11\spring-aspects-6.2.11.jar, C:\Users\camil\.m2\repository\org\aspectj\aspectjweaver\1.9.24\aspectjweaver-1.9.24.jar, C:\Users\camil\.m2\repository\org\springframework\boot\spring-boot-starter-validation\3.4.10\spring-boot-starter-validation-3.4.10.jar, C:\Users\camil\.m2\repository\org\apache\tomcat\embed\tomcat-embed-el\10.1.46\tomcat-embed-el-10.1.46.jar, C:\Users\camil\.m2\repository\org\hibernate\validator\hibernate-validator\8.0.3.Final\hibernate-validator-8.0.3.Final.jar, C:\Users\camil\.m2\repository\jakarta\validation\jakarta.validation-api\3.0.2\jakarta.validation-api-3.0.2.jar, C:\Users\camil\.m2\repository\org\springframework\boot\spring-boot-starter-web\3.4.10\spring-boot-starter-web-3.4.10.jar, C:\Users\camil\.m2\repository\org\springframework\boot\spring-boot-starter-json\3.4.10\spring-boot-starter-json-3.4.10.jar, C:\Users\camil\.m2\repository\com\fasterxml\jackson\datatype\jackson-datatype-jdk8\2.18.4\jackson-datatype-jdk8-2.18.4.jar, C:\Users\camil\.m2\repository\com\fasterxml\jackson\datatype\jackson-datatype-jsr310\2.18.4\jackson-datatype-jsr310-2.18.4.jar, C:\Users\camil\.m2\repository\com\fasterxml\jackson\module\jackson-module-parameter-names\2.18.4\jackson-module-parameter-names-2.18.4.jar, C:\Users\camil\.m2\repository\org\springframework\boot\spring-boot-starter-tomcat\3.4.10\spring-boot-starter-tomcat-3.4.10.jar, C:\Users\camil\.m2\repository\org\apache\tomcat\embed\tomcat-embed-core\10.1.46\tomcat-embed-core-10.1.46.jar, C:\Users\camil\.m2\repository\org\apache\tomcat\embed\tomcat-embed-websocket\10.1.46\tomcat-embed-websocket-10.1.46.jar, C:\Users\camil\.m2\repository\org\springframework\spring-web\6.2.11\spring-web-6.2.11.jar, C:\Users\camil\.m2\repository\io\micrometer\micrometer-observation\1.14.11\micrometer-observation-1.14.11.jar, C:\Users\camil\.m2\repository\io\micrometer\micrometer-commons\1.14.11\micrometer-commons-1.14.11.jar, C:\Users\camil\.m2\repository\org\springframework\spring-webmvc\6.2.11\spring-webmvc-6.2.11.jar, C:\Users\camil\.m2\repository\org\springframework\spring-expression\6.2.11\spring-expression-6.2.11.jar, C:\Users\camil\.m2\repository\org\springframework\boot\spring-boot-starter-security\3.4.10\spring-boot-starter-security-3.4.10.jar, C:\Users\camil\.m2\repository\org\springframework\spring-aop\6.2.11\spring-aop-6.2.11.jar, C:\Users\camil\.m2\repository\org\springframework\security\spring-security-config\6.4.11\spring-security-config-6.4.11.jar, C:\Users\camil\.m2\repository\org\springframework\security\spring-security-core\6.4.11\spring-security-core-6.4.11.jar, C:\Users\camil\.m2\repository\org\springframework\security\spring-security-crypto\6.4.11\spring-security-crypto-6.4.11.jar, C:\Users\camil\.m2\repository\org\springframework\security\spring-security-web\6.4.11\spring-security-web-6.4.11.jar, C:\Users\camil\.m2\repository\io\jsonwebtoken\jjwt-api\0.11.5\jjwt-api-0.11.5.jar, C:\Users\camil\.m2\repository\org\springframework\boot\spring-boot-starter-mail\3.4.10\spring-boot-starter-mail-3.4.10.jar, C:\Users\camil\.m2\repository\org\springframework\spring-context-support\6.2.11\spring-context-support-6.2.11.jar, C:\Users\camil\.m2\repository\org\eclipse\angus\jakarta.mail\2.0.4\jakarta.mail-2.0.4.jar, C:\Users\camil\.m2\repository\jakarta\activation\jakarta.activation-api\2.1.4\jakarta.activation-api-2.1.4.jar, C:\Users\camil\.m2\repository\org\springframework\boot\spring-boot\3.4.10\spring-boot-3.4.10.jar, C:\Users\camil\.m2\repository\org\springframework\boot\spring-boot-autoconfigure\3.4.10\spring-boot-autoconfigure-3.4.10.jar, C:\Users\camil\.m2\repository\org\springframework\spring-core\6.2.11\spring-core-6.2.11.jar, C:\Users\camil\.m2\repository\org\springframework\spring-jcl\6.2.11\spring-jcl-6.2.11.jar, C:\Users\camil\.m2\repository\com\fasterxml\jackson\core\jackson-databind\2.15.0\jackson-databind-2.15.0.jar, C:\Users\camil\.m2\repository\com\fasterxml\jackson\core\jackson-annotations\2.18.4\jackson-annotations-2.18.4.jar, C:\Users\camil\.m2\repository\com\fasterxml\jackson\core\jackson-core\2.18.4.1\jackson-core-2.18.4.1.jar, C:\Users\camil\.m2\repository\org\projectlombok\lombok\1.18.30\lombok-1.18.30.jar, C:\Users\camil\.m2\repository\org\mapstruct\mapstruct\1.5.5.Final\mapstruct-1.5.5.Final.jar, C:\Users\camil\.m2\repository\org\testng\testng\7.11.0\testng-7.11.0.jar, C:\Users\camil\.m2\repository\org\slf4j\slf4j-api\2.0.17\slf4j-api-2.0.17.jar, C:\Users\camil\.m2\repository\org\jcommander\jcommander\1.83\jcommander-1.83.jar]
[DEBUG]   (f) compileSourceRoots = [C:\Users\camil\Desktop\Apps\FabricaEscuela-2025-2\backend\src\main\java]
[DEBUG]   (f) compilerId = javac
[DEBUG]   (f) createMissingPackageInfoClass = true
[DEBUG]   (f) debug = true
[DEBUG]   (f) debugFileName = javac
[DEBUG]   (f) enablePreview = false
[DEBUG]   (f) encoding = UTF-8
[DEBUG]   (f) failOnError = true
[DEBUG]   (f) failOnWarning = false
[DEBUG]   (f) forceJavacCompilerUse = false
[DEBUG]   (f) fork = false
[DEBUG]   (f) generatedSourcesDirectory = C:\Users\camil\Desktop\Apps\FabricaEscuela-2025-2\backend\target\generated-sources\annotations
[DEBUG]   (f) mojoExecution = org.apache.maven.plugins:maven-compiler-plugin:3.11.0:compile {execution: default-compile}
[DEBUG]   (f) optimize = false
[DEBUG]   (f) outputDirectory = C:\Users\camil\Desktop\Apps\FabricaEscuela-2025-2\backend\target\classes
[DEBUG]   (f) parameters = true
[DEBUG]   (f) project = MavenProject: com.FabricaEscuela:Feature1Back:0.0.1-SNAPSHOT @ C:\Users\camil\Desktop\Apps\FabricaEscuela-2025-2\backend\pom.xml
[DEBUG]   (f) projectArtifact = com.FabricaEscuela:Feature1Back:jar:0.0.1-SNAPSHOT
[DEBUG]   (s) release = 17
[DEBUG]   (f) session = org.apache.maven.execution.MavenSession@2bc378f7
[DEBUG]   (f) showCompilationChanges = false
[DEBUG]   (f) showDeprecation = false
[DEBUG]   (f) showWarnings = true
[DEBUG]   (f) skipMultiThreadWarning = false
[DEBUG]   (f) source = 17
[DEBUG]   (f) staleMillis = 0
[DEBUG]   (s) target = 17
[DEBUG]   (f) useIncrementalCompilation = true
[DEBUG]   (f) verbose = false
[DEBUG] -- end configuration --
[DEBUG] Using compiler 'javac'.
[DEBUG] Adding C:\Users\camil\Desktop\Apps\FabricaEscuela-2025-2\backend\target\generated-sources\annotations to compile source roots:
  C:\Users\camil\Desktop\Apps\FabricaEscuela-2025-2\backend\src\main\java
[DEBUG] New compile source roots:
  C:\Users\camil\Desktop\Apps\FabricaEscuela-2025-2\backend\src\main\java
  C:\Users\camil\Desktop\Apps\FabricaEscuela-2025-2\backend\target\generated-sources\annotations
[DEBUG] Dependency collection stats {ConflictMarker.analyzeTime=28400, ConflictMarker.markTime=16100, ConflictMarker.nodeCount=4, ConflictIdSorter.graphTime=6300, ConflictIdSorter.topsortTime=5700, ConflictIdSorter.conflictIdCount=3, ConflictIdSorter.conflictIdCycleCount=0, ConflictResolver.totalTime=57300, ConflictResolver.conflictItemCount=3, DfDependencyCollector.collectTime=7426200, DfDependencyCollector.transformTime=127200}
[DEBUG] CompilerReuseStrategy: reuseCreated
[DEBUG] useIncrementalCompilation enabled
[DEBUG] Stale source detected: C:\Users\camil\Desktop\Apps\FabricaEscuela-2025-2\backend\src\main\java\com\FabricaEscuela\Feature1Back\mapper\RutaMapper.java
[DEBUG] Stale source detected: C:\Users\camil\Desktop\Apps\FabricaEscuela-2025-2\backend\src\main\java\com\FabricaEscuela\Feature1Back\DTO\RutaDTO.java
[DEBUG] Stale source detected: C:\Users\camil\Desktop\Apps\FabricaEscuela-2025-2\backend\src\main\java\com\FabricaEscuela\Feature1Back\service\AuthService.java
[DEBUG] Stale source detected: C:\Users\camil\Desktop\Apps\FabricaEscuela-2025-2\backend\src\main\java\com\FabricaEscuela\Feature1Back\mapper\UsuarioMapper.java
[DEBUG] Stale source detected: C:\Users\camil\Desktop\Apps\FabricaEscuela-2025-2\backend\src\main\java\com\FabricaEscuela\Feature1Back\config\JwtUtil.java
[DEBUG] Stale source detected: C:\Users\camil\Desktop\Apps\FabricaEscuela-2025-2\backend\src\main\java\com\FabricaEscuela\Feature1Back\service\AsignacionTurnoService.java
[DEBUG] Stale source detected: C:\Users\camil\Desktop\Apps\FabricaEscuela-2025-2\backend\src\main\java\com\FabricaEscuela\Feature1Back\mapper\ConductorMapper.java
[DEBUG] Stale source detected: C:\Users\camil\Desktop\Apps\FabricaEscuela-2025-2\backend\src\main\java\com\FabricaEscuela\Feature1Back\entity\Ruta.java
[DEBUG] Stale source detected: C:\Users\camil\Desktop\Apps\FabricaEscuela-2025-2\backend\src\main\java\com\FabricaEscuela\Feature1Back\entity\Turno.java
[DEBUG] Stale source detected: C:\Users\camil\Desktop\Apps\FabricaEscuela-2025-2\backend\src\main\java\com\FabricaEscuela\Feature1Back\entity\CodigoVerificacion.java
[DEBUG] Stale source detected: C:\Users\camil\Desktop\Apps\FabricaEscuela-2025-2\backend\src\main\java\com\FabricaEscuela\Feature1Back\service\TurnoService.java
[DEBUG] Stale source detected: C:\Users\camil\Desktop\Apps\FabricaEscuela-2025-2\backend\src\main\java\com\FabricaEscuela\Feature1Back\entity\EstadoAsignacion.java
[DEBUG] Stale source detected: C:\Users\camil\Desktop\Apps\FabricaEscuela-2025-2\backend\src\main\java\com\FabricaEscuela\Feature1Back\entity\Usuario.java
[DEBUG] Stale source detected: C:\Users\camil\Desktop\Apps\FabricaEscuela-2025-2\backend\src\main\java\com\FabricaEscuela\Feature1Back\Feature1BackApplication.java
[DEBUG] Stale source detected: C:\Users\camil\Desktop\Apps\FabricaEscuela-2025-2\backend\src\main\java\com\FabricaEscuela\Feature1Back\entity\Conductor.java
[DEBUG] Stale source detected: C:\Users\camil\Desktop\Apps\FabricaEscuela-2025-2\backend\src\main\java\com\FabricaEscuela\Feature1Back\DTO\CrearTurnoRequest.java
[DEBUG] Stale source detected: C:\Users\camil\Desktop\Apps\FabricaEscuela-2025-2\backend\src\main\java\com\FabricaEscuela\Feature1Back\DTO\UsuarioDTO.java
[DEBUG] Stale source detected: C:\Users\camil\Desktop\Apps\FabricaEscuela-2025-2\backend\src\main\java\com\FabricaEscuela\Feature1Back\mapper\TurnoMapper.java
[DEBUG] Stale source detected: C:\Users\camil\Desktop\Apps\FabricaEscuela-2025-2\backend\src\main\java\com\FabricaEscuela\Feature1Back\DTO\AsignacionTurnoDTO.java
[DEBUG] Stale source detected: C:\Users\camil\Desktop\Apps\FabricaEscuela-2025-2\backend\src\main\java\com\FabricaEscuela\Feature1Back\controller\TurnoController.java
[DEBUG] Stale source detected: C:\Users\camil\Desktop\Apps\FabricaEscuela-2025-2\backend\src\main\java\com\FabricaEscuela\Feature1Back\config\JwtAuthenticationFilter.java
[DEBUG] Stale source detected: C:\Users\camil\Desktop\Apps\FabricaEscuela-2025-2\backend\src\main\java\com\FabricaEscuela\Feature1Back\service\EmailService.java
[DEBUG] Stale source detected: C:\Users\camil\Desktop\Apps\FabricaEscuela-2025-2\backend\src\main\java\com\FabricaEscuela\Feature1Back\service\ConductorService.java
[DEBUG] Stale source detected: C:\Users\camil\Desktop\Apps\FabricaEscuela-2025-2\backend\src\main\java\com\FabricaEscuela\Feature1Back\DTO\LoginCedulaRequest.java
[DEBUG] Stale source detected: C:\Users\camil\Desktop\Apps\FabricaEscuela-2025-2\backend\src\main\java\com\FabricaEscuela\Feature1Back\DTO\VerifyCodeRequest.java
[DEBUG] Stale source detected: C:\Users\camil\Desktop\Apps\FabricaEscuela-2025-2\backend\src\main\java\com\FabricaEscuela\Feature1Back\repository\UsuarioRepository.java
[DEBUG] Stale source detected: C:\Users\camil\Desktop\Apps\FabricaEscuela-2025-2\backend\src\main\java\com\FabricaEscuela\Feature1Back\controller\AsignacionTurnoController.java
[DEBUG] Stale source detected: C:\Users\camil\Desktop\Apps\FabricaEscuela-2025-2\backend\src\main\java\com\FabricaEscuela\Feature1Back\repository\RutaRepository.java
[DEBUG] Stale source detected: C:\Users\camil\Desktop\Apps\FabricaEscuela-2025-2\backend\src\main\java\com\FabricaEscuela\Feature1Back\controller\UsuarioController.java
[DEBUG] Stale source detected: C:\Users\camil\Desktop\Apps\FabricaEscuela-2025-2\backend\src\main\java\com\FabricaEscuela\Feature1Back\controller\RutaController.java
[DEBUG] Stale source detected: C:\Users\camil\Desktop\Apps\FabricaEscuela-2025-2\backend\src\main\java\com\FabricaEscuela\Feature1Back\repository\TurnoRepository.java
[DEBUG] Stale source detected: C:\Users\camil\Desktop\Apps\FabricaEscuela-2025-2\backend\src\main\java\com\FabricaEscuela\Feature1Back\DTO\TurnoDTO.java
[DEBUG] Stale source detected: C:\Users\camil\Desktop\Apps\FabricaEscuela-2025-2\backend\src\main\java\com\FabricaEscuela\Feature1Back\DTO\ConductorDTO.java
[DEBUG] Stale source detected: C:\Users\camil\Desktop\Apps\FabricaEscuela-2025-2\backend\src\main\java\com\FabricaEscuela\Feature1Back\DTO\LoginRequest.java
[DEBUG] Stale source detected: C:\Users\camil\Desktop\Apps\FabricaEscuela-2025-2\backend\src\main\java\com\FabricaEscuela\Feature1Back\config\SecurityConfig.java
[DEBUG] Stale source detected: C:\Users\camil\Desktop\Apps\FabricaEscuela-2025-2\backend\src\main\java\com\FabricaEscuela\Feature1Back\entity\EstadoTurno.java
[DEBUG] Stale source detected: C:\Users\camil\Desktop\Apps\FabricaEscuela-2025-2\backend\src\main\java\com\FabricaEscuela\Feature1Back\entity\Rol.java
[DEBUG] Stale source detected: C:\Users\camil\Desktop\Apps\FabricaEscuela-2025-2\backend\src\main\java\com\FabricaEscuela\Feature1Back\DTO\MessageResponse.java
[DEBUG] Stale source detected: C:\Users\camil\Desktop\Apps\FabricaEscuela-2025-2\backend\src\main\java\com\FabricaEscuela\Feature1Back\repository\ConductorRepository.java
[DEBUG] Stale source detected: C:\Users\camil\Desktop\Apps\FabricaEscuela-2025-2\backend\src\main\java\com\FabricaEscuela\Feature1Back\controller\ConductorController.java
[DEBUG] Stale source detected: C:\Users\camil\Desktop\Apps\FabricaEscuela-2025-2\backend\src\main\java\com\FabricaEscuela\Feature1Back\repository\AsignacionTurnoRepository.java
[DEBUG] Stale source detected: C:\Users\camil\Desktop\Apps\FabricaEscuela-2025-2\backend\src\main\java\com\FabricaEscuela\Feature1Back\repository\CodigoVerificacionRepository.java
[DEBUG] Stale source detected: C:\Users\camil\Desktop\Apps\FabricaEscuela-2025-2\backend\src\main\java\com\FabricaEscuela\Feature1Back\service\RutaService.java
[DEBUG] Stale source detected: C:\Users\camil\Desktop\Apps\FabricaEscuela-2025-2\backend\src\main\java\com\FabricaEscuela\Feature1Back\DTO\AuthResponse.java
[DEBUG] Stale source detected: C:\Users\camil\Desktop\Apps\FabricaEscuela-2025-2\backend\src\main\java\com\FabricaEscuela\Feature1Back\controller\AuthController.java
[DEBUG] Stale source detected: C:\Users\camil\Desktop\Apps\FabricaEscuela-2025-2\backend\src\main\java\com\FabricaEscuela\Feature1Back\controller\HealthController.java
[DEBUG] Stale source detected: C:\Users\camil\Desktop\Apps\FabricaEscuela-2025-2\backend\src\main\java\com\FabricaEscuela\Feature1Back\entity\AsignacionTurno.java
[DEBUG] Stale source detected: C:\Users\camil\Desktop\Apps\FabricaEscuela-2025-2\backend\src\main\java\com\FabricaEscuela\Feature1Back\service\UsuarioService.java
[DEBUG] Stale source detected: C:\Users\camil\Desktop\Apps\FabricaEscuela-2025-2\backend\src\main\java\com\FabricaEscuela\Feature1Back\mapper\AsignacionTurnoMapper.java
[DEBUG] Stale source detected: C:\Users\camil\Desktop\Apps\FabricaEscuela-2025-2\backend\src\main\java\com\FabricaEscuela\Feature1Back\config\CorsConfig.java
[INFO] Changes detected - recompiling the module! :source
[DEBUG] Classpath:
[DEBUG]  C:\Users\camil\Desktop\Apps\FabricaEscuela-2025-2\backend\target\classes
[DEBUG]  C:\Users\camil\.m2\repository\org\springframework\boot\spring-boot-starter-data-jpa\3.4.10\spring-boot-starter-data-jpa-3.4.10.jar
[DEBUG]  C:\Users\camil\.m2\repository\org\springframework\boot\spring-boot-starter\3.4.10\spring-boot-starter-3.4.10.jar
[DEBUG]  C:\Users\camil\.m2\repository\org\springframework\boot\spring-boot-starter-logging\3.4.10\spring-boot-starter-logging-3.4.10.jar
[DEBUG]  C:\Users\camil\.m2\repository\ch\qos\logback\logback-classic\1.5.18\logback-classic-1.5.18.jar
[DEBUG]  C:\Users\camil\.m2\repository\ch\qos\logback\logback-core\1.5.18\logback-core-1.5.18.jar
[DEBUG]  C:\Users\camil\.m2\repository\org\apache\logging\log4j\log4j-to-slf4j\2.24.3\log4j-to-slf4j-2.24.3.jar
[DEBUG]  C:\Users\camil\.m2\repository\org\apache\logging\log4j\log4j-api\2.24.3\log4j-api-2.24.3.jar
[DEBUG]  C:\Users\camil\.m2\repository\org\slf4j\jul-to-slf4j\2.0.17\jul-to-slf4j-2.0.17.jar
[DEBUG]  C:\Users\camil\.m2\repository\jakarta\annotation\jakarta.annotation-api\2.1.1\jakarta.annotation-api-2.1.1.jar
[DEBUG]  C:\Users\camil\.m2\repository\org\yaml\snakeyaml\2.3\snakeyaml-2.3.jar
[DEBUG]  C:\Users\camil\.m2\repository\org\springframework\boot\spring-boot-starter-jdbc\3.4.10\spring-boot-starter-jdbc-3.4.10.jar
[DEBUG]  C:\Users\camil\.m2\repository\com\zaxxer\HikariCP\5.1.0\HikariCP-5.1.0.jar
[DEBUG]  C:\Users\camil\.m2\repository\org\springframework\spring-jdbc\6.2.11\spring-jdbc-6.2.11.jar
[DEBUG]  C:\Users\camil\.m2\repository\org\hibernate\orm\hibernate-core\6.6.29.Final\hibernate-core-6.6.29.Final.jar
[DEBUG]  C:\Users\camil\.m2\repository\jakarta\persistence\jakarta.persistence-api\3.1.0\jakarta.persistence-api-3.1.0.jar
[DEBUG]  C:\Users\camil\.m2\repository\jakarta\transaction\jakarta.transaction-api\2.0.1\jakarta.transaction-api-2.0.1.jar
[DEBUG]  C:\Users\camil\.m2\repository\org\jboss\logging\jboss-logging\3.6.1.Final\jboss-logging-3.6.1.Final.jar
[DEBUG]  C:\Users\camil\.m2\repository\com\fasterxml\classmate\1.7.0\classmate-1.7.0.jar
[DEBUG]  C:\Users\camil\.m2\repository\org\antlr\antlr4-runtime\4.13.0\antlr4-runtime-4.13.0.jar
[DEBUG]  C:\Users\camil\.m2\repository\org\springframework\data\spring-data-jpa\3.4.10\spring-data-jpa-3.4.10.jar
[DEBUG]  C:\Users\camil\.m2\repository\org\springframework\data\spring-data-commons\3.4.10\spring-data-commons-3.4.10.jar
[DEBUG]  C:\Users\camil\.m2\repository\org\springframework\spring-orm\6.2.11\spring-orm-6.2.11.jar
[DEBUG]  C:\Users\camil\.m2\repository\org\springframework\spring-context\6.2.11\spring-context-6.2.11.jar
[DEBUG]  C:\Users\camil\.m2\repository\org\springframework\spring-tx\6.2.11\spring-tx-6.2.11.jar
[DEBUG]  C:\Users\camil\.m2\repository\org\springframework\spring-beans\6.2.11\spring-beans-6.2.11.jar
[DEBUG]  C:\Users\camil\.m2\repository\org\springframework\spring-aspects\6.2.11\spring-aspects-6.2.11.jar
[DEBUG]  C:\Users\camil\.m2\repository\org\aspectj\aspectjweaver\1.9.24\aspectjweaver-1.9.24.jar
[DEBUG]  C:\Users\camil\.m2\repository\org\springframework\boot\spring-boot-starter-validation\3.4.10\spring-boot-starter-validation-3.4.10.jar
[DEBUG]  C:\Users\camil\.m2\repository\org\apache\tomcat\embed\tomcat-embed-el\10.1.46\tomcat-embed-el-10.1.46.jar
[DEBUG]  C:\Users\camil\.m2\repository\org\hibernate\validator\hibernate-validator\8.0.3.Final\hibernate-validator-8.0.3.Final.jar
[DEBUG]  C:\Users\camil\.m2\repository\jakarta\validation\jakarta.validation-api\3.0.2\jakarta.validation-api-3.0.2.jar
[DEBUG]  C:\Users\camil\.m2\repository\org\springframework\boot\spring-boot-starter-web\3.4.10\spring-boot-starter-web-3.4.10.jar
[DEBUG]  C:\Users\camil\.m2\repository\org\springframework\boot\spring-boot-starter-json\3.4.10\spring-boot-starter-json-3.4.10.jar
[DEBUG]  C:\Users\camil\.m2\repository\com\fasterxml\jackson\datatype\jackson-datatype-jdk8\2.18.4\jackson-datatype-jdk8-2.18.4.jar
[DEBUG]  C:\Users\camil\.m2\repository\com\fasterxml\jackson\datatype\jackson-datatype-jsr310\2.18.4\jackson-datatype-jsr310-2.18.4.jar
[DEBUG]  C:\Users\camil\.m2\repository\com\fasterxml\jackson\module\jackson-module-parameter-names\2.18.4\jackson-module-parameter-names-2.18.4.jar
[DEBUG]  C:\Users\camil\.m2\repository\org\springframework\boot\spring-boot-starter-tomcat\3.4.10\spring-boot-starter-tomcat-3.4.10.jar
[DEBUG]  C:\Users\camil\.m2\repository\org\apache\tomcat\embed\tomcat-embed-core\10.1.46\tomcat-embed-core-10.1.46.jar
[DEBUG]  C:\Users\camil\.m2\repository\org\apache\tomcat\embed\tomcat-embed-websocket\10.1.46\tomcat-embed-websocket-10.1.46.jar
[DEBUG]  C:\Users\camil\.m2\repository\org\springframework\spring-web\6.2.11\spring-web-6.2.11.jar
[DEBUG]  C:\Users\camil\.m2\repository\io\micrometer\micrometer-observation\1.14.11\micrometer-observation-1.14.11.jar
[DEBUG]  C:\Users\camil\.m2\repository\io\micrometer\micrometer-commons\1.14.11\micrometer-commons-1.14.11.jar
[DEBUG]  C:\Users\camil\.m2\repository\org\springframework\spring-webmvc\6.2.11\spring-webmvc-6.2.11.jar
[DEBUG]  C:\Users\camil\.m2\repository\org\springframework\spring-expression\6.2.11\spring-expression-6.2.11.jar
[DEBUG]  C:\Users\camil\.m2\repository\org\springframework\boot\spring-boot-starter-security\3.4.10\spring-boot-starter-security-3.4.10.jar
[DEBUG]  C:\Users\camil\.m2\repository\org\springframework\spring-aop\6.2.11\spring-aop-6.2.11.jar
[DEBUG]  C:\Users\camil\.m2\repository\org\springframework\security\spring-security-config\6.4.11\spring-security-config-6.4.11.jar
[DEBUG]  C:\Users\camil\.m2\repository\org\springframework\security\spring-security-core\6.4.11\spring-security-core-6.4.11.jar
[DEBUG]  C:\Users\camil\.m2\repository\org\springframework\security\spring-security-crypto\6.4.11\spring-security-crypto-6.4.11.jar
[DEBUG]  C:\Users\camil\.m2\repository\org\springframework\security\spring-security-web\6.4.11\spring-security-web-6.4.11.jar
[DEBUG]  C:\Users\camil\.m2\repository\io\jsonwebtoken\jjwt-api\0.11.5\jjwt-api-0.11.5.jar
[DEBUG]  C:\Users\camil\.m2\repository\org\springframework\boot\spring-boot-starter-mail\3.4.10\spring-boot-starter-mail-3.4.10.jar
[DEBUG]  C:\Users\camil\.m2\repository\org\springframework\spring-context-support\6.2.11\spring-context-support-6.2.11.jar
[DEBUG]  C:\Users\camil\.m2\repository\org\eclipse\angus\jakarta.mail\2.0.4\jakarta.mail-2.0.4.jar
[DEBUG]  C:\Users\camil\.m2\repository\jakarta\activation\jakarta.activation-api\2.1.4\jakarta.activation-api-2.1.4.jar
[DEBUG]  C:\Users\camil\.m2\repository\org\springframework\boot\spring-boot\3.4.10\spring-boot-3.4.10.jar
[DEBUG]  C:\Users\camil\.m2\repository\org\springframework\boot\spring-boot-autoconfigure\3.4.10\spring-boot-autoconfigure-3.4.10.jar
[DEBUG]  C:\Users\camil\.m2\repository\org\springframework\spring-core\6.2.11\spring-core-6.2.11.jar
[DEBUG]  C:\Users\camil\.m2\repository\org\springframework\spring-jcl\6.2.11\spring-jcl-6.2.11.jar
[DEBUG]  C:\Users\camil\.m2\repository\com\fasterxml\jackson\core\jackson-databind\2.15.0\jackson-databind-2.15.0.jar
[DEBUG]  C:\Users\camil\.m2\repository\com\fasterxml\jackson\core\jackson-annotations\2.18.4\jackson-annotations-2.18.4.jar
[DEBUG]  C:\Users\camil\.m2\repository\com\fasterxml\jackson\core\jackson-core\2.18.4.1\jackson-core-2.18.4.1.jar
[DEBUG]  C:\Users\camil\.m2\repository\org\projectlombok\lombok\1.18.30\lombok-1.18.30.jar
[DEBUG]  C:\Users\camil\.m2\repository\org\mapstruct\mapstruct\1.5.5.Final\mapstruct-1.5.5.Final.jar
[DEBUG]  C:\Users\camil\.m2\repository\org\testng\testng\7.11.0\testng-7.11.0.jar
[DEBUG]  C:\Users\camil\.m2\repository\org\slf4j\slf4j-api\2.0.17\slf4j-api-2.0.17.jar
[DEBUG]  C:\Users\camil\.m2\repository\org\jcommander\jcommander\1.83\jcommander-1.83.jar
[DEBUG] Source roots:
[DEBUG]  C:\Users\camil\Desktop\Apps\FabricaEscuela-2025-2\backend\src\main\java
[DEBUG]  C:\Users\camil\Desktop\Apps\FabricaEscuela-2025-2\backend\target\generated-sources\annotations
[DEBUG] Command line options:
[DEBUG] -d C:\Users\camil\Desktop\Apps\FabricaEscuela-2025-2\backend\target\classes -classpath C:\Users\camil\Desktop\Apps\FabricaEscuela-2025-2\backend\target\classes;C:\Users\camil\.m2\repository\org\springframework\boot\spring-boot-starter-data-jpa\3.4.10\spring-boot-starter-data-jpa-3.4.10.jar;C:\Users\camil\.m2\repository\org\springframework\boot\spring-boot-starter\3.4.10\spring-boot-starter-3.4.10.jar;C:\Users\camil\.m2\repository\org\springframework\boot\spring-boot-starter-logging\3.4.10\spring-boot-starter-logging-3.4.10.jar;C:\Users\camil\.m2\repository\ch\qos\logback\logback-classic\1.5.18\logback-classic-1.5.18.jar;C:\Users\camil\.m2\repository\ch\qos\logback\logback-core\1.5.18\logback-core-1.5.18.jar;C:\Users\camil\.m2\repository\org\apache\logging\log4j\log4j-to-slf4j\2.24.3\log4j-to-slf4j-2.24.3.jar;C:\Users\camil\.m2\repository\org\apache\logging\log4j\log4j-api\2.24.3\log4j-api-2.24.3.jar;C:\Users\camil\.m2\repository\org\slf4j\jul-to-slf4j\2.0.17\jul-to-slf4j-2.0.17.jar;C:\Users\camil\.m2\repository\jakarta\annotation\jakarta.annotation-api\2.1.1\jakarta.annotation-api-2.1.1.jar;C:\Users\camil\.m2\repository\org\yaml\snakeyaml\2.3\snakeyaml-2.3.jar;C:\Users\camil\.m2\repository\org\springframework\boot\spring-boot-starter-jdbc\3.4.10\spring-boot-starter-jdbc-3.4.10.jar;C:\Users\camil\.m2\repository\com\zaxxer\HikariCP\5.1.0\HikariCP-5.1.0.jar;C:\Users\camil\.m2\repository\org\springframework\spring-jdbc\6.2.11\spring-jdbc-6.2.11.jar;C:\Users\camil\.m2\repository\org\hibernate\orm\hibernate-core\6.6.29.Final\hibernate-core-6.6.29.Final.jar;C:\Users\camil\.m2\repository\jakarta\persistence\jakarta.persistence-api\3.1.0\jakarta.persistence-api-3.1.0.jar;C:\Users\camil\.m2\repository\jakarta\transaction\jakarta.transaction-api\2.0.1\jakarta.transaction-api-2.0.1.jar;C:\Users\camil\.m2\repository\org\jboss\logging\jboss-logging\3.6.1.Final\jboss-logging-3.6.1.Final.jar;C:\Users\camil\.m2\repository\com\fasterxml\classmate\1.7.0\classmate-1.7.0.jar;C:\Users\camil\.m2\repository\org\antlr\antlr4-runtime\4.13.0\antlr4-runtime-4.13.0.jar;C:\Users\camil\.m2\repository\org\springframework\data\spring-data-jpa\3.4.10\spring-data-jpa-3.4.10.jar;C:\Users\camil\.m2\repository\org\springframework\data\spring-data-commons\3.4.10\spring-data-commons-3.4.10.jar;C:\Users\camil\.m2\repository\org\springframework\spring-orm\6.2.11\spring-orm-6.2.11.jar;C:\Users\camil\.m2\repository\org\springframework\spring-context\6.2.11\spring-context-6.2.11.jar;C:\Users\camil\.m2\repository\org\springframework\spring-tx\6.2.11\spring-tx-6.2.11.jar;C:\Users\camil\.m2\repository\org\springframework\spring-beans\6.2.11\spring-beans-6.2.11.jar;C:\Users\camil\.m2\repository\org\springframework\spring-aspects\6.2.11\spring-aspects-6.2.11.jar;C:\Users\camil\.m2\repository\org\aspectj\aspectjweaver\1.9.24\aspectjweaver-1.9.24.jar;C:\Users\camil\.m2\repository\org\springframework\boot\spring-boot-starter-validation\3.4.10\spring-boot-starter-validation-3.4.10.jar;C:\Users\camil\.m2\repository\org\apache\tomcat\embed\tomcat-embed-el\10.1.46\tomcat-embed-el-10.1.46.jar;C:\Users\camil\.m2\repository\org\hibernate\validator\hibernate-validator\8.0.3.Final\hibernate-validator-8.0.3.Final.jar;C:\Users\camil\.m2\repository\jakarta\validation\jakarta.validation-api\3.0.2\jakarta.validation-api-3.0.2.jar;C:\Users\camil\.m2\repository\org\springframework\boot\spring-boot-starter-web\3.4.10\spring-boot-starter-web-3.4.10.jar;C:\Users\camil\.m2\repository\org\springframework\boot\spring-boot-starter-json\3.4.10\spring-boot-starter-json-3.4.10.jar;C:\Users\camil\.m2\repository\com\fasterxml\jackson\datatype\jackson-datatype-jdk8\2.18.4\jackson-datatype-jdk8-2.18.4.jar;C:\Users\camil\.m2\repository\com\fasterxml\jackson\datatype\jackson-datatype-jsr310\2.18.4\jackson-datatype-jsr310-2.18.4.jar;C:\Users\camil\.m2\repository\com\fasterxml\jackson\module\jackson-module-parameter-names\2.18.4\jackson-module-parameter-names-2.18.4.jar;C:\Users\camil\.m2\repository\org\springframework\boot\spring-boot-starter-tomcat\3.4.10\spring-boot-starter-tomcat-3.4.10.jar;C:\Users\camil\.m2\repository\org\apache\tomcat\embed\tomcat-embed-core\10.1.46\tomcat-embed-core-10.1.46.jar;C:\Users\camil\.m2\repository\org\apache\tomcat\embed\tomcat-embed-websocket\10.1.46\tomcat-embed-websocket-10.1.46.jar;C:\Users\camil\.m2\repository\org\springframework\spring-web\6.2.11\spring-web-6.2.11.jar;C:\Users\camil\.m2\repository\io\micrometer\micrometer-observation\1.14.11\micrometer-observation-1.14.11.jar;C:\Users\camil\.m2\repository\io\micrometer\micrometer-commons\1.14.11\micrometer-commons-1.14.11.jar;C:\Users\camil\.m2\repository\org\springframework\spring-webmvc\6.2.11\spring-webmvc-6.2.11.jar;C:\Users\camil\.m2\repository\org\springframework\spring-expression\6.2.11\spring-expression-6.2.11.jar;C:\Users\camil\.m2\repository\org\springframework\boot\spring-boot-starter-security\3.4.10\spring-boot-starter-security-3.4.10.jar;C:\Users\camil\.m2\repository\org\springframework\spring-aop\6.2.11\spring-aop-6.2.11.jar;C:\Users\camil\.m2\repository\org\springframework\security\spring-security-config\6.4.11\spring-security-config-6.4.11.jar;C:\Users\camil\.m2\repository\org\springframework\security\spring-security-core\6.4.11\spring-security-core-6.4.11.jar;C:\Users\camil\.m2\repository\org\springframework\security\spring-security-crypto\6.4.11\spring-security-crypto-6.4.11.jar;C:\Users\camil\.m2\repository\org\springframework\security\spring-security-web\6.4.11\spring-security-web-6.4.11.jar;C:\Users\camil\.m2\repository\io\jsonwebtoken\jjwt-api\0.11.5\jjwt-api-0.11.5.jar;C:\Users\camil\.m2\repository\org\springframework\boot\spring-boot-starter-mail\3.4.10\spring-boot-starter-mail-3.4.10.jar;C:\Users\camil\.m2\repository\org\springframework\spring-context-support\6.2.11\spring-context-support-6.2.11.jar;C:\Users\camil\.m2\repository\org\eclipse\angus\jakarta.mail\2.0.4\jakarta.mail-2.0.4.jar;C:\Users\camil\.m2\repository\jakarta\activation\jakarta.activation-api\2.1.4\jakarta.activation-api-2.1.4.jar;C:\Users\camil\.m2\repository\org\springframework\boot\spring-boot\3.4.10\spring-boot-3.4.10.jar;C:\Users\camil\.m2\repository\org\springframework\boot\spring-boot-autoconfigure\3.4.10\spring-boot-autoconfigure-3.4.10.jar;C:\Users\camil\.m2\repository\org\springframework\spring-core\6.2.11\spring-core-6.2.11.jar;C:\Users\camil\.m2\repository\org\springframework\spring-jcl\6.2.11\spring-jcl-6.2.11.jar;C:\Users\camil\.m2\repository\com\fasterxml\jackson\core\jackson-databind\2.15.0\jackson-databind-2.15.0.jar;C:\Users\camil\.m2\repository\com\fasterxml\jackson\core\jackson-annotations\2.18.4\jackson-annotations-2.18.4.jar;C:\Users\camil\.m2\repository\com\fasterxml\jackson\core\jackson-core\2.18.4.1\jackson-core-2.18.4.1.jar;C:\Users\camil\.m2\repository\org\projectlombok\lombok\1.18.30\lombok-1.18.30.jar;C:\Users\camil\.m2\repository\org\mapstruct\mapstruct\1.5.5.Final\mapstruct-1.5.5.Final.jar;C:\Users\camil\.m2\repository\org\testng\testng\7.11.0\testng-7.11.0.jar;C:\Users\camil\.m2\repository\org\slf4j\slf4j-api\2.0.17\slf4j-api-2.0.17.jar;C:\Users\camil\.m2\repository\org\jcommander\jcommander\1.83\jcommander-1.83.jar; -sourcepath C:\Users\camil\Desktop\Apps\FabricaEscuela-2025-2\backend\src\main\java;C:\Users\camil\Desktop\Apps\FabricaEscuela-2025-2\backend\target\generated-sources\annotations; -s C:\Users\camil\Desktop\Apps\FabricaEscuela-2025-2\backend\target\generated-sources\annotations -processorpath C:\Users\camil\.m2\repository\org\projectlombok\lombok\1.18.30\lombok-1.18.30.jar;C:\Users\camil\.m2\repository\org\mapstruct\mapstruct-processor\1.5.5.Final\mapstruct-processor-1.5.5.Final.jar;C:\Users\camil\.m2\repository\org\projectlombok\lombok-mapstruct-binding\0.2.0\lombok-mapstruct-binding-0.2.0.jar; -g -parameters --release 17 -encoding UTF-8
[DEBUG] incrementalBuildHelper#beforeRebuildExecution
[INFO] Compiling 50 source files with javac [debug release 17] to target\classes
[DEBUG] incrementalBuildHelper#afterRebuildExecution
[WARNING] /C:/Users/camil/Desktop/Apps/FabricaEscuela-2025-2/backend/src/main/java/com/FabricaEscuela/Feature1Back/mapper/ConductorMapper.java:[18,18] Unmapped target property: "password".
[WARNING] /C:/Users/camil/Desktop/Apps/FabricaEscuela-2025-2/backend/src/main/java/com/FabricaEscuela/Feature1Back/mapper/UsuarioMapper.java:[13,13] Unmapped target property: "cedula".
[INFO] 
[INFO] --- resources:3.3.1:testResources (default-testResources) @ Feature1Back ---
[DEBUG] Loading mojo org.apache.maven.plugins:maven-resources-plugin:3.3.1:testResources from plugin realm ClassRealm[plugin>org.apache.maven.plugins:maven-resources-plugin:3.3.1, parent: jdk.internal.loader.ClassLoaders$AppClassLoader@c387f44]
[DEBUG] Configuring mojo execution 'org.apache.maven.plugins:maven-resources-plugin:3.3.1:testResources:default-testResources' with basic configurator -->
[DEBUG]   (f) addDefaultExcludes = true
[DEBUG]   (f) buildFilters = []
[DEBUG]   (s) delimiters = [@]
[DEBUG]   (f) encoding = UTF-8
[DEBUG]   (f) escapeWindowsPaths = true
[DEBUG]   (f) fileNameFiltering = false
[DEBUG]   (s) includeEmptyDirs = false
[DEBUG]   (s) outputDirectory = C:\Users\camil\Desktop\Apps\FabricaEscuela-2025-2\backend\target\test-classes
[DEBUG]   (s) overwrite = false
[DEBUG]   (f) project = MavenProject: com.FabricaEscuela:Feature1Back:0.0.1-SNAPSHOT @ C:\Users\camil\Desktop\Apps\FabricaEscuela-2025-2\backend\pom.xml
[DEBUG]   (f) propertiesEncoding = UTF-8
[DEBUG]   (s) resources = [Resource {targetPath: null, filtering: false, FileSet {directory: C:\Users\camil\Desktop\Apps\FabricaEscuela-2025-2\backend\src\test\resources, PatternSet [includes: {}, excludes: {}]}}]
[DEBUG]   (f) session = org.apache.maven.execution.MavenSession@2bc378f7
[DEBUG]   (f) skip = false
[DEBUG]   (f) supportMultiLineFiltering = false
[DEBUG]   (f) useBuildFilters = true
[DEBUG]   (s) useDefaultDelimiters = false
[DEBUG] -- end configuration --
[DEBUG] properties used:
[DEBUG] activemq.version: 6.1.7
[DEBUG] angus-mail.version: 2.0.4
[DEBUG] argLine: -javaagent:C:\\Users\\camil\\.m2\\repository\\org\\jacoco\\org.jacoco.agent\\0.8.10\\org.jacoco.agent-0.8.10-runtime.jar=destfile=C:\\Users\\camil\\Desktop\\Apps\\FabricaEscuela-2025-2\\backend\\target\\jacoco.exec
[DEBUG] artemis.version: 2.37.0
[DEBUG] aspectj.version: 1.9.24
[DEBUG] assertj.version: 3.26.3
[DEBUG] awaitility.version: 4.2.2
[DEBUG] brave.version: 6.0.3
[DEBUG] build-helper-maven-plugin.version: 3.6.1
[DEBUG] byte-buddy.version: 1.15.11
[DEBUG] cache2k.version: 2.6.1.Final
[DEBUG] caffeine.version: 3.1.8
[DEBUG] cassandra-driver.version: 4.18.1
[DEBUG] classmate.version: 1.7.0
[DEBUG] classworlds.conf: C:\DevTools\Apache\Maven\bin\m2.conf
[DEBUG] commons-codec.version: 1.17.2
[DEBUG] commons-dbcp2.version: 2.12.0
[DEBUG] commons-lang3.version: 3.17.0
[DEBUG] commons-pool.version: 1.6
[DEBUG] commons-pool2.version: 2.12.1
[DEBUG] couchbase-client.version: 3.7.9
[DEBUG] crac.version: 1.5.0
[DEBUG] cyclonedx-maven-plugin.version: 2.9.1
[DEBUG] db2-jdbc.version: 11.5.9.0
[DEBUG] dependency-management-plugin.version: 1.1.7
[DEBUG] derby.version: 10.16.1.1
[DEBUG] ehcache3.version: 3.10.9
[DEBUG] elasticsearch-client.version: 8.15.5
[DEBUG] env.=::: ::\
[DEBUG] env.=C:: C:\Users\camil\Desktop\Apps\FabricaEscuela-2025-2\backend
[DEBUG] env.ALLUSERSPROFILE: C:\ProgramData
[DEBUG] env.APPDATA: C:\Users\camil\AppData\Roaming
[DEBUG] env.ASL.LOG: Destination=file
[DEBUG] env.CLASSWORLDS_JAR: "C:\DevTools\Apache\Maven\boot\plexus-classworlds-2.8.0.jar"
[DEBUG] env.CLASSWORLDS_LAUNCHER: org.codehaus.plexus.classworlds.launcher.Launcher
[DEBUG] env.COMMONPROGRAMFILES: C:\Program Files\Common Files
[DEBUG] env.COMMONPROGRAMFILES(X86): C:\Program Files (x86)\Common Files
[DEBUG] env.COMMONPROGRAMW6432: C:\Program Files\Common Files
[DEBUG] env.COMPUTERNAME: DESKTOP-BTQTFHG
[DEBUG] env.COMSPEC: C:\WINDOWS\system32\cmd.exe
[DEBUG] env.DRIVERDATA: C:\Windows\System32\Drivers\DriverData
[DEBUG] env.EFC_3964_1592913036: 1
[DEBUG] env.ERROR_CODE: 0
[DEBUG] env.EXEC_DIR: C:\Users\camil\Desktop\Apps\FabricaEscuela-2025-2\backend
[DEBUG] env.HOMEDRIVE: C:
[DEBUG] env.HOMEPATH: \Users\camil
[DEBUG] env.JAVACMD: C:\Program Files\Eclipse Adoptium\jdk-17.0.16.8-hotspot\bin\java.exe
[DEBUG] env.JAVA_HOME: C:\Program Files\Eclipse Adoptium\jdk-17.0.16.8-hotspot
[DEBUG] env.JETBRAINS_INTELLIJ_COMMAND_END_MARKER: qzKx7so8CBAqSS5GbOg98lpeUDpGhtQvNFZQqnEVb3YELzY3Nxl952eIWk4JSRgD
[DEBUG] env.JVMCONFIG: \.mvn\jvm.config
[DEBUG] env.LOCALAPPDATA: C:\Users\camil\AppData\Local
[DEBUG] env.LOGONSERVER: \\DESKTOP-BTQTFHG
[DEBUG] env.MAVEN_CMD_LINE_ARGS: clean test -e -X
[DEBUG] env.MAVEN_HOME: C:\DevTools\Apache\Maven
[DEBUG] env.MAVEN_PROJECTBASEDIR: C:\Users\camil\Desktop\Apps\FabricaEscuela-2025-2\backend
[DEBUG] env.NUMBER_OF_PROCESSORS: 8
[DEBUG] env.ONEDRIVE: C:\Users\camil\OneDrive
[DEBUG] env.OS: Windows_NT
[DEBUG] env.PATH: C:\Program Files\Eclipse Adoptium\jdk-17.0.16.8-hotspot\bin;C:\app\camil\product\21c\dbhomeXE\bin;C:\Program Files\Common Files\Oracle\Java\javapath;C:\Users\camil\AppData\Local\Packages\PythonSoftwareFoundation.Python.3.13_qbz5n2kfra8p0\LocalCache\local-packages\Python313\Scripts;C:\WINDOWS\system32;C:\WINDOWS;C:\WINDOWS\System32\Wbem;C:\WINDOWS\System32\WindowsPowerShell\v1.0\;C:\WINDOWS\System32\OpenSSH\;C:\Program Files\Git\cmd;C:\DevTools\Apache\Maven\bin;C:\Program Files\nodejs\;C:\Program Files\PostgreSQL\17\bin;C:\Program Files\Docker\Docker\resources\bin;C:\Program Files\Kubernetes\Minikube;C:\minikube;C:\Program Files\MySQL\MySQL Server 8.0\bin;C:\Program Files\MySQL\MySQL Shell 8.0\bin\;C:\Users\camil\AppData\Local\Programs\Python\Python313\Scripts\;C:\Users\camil\AppData\Local\Programs\Python\Python313\;C:\Users\camil\AppData\Local\Microsoft\WindowsApps;C:\Users\camil\AppData\Local\Programs\Microsoft VS Code\bin;C:\Users\camil\AppData\Local\Programs\Ollama;C:\Users\camil\.lmstudio\bin;C:\Users\camil\AppData\Roaming\npm;C:\Program Files\PostgreSQL\17\bin;C:\Users\camil\AppData\Local\gitkraken\bin
[DEBUG] env.PATHEXT: .COM;.EXE;.BAT;.CMD;.VBS;.VBE;.JS;.JSE;.WSF;.WSH;.MSC;.CPL
[DEBUG] env.PROCESSOR_ARCHITECTURE: AMD64
[DEBUG] env.PROCESSOR_IDENTIFIER: Intel64 Family 6 Model 165 Stepping 2, GenuineIntel
[DEBUG] env.PROCESSOR_LEVEL: 6
[DEBUG] env.PROCESSOR_REVISION: a502
[DEBUG] env.PROGRAMDATA: C:\ProgramData
[DEBUG] env.PROGRAMFILES: C:\Program Files
[DEBUG] env.PROGRAMFILES(X86): C:\Program Files (x86)
[DEBUG] env.PROGRAMW6432: C:\Program Files
[DEBUG] env.PROMPT: $P$G
[DEBUG] env.PSEXECUTIONPOLICYPREFERENCE: Bypass
[DEBUG] env.PSMODULEPATH: C:\Users\camil\Documents\WindowsPowerShell\Modules;C:\Program Files\WindowsPowerShell\Modules;C:\WINDOWS\system32\WindowsPowerShell\v1.0\Modules
[DEBUG] env.PT8HOME: C:\Program Files\Cisco Packet Tracer 8.2.2
[DEBUG] env.PUBLIC: C:\Users\Public
[DEBUG] env.SESSIONNAME: Console
[DEBUG] env.SYSTEMDRIVE: C:
[DEBUG] env.SYSTEMROOT: C:\WINDOWS
[DEBUG] env.TEMP: C:\Users\camil\AppData\Local\Temp
[DEBUG] env.TERMINAL_EMULATOR: JetBrains-JediTerm
[DEBUG] env.TERM_SESSION_ID: 7f776c8f-9392-495b-8329-588dc1958fbd
[DEBUG] env.TMP: C:\Users\camil\AppData\Local\Temp
[DEBUG] env.USERDOMAIN: DESKTOP-BTQTFHG
[DEBUG] env.USERDOMAIN_ROAMINGPROFILE: DESKTOP-BTQTFHG
[DEBUG] env.USERNAME: camil
[DEBUG] env.USERPROFILE: C:\Users\camil
[DEBUG] env.WDIR: C:\Users\camil\Desktop\Apps\FabricaEscuela-2025-2\backend
[DEBUG] env.WINDIR: C:\WINDOWS
[DEBUG] file.encoding: Cp1252
[DEBUG] file.separator: \
[DEBUG] flyway.version: 10.20.1
[DEBUG] freemarker.version: 2.3.34
[DEBUG] git-commit-id-maven-plugin.version: 9.0.2
[DEBUG] glassfish-jaxb.version: 4.0.5
[DEBUG] glassfish-jstl.version: 3.0.1
[DEBUG] graphql-java.version: 22.4
[DEBUG] groovy.version: 4.0.28
[DEBUG] gson.version: 2.11.0
[DEBUG] h2.version: 2.3.232
[DEBUG] hamcrest.version: 2.2
[DEBUG] hazelcast.version: 5.5.0
[DEBUG] hibernate-validator.version: 8.0.3.Final
[DEBUG] hibernate.version: 6.6.29.Final
[DEBUG] hikaricp.version: 5.1.0
[DEBUG] hsqldb.version: 2.7.3
[DEBUG] htmlunit.version: 4.5.0
[DEBUG] httpasyncclient.version: 4.1.5
[DEBUG] httpclient5.version: 5.4.4
[DEBUG] httpcore.version: 4.4.16
[DEBUG] httpcore5.version: 5.3.5
[DEBUG] infinispan.version: 15.0.21.Final
[DEBUG] influxdb-java.version: 2.24
[DEBUG] jackson-bom.version: 2.18.4.1
[DEBUG] jakarta-activation.version: 2.1.4
[DEBUG] jakarta-annotation.version: 2.1.1
[DEBUG] jakarta-inject.version: 2.0.1
[DEBUG] jakarta-jms.version: 3.1.0
[DEBUG] jakarta-json-bind.version: 3.0.1
[DEBUG] jakarta-json.version: 2.1.3
[DEBUG] jakarta-mail.version: 2.1.4
[DEBUG] jakarta-management.version: 1.1.4
[DEBUG] jakarta-persistence.version: 3.1.0
[DEBUG] jakarta-servlet-jsp-jstl.version: 3.0.2
[DEBUG] jakarta-servlet.version: 6.0.0
[DEBUG] jakarta-transaction.version: 2.0.1
[DEBUG] jakarta-validation.version: 3.0.2
[DEBUG] jakarta-websocket.version: 2.1.1
[DEBUG] jakarta-ws-rs.version: 3.1.0
[DEBUG] jakarta-xml-bind.version: 4.0.2
[DEBUG] jakarta-xml-soap.version: 3.0.2
[DEBUG] jakarta-xml-ws.version: 4.0.2
[DEBUG] janino.version: 3.1.12
[DEBUG] java.class.path: C:\DevTools\Apache\Maven\boot\plexus-classworlds-2.8.0.jar
[DEBUG] java.class.version: 61.0
[DEBUG] java.home: C:\Program Files\Eclipse Adoptium\jdk-17.0.16.8-hotspot
[DEBUG] java.io.tmpdir: C:\Users\camil\AppData\Local\Temp\
[DEBUG] java.library.path: C:\Program Files\Eclipse Adoptium\jdk-17.0.16.8-hotspot\bin;C:\WINDOWS\Sun\Java\bin;C:\WINDOWS\system32;C:\WINDOWS;C:\Program Files\Eclipse Adoptium\jdk-17.0.16.8-hotspot\bin;C:\app\camil\product\21c\dbhomeXE\bin;C:\Program Files\Common Files\Oracle\Java\javapath;C:\Users\camil\AppData\Local\Packages\PythonSoftwareFoundation.Python.3.13_qbz5n2kfra8p0\LocalCache\local-packages\Python313\Scripts;C:\WINDOWS\system32;C:\WINDOWS;C:\WINDOWS\System32\Wbem;C:\WINDOWS\System32\WindowsPowerShell\v1.0\;C:\WINDOWS\System32\OpenSSH\;C:\Program Files\Git\cmd;C:\DevTools\Apache\Maven\bin;C:\Program Files\nodejs\;C:\Program Files\PostgreSQL\17\bin;C:\Program Files\Docker\Docker\resources\bin;C:\Program Files\Kubernetes\Minikube;C:\minikube;C:\Program Files\MySQL\MySQL Server 8.0\bin;C:\Program Files\MySQL\MySQL Shell 8.0\bin\;C:\Users\camil\AppData\Local\Programs\Python\Python313\Scripts\;C:\Users\camil\AppData\Local\Programs\Python\Python313\;C:\Users\camil\AppData\Local\Microsoft\WindowsApps;C:\Users\camil\AppData\Local\Programs\Microsoft VS Code\bin;C:\Users\camil\AppData\Local\Programs\Ollama;C:\Users\camil\.lmstudio\bin;C:\Users\camil\AppData\Roaming\npm;C:\Program Files\PostgreSQL\17\bin;C:\Users\camil\AppData\Local\gitkraken\bin;.
[DEBUG] java.runtime.name: OpenJDK Runtime Environment
[DEBUG] java.runtime.version: 17.0.16+8
[DEBUG] java.specification.maintenance.version: 1
[DEBUG] java.specification.name: Java Platform API Specification
[DEBUG] java.specification.vendor: Oracle Corporation
[DEBUG] java.specification.version: 17
[DEBUG] java.vendor: Eclipse Adoptium
[DEBUG] java.vendor.url: https://adoptium.net/
[DEBUG] java.vendor.url.bug: https://github.com/adoptium/adoptium-support/issues
[DEBUG] java.vendor.version: Temurin-17.0.16+8
[DEBUG] java.version: 17.0.16
[DEBUG] java.version.date: 2025-07-15
[DEBUG] java.vm.compressedOopsMode: Zero based
[DEBUG] java.vm.info: mixed mode, sharing
[DEBUG] java.vm.name: OpenJDK 64-Bit Server VM
[DEBUG] java.vm.specification.name: Java Virtual Machine Specification
[DEBUG] java.vm.specification.vendor: Oracle Corporation
[DEBUG] java.vm.specification.version: 17
[DEBUG] java.vm.vendor: Eclipse Adoptium
[DEBUG] java.vm.version: 17.0.16+8
[DEBUG] javax-cache.version: 1.1.1
[DEBUG] javax-money.version: 1.1
[DEBUG] jaxen.version: 2.0.0
[DEBUG] jaybird.version: 5.0.9.java11
[DEBUG] jboss-logging.version: 3.6.1.Final
[DEBUG] jdk.debug: release
[DEBUG] jdom2.version: 2.0.6.1
[DEBUG] jedis.version: 5.2.0
[DEBUG] jersey.version: 3.1.11
[DEBUG] jetty-reactive-httpclient.version: 4.0.11
[DEBUG] jetty.version: 12.0.27
[DEBUG] jmustache.version: 1.16
[DEBUG] jooq.version: 3.19.26
[DEBUG] json-path.version: 2.9.0
[DEBUG] json-smart.version: 2.5.2
[DEBUG] jsonassert.version: 1.5.3
[DEBUG] jtds.version: 1.3.1
[DEBUG] junit-jupiter.version: 5.11.4
[DEBUG] junit.version: 4.13.2
[DEBUG] kafka.version: 3.8.1
[DEBUG] kotlin-coroutines.version: 1.8.1
[DEBUG] kotlin-serialization.version: 1.6.3
[DEBUG] kotlin.version: 1.9.25
[DEBUG] lettuce.version: 6.4.2.RELEASE
[DEBUG] library.jansi.path: C:\DevTools\Apache\Maven\lib\jansi-native
[DEBUG] line.separator: 

[DEBUG] liquibase.version: 4.29.2
[DEBUG] log4j2.version: 2.24.3
[DEBUG] logback.version: 1.5.18
[DEBUG] lombok.version: 1.18.40
[DEBUG] mapstruct.version: 1.5.5.Final
[DEBUG] mariadb.version: 3.4.2
[DEBUG] maven-antrun-plugin.version: 3.1.0
[DEBUG] maven-assembly-plugin.version: 3.7.1
[DEBUG] maven-clean-plugin.version: 3.4.1
[DEBUG] maven-compiler-plugin.version: 3.13.0
[DEBUG] maven-dependency-plugin.version: 3.8.1
[DEBUG] maven-deploy-plugin.version: 3.1.4
[DEBUG] maven-enforcer-plugin.version: 3.5.0
[DEBUG] maven-failsafe-plugin.version: 3.5.4
[DEBUG] maven-help-plugin.version: 3.5.1
[DEBUG] maven-install-plugin.version: 3.1.4
[DEBUG] maven-invoker-plugin.version: 3.8.1
[DEBUG] maven-jar-plugin.version: 3.4.2
[DEBUG] maven-javadoc-plugin.version: 3.10.1
[DEBUG] maven-resources-plugin.version: 3.3.1
[DEBUG] maven-shade-plugin.version: 3.6.1
[DEBUG] maven-source-plugin.version: 3.3.1
[DEBUG] maven-surefire-plugin.version: 3.5.4
[DEBUG] maven-war-plugin.version: 3.4.0
[DEBUG] maven.build.timestamp: 2025-11-21T16:57:28Z
[DEBUG] maven.build.version: Apache Maven 3.9.9 (8e8579a9e76f7d015ee5ec7bfcdc97d260186937)
[DEBUG] maven.compiler.release: 17
[DEBUG] maven.conf: C:\DevTools\Apache\Maven/conf
[DEBUG] maven.home: C:\DevTools\Apache\Maven
[DEBUG] maven.multiModuleProjectDirectory: C:\Users\camil\Desktop\Apps\FabricaEscuela-2025-2\backend
[DEBUG] maven.version: 3.9.9
[DEBUG] micrometer-tracing.version: 1.4.10
[DEBUG] micrometer.version: 1.14.11
[DEBUG] mockito.version: 5.14.2
[DEBUG] mongodb.version: 5.2.1
[DEBUG] mssql-jdbc.version: 12.8.1.jre11
[DEBUG] mysql.version: 9.4.0
[DEBUG] native-build-tools-plugin.version: 0.10.6
[DEBUG] native.encoding: Cp1252
[DEBUG] nekohtml.version: 1.9.22
[DEBUG] neo4j-java-driver.version: 5.28.9
[DEBUG] netty.version: 4.1.127.Final
[DEBUG] opentelemetry.version: 1.43.0
[DEBUG] oracle-database.version: 23.5.0.24.07
[DEBUG] oracle-r2dbc.version: 1.2.0
[DEBUG] os.arch: amd64
[DEBUG] os.name: Windows 11
[DEBUG] os.version: 10.0
[DEBUG] path.separator: ;
[DEBUG] pooled-jms.version: 3.1.7
[DEBUG] postgresql.version: 42.7.7
[DEBUG] project.baseUri: file:/C:/Users/camil/Desktop/Apps/FabricaEscuela-2025-2/backend/
[DEBUG] project.build.sourceEncoding: UTF-8
[DEBUG] project.reporting.outputEncoding: UTF-8
[DEBUG] prometheus-client.version: 1.3.10
[DEBUG] prometheus-simpleclient.version: 0.16.0
[DEBUG] pulsar-reactive.version: 0.5.10
[DEBUG] pulsar.version: 3.3.8
[DEBUG] quartz.version: 2.3.2
[DEBUG] querydsl.version: 5.1.0
[DEBUG] r2dbc-h2.version: 1.0.0.RELEASE
[DEBUG] r2dbc-mariadb.version: 1.2.2
[DEBUG] r2dbc-mssql.version: 1.0.3.RELEASE
[DEBUG] r2dbc-mysql.version: 1.3.2
[DEBUG] r2dbc-pool.version: 1.0.2.RELEASE
[DEBUG] r2dbc-postgresql.version: 1.0.7.RELEASE
[DEBUG] r2dbc-proxy.version: 1.1.6.RELEASE
[DEBUG] r2dbc-spi.version: 1.0.0.RELEASE
[DEBUG] rabbit-amqp-client.version: 5.22.0
[DEBUG] rabbit-stream-client.version: 0.18.0
[DEBUG] reactive-streams.version: 1.0.4
[DEBUG] reactor-bom.version: 2024.0.10
[DEBUG] resource.delimiter: @
[DEBUG] rest-assured.version: 5.5.6
[DEBUG] rsocket.version: 1.1.5
[DEBUG] rxjava3.version: 3.1.11
[DEBUG] saaj-impl.version: 3.0.4
[DEBUG] selenium-htmlunit.version: 4.25.0
[DEBUG] selenium.version: 4.25.0
[DEBUG] sendgrid.version: 4.10.3
[DEBUG] slf4j.version: 2.0.17
[DEBUG] snakeyaml.version: 2.3
[DEBUG] spring-amqp.version: 3.2.7
[DEBUG] spring-authorization-server.version: 1.4.5
[DEBUG] spring-batch.version: 5.2.3
[DEBUG] spring-boot.run.main-class: ${start-class}
[DEBUG] spring-data-bom.version: 2024.1.10
[DEBUG] spring-framework.version: 6.2.11
[DEBUG] spring-graphql.version: 1.3.6
[DEBUG] spring-hateoas.version: 2.4.1
[DEBUG] spring-integration.version: 6.4.7
[DEBUG] spring-kafka.version: 3.3.10
[DEBUG] spring-ldap.version: 3.2.14
[DEBUG] spring-pulsar.version: 1.2.10
[DEBUG] spring-restdocs.version: 3.0.5
[DEBUG] spring-retry.version: 2.0.12
[DEBUG] spring-security.version: 6.4.11
[DEBUG] spring-session.version: 3.4.5
[DEBUG] spring-ws.version: 4.0.15
[DEBUG] sqlite-jdbc.version: 3.47.2.0
[DEBUG] sun.arch.data.model: 64
[DEBUG] sun.boot.library.path: C:\Program Files\Eclipse Adoptium\jdk-17.0.16.8-hotspot\bin
[DEBUG] sun.cpu.endian: little
[DEBUG] sun.cpu.isalist: amd64
[DEBUG] sun.io.unicode.encoding: UnicodeLittle
[DEBUG] sun.java.command: org.codehaus.plexus.classworlds.launcher.Launcher clean test -e -X
[DEBUG] sun.java.launcher: SUN_STANDARD
[DEBUG] sun.jnu.encoding: Cp1252
[DEBUG] sun.management.compiler: HotSpot 64-Bit Tiered Compilers
[DEBUG] sun.os.patch.level: 
[DEBUG] testcontainers-redis-module.version: 2.2.4
[DEBUG] testcontainers.version: 1.20.6
[DEBUG] thymeleaf-extras-data-attribute.version: 2.0.1
[DEBUG] thymeleaf-extras-springsecurity.version: 3.1.3.RELEASE
[DEBUG] thymeleaf-layout-dialect.version: 3.3.0
[DEBUG] thymeleaf.version: 3.1.3.RELEASE
[DEBUG] tomcat.version: 10.1.46
[DEBUG] unboundid-ldapsdk.version: 6.0.11
[DEBUG] undertow.version: 2.3.19.Final
[DEBUG] user.country: CO
[DEBUG] user.dir: C:\Users\camil\Desktop\Apps\FabricaEscuela-2025-2\backend
[DEBUG] user.home: C:\Users\camil
[DEBUG] user.language: es
[DEBUG] user.name: camil
[DEBUG] user.script: 
[DEBUG] user.variant: 
[DEBUG] versions-maven-plugin.version: 2.17.1
[DEBUG] webjars-locator-core.version: 0.59
[DEBUG] webjars-locator-lite.version: 1.0.1
[DEBUG] wsdl4j.version: 1.6.3
[DEBUG] xml-maven-plugin.version: 1.1.0
[DEBUG] xmlunit2.version: 2.10.4
[DEBUG] yasson.version: 3.0.4
[DEBUG] zipkin-reporter.version: 3.4.3
[DEBUG] Using 'UTF-8' encoding to copy filtered resources.
[DEBUG] Using 'UTF-8' encoding to copy filtered properties files.
[DEBUG] resource with targetPath null
directory C:\Users\camil\Desktop\Apps\FabricaEscuela-2025-2\backend\src\test\resources
excludes []
includes []
[INFO] skip non existing resourceDirectory C:\Users\camil\Desktop\Apps\FabricaEscuela-2025-2\backend\src\test\resources
[DEBUG] no user filter components
[INFO] 
[INFO] --- compiler:3.11.0:testCompile (default-testCompile) @ Feature1Back ---
[DEBUG] Loading mojo org.apache.maven.plugins:maven-compiler-plugin:3.11.0:testCompile from plugin realm ClassRealm[plugin>org.apache.maven.plugins:maven-compiler-plugin:3.11.0, parent: jdk.internal.loader.ClassLoaders$AppClassLoader@c387f44]
[DEBUG] Configuring mojo execution 'org.apache.maven.plugins:maven-compiler-plugin:3.11.0:testCompile:default-testCompile' with basic configurator -->
[DEBUG]   (s) groupId = org.projectlombok
[DEBUG]   (s) artifactId = lombok
[DEBUG]   (s) version = 1.18.30
[DEBUG]   (s) groupId = org.mapstruct
[DEBUG]   (s) artifactId = mapstruct-processor
[DEBUG]   (s) version = 1.5.5.Final
[DEBUG]   (s) groupId = org.projectlombok
[DEBUG]   (s) artifactId = lombok-mapstruct-binding
[DEBUG]   (s) version = 0.2.0
[DEBUG]   (f) annotationProcessorPaths = [org.projectlombok:lombok:1.18.30.jar, org.mapstruct:mapstruct-processor:1.5.5.Final.jar, org.projectlombok:lombok-mapstruct-binding:0.2.0.jar]
[DEBUG]   (f) basedir = C:\Users\camil\Desktop\Apps\FabricaEscuela-2025-2\backend
[DEBUG]   (f) buildDirectory = C:\Users\camil\Desktop\Apps\FabricaEscuela-2025-2\backend\target
[DEBUG]   (f) compileSourceRoots = [C:\Users\camil\Desktop\Apps\FabricaEscuela-2025-2\backend\src\test\java]
[DEBUG]   (f) compilerId = javac
[DEBUG]   (f) createMissingPackageInfoClass = true
[DEBUG]   (f) debug = true
[DEBUG]   (f) debugFileName = javac-test
[DEBUG]   (f) enablePreview = false
[DEBUG]   (f) encoding = UTF-8
[DEBUG]   (f) failOnError = true
[DEBUG]   (f) failOnWarning = false
[DEBUG]   (f) forceJavacCompilerUse = false
[DEBUG]   (f) fork = false
[DEBUG]   (f) generatedTestSourcesDirectory = C:\Users\camil\Desktop\Apps\FabricaEscuela-2025-2\backend\target\generated-test-sources\test-annotations
[DEBUG]   (f) mojoExecution = org.apache.maven.plugins:maven-compiler-plugin:3.11.0:testCompile {execution: default-testCompile}
[DEBUG]   (f) optimize = false
[DEBUG]   (f) outputDirectory = C:\Users\camil\Desktop\Apps\FabricaEscuela-2025-2\backend\target\test-classes
[DEBUG]   (f) parameters = true
[DEBUG]   (f) project = MavenProject: com.FabricaEscuela:Feature1Back:0.0.1-SNAPSHOT @ C:\Users\camil\Desktop\Apps\FabricaEscuela-2025-2\backend\pom.xml
[DEBUG]   (s) release = 17
[DEBUG]   (f) session = org.apache.maven.execution.MavenSession@2bc378f7
[DEBUG]   (f) showCompilationChanges = false
[DEBUG]   (f) showDeprecation = false
[DEBUG]   (f) showWarnings = true
[DEBUG]   (f) skipMultiThreadWarning = false
[DEBUG]   (f) source = 17
[DEBUG]   (f) staleMillis = 0
[DEBUG]   (s) target = 17
[DEBUG]   (f) testPath = [C:\Users\camil\Desktop\Apps\FabricaEscuela-2025-2\backend\target\test-classes, C:\Users\camil\Desktop\Apps\FabricaEscuela-2025-2\backend\target\classes, C:\Users\camil\.m2\repository\org\springframework\boot\spring-boot-starter-data-jpa\3.4.10\spring-boot-starter-data-jpa-3.4.10.jar, C:\Users\camil\.m2\repository\org\springframework\boot\spring-boot-starter\3.4.10\spring-boot-starter-3.4.10.jar, C:\Users\camil\.m2\repository\org\springframework\boot\spring-boot-starter-logging\3.4.10\spring-boot-starter-logging-3.4.10.jar, C:\Users\camil\.m2\repository\ch\qos\logback\logback-classic\1.5.18\logback-classic-1.5.18.jar, C:\Users\camil\.m2\repository\ch\qos\logback\logback-core\1.5.18\logback-core-1.5.18.jar, C:\Users\camil\.m2\repository\org\apache\logging\log4j\log4j-to-slf4j\2.24.3\log4j-to-slf4j-2.24.3.jar, C:\Users\camil\.m2\repository\org\apache\logging\log4j\log4j-api\2.24.3\log4j-api-2.24.3.jar, C:\Users\camil\.m2\repository\org\slf4j\jul-to-slf4j\2.0.17\jul-to-slf4j-2.0.17.jar, C:\Users\camil\.m2\repository\jakarta\annotation\jakarta.annotation-api\2.1.1\jakarta.annotation-api-2.1.1.jar, C:\Users\camil\.m2\repository\org\yaml\snakeyaml\2.3\snakeyaml-2.3.jar, C:\Users\camil\.m2\repository\org\springframework\boot\spring-boot-starter-jdbc\3.4.10\spring-boot-starter-jdbc-3.4.10.jar, C:\Users\camil\.m2\repository\com\zaxxer\HikariCP\5.1.0\HikariCP-5.1.0.jar, C:\Users\camil\.m2\repository\org\springframework\spring-jdbc\6.2.11\spring-jdbc-6.2.11.jar, C:\Users\camil\.m2\repository\org\hibernate\orm\hibernate-core\6.6.29.Final\hibernate-core-6.6.29.Final.jar, C:\Users\camil\.m2\repository\jakarta\persistence\jakarta.persistence-api\3.1.0\jakarta.persistence-api-3.1.0.jar, C:\Users\camil\.m2\repository\jakarta\transaction\jakarta.transaction-api\2.0.1\jakarta.transaction-api-2.0.1.jar, C:\Users\camil\.m2\repository\org\jboss\logging\jboss-logging\3.6.1.Final\jboss-logging-3.6.1.Final.jar, C:\Users\camil\.m2\repository\org\hibernate\common\hibernate-commons-annotations\7.0.3.Final\hibernate-commons-annotations-7.0.3.Final.jar, C:\Users\camil\.m2\repository\io\smallrye\jandex\3.2.0\jandex-3.2.0.jar, C:\Users\camil\.m2\repository\com\fasterxml\classmate\1.7.0\classmate-1.7.0.jar, C:\Users\camil\.m2\repository\net\bytebuddy\byte-buddy\1.15.11\byte-buddy-1.15.11.jar, C:\Users\camil\.m2\repository\org\glassfish\jaxb\jaxb-runtime\4.0.5\jaxb-runtime-4.0.5.jar, C:\Users\camil\.m2\repository\org\glassfish\jaxb\jaxb-core\4.0.5\jaxb-core-4.0.5.jar, C:\Users\camil\.m2\repository\org\glassfish\jaxb\txw2\4.0.5\txw2-4.0.5.jar, C:\Users\camil\.m2\repository\com\sun\istack\istack-commons-runtime\4.1.2\istack-commons-runtime-4.1.2.jar, C:\Users\camil\.m2\repository\jakarta\inject\jakarta.inject-api\2.0.1\jakarta.inject-api-2.0.1.jar, C:\Users\camil\.m2\repository\org\antlr\antlr4-runtime\4.13.0\antlr4-runtime-4.13.0.jar, C:\Users\camil\.m2\repository\org\springframework\data\spring-data-jpa\3.4.10\spring-data-jpa-3.4.10.jar, C:\Users\camil\.m2\repository\org\springframework\data\spring-data-commons\3.4.10\spring-data-commons-3.4.10.jar, C:\Users\camil\.m2\repository\org\springframework\spring-orm\6.2.11\spring-orm-6.2.11.jar, C:\Users\camil\.m2\repository\org\springframework\spring-context\6.2.11\spring-context-6.2.11.jar, C:\Users\camil\.m2\repository\org\springframework\spring-tx\6.2.11\spring-tx-6.2.11.jar, C:\Users\camil\.m2\repository\org\springframework\spring-beans\6.2.11\spring-beans-6.2.11.jar, C:\Users\camil\.m2\repository\org\springframework\spring-aspects\6.2.11\spring-aspects-6.2.11.jar, C:\Users\camil\.m2\repository\org\aspectj\aspectjweaver\1.9.24\aspectjweaver-1.9.24.jar, C:\Users\camil\.m2\repository\org\springframework\boot\spring-boot-starter-validation\3.4.10\spring-boot-starter-validation-3.4.10.jar, C:\Users\camil\.m2\repository\org\apache\tomcat\embed\tomcat-embed-el\10.1.46\tomcat-embed-el-10.1.46.jar, C:\Users\camil\.m2\repository\org\hibernate\validator\hibernate-validator\8.0.3.Final\hibernate-validator-8.0.3.Final.jar, C:\Users\camil\.m2\repository\jakarta\validation\jakarta.validation-api\3.0.2\jakarta.validation-api-3.0.2.jar, C:\Users\camil\.m2\repository\org\springframework\boot\spring-boot-starter-web\3.4.10\spring-boot-starter-web-3.4.10.jar, C:\Users\camil\.m2\repository\org\springframework\boot\spring-boot-starter-json\3.4.10\spring-boot-starter-json-3.4.10.jar, C:\Users\camil\.m2\repository\com\fasterxml\jackson\datatype\jackson-datatype-jdk8\2.18.4\jackson-datatype-jdk8-2.18.4.jar, C:\Users\camil\.m2\repository\com\fasterxml\jackson\datatype\jackson-datatype-jsr310\2.18.4\jackson-datatype-jsr310-2.18.4.jar, C:\Users\camil\.m2\repository\com\fasterxml\jackson\module\jackson-module-parameter-names\2.18.4\jackson-module-parameter-names-2.18.4.jar, C:\Users\camil\.m2\repository\org\springframework\boot\spring-boot-starter-tomcat\3.4.10\spring-boot-starter-tomcat-3.4.10.jar, C:\Users\camil\.m2\repository\org\apache\tomcat\embed\tomcat-embed-core\10.1.46\tomcat-embed-core-10.1.46.jar, C:\Users\camil\.m2\repository\org\apache\tomcat\embed\tomcat-embed-websocket\10.1.46\tomcat-embed-websocket-10.1.46.jar, C:\Users\camil\.m2\repository\org\springframework\spring-web\6.2.11\spring-web-6.2.11.jar, C:\Users\camil\.m2\repository\io\micrometer\micrometer-observation\1.14.11\micrometer-observation-1.14.11.jar, C:\Users\camil\.m2\repository\io\micrometer\micrometer-commons\1.14.11\micrometer-commons-1.14.11.jar, C:\Users\camil\.m2\repository\org\springframework\spring-webmvc\6.2.11\spring-webmvc-6.2.11.jar, C:\Users\camil\.m2\repository\org\springframework\spring-expression\6.2.11\spring-expression-6.2.11.jar, C:\Users\camil\.m2\repository\org\springframework\boot\spring-boot-starter-security\3.4.10\spring-boot-starter-security-3.4.10.jar, C:\Users\camil\.m2\repository\org\springframework\spring-aop\6.2.11\spring-aop-6.2.11.jar, C:\Users\camil\.m2\repository\org\springframework\security\spring-security-config\6.4.11\spring-security-config-6.4.11.jar, C:\Users\camil\.m2\repository\org\springframework\security\spring-security-core\6.4.11\spring-security-core-6.4.11.jar, C:\Users\camil\.m2\repository\org\springframework\security\spring-security-crypto\6.4.11\spring-security-crypto-6.4.11.jar, C:\Users\camil\.m2\repository\org\springframework\security\spring-security-web\6.4.11\spring-security-web-6.4.11.jar, C:\Users\camil\.m2\repository\io\jsonwebtoken\jjwt-api\0.11.5\jjwt-api-0.11.5.jar, C:\Users\camil\.m2\repository\io\jsonwebtoken\jjwt-impl\0.11.5\jjwt-impl-0.11.5.jar, C:\Users\camil\.m2\repository\io\jsonwebtoken\jjwt-jackson\0.11.5\jjwt-jackson-0.11.5.jar, C:\Users\camil\.m2\repository\org\springframework\boot\spring-boot-starter-mail\3.4.10\spring-boot-starter-mail-3.4.10.jar, C:\Users\camil\.m2\repository\org\springframework\spring-context-support\6.2.11\spring-context-support-6.2.11.jar, C:\Users\camil\.m2\repository\org\eclipse\angus\jakarta.mail\2.0.4\jakarta.mail-2.0.4.jar, C:\Users\camil\.m2\repository\jakarta\activation\jakarta.activation-api\2.1.4\jakarta.activation-api-2.1.4.jar, C:\Users\camil\.m2\repository\org\eclipse\angus\angus-activation\2.0.2\angus-activation-2.0.2.jar, C:\Users\camil\.m2\repository\org\springframework\boot\spring-boot-devtools\3.4.10\spring-boot-devtools-3.4.10.jar, C:\Users\camil\.m2\repository\org\springframework\boot\spring-boot\3.4.10\spring-boot-3.4.10.jar, C:\Users\camil\.m2\repository\org\springframework\boot\spring-boot-autoconfigure\3.4.10\spring-boot-autoconfigure-3.4.10.jar, C:\Users\camil\.m2\repository\com\mysql\mysql-connector-j\9.4.0\mysql-connector-j-9.4.0.jar, C:\Users\camil\.m2\repository\org\postgresql\postgresql\42.7.7\postgresql-42.7.7.jar, C:\Users\camil\.m2\repository\org\checkerframework\checker-qual\3.49.3\checker-qual-3.49.3.jar, C:\Users\camil\.m2\repository\org\springframework\boot\spring-boot-starter-test\3.4.10\spring-boot-starter-test-3.4.10.jar, C:\Users\camil\.m2\repository\org\springframework\boot\spring-boot-test\3.4.10\spring-boot-test-3.4.10.jar, C:\Users\camil\.m2\repository\org\springframework\boot\spring-boot-test-autoconfigure\3.4.10\spring-boot-test-autoconfigure-3.4.10.jar, C:\Users\camil\.m2\repository\com\jayway\jsonpath\json-path\2.9.0\json-path-2.9.0.jar, C:\Users\camil\.m2\repository\jakarta\xml\bind\jakarta.xml.bind-api\4.0.2\jakarta.xml.bind-api-4.0.2.jar, C:\Users\camil\.m2\repository\net\minidev\json-smart\2.5.2\json-smart-2.5.2.jar, C:\Users\camil\.m2\repository\net\minidev\accessors-smart\2.5.2\accessors-smart-2.5.2.jar, C:\Users\camil\.m2\repository\org\ow2\asm\asm\9.7.1\asm-9.7.1.jar, C:\Users\camil\.m2\repository\org\assertj\assertj-core\3.26.3\assertj-core-3.26.3.jar, C:\Users\camil\.m2\repository\org\awaitility\awaitility\4.2.2\awaitility-4.2.2.jar, C:\Users\camil\.m2\repository\org\hamcrest\hamcrest\2.2\hamcrest-2.2.jar, C:\Users\camil\.m2\repository\org\junit\jupiter\junit-jupiter\5.11.4\junit-jupiter-5.11.4.jar, C:\Users\camil\.m2\repository\org\junit\jupiter\junit-jupiter-api\5.11.4\junit-jupiter-api-5.11.4.jar, C:\Users\camil\.m2\repository\org\opentest4j\opentest4j\1.3.0\opentest4j-1.3.0.jar, C:\Users\camil\.m2\repository\org\junit\platform\junit-platform-commons\1.11.4\junit-platform-commons-1.11.4.jar, C:\Users\camil\.m2\repository\org\apiguardian\apiguardian-api\1.1.2\apiguardian-api-1.1.2.jar, C:\Users\camil\.m2\repository\org\junit\jupiter\junit-jupiter-params\5.11.4\junit-jupiter-params-5.11.4.jar, C:\Users\camil\.m2\repository\org\junit\jupiter\junit-jupiter-engine\5.11.4\junit-jupiter-engine-5.11.4.jar, C:\Users\camil\.m2\repository\org\junit\platform\junit-platform-engine\1.11.4\junit-platform-engine-1.11.4.jar, C:\Users\camil\.m2\repository\org\mockito\mockito-core\5.14.2\mockito-core-5.14.2.jar, C:\Users\camil\.m2\repository\net\bytebuddy\byte-buddy-agent\1.15.11\byte-buddy-agent-1.15.11.jar, C:\Users\camil\.m2\repository\org\objenesis\objenesis\3.3\objenesis-3.3.jar, C:\Users\camil\.m2\repository\org\mockito\mockito-junit-jupiter\5.14.2\mockito-junit-jupiter-5.14.2.jar, C:\Users\camil\.m2\repository\org\skyscreamer\jsonassert\1.5.3\jsonassert-1.5.3.jar, C:\Users\camil\.m2\repository\com\vaadin\external\google\android-json\0.0.20131108.vaadin1\android-json-0.0.20131108.vaadin1.jar, C:\Users\camil\.m2\repository\org\springframework\spring-core\6.2.11\spring-core-6.2.11.jar, C:\Users\camil\.m2\repository\org\springframework\spring-jcl\6.2.11\spring-jcl-6.2.11.jar, C:\Users\camil\.m2\repository\org\springframework\spring-test\6.2.11\spring-test-6.2.11.jar, C:\Users\camil\.m2\repository\org\xmlunit\xmlunit-core\2.10.4\xmlunit-core-2.10.4.jar, C:\Users\camil\.m2\repository\com\fasterxml\jackson\core\jackson-databind\2.15.0\jackson-databind-2.15.0.jar, C:\Users\camil\.m2\repository\com\fasterxml\jackson\core\jackson-annotations\2.18.4\jackson-annotations-2.18.4.jar, C:\Users\camil\.m2\repository\com\fasterxml\jackson\core\jackson-core\2.18.4.1\jackson-core-2.18.4.1.jar, C:\Users\camil\.m2\repository\org\projectlombok\lombok\1.18.30\lombok-1.18.30.jar, C:\Users\camil\.m2\repository\org\mapstruct\mapstruct\1.5.5.Final\mapstruct-1.5.5.Final.jar, C:\Users\camil\.m2\repository\com\h2database\h2\2.3.232\h2-2.3.232.jar, C:\Users\camil\.m2\repository\org\testng\testng\7.11.0\testng-7.11.0.jar, C:\Users\camil\.m2\repository\org\slf4j\slf4j-api\2.0.17\slf4j-api-2.0.17.jar, C:\Users\camil\.m2\repository\org\jcommander\jcommander\1.83\jcommander-1.83.jar, C:\Users\camil\.m2\repository\org\webjars\jquery\3.7.1\jquery-3.7.1.jar]
[DEBUG]   (f) useIncrementalCompilation = true
[DEBUG]   (f) useModulePath = true
[DEBUG]   (f) verbose = false
[DEBUG] -- end configuration --
[DEBUG] Using compiler 'javac'.
[DEBUG] Adding C:\Users\camil\Desktop\Apps\FabricaEscuela-2025-2\backend\target\generated-test-sources\test-annotations to test-compile source roots:
  C:\Users\camil\Desktop\Apps\FabricaEscuela-2025-2\backend\src\test\java
[DEBUG] New test-compile source roots:
  C:\Users\camil\Desktop\Apps\FabricaEscuela-2025-2\backend\src\test\java
  C:\Users\camil\Desktop\Apps\FabricaEscuela-2025-2\backend\target\generated-test-sources\test-annotations
[DEBUG] Dependency collection stats {ConflictMarker.analyzeTime=41500, ConflictMarker.markTime=27800, ConflictMarker.nodeCount=4, ConflictIdSorter.graphTime=6600, ConflictIdSorter.topsortTime=10000, ConflictIdSorter.conflictIdCount=3, ConflictIdSorter.conflictIdCycleCount=0, ConflictResolver.totalTime=89700, ConflictResolver.conflictItemCount=3, DfDependencyCollector.collectTime=469400, DfDependencyCollector.transformTime=193700}
[DEBUG] CompilerReuseStrategy: reuseCreated
[DEBUG] useIncrementalCompilation enabled
[DEBUG] New dependency detected: C:\Users\camil\Desktop\Apps\FabricaEscuela-2025-2\backend\target\classes
[DEBUG] Stale source detected: C:\Users\camil\Desktop\Apps\FabricaEscuela-2025-2\backend\src\test\java\com\FabricaEscuela\Feature1Back\repository\Turnorepositorytest.java
[DEBUG] Stale source detected: C:\Users\camil\Desktop\Apps\FabricaEscuela-2025-2\backend\src\test\java\com\FabricaEscuela\Feature1Back\controller\Healthcontrollertest.java
[DEBUG] Stale source detected: C:\Users\camil\Desktop\Apps\FabricaEscuela-2025-2\backend\src\test\java\com\FabricaEscuela\Feature1Back\Feature1BackApplicationTests.java
[DEBUG] Stale source detected: C:\Users\camil\Desktop\Apps\FabricaEscuela-2025-2\backend\src\test\java\com\FabricaEscuela\Feature1Back\service\Turnoservicetest.java
[INFO] Changes detected - recompiling the module! :dependency
[DEBUG] Classpath:
[DEBUG]  C:\Users\camil\Desktop\Apps\FabricaEscuela-2025-2\backend\target\test-classes
[DEBUG]  C:\Users\camil\Desktop\Apps\FabricaEscuela-2025-2\backend\target\classes
[DEBUG]  C:\Users\camil\.m2\repository\org\springframework\boot\spring-boot-starter-data-jpa\3.4.10\spring-boot-starter-data-jpa-3.4.10.jar
[DEBUG]  C:\Users\camil\.m2\repository\org\springframework\boot\spring-boot-starter\3.4.10\spring-boot-starter-3.4.10.jar
[DEBUG]  C:\Users\camil\.m2\repository\org\springframework\boot\spring-boot-starter-logging\3.4.10\spring-boot-starter-logging-3.4.10.jar
[DEBUG]  C:\Users\camil\.m2\repository\ch\qos\logback\logback-classic\1.5.18\logback-classic-1.5.18.jar
[DEBUG]  C:\Users\camil\.m2\repository\ch\qos\logback\logback-core\1.5.18\logback-core-1.5.18.jar
[DEBUG]  C:\Users\camil\.m2\repository\org\apache\logging\log4j\log4j-to-slf4j\2.24.3\log4j-to-slf4j-2.24.3.jar
[DEBUG]  C:\Users\camil\.m2\repository\org\apache\logging\log4j\log4j-api\2.24.3\log4j-api-2.24.3.jar
[DEBUG]  C:\Users\camil\.m2\repository\org\slf4j\jul-to-slf4j\2.0.17\jul-to-slf4j-2.0.17.jar
[DEBUG]  C:\Users\camil\.m2\repository\jakarta\annotation\jakarta.annotation-api\2.1.1\jakarta.annotation-api-2.1.1.jar
[DEBUG]  C:\Users\camil\.m2\repository\org\yaml\snakeyaml\2.3\snakeyaml-2.3.jar
[DEBUG]  C:\Users\camil\.m2\repository\org\springframework\boot\spring-boot-starter-jdbc\3.4.10\spring-boot-starter-jdbc-3.4.10.jar
[DEBUG]  C:\Users\camil\.m2\repository\com\zaxxer\HikariCP\5.1.0\HikariCP-5.1.0.jar
[DEBUG]  C:\Users\camil\.m2\repository\org\springframework\spring-jdbc\6.2.11\spring-jdbc-6.2.11.jar
[DEBUG]  C:\Users\camil\.m2\repository\org\hibernate\orm\hibernate-core\6.6.29.Final\hibernate-core-6.6.29.Final.jar
[DEBUG]  C:\Users\camil\.m2\repository\jakarta\persistence\jakarta.persistence-api\3.1.0\jakarta.persistence-api-3.1.0.jar
[DEBUG]  C:\Users\camil\.m2\repository\jakarta\transaction\jakarta.transaction-api\2.0.1\jakarta.transaction-api-2.0.1.jar
[DEBUG]  C:\Users\camil\.m2\repository\org\jboss\logging\jboss-logging\3.6.1.Final\jboss-logging-3.6.1.Final.jar
[DEBUG]  C:\Users\camil\.m2\repository\org\hibernate\common\hibernate-commons-annotations\7.0.3.Final\hibernate-commons-annotations-7.0.3.Final.jar
[DEBUG]  C:\Users\camil\.m2\repository\io\smallrye\jandex\3.2.0\jandex-3.2.0.jar
[DEBUG]  C:\Users\camil\.m2\repository\com\fasterxml\classmate\1.7.0\classmate-1.7.0.jar
[DEBUG]  C:\Users\camil\.m2\repository\net\bytebuddy\byte-buddy\1.15.11\byte-buddy-1.15.11.jar
[DEBUG]  C:\Users\camil\.m2\repository\org\glassfish\jaxb\jaxb-runtime\4.0.5\jaxb-runtime-4.0.5.jar
[DEBUG]  C:\Users\camil\.m2\repository\org\glassfish\jaxb\jaxb-core\4.0.5\jaxb-core-4.0.5.jar
[DEBUG]  C:\Users\camil\.m2\repository\org\glassfish\jaxb\txw2\4.0.5\txw2-4.0.5.jar
[DEBUG]  C:\Users\camil\.m2\repository\com\sun\istack\istack-commons-runtime\4.1.2\istack-commons-runtime-4.1.2.jar
[DEBUG]  C:\Users\camil\.m2\repository\jakarta\inject\jakarta.inject-api\2.0.1\jakarta.inject-api-2.0.1.jar
[DEBUG]  C:\Users\camil\.m2\repository\org\antlr\antlr4-runtime\4.13.0\antlr4-runtime-4.13.0.jar
[DEBUG]  C:\Users\camil\.m2\repository\org\springframework\data\spring-data-jpa\3.4.10\spring-data-jpa-3.4.10.jar
[DEBUG]  C:\Users\camil\.m2\repository\org\springframework\data\spring-data-commons\3.4.10\spring-data-commons-3.4.10.jar
[DEBUG]  C:\Users\camil\.m2\repository\org\springframework\spring-orm\6.2.11\spring-orm-6.2.11.jar
[DEBUG]  C:\Users\camil\.m2\repository\org\springframework\spring-context\6.2.11\spring-context-6.2.11.jar
[DEBUG]  C:\Users\camil\.m2\repository\org\springframework\spring-tx\6.2.11\spring-tx-6.2.11.jar
[DEBUG]  C:\Users\camil\.m2\repository\org\springframework\spring-beans\6.2.11\spring-beans-6.2.11.jar
[DEBUG]  C:\Users\camil\.m2\repository\org\springframework\spring-aspects\6.2.11\spring-aspects-6.2.11.jar
[DEBUG]  C:\Users\camil\.m2\repository\org\aspectj\aspectjweaver\1.9.24\aspectjweaver-1.9.24.jar
[DEBUG]  C:\Users\camil\.m2\repository\org\springframework\boot\spring-boot-starter-validation\3.4.10\spring-boot-starter-validation-3.4.10.jar
[DEBUG]  C:\Users\camil\.m2\repository\org\apache\tomcat\embed\tomcat-embed-el\10.1.46\tomcat-embed-el-10.1.46.jar
[DEBUG]  C:\Users\camil\.m2\repository\org\hibernate\validator\hibernate-validator\8.0.3.Final\hibernate-validator-8.0.3.Final.jar
[DEBUG]  C:\Users\camil\.m2\repository\jakarta\validation\jakarta.validation-api\3.0.2\jakarta.validation-api-3.0.2.jar
[DEBUG]  C:\Users\camil\.m2\repository\org\springframework\boot\spring-boot-starter-web\3.4.10\spring-boot-starter-web-3.4.10.jar
[DEBUG]  C:\Users\camil\.m2\repository\org\springframework\boot\spring-boot-starter-json\3.4.10\spring-boot-starter-json-3.4.10.jar
[DEBUG]  C:\Users\camil\.m2\repository\com\fasterxml\jackson\datatype\jackson-datatype-jdk8\2.18.4\jackson-datatype-jdk8-2.18.4.jar
[DEBUG]  C:\Users\camil\.m2\repository\com\fasterxml\jackson\datatype\jackson-datatype-jsr310\2.18.4\jackson-datatype-jsr310-2.18.4.jar
[DEBUG]  C:\Users\camil\.m2\repository\com\fasterxml\jackson\module\jackson-module-parameter-names\2.18.4\jackson-module-parameter-names-2.18.4.jar
[DEBUG]  C:\Users\camil\.m2\repository\org\springframework\boot\spring-boot-starter-tomcat\3.4.10\spring-boot-starter-tomcat-3.4.10.jar
[DEBUG]  C:\Users\camil\.m2\repository\org\apache\tomcat\embed\tomcat-embed-core\10.1.46\tomcat-embed-core-10.1.46.jar
[DEBUG]  C:\Users\camil\.m2\repository\org\apache\tomcat\embed\tomcat-embed-websocket\10.1.46\tomcat-embed-websocket-10.1.46.jar
[DEBUG]  C:\Users\camil\.m2\repository\org\springframework\spring-web\6.2.11\spring-web-6.2.11.jar
[DEBUG]  C:\Users\camil\.m2\repository\io\micrometer\micrometer-observation\1.14.11\micrometer-observation-1.14.11.jar
[DEBUG]  C:\Users\camil\.m2\repository\io\micrometer\micrometer-commons\1.14.11\micrometer-commons-1.14.11.jar
[DEBUG]  C:\Users\camil\.m2\repository\org\springframework\spring-webmvc\6.2.11\spring-webmvc-6.2.11.jar
[DEBUG]  C:\Users\camil\.m2\repository\org\springframework\spring-expression\6.2.11\spring-expression-6.2.11.jar
[DEBUG]  C:\Users\camil\.m2\repository\org\springframework\boot\spring-boot-starter-security\3.4.10\spring-boot-starter-security-3.4.10.jar
[DEBUG]  C:\Users\camil\.m2\repository\org\springframework\spring-aop\6.2.11\spring-aop-6.2.11.jar
[DEBUG]  C:\Users\camil\.m2\repository\org\springframework\security\spring-security-config\6.4.11\spring-security-config-6.4.11.jar
[DEBUG]  C:\Users\camil\.m2\repository\org\springframework\security\spring-security-core\6.4.11\spring-security-core-6.4.11.jar
[DEBUG]  C:\Users\camil\.m2\repository\org\springframework\security\spring-security-crypto\6.4.11\spring-security-crypto-6.4.11.jar
[DEBUG]  C:\Users\camil\.m2\repository\org\springframework\security\spring-security-web\6.4.11\spring-security-web-6.4.11.jar
[DEBUG]  C:\Users\camil\.m2\repository\io\jsonwebtoken\jjwt-api\0.11.5\jjwt-api-0.11.5.jar
[DEBUG]  C:\Users\camil\.m2\repository\io\jsonwebtoken\jjwt-impl\0.11.5\jjwt-impl-0.11.5.jar
[DEBUG]  C:\Users\camil\.m2\repository\io\jsonwebtoken\jjwt-jackson\0.11.5\jjwt-jackson-0.11.5.jar
[DEBUG]  C:\Users\camil\.m2\repository\org\springframework\boot\spring-boot-starter-mail\3.4.10\spring-boot-starter-mail-3.4.10.jar
[DEBUG]  C:\Users\camil\.m2\repository\org\springframework\spring-context-support\6.2.11\spring-context-support-6.2.11.jar
[DEBUG]  C:\Users\camil\.m2\repository\org\eclipse\angus\jakarta.mail\2.0.4\jakarta.mail-2.0.4.jar
[DEBUG]  C:\Users\camil\.m2\repository\jakarta\activation\jakarta.activation-api\2.1.4\jakarta.activation-api-2.1.4.jar
[DEBUG]  C:\Users\camil\.m2\repository\org\eclipse\angus\angus-activation\2.0.2\angus-activation-2.0.2.jar
[DEBUG]  C:\Users\camil\.m2\repository\org\springframework\boot\spring-boot-devtools\3.4.10\spring-boot-devtools-3.4.10.jar
[DEBUG]  C:\Users\camil\.m2\repository\org\springframework\boot\spring-boot\3.4.10\spring-boot-3.4.10.jar
[DEBUG]  C:\Users\camil\.m2\repository\org\springframework\boot\spring-boot-autoconfigure\3.4.10\spring-boot-autoconfigure-3.4.10.jar
[DEBUG]  C:\Users\camil\.m2\repository\com\mysql\mysql-connector-j\9.4.0\mysql-connector-j-9.4.0.jar
[DEBUG]  C:\Users\camil\.m2\repository\org\postgresql\postgresql\42.7.7\postgresql-42.7.7.jar
[DEBUG]  C:\Users\camil\.m2\repository\org\checkerframework\checker-qual\3.49.3\checker-qual-3.49.3.jar
[DEBUG]  C:\Users\camil\.m2\repository\org\springframework\boot\spring-boot-starter-test\3.4.10\spring-boot-starter-test-3.4.10.jar
[DEBUG]  C:\Users\camil\.m2\repository\org\springframework\boot\spring-boot-test\3.4.10\spring-boot-test-3.4.10.jar
[DEBUG]  C:\Users\camil\.m2\repository\org\springframework\boot\spring-boot-test-autoconfigure\3.4.10\spring-boot-test-autoconfigure-3.4.10.jar
[DEBUG]  C:\Users\camil\.m2\repository\com\jayway\jsonpath\json-path\2.9.0\json-path-2.9.0.jar
[DEBUG]  C:\Users\camil\.m2\repository\jakarta\xml\bind\jakarta.xml.bind-api\4.0.2\jakarta.xml.bind-api-4.0.2.jar
[DEBUG]  C:\Users\camil\.m2\repository\net\minidev\json-smart\2.5.2\json-smart-2.5.2.jar
[DEBUG]  C:\Users\camil\.m2\repository\net\minidev\accessors-smart\2.5.2\accessors-smart-2.5.2.jar
[DEBUG]  C:\Users\camil\.m2\repository\org\ow2\asm\asm\9.7.1\asm-9.7.1.jar
[DEBUG]  C:\Users\camil\.m2\repository\org\assertj\assertj-core\3.26.3\assertj-core-3.26.3.jar
[DEBUG]  C:\Users\camil\.m2\repository\org\awaitility\awaitility\4.2.2\awaitility-4.2.2.jar
[DEBUG]  C:\Users\camil\.m2\repository\org\hamcrest\hamcrest\2.2\hamcrest-2.2.jar
[DEBUG]  C:\Users\camil\.m2\repository\org\junit\jupiter\junit-jupiter\5.11.4\junit-jupiter-5.11.4.jar
[DEBUG]  C:\Users\camil\.m2\repository\org\junit\jupiter\junit-jupiter-api\5.11.4\junit-jupiter-api-5.11.4.jar
[DEBUG]  C:\Users\camil\.m2\repository\org\opentest4j\opentest4j\1.3.0\opentest4j-1.3.0.jar
[DEBUG]  C:\Users\camil\.m2\repository\org\junit\platform\junit-platform-commons\1.11.4\junit-platform-commons-1.11.4.jar
[DEBUG]  C:\Users\camil\.m2\repository\org\apiguardian\apiguardian-api\1.1.2\apiguardian-api-1.1.2.jar
[DEBUG]  C:\Users\camil\.m2\repository\org\junit\jupiter\junit-jupiter-params\5.11.4\junit-jupiter-params-5.11.4.jar
[DEBUG]  C:\Users\camil\.m2\repository\org\junit\jupiter\junit-jupiter-engine\5.11.4\junit-jupiter-engine-5.11.4.jar
[DEBUG]  C:\Users\camil\.m2\repository\org\junit\platform\junit-platform-engine\1.11.4\junit-platform-engine-1.11.4.jar
[DEBUG]  C:\Users\camil\.m2\repository\org\mockito\mockito-core\5.14.2\mockito-core-5.14.2.jar
[DEBUG]  C:\Users\camil\.m2\repository\net\bytebuddy\byte-buddy-agent\1.15.11\byte-buddy-agent-1.15.11.jar
[DEBUG]  C:\Users\camil\.m2\repository\org\objenesis\objenesis\3.3\objenesis-3.3.jar
[DEBUG]  C:\Users\camil\.m2\repository\org\mockito\mockito-junit-jupiter\5.14.2\mockito-junit-jupiter-5.14.2.jar
[DEBUG]  C:\Users\camil\.m2\repository\org\skyscreamer\jsonassert\1.5.3\jsonassert-1.5.3.jar
[DEBUG]  C:\Users\camil\.m2\repository\com\vaadin\external\google\android-json\0.0.20131108.vaadin1\android-json-0.0.20131108.vaadin1.jar
[DEBUG]  C:\Users\camil\.m2\repository\org\springframework\spring-core\6.2.11\spring-core-6.2.11.jar
[DEBUG]  C:\Users\camil\.m2\repository\org\springframework\spring-jcl\6.2.11\spring-jcl-6.2.11.jar
[DEBUG]  C:\Users\camil\.m2\repository\org\springframework\spring-test\6.2.11\spring-test-6.2.11.jar
[DEBUG]  C:\Users\camil\.m2\repository\org\xmlunit\xmlunit-core\2.10.4\xmlunit-core-2.10.4.jar
[DEBUG]  C:\Users\camil\.m2\repository\com\fasterxml\jackson\core\jackson-databind\2.15.0\jackson-databind-2.15.0.jar
[DEBUG]  C:\Users\camil\.m2\repository\com\fasterxml\jackson\core\jackson-annotations\2.18.4\jackson-annotations-2.18.4.jar
[DEBUG]  C:\Users\camil\.m2\repository\com\fasterxml\jackson\core\jackson-core\2.18.4.1\jackson-core-2.18.4.1.jar
[DEBUG]  C:\Users\camil\.m2\repository\org\projectlombok\lombok\1.18.30\lombok-1.18.30.jar
[DEBUG]  C:\Users\camil\.m2\repository\org\mapstruct\mapstruct\1.5.5.Final\mapstruct-1.5.5.Final.jar
[DEBUG]  C:\Users\camil\.m2\repository\com\h2database\h2\2.3.232\h2-2.3.232.jar
[DEBUG]  C:\Users\camil\.m2\repository\org\testng\testng\7.11.0\testng-7.11.0.jar
[DEBUG]  C:\Users\camil\.m2\repository\org\slf4j\slf4j-api\2.0.17\slf4j-api-2.0.17.jar
[DEBUG]  C:\Users\camil\.m2\repository\org\jcommander\jcommander\1.83\jcommander-1.83.jar
[DEBUG]  C:\Users\camil\.m2\repository\org\webjars\jquery\3.7.1\jquery-3.7.1.jar
[DEBUG] Source roots:
[DEBUG]  C:\Users\camil\Desktop\Apps\FabricaEscuela-2025-2\backend\src\test\java
[DEBUG]  C:\Users\camil\Desktop\Apps\FabricaEscuela-2025-2\backend\target\generated-test-sources\test-annotations
[DEBUG] Command line options:
[DEBUG] -d C:\Users\camil\Desktop\Apps\FabricaEscuela-2025-2\backend\target\test-classes -classpath C:\Users\camil\Desktop\Apps\FabricaEscuela-2025-2\backend\target\test-classes;C:\Users\camil\Desktop\Apps\FabricaEscuela-2025-2\backend\target\classes;C:\Users\camil\.m2\repository\org\springframework\boot\spring-boot-starter-data-jpa\3.4.10\spring-boot-starter-data-jpa-3.4.10.jar;C:\Users\camil\.m2\repository\org\springframework\boot\spring-boot-starter\3.4.10\spring-boot-starter-3.4.10.jar;C:\Users\camil\.m2\repository\org\springframework\boot\spring-boot-starter-logging\3.4.10\spring-boot-starter-logging-3.4.10.jar;C:\Users\camil\.m2\repository\ch\qos\logback\logback-classic\1.5.18\logback-classic-1.5.18.jar;C:\Users\camil\.m2\repository\ch\qos\logback\logback-core\1.5.18\logback-core-1.5.18.jar;C:\Users\camil\.m2\repository\org\apache\logging\log4j\log4j-to-slf4j\2.24.3\log4j-to-slf4j-2.24.3.jar;C:\Users\camil\.m2\repository\org\apache\logging\log4j\log4j-api\2.24.3\log4j-api-2.24.3.jar;C:\Users\camil\.m2\repository\org\slf4j\jul-to-slf4j\2.0.17\jul-to-slf4j-2.0.17.jar;C:\Users\camil\.m2\repository\jakarta\annotation\jakarta.annotation-api\2.1.1\jakarta.annotation-api-2.1.1.jar;C:\Users\camil\.m2\repository\org\yaml\snakeyaml\2.3\snakeyaml-2.3.jar;C:\Users\camil\.m2\repository\org\springframework\boot\spring-boot-starter-jdbc\3.4.10\spring-boot-starter-jdbc-3.4.10.jar;C:\Users\camil\.m2\repository\com\zaxxer\HikariCP\5.1.0\HikariCP-5.1.0.jar;C:\Users\camil\.m2\repository\org\springframework\spring-jdbc\6.2.11\spring-jdbc-6.2.11.jar;C:\Users\camil\.m2\repository\org\hibernate\orm\hibernate-core\6.6.29.Final\hibernate-core-6.6.29.Final.jar;C:\Users\camil\.m2\repository\jakarta\persistence\jakarta.persistence-api\3.1.0\jakarta.persistence-api-3.1.0.jar;C:\Users\camil\.m2\repository\jakarta\transaction\jakarta.transaction-api\2.0.1\jakarta.transaction-api-2.0.1.jar;C:\Users\camil\.m2\repository\org\jboss\logging\jboss-logging\3.6.1.Final\jboss-logging-3.6.1.Final.jar;C:\Users\camil\.m2\repository\org\hibernate\common\hibernate-commons-annotations\7.0.3.Final\hibernate-commons-annotations-7.0.3.Final.jar;C:\Users\camil\.m2\repository\io\smallrye\jandex\3.2.0\jandex-3.2.0.jar;C:\Users\camil\.m2\repository\com\fasterxml\classmate\1.7.0\classmate-1.7.0.jar;C:\Users\camil\.m2\repository\net\bytebuddy\byte-buddy\1.15.11\byte-buddy-1.15.11.jar;C:\Users\camil\.m2\repository\org\glassfish\jaxb\jaxb-runtime\4.0.5\jaxb-runtime-4.0.5.jar;C:\Users\camil\.m2\repository\org\glassfish\jaxb\jaxb-core\4.0.5\jaxb-core-4.0.5.jar;C:\Users\camil\.m2\repository\org\glassfish\jaxb\txw2\4.0.5\txw2-4.0.5.jar;C:\Users\camil\.m2\repository\com\sun\istack\istack-commons-runtime\4.1.2\istack-commons-runtime-4.1.2.jar;C:\Users\camil\.m2\repository\jakarta\inject\jakarta.inject-api\2.0.1\jakarta.inject-api-2.0.1.jar;C:\Users\camil\.m2\repository\org\antlr\antlr4-runtime\4.13.0\antlr4-runtime-4.13.0.jar;C:\Users\camil\.m2\repository\org\springframework\data\spring-data-jpa\3.4.10\spring-data-jpa-3.4.10.jar;C:\Users\camil\.m2\repository\org\springframework\data\spring-data-commons\3.4.10\spring-data-commons-3.4.10.jar;C:\Users\camil\.m2\repository\org\springframework\spring-orm\6.2.11\spring-orm-6.2.11.jar;C:\Users\camil\.m2\repository\org\springframework\spring-context\6.2.11\spring-context-6.2.11.jar;C:\Users\camil\.m2\repository\org\springframework\spring-tx\6.2.11\spring-tx-6.2.11.jar;C:\Users\camil\.m2\repository\org\springframework\spring-beans\6.2.11\spring-beans-6.2.11.jar;C:\Users\camil\.m2\repository\org\springframework\spring-aspects\6.2.11\spring-aspects-6.2.11.jar;C:\Users\camil\.m2\repository\org\aspectj\aspectjweaver\1.9.24\aspectjweaver-1.9.24.jar;C:\Users\camil\.m2\repository\org\springframework\boot\spring-boot-starter-validation\3.4.10\spring-boot-starter-validation-3.4.10.jar;C:\Users\camil\.m2\repository\org\apache\tomcat\embed\tomcat-embed-el\10.1.46\tomcat-embed-el-10.1.46.jar;C:\Users\camil\.m2\repository\org\hibernate\validator\hibernate-validator\8.0.3.Final\hibernate-validator-8.0.3.Final.jar;C:\Users\camil\.m2\repository\jakarta\validation\jakarta.validation-api\3.0.2\jakarta.validation-api-3.0.2.jar;C:\Users\camil\.m2\repository\org\springframework\boot\spring-boot-starter-web\3.4.10\spring-boot-starter-web-3.4.10.jar;C:\Users\camil\.m2\repository\org\springframework\boot\spring-boot-starter-json\3.4.10\spring-boot-starter-json-3.4.10.jar;C:\Users\camil\.m2\repository\com\fasterxml\jackson\datatype\jackson-datatype-jdk8\2.18.4\jackson-datatype-jdk8-2.18.4.jar;C:\Users\camil\.m2\repository\com\fasterxml\jackson\datatype\jackson-datatype-jsr310\2.18.4\jackson-datatype-jsr310-2.18.4.jar;C:\Users\camil\.m2\repository\com\fasterxml\jackson\module\jackson-module-parameter-names\2.18.4\jackson-module-parameter-names-2.18.4.jar;C:\Users\camil\.m2\repository\org\springframework\boot\spring-boot-starter-tomcat\3.4.10\spring-boot-starter-tomcat-3.4.10.jar;C:\Users\camil\.m2\repository\org\apache\tomcat\embed\tomcat-embed-core\10.1.46\tomcat-embed-core-10.1.46.jar;C:\Users\camil\.m2\repository\org\apache\tomcat\embed\tomcat-embed-websocket\10.1.46\tomcat-embed-websocket-10.1.46.jar;C:\Users\camil\.m2\repository\org\springframework\spring-web\6.2.11\spring-web-6.2.11.jar;C:\Users\camil\.m2\repository\io\micrometer\micrometer-observation\1.14.11\micrometer-observation-1.14.11.jar;C:\Users\camil\.m2\repository\io\micrometer\micrometer-commons\1.14.11\micrometer-commons-1.14.11.jar;C:\Users\camil\.m2\repository\org\springframework\spring-webmvc\6.2.11\spring-webmvc-6.2.11.jar;C:\Users\camil\.m2\repository\org\springframework\spring-expression\6.2.11\spring-expression-6.2.11.jar;C:\Users\camil\.m2\repository\org\springframework\boot\spring-boot-starter-security\3.4.10\spring-boot-starter-security-3.4.10.jar;C:\Users\camil\.m2\repository\org\springframework\spring-aop\6.2.11\spring-aop-6.2.11.jar;C:\Users\camil\.m2\repository\org\springframework\security\spring-security-config\6.4.11\spring-security-config-6.4.11.jar;C:\Users\camil\.m2\repository\org\springframework\security\spring-security-core\6.4.11\spring-security-core-6.4.11.jar;C:\Users\camil\.m2\repository\org\springframework\security\spring-security-crypto\6.4.11\spring-security-crypto-6.4.11.jar;C:\Users\camil\.m2\repository\org\springframework\security\spring-security-web\6.4.11\spring-security-web-6.4.11.jar;C:\Users\camil\.m2\repository\io\jsonwebtoken\jjwt-api\0.11.5\jjwt-api-0.11.5.jar;C:\Users\camil\.m2\repository\io\jsonwebtoken\jjwt-impl\0.11.5\jjwt-impl-0.11.5.jar;C:\Users\camil\.m2\repository\io\jsonwebtoken\jjwt-jackson\0.11.5\jjwt-jackson-0.11.5.jar;C:\Users\camil\.m2\repository\org\springframework\boot\spring-boot-starter-mail\3.4.10\spring-boot-starter-mail-3.4.10.jar;C:\Users\camil\.m2\repository\org\springframework\spring-context-support\6.2.11\spring-context-support-6.2.11.jar;C:\Users\camil\.m2\repository\org\eclipse\angus\jakarta.mail\2.0.4\jakarta.mail-2.0.4.jar;C:\Users\camil\.m2\repository\jakarta\activation\jakarta.activation-api\2.1.4\jakarta.activation-api-2.1.4.jar;C:\Users\camil\.m2\repository\org\eclipse\angus\angus-activation\2.0.2\angus-activation-2.0.2.jar;C:\Users\camil\.m2\repository\org\springframework\boot\spring-boot-devtools\3.4.10\spring-boot-devtools-3.4.10.jar;C:\Users\camil\.m2\repository\org\springframework\boot\spring-boot\3.4.10\spring-boot-3.4.10.jar;C:\Users\camil\.m2\repository\org\springframework\boot\spring-boot-autoconfigure\3.4.10\spring-boot-autoconfigure-3.4.10.jar;C:\Users\camil\.m2\repository\com\mysql\mysql-connector-j\9.4.0\mysql-connector-j-9.4.0.jar;C:\Users\camil\.m2\repository\org\postgresql\postgresql\42.7.7\postgresql-42.7.7.jar;C:\Users\camil\.m2\repository\org\checkerframework\checker-qual\3.49.3\checker-qual-3.49.3.jar;C:\Users\camil\.m2\repository\org\springframework\boot\spring-boot-starter-test\3.4.10\spring-boot-starter-test-3.4.10.jar;C:\Users\camil\.m2\repository\org\springframework\boot\spring-boot-test\3.4.10\spring-boot-test-3.4.10.jar;C:\Users\camil\.m2\repository\org\springframework\boot\spring-boot-test-autoconfigure\3.4.10\spring-boot-test-autoconfigure-3.4.10.jar;C:\Users\camil\.m2\repository\com\jayway\jsonpath\json-path\2.9.0\json-path-2.9.0.jar;C:\Users\camil\.m2\repository\jakarta\xml\bind\jakarta.xml.bind-api\4.0.2\jakarta.xml.bind-api-4.0.2.jar;C:\Users\camil\.m2\repository\net\minidev\json-smart\2.5.2\json-smart-2.5.2.jar;C:\Users\camil\.m2\repository\net\minidev\accessors-smart\2.5.2\accessors-smart-2.5.2.jar;C:\Users\camil\.m2\repository\org\ow2\asm\asm\9.7.1\asm-9.7.1.jar;C:\Users\camil\.m2\repository\org\assertj\assertj-core\3.26.3\assertj-core-3.26.3.jar;C:\Users\camil\.m2\repository\org\awaitility\awaitility\4.2.2\awaitility-4.2.2.jar;C:\Users\camil\.m2\repository\org\hamcrest\hamcrest\2.2\hamcrest-2.2.jar;C:\Users\camil\.m2\repository\org\junit\jupiter\junit-jupiter\5.11.4\junit-jupiter-5.11.4.jar;C:\Users\camil\.m2\repository\org\junit\jupiter\junit-jupiter-api\5.11.4\junit-jupiter-api-5.11.4.jar;C:\Users\camil\.m2\repository\org\opentest4j\opentest4j\1.3.0\opentest4j-1.3.0.jar;C:\Users\camil\.m2\repository\org\junit\platform\junit-platform-commons\1.11.4\junit-platform-commons-1.11.4.jar;C:\Users\camil\.m2\repository\org\apiguardian\apiguardian-api\1.1.2\apiguardian-api-1.1.2.jar;C:\Users\camil\.m2\repository\org\junit\jupiter\junit-jupiter-params\5.11.4\junit-jupiter-params-5.11.4.jar;C:\Users\camil\.m2\repository\org\junit\jupiter\junit-jupiter-engine\5.11.4\junit-jupiter-engine-5.11.4.jar;C:\Users\camil\.m2\repository\org\junit\platform\junit-platform-engine\1.11.4\junit-platform-engine-1.11.4.jar;C:\Users\camil\.m2\repository\org\mockito\mockito-core\5.14.2\mockito-core-5.14.2.jar;C:\Users\camil\.m2\repository\net\bytebuddy\byte-buddy-agent\1.15.11\byte-buddy-agent-1.15.11.jar;C:\Users\camil\.m2\repository\org\objenesis\objenesis\3.3\objenesis-3.3.jar;C:\Users\camil\.m2\repository\org\mockito\mockito-junit-jupiter\5.14.2\mockito-junit-jupiter-5.14.2.jar;C:\Users\camil\.m2\repository\org\skyscreamer\jsonassert\1.5.3\jsonassert-1.5.3.jar;C:\Users\camil\.m2\repository\com\vaadin\external\google\android-json\0.0.20131108.vaadin1\android-json-0.0.20131108.vaadin1.jar;C:\Users\camil\.m2\repository\org\springframework\spring-core\6.2.11\spring-core-6.2.11.jar;C:\Users\camil\.m2\repository\org\springframework\spring-jcl\6.2.11\spring-jcl-6.2.11.jar;C:\Users\camil\.m2\repository\org\springframework\spring-test\6.2.11\spring-test-6.2.11.jar;C:\Users\camil\.m2\repository\org\xmlunit\xmlunit-core\2.10.4\xmlunit-core-2.10.4.jar;C:\Users\camil\.m2\repository\com\fasterxml\jackson\core\jackson-databind\2.15.0\jackson-databind-2.15.0.jar;C:\Users\camil\.m2\repository\com\fasterxml\jackson\core\jackson-annotations\2.18.4\jackson-annotations-2.18.4.jar;C:\Users\camil\.m2\repository\com\fasterxml\jackson\core\jackson-core\2.18.4.1\jackson-core-2.18.4.1.jar;C:\Users\camil\.m2\repository\org\projectlombok\lombok\1.18.30\lombok-1.18.30.jar;C:\Users\camil\.m2\repository\org\mapstruct\mapstruct\1.5.5.Final\mapstruct-1.5.5.Final.jar;C:\Users\camil\.m2\repository\com\h2database\h2\2.3.232\h2-2.3.232.jar;C:\Users\camil\.m2\repository\org\testng\testng\7.11.0\testng-7.11.0.jar;C:\Users\camil\.m2\repository\org\slf4j\slf4j-api\2.0.17\slf4j-api-2.0.17.jar;C:\Users\camil\.m2\repository\org\jcommander\jcommander\1.83\jcommander-1.83.jar;C:\Users\camil\.m2\repository\org\webjars\jquery\3.7.1\jquery-3.7.1.jar; -sourcepath C:\Users\camil\Desktop\Apps\FabricaEscuela-2025-2\backend\src\test\java;C:\Users\camil\Desktop\Apps\FabricaEscuela-2025-2\backend\target\generated-test-sources\test-annotations; -s C:\Users\camil\Desktop\Apps\FabricaEscuela-2025-2\backend\target\generated-test-sources\test-annotations -processorpath C:\Users\camil\.m2\repository\org\projectlombok\lombok\1.18.30\lombok-1.18.30.jar;C:\Users\camil\.m2\repository\org\mapstruct\mapstruct-processor\1.5.5.Final\mapstruct-processor-1.5.5.Final.jar;C:\Users\camil\.m2\repository\org\projectlombok\lombok-mapstruct-binding\0.2.0\lombok-mapstruct-binding-0.2.0.jar; -g -parameters --release 17 -encoding UTF-8
[DEBUG] incrementalBuildHelper#beforeRebuildExecution
[INFO] Compiling 4 source files with javac [debug release 17] to target\test-classes
[DEBUG] incrementalBuildHelper#afterRebuildExecution
[INFO] 
[INFO] --- surefire:3.5.4:test (default-test) @ Feature1Back ---
[DEBUG] Dependency collection stats {ConflictMarker.analyzeTime=76600, ConflictMarker.markTime=20800, ConflictMarker.nodeCount=25, ConflictIdSorter.graphTime=42400, ConflictIdSorter.topsortTime=14000, ConflictIdSorter.conflictIdCount=15, ConflictIdSorter.conflictIdCycleCount=0, ConflictResolver.totalTime=216300, ConflictResolver.conflictItemCount=25, DfDependencyCollector.collectTime=86138700, DfDependencyCollector.transformTime=389300}
[DEBUG] org.apache.maven.plugins:maven-surefire-plugin:jar:3.5.4
[DEBUG]    org.apache.maven.surefire:surefire-api:jar:3.5.4:compile
[DEBUG]       org.apache.maven.surefire:surefire-logger-api:jar:3.5.4:compile
[DEBUG]       org.apache.maven.surefire:surefire-shared-utils:jar:3.5.4:compile (version managed from default)
[DEBUG]    org.apache.maven.surefire:surefire-extensions-api:jar:3.5.4:compile
[DEBUG]    org.apache.maven.surefire:maven-surefire-common:jar:3.5.4:compile
[DEBUG]       org.apache.maven.surefire:surefire-booter:jar:3.5.4:compile
[DEBUG]          org.apache.maven.surefire:surefire-extensions-spi:jar:3.5.4:compile
[DEBUG]       org.apache.maven.resolver:maven-resolver-util:jar:1.4.1:compile
[DEBUG]          org.apache.maven.resolver:maven-resolver-api:jar:1.4.1:compile
[DEBUG]       org.apache.maven.shared:maven-common-artifact-filters:jar:3.4.0:compile (version managed from default)
[DEBUG]          org.slf4j:slf4j-api:jar:1.7.36:compile (version managed from default)
[DEBUG]       org.codehaus.plexus:plexus-java:jar:1.5.0:compile (version managed from default)
[DEBUG]          org.ow2.asm:asm:jar:9.8:compile
[DEBUG]          com.thoughtworks.qdox:qdox:jar:2.2.0:compile
[DEBUG] Created new class realm plugin>org.apache.maven.plugins:maven-surefire-plugin:3.5.4
[DEBUG] Importing foreign packages into class realm plugin>org.apache.maven.plugins:maven-surefire-plugin:3.5.4
[DEBUG]   Imported:  < maven.api
[DEBUG] Populating class realm plugin>org.apache.maven.plugins:maven-surefire-plugin:3.5.4
[DEBUG]   Included: org.apache.maven.plugins:maven-surefire-plugin:jar:3.5.4
[DEBUG]   Included: org.apache.maven.surefire:surefire-api:jar:3.5.4
[DEBUG]   Included: org.apache.maven.surefire:surefire-logger-api:jar:3.5.4
[DEBUG]   Included: org.apache.maven.surefire:surefire-shared-utils:jar:3.5.4
[DEBUG]   Included: org.apache.maven.surefire:surefire-extensions-api:jar:3.5.4
[DEBUG]   Included: org.apache.maven.surefire:maven-surefire-common:jar:3.5.4
[DEBUG]   Included: org.apache.maven.surefire:surefire-booter:jar:3.5.4
[DEBUG]   Included: org.apache.maven.surefire:surefire-extensions-spi:jar:3.5.4
[DEBUG]   Included: org.apache.maven.shared:maven-common-artifact-filters:jar:3.4.0
[DEBUG]   Included: org.codehaus.plexus:plexus-java:jar:1.5.0
[DEBUG]   Included: org.ow2.asm:asm:jar:9.8
[DEBUG]   Included: com.thoughtworks.qdox:qdox:jar:2.2.0
[DEBUG] Loading mojo org.apache.maven.plugins:maven-surefire-plugin:3.5.4:test from plugin realm ClassRealm[plugin>org.apache.maven.plugins:maven-surefire-plugin:3.5.4, parent: jdk.internal.loader.ClassLoaders$AppClassLoader@c387f44]
[DEBUG] Configuring mojo execution 'org.apache.maven.plugins:maven-surefire-plugin:3.5.4:test:default-test' with basic configurator -->
[DEBUG]   (f) additionalClasspathDependencies = []
[DEBUG]   (s) additionalClasspathElements = []
[DEBUG]   (s) argLine = -javaagent:C:\\Users\\camil\\.m2\\repository\\org\\jacoco\\org.jacoco.agent\\0.8.10\\org.jacoco.agent-0.8.10-runtime.jar=destfile=C:\\Users\\camil\\Desktop\\Apps\\FabricaEscuela-2025-2\\backend\\target\\jacoco.exec
[DEBUG]   (s) basedir = C:\Users\camil\Desktop\Apps\FabricaEscuela-2025-2\backend
[DEBUG]   (s) childDelegation = false
[DEBUG]   (f) classesDirectory = C:\Users\camil\Desktop\Apps\FabricaEscuela-2025-2\backend\target\classes
[DEBUG]   (s) classpathDependencyExcludes = []
[DEBUG]   (s) dependenciesToScan = []
[DEBUG]   (s) enableAssertions = true
[DEBUG]   (s) enableOutErrElements = true
[DEBUG]   (s) enablePropertiesElement = true
[DEBUG]   (s) encoding = UTF-8
[DEBUG]   (s) excludeJUnit5Engines = []
[DEBUG]   (f) excludedEnvironmentVariables = []
[DEBUG]   (s) excludes = []
[DEBUG]   (s) failIfNoSpecifiedTests = true
[DEBUG]   (s) failIfNoTests = false
[DEBUG]   (s) failOnFlakeCount = 0
[DEBUG]   (f) forkCount = 1
[DEBUG]   (s) forkedProcessExitTimeoutInSeconds = 30
[DEBUG]   (s) includeJUnit5Engines = []
[DEBUG]   (s) includes = []
[DEBUG]   (s) junitArtifactName = junit:junit
[DEBUG]   (f) parallelMavenExecution = false
[DEBUG]   (s) parallelOptimized = true
[DEBUG]   (s) perCoreThreadCount = true
[DEBUG]   (s) pluginArtifactMap = {org.apache.maven.plugins:maven-surefire-plugin=org.apache.maven.plugins:maven-surefire-plugin:maven-plugin:3.5.4:, org.apache.maven.surefire:surefire-api=org.apache.maven.surefire:surefire-api:jar:3.5.4:compile, org.apache.maven.surefire:surefire-logger-api=org.apache.maven.surefire:surefire-logger-api:jar:3.5.4:compile, org.apache.maven.surefire:surefire-shared-utils=org.apache.maven.surefire:surefire-shared-utils:jar:3.5.4:compile, org.apache.maven.surefire:surefire-extensions-api=org.apache.maven.surefire:surefire-extensions-api:jar:3.5.4:compile, org.apache.maven.surefire:maven-surefire-common=org.apache.maven.surefire:maven-surefire-common:jar:3.5.4:compile, org.apache.maven.surefire:surefire-booter=org.apache.maven.surefire:surefire-booter:jar:3.5.4:compile, org.apache.maven.surefire:surefire-extensions-spi=org.apache.maven.surefire:surefire-extensions-spi:jar:3.5.4:compile, org.apache.maven.resolver:maven-resolver-util=org.apache.maven.resolver:maven-resolver-util:jar:1.4.1:compile, org.apache.maven.resolver:maven-resolver-api=org.apache.maven.resolver:maven-resolver-api:jar:1.4.1:compile, org.apache.maven.shared:maven-common-artifact-filters=org.apache.maven.shared:maven-common-artifact-filters:jar:3.4.0:compile, org.slf4j:slf4j-api=org.slf4j:slf4j-api:jar:1.7.36:compile, org.codehaus.plexus:plexus-java=org.codehaus.plexus:plexus-java:jar:1.5.0:compile, org.ow2.asm:asm=org.ow2.asm:asm:jar:9.8:compile, com.thoughtworks.qdox:qdox=com.thoughtworks.qdox:qdox:jar:2.2.0:compile}
[DEBUG]   (f) pluginDescriptor = Component Descriptor: role: 'org.apache.maven.plugin.Mojo', implementation: 'org.apache.maven.plugins.maven_surefire_plugin.HelpMojo', role hint: 'org.apache.maven.plugins:maven-surefire-plugin:3.5.4:help'
role: 'org.apache.maven.plugin.Mojo', implementation: 'org.apache.maven.plugin.surefire.SurefireMojo', role hint: 'org.apache.maven.plugins:maven-surefire-plugin:3.5.4:test'
---
[DEBUG]   (s) printSummary = true
[DEBUG]   (s) project = MavenProject: com.FabricaEscuela:Feature1Back:0.0.1-SNAPSHOT @ C:\Users\camil\Desktop\Apps\FabricaEscuela-2025-2\backend\pom.xml
[DEBUG]   (s) projectArtifactMap = {org.springframework.boot:spring-boot-starter-data-jpa=org.springframework.boot:spring-boot-starter-data-jpa:jar:3.4.10:compile, org.springframework.boot:spring-boot-starter=org.springframework.boot:spring-boot-starter:jar:3.4.10:compile, org.springframework.boot:spring-boot-starter-logging=org.springframework.boot:spring-boot-starter-logging:jar:3.4.10:compile, ch.qos.logback:logback-classic=ch.qos.logback:logback-classic:jar:1.5.18:compile, ch.qos.logback:logback-core=ch.qos.logback:logback-core:jar:1.5.18:compile, org.apache.logging.log4j:log4j-to-slf4j=org.apache.logging.log4j:log4j-to-slf4j:jar:2.24.3:compile, org.apache.logging.log4j:log4j-api=org.apache.logging.log4j:log4j-api:jar:2.24.3:compile, org.slf4j:jul-to-slf4j=org.slf4j:jul-to-slf4j:jar:2.0.17:compile, jakarta.annotation:jakarta.annotation-api=jakarta.annotation:jakarta.annotation-api:jar:2.1.1:compile, org.yaml:snakeyaml=org.yaml:snakeyaml:jar:2.3:compile, org.springframework.boot:spring-boot-starter-jdbc=org.springframework.boot:spring-boot-starter-jdbc:jar:3.4.10:compile, com.zaxxer:HikariCP=com.zaxxer:HikariCP:jar:5.1.0:compile, org.springframework:spring-jdbc=org.springframework:spring-jdbc:jar:6.2.11:compile, org.hibernate.orm:hibernate-core=org.hibernate.orm:hibernate-core:jar:6.6.29.Final:compile, jakarta.persistence:jakarta.persistence-api=jakarta.persistence:jakarta.persistence-api:jar:3.1.0:compile, jakarta.transaction:jakarta.transaction-api=jakarta.transaction:jakarta.transaction-api:jar:2.0.1:compile, org.jboss.logging:jboss-logging=org.jboss.logging:jboss-logging:jar:3.6.1.Final:compile, org.hibernate.common:hibernate-commons-annotations=org.hibernate.common:hibernate-commons-annotations:jar:7.0.3.Final:runtime, io.smallrye:jandex=io.smallrye:jandex:jar:3.2.0:runtime, com.fasterxml:classmate=com.fasterxml:classmate:jar:1.7.0:compile, net.bytebuddy:byte-buddy=net.bytebuddy:byte-buddy:jar:1.15.11:runtime, org.glassfish.jaxb:jaxb-runtime=org.glassfish.jaxb:jaxb-runtime:jar:4.0.5:runtime, org.glassfish.jaxb:jaxb-core=org.glassfish.jaxb:jaxb-core:jar:4.0.5:runtime, org.glassfish.jaxb:txw2=org.glassfish.jaxb:txw2:jar:4.0.5:runtime, com.sun.istack:istack-commons-runtime=com.sun.istack:istack-commons-runtime:jar:4.1.2:runtime, jakarta.inject:jakarta.inject-api=jakarta.inject:jakarta.inject-api:jar:2.0.1:runtime, org.antlr:antlr4-runtime=org.antlr:antlr4-runtime:jar:4.13.0:compile, org.springframework.data:spring-data-jpa=org.springframework.data:spring-data-jpa:jar:3.4.10:compile, org.springframework.data:spring-data-commons=org.springframework.data:spring-data-commons:jar:3.4.10:compile, org.springframework:spring-orm=org.springframework:spring-orm:jar:6.2.11:compile, org.springframework:spring-context=org.springframework:spring-context:jar:6.2.11:compile, org.springframework:spring-tx=org.springframework:spring-tx:jar:6.2.11:compile, org.springframework:spring-beans=org.springframework:spring-beans:jar:6.2.11:compile, org.springframework:spring-aspects=org.springframework:spring-aspects:jar:6.2.11:compile, org.aspectj:aspectjweaver=org.aspectj:aspectjweaver:jar:1.9.24:compile, org.springframework.boot:spring-boot-starter-validation=org.springframework.boot:spring-boot-starter-validation:jar:3.4.10:compile, org.apache.tomcat.embed:tomcat-embed-el=org.apache.tomcat.embed:tomcat-embed-el:jar:10.1.46:compile, org.hibernate.validator:hibernate-validator=org.hibernate.validator:hibernate-validator:jar:8.0.3.Final:compile, jakarta.validation:jakarta.validation-api=jakarta.validation:jakarta.validation-api:jar:3.0.2:compile, org.springframework.boot:spring-boot-starter-web=org.springframework.boot:spring-boot-starter-web:jar:3.4.10:compile, org.springframework.boot:spring-boot-starter-json=org.springframework.boot:spring-boot-starter-json:jar:3.4.10:compile, com.fasterxml.jackson.datatype:jackson-datatype-jdk8=com.fasterxml.jackson.datatype:jackson-datatype-jdk8:jar:2.18.4:compile, com.fasterxml.jackson.datatype:jackson-datatype-jsr310=com.fasterxml.jackson.datatype:jackson-datatype-jsr310:jar:2.18.4:compile, com.fasterxml.jackson.module:jackson-module-parameter-names=com.fasterxml.jackson.module:jackson-module-parameter-names:jar:2.18.4:compile, org.springframework.boot:spring-boot-starter-tomcat=org.springframework.boot:spring-boot-starter-tomcat:jar:3.4.10:compile, org.apache.tomcat.embed:tomcat-embed-core=org.apache.tomcat.embed:tomcat-embed-core:jar:10.1.46:compile, org.apache.tomcat.embed:tomcat-embed-websocket=org.apache.tomcat.embed:tomcat-embed-websocket:jar:10.1.46:compile, org.springframework:spring-web=org.springframework:spring-web:jar:6.2.11:compile, io.micrometer:micrometer-observation=io.micrometer:micrometer-observation:jar:1.14.11:compile, io.micrometer:micrometer-commons=io.micrometer:micrometer-commons:jar:1.14.11:compile, org.springframework:spring-webmvc=org.springframework:spring-webmvc:jar:6.2.11:compile, org.springframework:spring-expression=org.springframework:spring-expression:jar:6.2.11:compile, org.springframework.boot:spring-boot-starter-security=org.springframework.boot:spring-boot-starter-security:jar:3.4.10:compile, org.springframework:spring-aop=org.springframework:spring-aop:jar:6.2.11:compile, org.springframework.security:spring-security-config=org.springframework.security:spring-security-config:jar:6.4.11:compile, org.springframework.security:spring-security-core=org.springframework.security:spring-security-core:jar:6.4.11:compile, org.springframework.security:spring-security-crypto=org.springframework.security:spring-security-crypto:jar:6.4.11:compile, org.springframework.security:spring-security-web=org.springframework.security:spring-security-web:jar:6.4.11:compile, io.jsonwebtoken:jjwt-api=io.jsonwebtoken:jjwt-api:jar:0.11.5:compile, io.jsonwebtoken:jjwt-impl=io.jsonwebtoken:jjwt-impl:jar:0.11.5:runtime, io.jsonwebtoken:jjwt-jackson=io.jsonwebtoken:jjwt-jackson:jar:0.11.5:runtime, org.springframework.boot:spring-boot-starter-mail=org.springframework.boot:spring-boot-starter-mail:jar:3.4.10:compile, org.springframework:spring-context-support=org.springframework:spring-context-support:jar:6.2.11:compile, org.eclipse.angus:jakarta.mail=org.eclipse.angus:jakarta.mail:jar:2.0.4:compile, jakarta.activation:jakarta.activation-api=jakarta.activation:jakarta.activation-api:jar:2.1.4:compile, org.eclipse.angus:angus-activation=org.eclipse.angus:angus-activation:jar:2.0.2:runtime, org.springframework.boot:spring-boot-devtools=org.springframework.boot:spring-boot-devtools:jar:3.4.10:runtime, org.springframework.boot:spring-boot=org.springframework.boot:spring-boot:jar:3.4.10:compile, org.springframework.boot:spring-boot-autoconfigure=org.springframework.boot:spring-boot-autoconfigure:jar:3.4.10:compile, com.mysql:mysql-connector-j=com.mysql:mysql-connector-j:jar:9.4.0:runtime, org.postgresql:postgresql=org.postgresql:postgresql:jar:42.7.7:runtime, org.checkerframework:checker-qual=org.checkerframework:checker-qual:jar:3.49.3:runtime, org.springframework.boot:spring-boot-starter-test=org.springframework.boot:spring-boot-starter-test:jar:3.4.10:test, org.springframework.boot:spring-boot-test=org.springframework.boot:spring-boot-test:jar:3.4.10:test, org.springframework.boot:spring-boot-test-autoconfigure=org.springframework.boot:spring-boot-test-autoconfigure:jar:3.4.10:test, com.jayway.jsonpath:json-path=com.jayway.jsonpath:json-path:jar:2.9.0:test, jakarta.xml.bind:jakarta.xml.bind-api=jakarta.xml.bind:jakarta.xml.bind-api:jar:4.0.2:runtime, net.minidev:json-smart=net.minidev:json-smart:jar:2.5.2:test, net.minidev:accessors-smart=net.minidev:accessors-smart:jar:2.5.2:test, org.ow2.asm:asm=org.ow2.asm:asm:jar:9.7.1:test, org.assertj:assertj-core=org.assertj:assertj-core:jar:3.26.3:test, org.awaitility:awaitility=org.awaitility:awaitility:jar:4.2.2:test, org.hamcrest:hamcrest=org.hamcrest:hamcrest:jar:2.2:test, org.junit.jupiter:junit-jupiter=org.junit.jupiter:junit-jupiter:jar:5.11.4:test, org.junit.jupiter:junit-jupiter-api=org.junit.jupiter:junit-jupiter-api:jar:5.11.4:test, org.opentest4j:opentest4j=org.opentest4j:opentest4j:jar:1.3.0:test, org.junit.platform:junit-platform-commons=org.junit.platform:junit-platform-commons:jar:1.11.4:test, org.apiguardian:apiguardian-api=org.apiguardian:apiguardian-api:jar:1.1.2:test, org.junit.jupiter:junit-jupiter-params=org.junit.jupiter:junit-jupiter-params:jar:5.11.4:test, org.junit.jupiter:junit-jupiter-engine=org.junit.jupiter:junit-jupiter-engine:jar:5.11.4:test, org.junit.platform:junit-platform-engine=org.junit.platform:junit-platform-engine:jar:1.11.4:test, org.mockito:mockito-core=org.mockito:mockito-core:jar:5.14.2:test, net.bytebuddy:byte-buddy-agent=net.bytebuddy:byte-buddy-agent:jar:1.15.11:test, org.objenesis:objenesis=org.objenesis:objenesis:jar:3.3:test, org.mockito:mockito-junit-jupiter=org.mockito:mockito-junit-jupiter:jar:5.14.2:test, org.skyscreamer:jsonassert=org.skyscreamer:jsonassert:jar:1.5.3:test, com.vaadin.external.google:android-json=com.vaadin.external.google:android-json:jar:0.0.20131108.vaadin1:test, org.springframework:spring-core=org.springframework:spring-core:jar:6.2.11:compile, org.springframework:spring-jcl=org.springframework:spring-jcl:jar:6.2.11:compile, org.springframework:spring-test=org.springframework:spring-test:jar:6.2.11:test, org.xmlunit:xmlunit-core=org.xmlunit:xmlunit-core:jar:2.10.4:test, com.fasterxml.jackson.core:jackson-databind=com.fasterxml.jackson.core:jackson-databind:jar:2.15.0:compile, com.fasterxml.jackson.core:jackson-annotations=com.fasterxml.jackson.core:jackson-annotations:jar:2.18.4:compile, com.fasterxml.jackson.core:jackson-core=com.fasterxml.jackson.core:jackson-core:jar:2.18.4.1:compile, org.projectlombok:lombok=org.projectlombok:lombok:jar:1.18.30:provided, org.mapstruct:mapstruct=org.mapstruct:mapstruct:jar:1.5.5.Final:compile, com.h2database:h2=com.h2database:h2:jar:2.3.232:runtime, org.testng:testng=org.testng:testng:jar:7.11.0:compile, org.slf4j:slf4j-api=org.slf4j:slf4j-api:jar:2.0.17:compile, org.jcommander:jcommander=org.jcommander:jcommander:jar:1.83:compile, org.webjars:jquery=org.webjars:jquery:jar:3.7.1:runtime}
[DEBUG]   (s) projectBuildDirectory = C:\Users\camil\Desktop\Apps\FabricaEscuela-2025-2\backend\target
[DEBUG]   (f) promoteUserPropertiesToSystemProperties = true
[DEBUG]   (s) redirectTestOutputToFile = false
[DEBUG]   (s) reportFormat = brief
[DEBUG]   (s) reportsDirectory = C:\Users\camil\Desktop\Apps\FabricaEscuela-2025-2\backend\target\surefire-reports
[DEBUG]   (f) rerunFailingTestsCount = 0
[DEBUG]   (f) reuseForks = true
[DEBUG]   (s) runOrder = filesystem
[DEBUG]   (s) session = org.apache.maven.execution.MavenSession@2bc378f7
[DEBUG]   (f) shutdown = exit
[DEBUG]   (s) skip = false
[DEBUG]   (f) skipAfterFailureCount = 0
[DEBUG]   (s) skipTests = false
[DEBUG]   (s) suiteXmlFiles = []
[DEBUG]   (s) tempDir = surefire
[DEBUG]   (s) testClassesDirectory = C:\Users\camil\Desktop\Apps\FabricaEscuela-2025-2\backend\target\test-classes
[DEBUG]   (s) testFailureIgnore = false
[DEBUG]   (s) testNGArtifactName = org.testng:testng
[DEBUG]   (s) testSourceDirectory = C:\Users\camil\Desktop\Apps\FabricaEscuela-2025-2\backend\src\test\java
[DEBUG]   (s) threadCountClasses = 0
[DEBUG]   (s) threadCountMethods = 0
[DEBUG]   (s) threadCountSuites = 0
[DEBUG]   (s) trimStackTrace = false
[DEBUG]   (s) useFile = true
[DEBUG]   (s) useManifestOnlyJar = true
[DEBUG]   (f) useModulePath = true
[DEBUG]   (s) useSystemClassLoader = true
[DEBUG]   (s) useUnlimitedThreads = false
[DEBUG]   (s) workingDirectory = C:\Users\camil\Desktop\Apps\FabricaEscuela-2025-2\backend
[DEBUG] -- end configuration --
[DEBUG] Using JVM: C:\Program Files\Eclipse Adoptium\jdk-17.0.16.8-hotspot\bin\java with Java version 17.0
[DEBUG] Resolved included and excluded patterns: **/Test*.java, **/*Test.java, **/*Tests.java, **/*TestCase.java, !**/*$*
[DEBUG] Surefire report directory: C:\Users\camil\Desktop\Apps\FabricaEscuela-2025-2\backend\target\surefire-reports
[INFO] Using auto detected provider org.apache.maven.surefire.junitplatform.JUnitPlatformProvider
[DEBUG] Using the provider org.apache.maven.surefire.junitplatform.JUnitPlatformProvider
[DEBUG] Setting system property [basedir]=[C:\Users\camil\Desktop\Apps\FabricaEscuela-2025-2\backend]
[DEBUG] Setting system property [localRepository]=[C:\Users\camil\.m2\repository]
[DEBUG] Dependency collection stats {ConflictMarker.analyzeTime=49000, ConflictMarker.markTime=13900, ConflictMarker.nodeCount=9, ConflictIdSorter.graphTime=64300, ConflictIdSorter.topsortTime=13400, ConflictIdSorter.conflictIdCount=5, ConflictIdSorter.conflictIdCycleCount=0, ConflictResolver.totalTime=240000, ConflictResolver.conflictItemCount=8, DfDependencyCollector.collectTime=7016200, DfDependencyCollector.transformTime=399700}
[DEBUG] Found implementation of fork node factory: org.apache.maven.plugin.surefire.extensions.LegacyForkNodeFactory
[DEBUG] Using fork starter with configuration implementation org.apache.maven.plugin.surefire.booterclient.JarManifestForkConfiguration
[DEBUG] Dependency collection stats {ConflictMarker.analyzeTime=54400, ConflictMarker.markTime=18100, ConflictMarker.nodeCount=17, ConflictIdSorter.graphTime=62000, ConflictIdSorter.topsortTime=16300, ConflictIdSorter.conflictIdCount=10, ConflictIdSorter.conflictIdCycleCount=0, ConflictResolver.totalTime=189400, ConflictResolver.conflictItemCount=16, DfDependencyCollector.collectTime=37609700, DfDependencyCollector.transformTime=363700}
[DEBUG] Resolving artifact org.junit.platform:junit-platform-launcher:1.11.4
[DEBUG] Dependency collection stats {ConflictMarker.analyzeTime=36700, ConflictMarker.markTime=13200, ConflictMarker.nodeCount=8, ConflictIdSorter.graphTime=12300, ConflictIdSorter.topsortTime=11400, ConflictIdSorter.conflictIdCount=5, ConflictIdSorter.conflictIdCycleCount=0, ConflictResolver.totalTime=111800, ConflictResolver.conflictItemCount=7, DfDependencyCollector.collectTime=6049100, DfDependencyCollector.transformTime=202000}
[DEBUG] Resolved artifact org.junit.platform:junit-platform-launcher:1.11.4 to [org.junit.platform:junit-platform-launcher:jar:1.11.4, org.junit.platform:junit-platform-engine:jar:1.11.4, org.opentest4j:opentest4j:jar:1.3.0, org.junit.platform:junit-platform-commons:jar:1.11.4, org.apiguardian:apiguardian-api:jar:1.1.2]
[DEBUG] test classpath:  C:\Users\camil\Desktop\Apps\FabricaEscuela-2025-2\backend\target\test-classes  C:\Users\camil\Desktop\Apps\FabricaEscuela-2025-2\backend\target\classes  C:\Users\camil\.m2\repository\org\springframework\boot\spring-boot-starter-data-jpa\3.4.10\spring-boot-starter-data-jpa-3.4.10.jar  C:\Users\camil\.m2\repository\org\springframework\boot\spring-boot-starter\3.4.10\spring-boot-starter-3.4.10.jar  C:\Users\camil\.m2\repository\org\springframework\boot\spring-boot-starter-logging\3.4.10\spring-boot-starter-logging-3.4.10.jar  C:\Users\camil\.m2\repository\ch\qos\logback\logback-classic\1.5.18\logback-classic-1.5.18.jar  C:\Users\camil\.m2\repository\ch\qos\logback\logback-core\1.5.18\logback-core-1.5.18.jar  C:\Users\camil\.m2\repository\org\apache\logging\log4j\log4j-to-slf4j\2.24.3\log4j-to-slf4j-2.24.3.jar  C:\Users\camil\.m2\repository\org\apache\logging\log4j\log4j-api\2.24.3\log4j-api-2.24.3.jar  C:\Users\camil\.m2\repository\org\slf4j\jul-to-slf4j\2.0.17\jul-to-slf4j-2.0.17.jar  C:\Users\camil\.m2\repository\jakarta\annotation\jakarta.annotation-api\2.1.1\jakarta.annotation-api-2.1.1.jar  C:\Users\camil\.m2\repository\org\yaml\snakeyaml\2.3\snakeyaml-2.3.jar  C:\Users\camil\.m2\repository\org\springframework\boot\spring-boot-starter-jdbc\3.4.10\spring-boot-starter-jdbc-3.4.10.jar  C:\Users\camil\.m2\repository\com\zaxxer\HikariCP\5.1.0\HikariCP-5.1.0.jar  C:\Users\camil\.m2\repository\org\springframework\spring-jdbc\6.2.11\spring-jdbc-6.2.11.jar  C:\Users\camil\.m2\repository\org\hibernate\orm\hibernate-core\6.6.29.Final\hibernate-core-6.6.29.Final.jar  C:\Users\camil\.m2\repository\jakarta\persistence\jakarta.persistence-api\3.1.0\jakarta.persistence-api-3.1.0.jar  C:\Users\camil\.m2\repository\jakarta\transaction\jakarta.transaction-api\2.0.1\jakarta.transaction-api-2.0.1.jar  C:\Users\camil\.m2\repository\org\jboss\logging\jboss-logging\3.6.1.Final\jboss-logging-3.6.1.Final.jar  C:\Users\camil\.m2\repository\org\hibernate\common\hibernate-commons-annotations\7.0.3.Final\hibernate-commons-annotations-7.0.3.Final.jar  C:\Users\camil\.m2\repository\io\smallrye\jandex\3.2.0\jandex-3.2.0.jar  C:\Users\camil\.m2\repository\com\fasterxml\classmate\1.7.0\classmate-1.7.0.jar  C:\Users\camil\.m2\repository\net\bytebuddy\byte-buddy\1.15.11\byte-buddy-1.15.11.jar  C:\Users\camil\.m2\repository\org\glassfish\jaxb\jaxb-runtime\4.0.5\jaxb-runtime-4.0.5.jar  C:\Users\camil\.m2\repository\org\glassfish\jaxb\jaxb-core\4.0.5\jaxb-core-4.0.5.jar  C:\Users\camil\.m2\repository\org\glassfish\jaxb\txw2\4.0.5\txw2-4.0.5.jar  C:\Users\camil\.m2\repository\com\sun\istack\istack-commons-runtime\4.1.2\istack-commons-runtime-4.1.2.jar  C:\Users\camil\.m2\repository\jakarta\inject\jakarta.inject-api\2.0.1\jakarta.inject-api-2.0.1.jar  C:\Users\camil\.m2\repository\org\antlr\antlr4-runtime\4.13.0\antlr4-runtime-4.13.0.jar  C:\Users\camil\.m2\repository\org\springframework\data\spring-data-jpa\3.4.10\spring-data-jpa-3.4.10.jar  C:\Users\camil\.m2\repository\org\springframework\data\spring-data-commons\3.4.10\spring-data-commons-3.4.10.jar  C:\Users\camil\.m2\repository\org\springframework\spring-orm\6.2.11\spring-orm-6.2.11.jar  C:\Users\camil\.m2\repository\org\springframework\spring-context\6.2.11\spring-context-6.2.11.jar  C:\Users\camil\.m2\repository\org\springframework\spring-tx\6.2.11\spring-tx-6.2.11.jar  C:\Users\camil\.m2\repository\org\springframework\spring-beans\6.2.11\spring-beans-6.2.11.jar  C:\Users\camil\.m2\repository\org\springframework\spring-aspects\6.2.11\spring-aspects-6.2.11.jar  C:\Users\camil\.m2\repository\org\aspectj\aspectjweaver\1.9.24\aspectjweaver-1.9.24.jar  C:\Users\camil\.m2\repository\org\springframework\boot\spring-boot-starter-validation\3.4.10\spring-boot-starter-validation-3.4.10.jar  C:\Users\camil\.m2\repository\org\apache\tomcat\embed\tomcat-embed-el\10.1.46\tomcat-embed-el-10.1.46.jar  C:\Users\camil\.m2\repository\org\hibernate\validator\hibernate-validator\8.0.3.Final\hibernate-validator-8.0.3.Final.jar  C:\Users\camil\.m2\repository\jakarta\validation\jakarta.validation-api\3.0.2\jakarta.validation-api-3.0.2.jar  C:\Users\camil\.m2\repository\org\springframework\boot\spring-boot-starter-web\3.4.10\spring-boot-starter-web-3.4.10.jar  C:\Users\camil\.m2\repository\org\springframework\boot\spring-boot-starter-json\3.4.10\spring-boot-starter-json-3.4.10.jar  C:\Users\camil\.m2\repository\com\fasterxml\jackson\datatype\jackson-datatype-jdk8\2.18.4\jackson-datatype-jdk8-2.18.4.jar  C:\Users\camil\.m2\repository\com\fasterxml\jackson\datatype\jackson-datatype-jsr310\2.18.4\jackson-datatype-jsr310-2.18.4.jar  C:\Users\camil\.m2\repository\com\fasterxml\jackson\module\jackson-module-parameter-names\2.18.4\jackson-module-parameter-names-2.18.4.jar  C:\Users\camil\.m2\repository\org\springframework\boot\spring-boot-starter-tomcat\3.4.10\spring-boot-starter-tomcat-3.4.10.jar  C:\Users\camil\.m2\repository\org\apache\tomcat\embed\tomcat-embed-core\10.1.46\tomcat-embed-core-10.1.46.jar  C:\Users\camil\.m2\repository\org\apache\tomcat\embed\tomcat-embed-websocket\10.1.46\tomcat-embed-websocket-10.1.46.jar  C:\Users\camil\.m2\repository\org\springframework\spring-web\6.2.11\spring-web-6.2.11.jar  C:\Users\camil\.m2\repository\io\micrometer\micrometer-observation\1.14.11\micrometer-observation-1.14.11.jar  C:\Users\camil\.m2\repository\io\micrometer\micrometer-commons\1.14.11\micrometer-commons-1.14.11.jar  C:\Users\camil\.m2\repository\org\springframework\spring-webmvc\6.2.11\spring-webmvc-6.2.11.jar  C:\Users\camil\.m2\repository\org\springframework\spring-expression\6.2.11\spring-expression-6.2.11.jar  C:\Users\camil\.m2\repository\org\springframework\boot\spring-boot-starter-security\3.4.10\spring-boot-starter-security-3.4.10.jar  C:\Users\camil\.m2\repository\org\springframework\spring-aop\6.2.11\spring-aop-6.2.11.jar  C:\Users\camil\.m2\repository\org\springframework\security\spring-security-config\6.4.11\spring-security-config-6.4.11.jar  C:\Users\camil\.m2\repository\org\springframework\security\spring-security-core\6.4.11\spring-security-core-6.4.11.jar  C:\Users\camil\.m2\repository\org\springframework\security\spring-security-crypto\6.4.11\spring-security-crypto-6.4.11.jar  C:\Users\camil\.m2\repository\org\springframework\security\spring-security-web\6.4.11\spring-security-web-6.4.11.jar  C:\Users\camil\.m2\repository\io\jsonwebtoken\jjwt-api\0.11.5\jjwt-api-0.11.5.jar  C:\Users\camil\.m2\repository\io\jsonwebtoken\jjwt-impl\0.11.5\jjwt-impl-0.11.5.jar  C:\Users\camil\.m2\repository\io\jsonwebtoken\jjwt-jackson\0.11.5\jjwt-jackson-0.11.5.jar  C:\Users\camil\.m2\repository\org\springframework\boot\spring-boot-starter-mail\3.4.10\spring-boot-starter-mail-3.4.10.jar  C:\Users\camil\.m2\repository\org\springframework\spring-context-support\6.2.11\spring-context-support-6.2.11.jar  C:\Users\camil\.m2\repository\org\eclipse\angus\jakarta.mail\2.0.4\jakarta.mail-2.0.4.jar  C:\Users\camil\.m2\repository\jakarta\activation\jakarta.activation-api\2.1.4\jakarta.activation-api-2.1.4.jar  C:\Users\camil\.m2\repository\org\eclipse\angus\angus-activation\2.0.2\angus-activation-2.0.2.jar  C:\Users\camil\.m2\repository\org\springframework\boot\spring-boot-devtools\3.4.10\spring-boot-devtools-3.4.10.jar  C:\Users\camil\.m2\repository\org\springframework\boot\spring-boot\3.4.10\spring-boot-3.4.10.jar  C:\Users\camil\.m2\repository\org\springframework\boot\spring-boot-autoconfigure\3.4.10\spring-boot-autoconfigure-3.4.10.jar  C:\Users\camil\.m2\repository\com\mysql\mysql-connector-j\9.4.0\mysql-connector-j-9.4.0.jar  C:\Users\camil\.m2\repository\org\postgresql\postgresql\42.7.7\postgresql-42.7.7.jar  C:\Users\camil\.m2\repository\org\checkerframework\checker-qual\3.49.3\checker-qual-3.49.3.jar  C:\Users\camil\.m2\repository\org\springframework\boot\spring-boot-starter-test\3.4.10\spring-boot-starter-test-3.4.10.jar  C:\Users\camil\.m2\repository\org\springframework\boot\spring-boot-test\3.4.10\spring-boot-test-3.4.10.jar  C:\Users\camil\.m2\repository\org\springframework\boot\spring-boot-test-autoconfigure\3.4.10\spring-boot-test-autoconfigure-3.4.10.jar  C:\Users\camil\.m2\repository\com\jayway\jsonpath\json-path\2.9.0\json-path-2.9.0.jar  C:\Users\camil\.m2\repository\jakarta\xml\bind\jakarta.xml.bind-api\4.0.2\jakarta.xml.bind-api-4.0.2.jar  C:\Users\camil\.m2\repository\net\minidev\json-smart\2.5.2\json-smart-2.5.2.jar  C:\Users\camil\.m2\repository\net\minidev\accessors-smart\2.5.2\accessors-smart-2.5.2.jar  C:\Users\camil\.m2\repository\org\ow2\asm\asm\9.7.1\asm-9.7.1.jar  C:\Users\camil\.m2\repository\org\assertj\assertj-core\3.26.3\assertj-core-3.26.3.jar  C:\Users\camil\.m2\repository\org\awaitility\awaitility\4.2.2\awaitility-4.2.2.jar  C:\Users\camil\.m2\repository\org\hamcrest\hamcrest\2.2\hamcrest-2.2.jar  C:\Users\camil\.m2\repository\org\junit\jupiter\junit-jupiter\5.11.4\junit-jupiter-5.11.4.jar  C:\Users\camil\.m2\repository\org\junit\jupiter\junit-jupiter-api\5.11.4\junit-jupiter-api-5.11.4.jar  C:\Users\camil\.m2\repository\org\opentest4j\opentest4j\1.3.0\opentest4j-1.3.0.jar  C:\Users\camil\.m2\repository\org\junit\platform\junit-platform-commons\1.11.4\junit-platform-commons-1.11.4.jar  C:\Users\camil\.m2\repository\org\apiguardian\apiguardian-api\1.1.2\apiguardian-api-1.1.2.jar  C:\Users\camil\.m2\repository\org\junit\jupiter\junit-jupiter-params\5.11.4\junit-jupiter-params-5.11.4.jar  C:\Users\camil\.m2\repository\org\junit\jupiter\junit-jupiter-engine\5.11.4\junit-jupiter-engine-5.11.4.jar  C:\Users\camil\.m2\repository\org\junit\platform\junit-platform-engine\1.11.4\junit-platform-engine-1.11.4.jar  C:\Users\camil\.m2\repository\org\mockito\mockito-core\5.14.2\mockito-core-5.14.2.jar  C:\Users\camil\.m2\repository\net\bytebuddy\byte-buddy-agent\1.15.11\byte-buddy-agent-1.15.11.jar  C:\Users\camil\.m2\repository\org\objenesis\objenesis\3.3\objenesis-3.3.jar  C:\Users\camil\.m2\repository\org\mockito\mockito-junit-jupiter\5.14.2\mockito-junit-jupiter-5.14.2.jar  C:\Users\camil\.m2\repository\org\skyscreamer\jsonassert\1.5.3\jsonassert-1.5.3.jar  C:\Users\camil\.m2\repository\com\vaadin\external\google\android-json\0.0.20131108.vaadin1\android-json-0.0.20131108.vaadin1.jar  C:\Users\camil\.m2\repository\org\springframework\spring-core\6.2.11\spring-core-6.2.11.jar  C:\Users\camil\.m2\repository\org\springframework\spring-jcl\6.2.11\spring-jcl-6.2.11.jar  C:\Users\camil\.m2\repository\org\springframework\spring-test\6.2.11\spring-test-6.2.11.jar  C:\Users\camil\.m2\repository\org\xmlunit\xmlunit-core\2.10.4\xmlunit-core-2.10.4.jar  C:\Users\camil\.m2\repository\com\fasterxml\jackson\core\jackson-databind\2.15.0\jackson-databind-2.15.0.jar  C:\Users\camil\.m2\repository\com\fasterxml\jackson\core\jackson-annotations\2.18.4\jackson-annotations-2.18.4.jar  C:\Users\camil\.m2\repository\com\fasterxml\jackson\core\jackson-core\2.18.4.1\jackson-core-2.18.4.1.jar  C:\Users\camil\.m2\repository\org\projectlombok\lombok\1.18.30\lombok-1.18.30.jar  C:\Users\camil\.m2\repository\org\mapstruct\mapstruct\1.5.5.Final\mapstruct-1.5.5.Final.jar  C:\Users\camil\.m2\repository\com\h2database\h2\2.3.232\h2-2.3.232.jar  C:\Users\camil\.m2\repository\org\testng\testng\7.11.0\testng-7.11.0.jar  C:\Users\camil\.m2\repository\org\slf4j\slf4j-api\2.0.17\slf4j-api-2.0.17.jar  C:\Users\camil\.m2\repository\org\jcommander\jcommander\1.83\jcommander-1.83.jar  C:\Users\camil\.m2\repository\org\webjars\jquery\3.7.1\jquery-3.7.1.jar
[DEBUG] provider classpath:  C:\Users\camil\.m2\repository\org\apache\maven\surefire\surefire-junit-platform\3.5.4\surefire-junit-platform-3.5.4.jar  C:\Users\camil\.m2\repository\org\apache\maven\surefire\surefire-api\3.5.4\surefire-api-3.5.4.jar  C:\Users\camil\.m2\repository\org\apache\maven\surefire\surefire-logger-api\3.5.4\surefire-logger-api-3.5.4.jar  C:\Users\camil\.m2\repository\org\apache\maven\surefire\surefire-shared-utils\3.5.4\surefire-shared-utils-3.5.4.jar  C:\Users\camil\.m2\repository\org\apache\maven\surefire\common-java5\3.5.4\common-java5-3.5.4.jar  C:\Users\camil\.m2\repository\org\junit\platform\junit-platform-launcher\1.11.4\junit-platform-launcher-1.11.4.jar
[DEBUG] test(compact) classpath:  test-classes  classes  spring-boot-starter-data-jpa-3.4.10.jar  spring-boot-starter-3.4.10.jar  spring-boot-starter-logging-3.4.10.jar  logback-classic-1.5.18.jar  logback-core-1.5.18.jar  log4j-to-slf4j-2.24.3.jar  log4j-api-2.24.3.jar  jul-to-slf4j-2.0.17.jar  jakarta.annotation-api-2.1.1.jar  snakeyaml-2.3.jar  spring-boot-starter-jdbc-3.4.10.jar  HikariCP-5.1.0.jar  spring-jdbc-6.2.11.jar  hibernate-core-6.6.29.Final.jar  jakarta.persistence-api-3.1.0.jar  jakarta.transaction-api-2.0.1.jar  jboss-logging-3.6.1.Final.jar  hibernate-commons-annotations-7.0.3.Final.jar  jandex-3.2.0.jar  classmate-1.7.0.jar  byte-buddy-1.15.11.jar  jaxb-runtime-4.0.5.jar  jaxb-core-4.0.5.jar  txw2-4.0.5.jar  istack-commons-runtime-4.1.2.jar  jakarta.inject-api-2.0.1.jar  antlr4-runtime-4.13.0.jar  spring-data-jpa-3.4.10.jar  spring-data-commons-3.4.10.jar  spring-orm-6.2.11.jar  spring-context-6.2.11.jar  spring-tx-6.2.11.jar  spring-beans-6.2.11.jar  spring-aspects-6.2.11.jar  aspectjweaver-1.9.24.jar  spring-boot-starter-validation-3.4.10.jar  tomcat-embed-el-10.1.46.jar  hibernate-validator-8.0.3.Final.jar  jakarta.validation-api-3.0.2.jar  spring-boot-starter-web-3.4.10.jar  spring-boot-starter-json-3.4.10.jar  jackson-datatype-jdk8-2.18.4.jar  jackson-datatype-jsr310-2.18.4.jar  jackson-module-parameter-names-2.18.4.jar  spring-boot-starter-tomcat-3.4.10.jar  tomcat-embed-core-10.1.46.jar  tomcat-embed-websocket-10.1.46.jar  spring-web-6.2.11.jar  micrometer-observation-1.14.11.jar  micrometer-commons-1.14.11.jar  spring-webmvc-6.2.11.jar  spring-expression-6.2.11.jar  spring-boot-starter-security-3.4.10.jar  spring-aop-6.2.11.jar  spring-security-config-6.4.11.jar  spring-security-core-6.4.11.jar  spring-security-crypto-6.4.11.jar  spring-security-web-6.4.11.jar  jjwt-api-0.11.5.jar  jjwt-impl-0.11.5.jar  jjwt-jackson-0.11.5.jar  spring-boot-starter-mail-3.4.10.jar  spring-context-support-6.2.11.jar  jakarta.mail-2.0.4.jar  jakarta.activation-api-2.1.4.jar  angus-activation-2.0.2.jar  spring-boot-devtools-3.4.10.jar  spring-boot-3.4.10.jar  spring-boot-autoconfigure-3.4.10.jar  mysql-connector-j-9.4.0.jar  postgresql-42.7.7.jar  checker-qual-3.49.3.jar  spring-boot-starter-test-3.4.10.jar  spring-boot-test-3.4.10.jar  spring-boot-test-autoconfigure-3.4.10.jar  json-path-2.9.0.jar  jakarta.xml.bind-api-4.0.2.jar  json-smart-2.5.2.jar  accessors-smart-2.5.2.jar  asm-9.7.1.jar  assertj-core-3.26.3.jar  awaitility-4.2.2.jar  hamcrest-2.2.jar  junit-jupiter-5.11.4.jar  junit-jupiter-api-5.11.4.jar  opentest4j-1.3.0.jar  junit-platform-commons-1.11.4.jar  apiguardian-api-1.1.2.jar  junit-jupiter-params-5.11.4.jar  junit-jupiter-engine-5.11.4.jar  junit-platform-engine-1.11.4.jar  mockito-core-5.14.2.jar  byte-buddy-agent-1.15.11.jar  objenesis-3.3.jar  mockito-junit-jupiter-5.14.2.jar  jsonassert-1.5.3.jar  android-json-0.0.20131108.vaadin1.jar  spring-core-6.2.11.jar  spring-jcl-6.2.11.jar  spring-test-6.2.11.jar  xmlunit-core-2.10.4.jar  jackson-databind-2.15.0.jar  jackson-annotations-2.18.4.jar  jackson-core-2.18.4.1.jar  lombok-1.18.30.jar  mapstruct-1.5.5.Final.jar  h2-2.3.232.jar  testng-7.11.0.jar  slf4j-api-2.0.17.jar  jcommander-1.83.jar  jquery-3.7.1.jar
[DEBUG] provider(compact) classpath:  surefire-junit-platform-3.5.4.jar  surefire-api-3.5.4.jar  surefire-logger-api-3.5.4.jar  surefire-shared-utils-3.5.4.jar  common-java5-3.5.4.jar  junit-platform-launcher-1.11.4.jar
[DEBUG] in-process classpath:  C:\Users\camil\.m2\repository\org\apache\maven\surefire\surefire-junit-platform\3.5.4\surefire-junit-platform-3.5.4.jar  C:\Users\camil\.m2\repository\org\apache\maven\surefire\surefire-api\3.5.4\surefire-api-3.5.4.jar  C:\Users\camil\.m2\repository\org\apache\maven\surefire\surefire-logger-api\3.5.4\surefire-logger-api-3.5.4.jar  C:\Users\camil\.m2\repository\org\apache\maven\surefire\surefire-shared-utils\3.5.4\surefire-shared-utils-3.5.4.jar  C:\Users\camil\.m2\repository\org\apache\maven\surefire\common-java5\3.5.4\common-java5-3.5.4.jar  C:\Users\camil\.m2\repository\org\junit\platform\junit-platform-launcher\1.11.4\junit-platform-launcher-1.11.4.jar  C:\Users\camil\.m2\repository\org\apache\maven\surefire\maven-surefire-common\3.5.4\maven-surefire-common-3.5.4.jar  C:\Users\camil\.m2\repository\org\apache\maven\surefire\surefire-booter\3.5.4\surefire-booter-3.5.4.jar  C:\Users\camil\.m2\repository\org\apache\maven\surefire\surefire-extensions-api\3.5.4\surefire-extensions-api-3.5.4.jar  C:\Users\camil\.m2\repository\org\apache\maven\surefire\surefire-extensions-spi\3.5.4\surefire-extensions-spi-3.5.4.jar
[DEBUG] in-process(compact) classpath:  surefire-junit-platform-3.5.4.jar  surefire-api-3.5.4.jar  surefire-logger-api-3.5.4.jar  surefire-shared-utils-3.5.4.jar  common-java5-3.5.4.jar  junit-platform-launcher-1.11.4.jar  maven-surefire-common-3.5.4.jar  surefire-booter-3.5.4.jar  surefire-extensions-api-3.5.4.jar  surefire-extensions-spi-3.5.4.jar
[INFO] 
[INFO] -------------------------------------------------------
[INFO]  T E S T S
[INFO] -------------------------------------------------------
[DEBUG] Determined Maven Process ID 46040
[DEBUG] Fork Channel [1] connection string 'pipe://1' for the implementation class org.apache.maven.plugin.surefire.extensions.LegacyForkChannel
[DEBUG] boot classpath:  C:\Users\camil\.m2\repository\org\apache\maven\surefire\surefire-booter\3.5.4\surefire-booter-3.5.4.jar  C:\Users\camil\.m2\repository\org\apache\maven\surefire\surefire-api\3.5.4\surefire-api-3.5.4.jar  C:\Users\camil\.m2\repository\org\apache\maven\surefire\surefire-extensions-spi\3.5.4\surefire-extensions-spi-3.5.4.jar  C:\Users\camil\.m2\repository\org\apache\maven\surefire\surefire-shared-utils\3.5.4\surefire-shared-utils-3.5.4.jar  C:\Users\camil\.m2\repository\org\apache\maven\surefire\surefire-logger-api\3.5.4\surefire-logger-api-3.5.4.jar  C:\Users\camil\Desktop\Apps\FabricaEscuela-2025-2\backend\target\test-classes  C:\Users\camil\Desktop\Apps\FabricaEscuela-2025-2\backend\target\classes  C:\Users\camil\.m2\repository\org\springframework\boot\spring-boot-starter-data-jpa\3.4.10\spring-boot-starter-data-jpa-3.4.10.jar  C:\Users\camil\.m2\repository\org\springframework\boot\spring-boot-starter\3.4.10\spring-boot-starter-3.4.10.jar  C:\Users\camil\.m2\repository\org\springframework\boot\spring-boot-starter-logging\3.4.10\spring-boot-starter-logging-3.4.10.jar  C:\Users\camil\.m2\repository\ch\qos\logback\logback-classic\1.5.18\logback-classic-1.5.18.jar  C:\Users\camil\.m2\repository\ch\qos\logback\logback-core\1.5.18\logback-core-1.5.18.jar  C:\Users\camil\.m2\repository\org\apache\logging\log4j\log4j-to-slf4j\2.24.3\log4j-to-slf4j-2.24.3.jar  C:\Users\camil\.m2\repository\org\apache\logging\log4j\log4j-api\2.24.3\log4j-api-2.24.3.jar  C:\Users\camil\.m2\repository\org\slf4j\jul-to-slf4j\2.0.17\jul-to-slf4j-2.0.17.jar  C:\Users\camil\.m2\repository\jakarta\annotation\jakarta.annotation-api\2.1.1\jakarta.annotation-api-2.1.1.jar  C:\Users\camil\.m2\repository\org\yaml\snakeyaml\2.3\snakeyaml-2.3.jar  C:\Users\camil\.m2\repository\org\springframework\boot\spring-boot-starter-jdbc\3.4.10\spring-boot-starter-jdbc-3.4.10.jar  C:\Users\camil\.m2\repository\com\zaxxer\HikariCP\5.1.0\HikariCP-5.1.0.jar  C:\Users\camil\.m2\repository\org\springframework\spring-jdbc\6.2.11\spring-jdbc-6.2.11.jar  C:\Users\camil\.m2\repository\org\hibernate\orm\hibernate-core\6.6.29.Final\hibernate-core-6.6.29.Final.jar  C:\Users\camil\.m2\repository\jakarta\persistence\jakarta.persistence-api\3.1.0\jakarta.persistence-api-3.1.0.jar  C:\Users\camil\.m2\repository\jakarta\transaction\jakarta.transaction-api\2.0.1\jakarta.transaction-api-2.0.1.jar  C:\Users\camil\.m2\repository\org\jboss\logging\jboss-logging\3.6.1.Final\jboss-logging-3.6.1.Final.jar  C:\Users\camil\.m2\repository\org\hibernate\common\hibernate-commons-annotations\7.0.3.Final\hibernate-commons-annotations-7.0.3.Final.jar  C:\Users\camil\.m2\repository\io\smallrye\jandex\3.2.0\jandex-3.2.0.jar  C:\Users\camil\.m2\repository\com\fasterxml\classmate\1.7.0\classmate-1.7.0.jar  C:\Users\camil\.m2\repository\net\bytebuddy\byte-buddy\1.15.11\byte-buddy-1.15.11.jar  C:\Users\camil\.m2\repository\org\glassfish\jaxb\jaxb-runtime\4.0.5\jaxb-runtime-4.0.5.jar  C:\Users\camil\.m2\repository\org\glassfish\jaxb\jaxb-core\4.0.5\jaxb-core-4.0.5.jar  C:\Users\camil\.m2\repository\org\glassfish\jaxb\txw2\4.0.5\txw2-4.0.5.jar  C:\Users\camil\.m2\repository\com\sun\istack\istack-commons-runtime\4.1.2\istack-commons-runtime-4.1.2.jar  C:\Users\camil\.m2\repository\jakarta\inject\jakarta.inject-api\2.0.1\jakarta.inject-api-2.0.1.jar  C:\Users\camil\.m2\repository\org\antlr\antlr4-runtime\4.13.0\antlr4-runtime-4.13.0.jar  C:\Users\camil\.m2\repository\org\springframework\data\spring-data-jpa\3.4.10\spring-data-jpa-3.4.10.jar  C:\Users\camil\.m2\repository\org\springframework\data\spring-data-commons\3.4.10\spring-data-commons-3.4.10.jar  C:\Users\camil\.m2\repository\org\springframework\spring-orm\6.2.11\spring-orm-6.2.11.jar  C:\Users\camil\.m2\repository\org\springframework\spring-context\6.2.11\spring-context-6.2.11.jar  C:\Users\camil\.m2\repository\org\springframework\spring-tx\6.2.11\spring-tx-6.2.11.jar  C:\Users\camil\.m2\repository\org\springframework\spring-beans\6.2.11\spring-beans-6.2.11.jar  C:\Users\camil\.m2\repository\org\springframework\spring-aspects\6.2.11\spring-aspects-6.2.11.jar  C:\Users\camil\.m2\repository\org\aspectj\aspectjweaver\1.9.24\aspectjweaver-1.9.24.jar  C:\Users\camil\.m2\repository\org\springframework\boot\spring-boot-starter-validation\3.4.10\spring-boot-starter-validation-3.4.10.jar  C:\Users\camil\.m2\repository\org\apache\tomcat\embed\tomcat-embed-el\10.1.46\tomcat-embed-el-10.1.46.jar  C:\Users\camil\.m2\repository\org\hibernate\validator\hibernate-validator\8.0.3.Final\hibernate-validator-8.0.3.Final.jar  C:\Users\camil\.m2\repository\jakarta\validation\jakarta.validation-api\3.0.2\jakarta.validation-api-3.0.2.jar  C:\Users\camil\.m2\repository\org\springframework\boot\spring-boot-starter-web\3.4.10\spring-boot-starter-web-3.4.10.jar  C:\Users\camil\.m2\repository\org\springframework\boot\spring-boot-starter-json\3.4.10\spring-boot-starter-json-3.4.10.jar  C:\Users\camil\.m2\repository\com\fasterxml\jackson\datatype\jackson-datatype-jdk8\2.18.4\jackson-datatype-jdk8-2.18.4.jar  C:\Users\camil\.m2\repository\com\fasterxml\jackson\datatype\jackson-datatype-jsr310\2.18.4\jackson-datatype-jsr310-2.18.4.jar  C:\Users\camil\.m2\repository\com\fasterxml\jackson\module\jackson-module-parameter-names\2.18.4\jackson-module-parameter-names-2.18.4.jar  C:\Users\camil\.m2\repository\org\springframework\boot\spring-boot-starter-tomcat\3.4.10\spring-boot-starter-tomcat-3.4.10.jar  C:\Users\camil\.m2\repository\org\apache\tomcat\embed\tomcat-embed-core\10.1.46\tomcat-embed-core-10.1.46.jar  C:\Users\camil\.m2\repository\org\apache\tomcat\embed\tomcat-embed-websocket\10.1.46\tomcat-embed-websocket-10.1.46.jar  C:\Users\camil\.m2\repository\org\springframework\spring-web\6.2.11\spring-web-6.2.11.jar  C:\Users\camil\.m2\repository\io\micrometer\micrometer-observation\1.14.11\micrometer-observation-1.14.11.jar  C:\Users\camil\.m2\repository\io\micrometer\micrometer-commons\1.14.11\micrometer-commons-1.14.11.jar  C:\Users\camil\.m2\repository\org\springframework\spring-webmvc\6.2.11\spring-webmvc-6.2.11.jar  C:\Users\camil\.m2\repository\org\springframework\spring-expression\6.2.11\spring-expression-6.2.11.jar  C:\Users\camil\.m2\repository\org\springframework\boot\spring-boot-starter-security\3.4.10\spring-boot-starter-security-3.4.10.jar  C:\Users\camil\.m2\repository\org\springframework\spring-aop\6.2.11\spring-aop-6.2.11.jar  C:\Users\camil\.m2\repository\org\springframework\security\spring-security-config\6.4.11\spring-security-config-6.4.11.jar  C:\Users\camil\.m2\repository\org\springframework\security\spring-security-core\6.4.11\spring-security-core-6.4.11.jar  C:\Users\camil\.m2\repository\org\springframework\security\spring-security-crypto\6.4.11\spring-security-crypto-6.4.11.jar  C:\Users\camil\.m2\repository\org\springframework\security\spring-security-web\6.4.11\spring-security-web-6.4.11.jar  C:\Users\camil\.m2\repository\io\jsonwebtoken\jjwt-api\0.11.5\jjwt-api-0.11.5.jar  C:\Users\camil\.m2\repository\io\jsonwebtoken\jjwt-impl\0.11.5\jjwt-impl-0.11.5.jar  C:\Users\camil\.m2\repository\io\jsonwebtoken\jjwt-jackson\0.11.5\jjwt-jackson-0.11.5.jar  C:\Users\camil\.m2\repository\org\springframework\boot\spring-boot-starter-mail\3.4.10\spring-boot-starter-mail-3.4.10.jar  C:\Users\camil\.m2\repository\org\springframework\spring-context-support\6.2.11\spring-context-support-6.2.11.jar  C:\Users\camil\.m2\repository\org\eclipse\angus\jakarta.mail\2.0.4\jakarta.mail-2.0.4.jar  C:\Users\camil\.m2\repository\jakarta\activation\jakarta.activation-api\2.1.4\jakarta.activation-api-2.1.4.jar  C:\Users\camil\.m2\repository\org\eclipse\angus\angus-activation\2.0.2\angus-activation-2.0.2.jar  C:\Users\camil\.m2\repository\org\springframework\boot\spring-boot-devtools\3.4.10\spring-boot-devtools-3.4.10.jar  C:\Users\camil\.m2\repository\org\springframework\boot\spring-boot\3.4.10\spring-boot-3.4.10.jar  C:\Users\camil\.m2\repository\org\springframework\boot\spring-boot-autoconfigure\3.4.10\spring-boot-autoconfigure-3.4.10.jar  C:\Users\camil\.m2\repository\com\mysql\mysql-connector-j\9.4.0\mysql-connector-j-9.4.0.jar  C:\Users\camil\.m2\repository\org\postgresql\postgresql\42.7.7\postgresql-42.7.7.jar  C:\Users\camil\.m2\repository\org\checkerframework\checker-qual\3.49.3\checker-qual-3.49.3.jar  C:\Users\camil\.m2\repository\org\springframework\boot\spring-boot-starter-test\3.4.10\spring-boot-starter-test-3.4.10.jar  C:\Users\camil\.m2\repository\org\springframework\boot\spring-boot-test\3.4.10\spring-boot-test-3.4.10.jar  C:\Users\camil\.m2\repository\org\springframework\boot\spring-boot-test-autoconfigure\3.4.10\spring-boot-test-autoconfigure-3.4.10.jar  C:\Users\camil\.m2\repository\com\jayway\jsonpath\json-path\2.9.0\json-path-2.9.0.jar  C:\Users\camil\.m2\repository\jakarta\xml\bind\jakarta.xml.bind-api\4.0.2\jakarta.xml.bind-api-4.0.2.jar  C:\Users\camil\.m2\repository\net\minidev\json-smart\2.5.2\json-smart-2.5.2.jar  C:\Users\camil\.m2\repository\net\minidev\accessors-smart\2.5.2\accessors-smart-2.5.2.jar  C:\Users\camil\.m2\repository\org\ow2\asm\asm\9.7.1\asm-9.7.1.jar  C:\Users\camil\.m2\repository\org\assertj\assertj-core\3.26.3\assertj-core-3.26.3.jar  C:\Users\camil\.m2\repository\org\awaitility\awaitility\4.2.2\awaitility-4.2.2.jar  C:\Users\camil\.m2\repository\org\hamcrest\hamcrest\2.2\hamcrest-2.2.jar  C:\Users\camil\.m2\repository\org\junit\jupiter\junit-jupiter\5.11.4\junit-jupiter-5.11.4.jar  C:\Users\camil\.m2\repository\org\junit\jupiter\junit-jupiter-api\5.11.4\junit-jupiter-api-5.11.4.jar  C:\Users\camil\.m2\repository\org\opentest4j\opentest4j\1.3.0\opentest4j-1.3.0.jar  C:\Users\camil\.m2\repository\org\junit\platform\junit-platform-commons\1.11.4\junit-platform-commons-1.11.4.jar  C:\Users\camil\.m2\repository\org\apiguardian\apiguardian-api\1.1.2\apiguardian-api-1.1.2.jar  C:\Users\camil\.m2\repository\org\junit\jupiter\junit-jupiter-params\5.11.4\junit-jupiter-params-5.11.4.jar  C:\Users\camil\.m2\repository\org\junit\jupiter\junit-jupiter-engine\5.11.4\junit-jupiter-engine-5.11.4.jar  C:\Users\camil\.m2\repository\org\junit\platform\junit-platform-engine\1.11.4\junit-platform-engine-1.11.4.jar  C:\Users\camil\.m2\repository\org\mockito\mockito-core\5.14.2\mockito-core-5.14.2.jar  C:\Users\camil\.m2\repository\net\bytebuddy\byte-buddy-agent\1.15.11\byte-buddy-agent-1.15.11.jar  C:\Users\camil\.m2\repository\org\objenesis\objenesis\3.3\objenesis-3.3.jar  C:\Users\camil\.m2\repository\org\mockito\mockito-junit-jupiter\5.14.2\mockito-junit-jupiter-5.14.2.jar  C:\Users\camil\.m2\repository\org\skyscreamer\jsonassert\1.5.3\jsonassert-1.5.3.jar  C:\Users\camil\.m2\repository\com\vaadin\external\google\android-json\0.0.20131108.vaadin1\android-json-0.0.20131108.vaadin1.jar  C:\Users\camil\.m2\repository\org\springframework\spring-core\6.2.11\spring-core-6.2.11.jar  C:\Users\camil\.m2\repository\org\springframework\spring-jcl\6.2.11\spring-jcl-6.2.11.jar  C:\Users\camil\.m2\repository\org\springframework\spring-test\6.2.11\spring-test-6.2.11.jar  C:\Users\camil\.m2\repository\org\xmlunit\xmlunit-core\2.10.4\xmlunit-core-2.10.4.jar  C:\Users\camil\.m2\repository\com\fasterxml\jackson\core\jackson-databind\2.15.0\jackson-databind-2.15.0.jar  C:\Users\camil\.m2\repository\com\fasterxml\jackson\core\jackson-annotations\2.18.4\jackson-annotations-2.18.4.jar  C:\Users\camil\.m2\repository\com\fasterxml\jackson\core\jackson-core\2.18.4.1\jackson-core-2.18.4.1.jar  C:\Users\camil\.m2\repository\org\projectlombok\lombok\1.18.30\lombok-1.18.30.jar  C:\Users\camil\.m2\repository\org\mapstruct\mapstruct\1.5.5.Final\mapstruct-1.5.5.Final.jar  C:\Users\camil\.m2\repository\com\h2database\h2\2.3.232\h2-2.3.232.jar  C:\Users\camil\.m2\repository\org\testng\testng\7.11.0\testng-7.11.0.jar  C:\Users\camil\.m2\repository\org\slf4j\slf4j-api\2.0.17\slf4j-api-2.0.17.jar  C:\Users\camil\.m2\repository\org\jcommander\jcommander\1.83\jcommander-1.83.jar  C:\Users\camil\.m2\repository\org\webjars\jquery\3.7.1\jquery-3.7.1.jar  C:\Users\camil\.m2\repository\org\apache\maven\surefire\surefire-junit-platform\3.5.4\surefire-junit-platform-3.5.4.jar  C:\Users\camil\.m2\repository\org\apache\maven\surefire\common-java5\3.5.4\common-java5-3.5.4.jar  C:\Users\camil\.m2\repository\org\junit\platform\junit-platform-launcher\1.11.4\junit-platform-launcher-1.11.4.jar
[DEBUG] boot(compact) classpath:  surefire-booter-3.5.4.jar  surefire-api-3.5.4.jar  surefire-extensions-spi-3.5.4.jar  surefire-shared-utils-3.5.4.jar  surefire-logger-api-3.5.4.jar  test-classes  classes  spring-boot-starter-data-jpa-3.4.10.jar  spring-boot-starter-3.4.10.jar  spring-boot-starter-logging-3.4.10.jar  logback-classic-1.5.18.jar  logback-core-1.5.18.jar  log4j-to-slf4j-2.24.3.jar  log4j-api-2.24.3.jar  jul-to-slf4j-2.0.17.jar  jakarta.annotation-api-2.1.1.jar  snakeyaml-2.3.jar  spring-boot-starter-jdbc-3.4.10.jar  HikariCP-5.1.0.jar  spring-jdbc-6.2.11.jar  hibernate-core-6.6.29.Final.jar  jakarta.persistence-api-3.1.0.jar  jakarta.transaction-api-2.0.1.jar  jboss-logging-3.6.1.Final.jar  hibernate-commons-annotations-7.0.3.Final.jar  jandex-3.2.0.jar  classmate-1.7.0.jar  byte-buddy-1.15.11.jar  jaxb-runtime-4.0.5.jar  jaxb-core-4.0.5.jar  txw2-4.0.5.jar  istack-commons-runtime-4.1.2.jar  jakarta.inject-api-2.0.1.jar  antlr4-runtime-4.13.0.jar  spring-data-jpa-3.4.10.jar  spring-data-commons-3.4.10.jar  spring-orm-6.2.11.jar  spring-context-6.2.11.jar  spring-tx-6.2.11.jar  spring-beans-6.2.11.jar  spring-aspects-6.2.11.jar  aspectjweaver-1.9.24.jar  spring-boot-starter-validation-3.4.10.jar  tomcat-embed-el-10.1.46.jar  hibernate-validator-8.0.3.Final.jar  jakarta.validation-api-3.0.2.jar  spring-boot-starter-web-3.4.10.jar  spring-boot-starter-json-3.4.10.jar  jackson-datatype-jdk8-2.18.4.jar  jackson-datatype-jsr310-2.18.4.jar  jackson-module-parameter-names-2.18.4.jar  spring-boot-starter-tomcat-3.4.10.jar  tomcat-embed-core-10.1.46.jar  tomcat-embed-websocket-10.1.46.jar  spring-web-6.2.11.jar  micrometer-observation-1.14.11.jar  micrometer-commons-1.14.11.jar  spring-webmvc-6.2.11.jar  spring-expression-6.2.11.jar  spring-boot-starter-security-3.4.10.jar  spring-aop-6.2.11.jar  spring-security-config-6.4.11.jar  spring-security-core-6.4.11.jar  spring-security-crypto-6.4.11.jar  spring-security-web-6.4.11.jar  jjwt-api-0.11.5.jar  jjwt-impl-0.11.5.jar  jjwt-jackson-0.11.5.jar  spring-boot-starter-mail-3.4.10.jar  spring-context-support-6.2.11.jar  jakarta.mail-2.0.4.jar  jakarta.activation-api-2.1.4.jar  angus-activation-2.0.2.jar  spring-boot-devtools-3.4.10.jar  spring-boot-3.4.10.jar  spring-boot-autoconfigure-3.4.10.jar  mysql-connector-j-9.4.0.jar  postgresql-42.7.7.jar  checker-qual-3.49.3.jar  spring-boot-starter-test-3.4.10.jar  spring-boot-test-3.4.10.jar  spring-boot-test-autoconfigure-3.4.10.jar  json-path-2.9.0.jar  jakarta.xml.bind-api-4.0.2.jar  json-smart-2.5.2.jar  accessors-smart-2.5.2.jar  asm-9.7.1.jar  assertj-core-3.26.3.jar  awaitility-4.2.2.jar  hamcrest-2.2.jar  junit-jupiter-5.11.4.jar  junit-jupiter-api-5.11.4.jar  opentest4j-1.3.0.jar  junit-platform-commons-1.11.4.jar  apiguardian-api-1.1.2.jar  junit-jupiter-params-5.11.4.jar  junit-jupiter-engine-5.11.4.jar  junit-platform-engine-1.11.4.jar  mockito-core-5.14.2.jar  byte-buddy-agent-1.15.11.jar  objenesis-3.3.jar  mockito-junit-jupiter-5.14.2.jar  jsonassert-1.5.3.jar  android-json-0.0.20131108.vaadin1.jar  spring-core-6.2.11.jar  spring-jcl-6.2.11.jar  spring-test-6.2.11.jar  xmlunit-core-2.10.4.jar  jackson-databind-2.15.0.jar  jackson-annotations-2.18.4.jar  jackson-core-2.18.4.1.jar  lombok-1.18.30.jar  mapstruct-1.5.5.Final.jar  h2-2.3.232.jar  testng-7.11.0.jar  slf4j-api-2.0.17.jar  jcommander-1.83.jar  jquery-3.7.1.jar  surefire-junit-platform-3.5.4.jar  common-java5-3.5.4.jar  junit-platform-launcher-1.11.4.jar
[DEBUG] Forking command line: cmd.exe /X /C ""C:\Program Files\Eclipse Adoptium\jdk-17.0.16.8-hotspot\bin\java" -javaagent:C:\\Users\\camil\\.m2\\repository\\org\\jacoco\\org.jacoco.agent\\0.8.10\\org.jacoco.agent-0.8.10-runtime.jar=destfile=C:\\Users\\camil\\Desktop\\Apps\\FabricaEscuela-2025-2\\backend\\target\\jacoco.exec -jar C:\Users\camil\AppData\Local\Temp\surefire12367777691885869951\surefirebooter-20251121115730542_3.jar C:\Users\camil\AppData\Local\Temp\surefire12367777691885869951 2025-11-21T11-57-30_283-jvmRun1 surefire-20251121115730542_1tmp surefire_0-20251121115730542_2tmp"
[DEBUG] Fork Channel [1] connected to the client.
[INFO] Running com.FabricaEscuela.Feature1Back.controller.HealthControllerTest
11:57:32.470 [main] INFO org.springframework.test.context.support.AnnotationConfigContextLoaderUtils -- Could not detect default configuration classes for test class [com.FabricaEscuela.Feature1Back.controller.HealthControllerTest]: HealthControllerTest does not declare any static, non-private, non-final, nested classes annotated with @Configuration.
11:57:32.775 [main] INFO org.springframework.boot.test.context.SpringBootTestContextBootstrapper -- Found @SpringBootConfiguration com.FabricaEscuela.Feature1Back.Feature1BackApplication for test class com.FabricaEscuela.Feature1Back.controller.HealthControllerTest
11:57:33.203 [main] INFO org.springframework.boot.devtools.restart.RestartApplicationListener -- Restart disabled due to context in which it is running

  .   ____          _            __ _ _
 /\\ / ___'_ __ _ _(_)_ __  __ _ \ \ \ \
( ( )\___ | '_ | '_| | '_ \/ _` | \ \ \ \
 \\/  ___)| |_)| | | | | || (_| |  ) ) ) )
  '  |____| .__|_| |_|_| |_\__, | / / / /
 =========|_|==============|___/=/_/_/_/

 :: Spring Boot ::               (v3.4.10)

2025-11-21T11:57:34.066-05:00  INFO 11572 --- [           main] c.F.F.controller.HealthControllerTest    : Starting HealthControllerTest using Java 17.0.16 with PID 11572 (started by camil in C:\Users\camil\Desktop\Apps\FabricaEscuela-2025-2\backend)
2025-11-21T11:57:34.069-05:00  INFO 11572 --- [           main] c.F.F.controller.HealthControllerTest    : No active profile set, falling back to 1 default profile: "default"
2025-11-21T11:57:34.099-05:00 DEBUG 11572 --- [           main] o.s.w.c.s.GenericWebApplicationContext   : Refreshing org.springframework.web.context.support.GenericWebApplicationContext@2dc39b53
2025-11-21T11:57:35.922-05:00  INFO 11572 --- [           main] .s.d.r.c.RepositoryConfigurationDelegate : Bootstrapping Spring Data JPA repositories in DEFAULT mode.
2025-11-21T11:57:36.070-05:00  INFO 11572 --- [           main] .s.d.r.c.RepositoryConfigurationDelegate : Finished Spring Data repository scanning in 123 ms. Found 6 JPA repository interfaces.
2025-11-21T11:57:37.008-05:00  INFO 11572 --- [           main] o.hibernate.jpa.internal.util.LogHelper  : HHH000204: Processing PersistenceUnitInfo [name: default]
2025-11-21T11:57:37.155-05:00  INFO 11572 --- [           main] org.hibernate.Version                    : HHH000412: Hibernate ORM core version 6.6.29.Final
2025-11-21T11:57:37.261-05:00  INFO 11572 --- [           main] o.h.c.internal.RegionFactoryInitiator    : HHH000026: Second-level cache disabled
2025-11-21T11:57:37.846-05:00  INFO 11572 --- [           main] o.s.o.j.p.SpringPersistenceUnitInfo      : No LoadTimeWeaver setup: ignoring JPA class transformer
2025-11-21T11:57:37.902-05:00  INFO 11572 --- [           main] com.zaxxer.hikari.HikariDataSource       : HikariPool-1 - Starting...
2025-11-21T11:57:38.219-05:00  INFO 11572 --- [           main] com.zaxxer.hikari.pool.HikariPool        : HikariPool-1 - Added connection org.postgresql.jdbc.PgConnection@29a01820
2025-11-21T11:57:38.222-05:00  INFO 11572 --- [           main] com.zaxxer.hikari.HikariDataSource       : HikariPool-1 - Start completed.
2025-11-21T11:57:38.280-05:00  WARN 11572 --- [           main] org.hibernate.orm.deprecation            : HHH90000025: PostgreSQLDialect does not need to be specified explicitly using 'hibernate.dialect' (remove the property setting and it will be selected by default)
2025-11-21T11:57:38.313-05:00  INFO 11572 --- [           main] org.hibernate.orm.connections.pooling    : HHH10001005: Database info:
	Database JDBC URL [Connecting through datasource 'HikariDataSource (HikariPool-1)']
	Database driver: undefined/unknown
	Database version: 17.5
	Autocommit mode: undefined/unknown
	Isolation level: undefined/unknown
	Minimum pool size: undefined/unknown
	Maximum pool size: undefined/unknown
2025-11-21T11:57:40.257-05:00  INFO 11572 --- [           main] o.h.e.t.j.p.i.JtaPlatformInitiator       : HHH000489: No JTA platform available (set 'hibernate.transaction.jta.platform' to enable JTA platform integration)
2025-11-21T11:57:40.284-05:00 DEBUG 11572 --- [           main] org.hibernate.SQL                        : 
    set client_min_messages = WARNING
Hibernate: 
    set client_min_messages = WARNING
2025-11-21T11:57:40.288-05:00 DEBUG 11572 --- [           main] org.hibernate.SQL                        : 
    alter table if exists asignaciones_turno 
       drop constraint if exists FKp6haaj79v7oc9m48f3sfq17sg
Hibernate: 
    alter table if exists asignaciones_turno 
       drop constraint if exists FKp6haaj79v7oc9m48f3sfq17sg
2025-11-21T11:57:40.292-05:00 DEBUG 11572 --- [           main] org.hibernate.SQL                        : 
    alter table if exists asignaciones_turno 
       drop constraint if exists FK7iiprjqryxgnu27cm5rtg56d7
Hibernate: 
    alter table if exists asignaciones_turno 
       drop constraint if exists FK7iiprjqryxgnu27cm5rtg56d7
2025-11-21T11:57:40.294-05:00 DEBUG 11572 --- [           main] org.hibernate.SQL                        : 
    alter table if exists codigos_verificacion 
       drop constraint if exists FKfss8u32tb0avk5xb7jf8wbhm3
Hibernate: 
    alter table if exists codigos_verificacion 
       drop constraint if exists FKfss8u32tb0avk5xb7jf8wbhm3
2025-11-21T11:57:40.295-05:00 DEBUG 11572 --- [           main] org.hibernate.SQL                        : 
    alter table if exists conductor_ruta 
       drop constraint if exists FK2b0fyxvbbdnqocxunboej23am
Hibernate: 
    alter table if exists conductor_ruta 
       drop constraint if exists FK2b0fyxvbbdnqocxunboej23am
2025-11-21T11:57:40.297-05:00 DEBUG 11572 --- [           main] org.hibernate.SQL                        : 
    alter table if exists conductor_ruta 
       drop constraint if exists FK2k2tkqvrbkl90r1vevn3k5774
Hibernate: 
    alter table if exists conductor_ruta 
       drop constraint if exists FK2k2tkqvrbkl90r1vevn3k5774
2025-11-21T11:57:40.298-05:00 DEBUG 11572 --- [           main] org.hibernate.SQL                        : 
    alter table if exists conductores 
       drop constraint if exists FKoj9v93wn70iy0yn3rxrkcrin7
Hibernate: 
    alter table if exists conductores 
       drop constraint if exists FKoj9v93wn70iy0yn3rxrkcrin7
2025-11-21T11:57:40.299-05:00 DEBUG 11572 --- [           main] org.hibernate.SQL                        : 
    alter table if exists turnos 
       drop constraint if exists FK6jm8eks5qpx3sydm1b926dc
Hibernate: 
    alter table if exists turnos 
       drop constraint if exists FK6jm8eks5qpx3sydm1b926dc
2025-11-21T11:57:40.300-05:00 DEBUG 11572 --- [           main] org.hibernate.SQL                        : 
    drop table if exists asignaciones_turno cascade
Hibernate: 
    drop table if exists asignaciones_turno cascade
2025-11-21T11:57:40.305-05:00 DEBUG 11572 --- [           main] org.hibernate.SQL                        : 
    drop table if exists codigos_verificacion cascade
Hibernate: 
    drop table if exists codigos_verificacion cascade
2025-11-21T11:57:40.308-05:00 DEBUG 11572 --- [           main] org.hibernate.SQL                        : 
    drop table if exists conductor_ruta cascade
Hibernate: 
    drop table if exists conductor_ruta cascade
2025-11-21T11:57:40.310-05:00 DEBUG 11572 --- [           main] org.hibernate.SQL                        : 
    drop table if exists conductores cascade
Hibernate: 
    drop table if exists conductores cascade
2025-11-21T11:57:40.314-05:00 DEBUG 11572 --- [           main] org.hibernate.SQL                        : 
    drop table if exists rutas cascade
Hibernate: 
    drop table if exists rutas cascade
2025-11-21T11:57:40.318-05:00 DEBUG 11572 --- [           main] org.hibernate.SQL                        : 
    drop table if exists turnos cascade
Hibernate: 
    drop table if exists turnos cascade
2025-11-21T11:57:40.323-05:00 DEBUG 11572 --- [           main] org.hibernate.SQL                        : 
    drop table if exists usuarios cascade
Hibernate: 
    drop table if exists usuarios cascade
2025-11-21T11:57:40.336-05:00 DEBUG 11572 --- [           main] org.hibernate.SQL                        : 
    create table asignaciones_turno (
        fecha_fin date,
        fecha_inicio date not null,
        conductor_id bigint not null,
        hora_fin_real timestamp(6),
        hora_inicio_real timestamp(6),
        id bigint generated by default as identity,
        turno_id bigint not null,
        estado varchar(255) not null check (estado in ('PROGRAMADA','EN_CURSO','FINALIZADA','CANCELADA')),
        primary key (id)
    )
Hibernate: 
    create table asignaciones_turno (
        fecha_fin date,
        fecha_inicio date not null,
        conductor_id bigint not null,
        hora_fin_real timestamp(6),
        hora_inicio_real timestamp(6),
        id bigint generated by default as identity,
        turno_id bigint not null,
        estado varchar(255) not null check (estado in ('PROGRAMADA','EN_CURSO','FINALIZADA','CANCELADA')),
        primary key (id)
    )
2025-11-21T11:57:40.347-05:00 DEBUG 11572 --- [           main] org.hibernate.SQL                        : 
    create table codigos_verificacion (
        usado boolean not null,
        fecha_creacion timestamp(6) not null,
        fecha_expiracion timestamp(6) not null,
        id bigint generated by default as identity,
        usuario_id bigint not null,
        codigo varchar(255) not null,
        primary key (id)
    )
Hibernate: 
    create table codigos_verificacion (
        usado boolean not null,
        fecha_creacion timestamp(6) not null,
        fecha_expiracion timestamp(6) not null,
        id bigint generated by default as identity,
        usuario_id bigint not null,
        codigo varchar(255) not null,
        primary key (id)
    )
2025-11-21T11:57:40.351-05:00 DEBUG 11572 --- [           main] org.hibernate.SQL                        : 
    create table conductor_ruta (
        conductor_id bigint not null,
        ruta_id bigint not null
    )
Hibernate: 
    create table conductor_ruta (
        conductor_id bigint not null,
        ruta_id bigint not null
    )
2025-11-21T11:57:40.354-05:00 DEBUG 11572 --- [           main] org.hibernate.SQL                        : 
    create table conductores (
        id bigint generated by default as identity,
        usuario_id bigint not null unique,
        cedula varchar(255) not null unique,
        licencia varchar(255),
        nombre_completo varchar(255),
        telefono varchar(255),
        primary key (id)
    )
Hibernate: 
    create table conductores (
        id bigint generated by default as identity,
        usuario_id bigint not null unique,
        cedula varchar(255) not null unique,
        licencia varchar(255),
        nombre_completo varchar(255),
        telefono varchar(255),
        primary key (id)
    )
2025-11-21T11:57:40.360-05:00 DEBUG 11572 --- [           main] org.hibernate.SQL                        : 
    create table rutas (
        duracion_en_minutos integer not null,
        id bigint generated by default as identity,
        destino varchar(255) not null,
        nombre varchar(255) not null,
        origen varchar(255) not null,
        primary key (id)
    )
Hibernate: 
    create table rutas (
        duracion_en_minutos integer not null,
        id bigint generated by default as identity,
        destino varchar(255) not null,
        nombre varchar(255) not null,
        origen varchar(255) not null,
        primary key (id)
    )
2025-11-21T11:57:40.365-05:00 DEBUG 11572 --- [           main] org.hibernate.SQL                        : 
    create table turnos (
        duracion_horas integer not null,
        hora_fin time(6) not null,
        hora_inicio time(6) not null,
        numero_semana integer not null,
        id bigint generated by default as identity,
        ruta_id bigint not null,
        dia_semana varchar(255) not null check (dia_semana in ('MONDAY','TUESDAY','WEDNESDAY','THURSDAY','FRIDAY','SATURDAY','SUNDAY')),
        estado varchar(255) not null check (estado in ('ACTIVO','INACTIVO','CANCELADO')),
        primary key (id)
    )
Hibernate: 
    create table turnos (
        duracion_horas integer not null,
        hora_fin time(6) not null,
        hora_inicio time(6) not null,
        numero_semana integer not null,
        id bigint generated by default as identity,
        ruta_id bigint not null,
        dia_semana varchar(255) not null check (dia_semana in ('MONDAY','TUESDAY','WEDNESDAY','THURSDAY','FRIDAY','SATURDAY','SUNDAY')),
        estado varchar(255) not null check (estado in ('ACTIVO','INACTIVO','CANCELADO')),
        primary key (id)
    )
2025-11-21T11:57:40.372-05:00 DEBUG 11572 --- [           main] org.hibernate.SQL                        : 
    create table usuarios (
        id bigint generated by default as identity,
        cedula varchar(255) not null unique,
        correo varchar(255) not null unique,
        password varchar(255) not null,
        rol varchar(255) not null check (rol in ('ADMIN','CONDUCTOR')),
        primary key (id)
    )
Hibernate: 
    create table usuarios (
        id bigint generated by default as identity,
        cedula varchar(255) not null unique,
        correo varchar(255) not null unique,
        password varchar(255) not null,
        rol varchar(255) not null check (rol in ('ADMIN','CONDUCTOR')),
        primary key (id)
    )
2025-11-21T11:57:40.380-05:00 DEBUG 11572 --- [           main] org.hibernate.SQL                        : 
    alter table if exists asignaciones_turno 
       add constraint FKp6haaj79v7oc9m48f3sfq17sg 
       foreign key (conductor_id) 
       references conductores
Hibernate: 
    alter table if exists asignaciones_turno 
       add constraint FKp6haaj79v7oc9m48f3sfq17sg 
       foreign key (conductor_id) 
       references conductores
2025-11-21T11:57:40.385-05:00 DEBUG 11572 --- [           main] org.hibernate.SQL                        : 
    alter table if exists asignaciones_turno 
       add constraint FK7iiprjqryxgnu27cm5rtg56d7 
       foreign key (turno_id) 
       references turnos
Hibernate: 
    alter table if exists asignaciones_turno 
       add constraint FK7iiprjqryxgnu27cm5rtg56d7 
       foreign key (turno_id) 
       references turnos
2025-11-21T11:57:40.388-05:00 DEBUG 11572 --- [           main] org.hibernate.SQL                        : 
    alter table if exists codigos_verificacion 
       add constraint FKfss8u32tb0avk5xb7jf8wbhm3 
       foreign key (usuario_id) 
       references usuarios
Hibernate: 
    alter table if exists codigos_verificacion 
       add constraint FKfss8u32tb0avk5xb7jf8wbhm3 
       foreign key (usuario_id) 
       references usuarios
2025-11-21T11:57:40.394-05:00 DEBUG 11572 --- [           main] org.hibernate.SQL                        : 
    alter table if exists conductor_ruta 
       add constraint FK2b0fyxvbbdnqocxunboej23am 
       foreign key (conductor_id) 
       references conductores
Hibernate: 
    alter table if exists conductor_ruta 
       add constraint FK2b0fyxvbbdnqocxunboej23am 
       foreign key (conductor_id) 
       references conductores
2025-11-21T11:57:40.396-05:00 DEBUG 11572 --- [           main] org.hibernate.SQL                        : 
    alter table if exists conductor_ruta 
       add constraint FK2k2tkqvrbkl90r1vevn3k5774 
       foreign key (ruta_id) 
       references rutas
Hibernate: 
    alter table if exists conductor_ruta 
       add constraint FK2k2tkqvrbkl90r1vevn3k5774 
       foreign key (ruta_id) 
       references rutas
2025-11-21T11:57:40.398-05:00 DEBUG 11572 --- [           main] org.hibernate.SQL                        : 
    alter table if exists conductores 
       add constraint FKoj9v93wn70iy0yn3rxrkcrin7 
       foreign key (usuario_id) 
       references usuarios
Hibernate: 
    alter table if exists conductores 
       add constraint FKoj9v93wn70iy0yn3rxrkcrin7 
       foreign key (usuario_id) 
       references usuarios
2025-11-21T11:57:40.400-05:00 DEBUG 11572 --- [           main] org.hibernate.SQL                        : 
    alter table if exists turnos 
       add constraint FK6jm8eks5qpx3sydm1b926dc 
       foreign key (ruta_id) 
       references rutas
Hibernate: 
    alter table if exists turnos 
       add constraint FK6jm8eks5qpx3sydm1b926dc 
       foreign key (ruta_id) 
       references rutas
2025-11-21T11:57:40.405-05:00  INFO 11572 --- [           main] j.LocalContainerEntityManagerFactoryBean : Initialized JPA EntityManagerFactory for persistence unit 'default'
2025-11-21T11:57:40.930-05:00  INFO 11572 --- [           main] o.s.d.j.r.query.QueryEnhancerFactory     : Hibernate is in classpath; If applicable, HQL parser will be used.
2025-11-21T11:57:42.275-05:00  WARN 11572 --- [           main] JpaBaseConfiguration$JpaWebConfiguration : spring.jpa.open-in-view is enabled by default. Therefore, database queries may be performed during view rendering. Explicitly configure spring.jpa.open-in-view to disable this warning
2025-11-21T11:57:42.308-05:00  WARN 11572 --- [           main] .s.s.UserDetailsServiceAutoConfiguration : 

Using generated security password: 8507874e-c4db-4ee4-a7cc-d2b8543ee198

This generated password is for development use only. Your security configuration must be updated before running your application in production.

2025-11-21T11:57:42.322-05:00  INFO 11572 --- [           main] r$InitializeUserDetailsManagerConfigurer : Global AuthenticationManager configured with UserDetailsService bean with name inMemoryUserDetailsManager
2025-11-21T11:57:42.478-05:00  INFO 11572 --- [           main] o.s.b.a.w.s.WelcomePageHandlerMapping    : Adding welcome page: class path resource [static/index.html]
2025-11-21T11:57:42.634-05:00 DEBUG 11572 --- [           main] s.w.s.m.m.a.RequestMappingHandlerMapping : 42 mappings in 'requestMappingHandlerMapping'
2025-11-21T11:57:42.832-05:00 DEBUG 11572 --- [           main] o.s.w.s.handler.SimpleUrlHandlerMapping  : Patterns [/webjars/**, /**] in 'resourceHandlerMapping'
2025-11-21T11:57:43.210-05:00 DEBUG 11572 --- [           main] s.w.s.m.m.a.RequestMappingHandlerAdapter : ControllerAdvice beans: 0 @ModelAttribute, 0 @InitBinder, 1 RequestBodyAdvice, 1 ResponseBodyAdvice
2025-11-21T11:57:43.309-05:00 DEBUG 11572 --- [           main] .m.m.a.ExceptionHandlerExceptionResolver : ControllerAdvice beans: 0 @ExceptionHandler, 1 ResponseBodyAdvice
2025-11-21T11:57:43.473-05:00 DEBUG 11572 --- [           main] o.springframework.web.filter.CorsFilter  : Filter 'corsFilter' configured for use
2025-11-21T11:57:43.474-05:00  INFO 11572 --- [           main] o.s.b.t.m.w.SpringBootMockServletContext : Initializing Spring TestDispatcherServlet ''
2025-11-21T11:57:43.474-05:00  INFO 11572 --- [           main] o.s.t.web.servlet.TestDispatcherServlet  : Initializing Servlet ''
2025-11-21T11:57:43.476-05:00  INFO 11572 --- [           main] o.s.t.web.servlet.TestDispatcherServlet  : Completed initialization in 2 ms
2025-11-21T11:57:43.521-05:00  INFO 11572 --- [           main] c.F.F.controller.HealthControllerTest    : Started HealthControllerTest in 10.349 seconds (process running for 12.834)
2025-11-21T11:57:43.663-05:00 DEBUG 11572 --- [           main] org.hibernate.SQL                        : 
    select
        u1_0.id,
        u1_0.cedula,
        u1_0.correo,
        u1_0.password,
        u1_0.rol 
    from
        usuarios u1_0 
    where
        u1_0.correo=?
Hibernate: 
    select
        u1_0.id,
        u1_0.cedula,
        u1_0.correo,
        u1_0.password,
        u1_0.rol 
    from
        usuarios u1_0 
    where
        u1_0.correo=?
2025-11-21T11:57:43.812-05:00 DEBUG 11572 --- [           main] org.hibernate.SQL                        : 
    insert 
    into
        usuarios
        (cedula, correo, password, rol) 
    values
        (?, ?, ?, ?)
Hibernate: 
    insert 
    into
        usuarios
        (cedula, correo, password, rol) 
    values
        (?, ?, ?, ?)
? Usuario admin creado:
  Correo: camiloike2@gmail.com
  CÚdula: 123456
  Contrase±a: 123456
2025-11-21T11:57:43.859-05:00 DEBUG 11572 --- [           main] org.hibernate.SQL                        : 
    select
        u1_0.id,
        u1_0.cedula,
        u1_0.correo,
        u1_0.password,
        u1_0.rol 
    from
        usuarios u1_0 
    where
        u1_0.cedula=?
Hibernate: 
    select
        u1_0.id,
        u1_0.cedula,
        u1_0.correo,
        u1_0.password,
        u1_0.rol 
    from
        usuarios u1_0 
    where
        u1_0.cedula=?
2025-11-21T11:57:43.920-05:00 DEBUG 11572 --- [           main] org.hibernate.SQL                        : 
    insert 
    into
        usuarios
        (cedula, correo, password, rol) 
    values
        (?, ?, ?, ?)
Hibernate: 
    insert 
    into
        usuarios
        (cedula, correo, password, rol) 
    values
        (?, ?, ?, ?)
2025-11-21T11:57:43.923-05:00 DEBUG 11572 --- [           main] org.hibernate.SQL                        : 
    insert 
    into
        conductores
        (cedula, licencia, nombre_completo, telefono, usuario_id) 
    values
        (?, ?, ?, ?, ?)
Hibernate: 
    insert 
    into
        conductores
        (cedula, licencia, nombre_completo, telefono, usuario_id) 
    values
        (?, ?, ?, ?, ?)
? Conductor completo creado:
  Nombre: Juan PÚrez Gonzßlez
  CÚdula: 1144199553
  Correo: conductor@fleet.com
  Contrase±a: password
2025-11-21T11:57:43.935-05:00 DEBUG 11572 --- [           main] org.hibernate.SQL                        : 
    select
        r1_0.id,
        r1_0.destino,
        r1_0.duracion_en_minutos,
        r1_0.nombre,
        r1_0.origen 
    from
        rutas r1_0
Hibernate: 
    select
        r1_0.id,
        r1_0.destino,
        r1_0.duracion_en_minutos,
        r1_0.nombre,
        r1_0.origen 
    from
        rutas r1_0
2025-11-21T11:57:43.943-05:00 DEBUG 11572 --- [           main] org.hibernate.SQL                        : 
    insert 
    into
        rutas
        (destino, duracion_en_minutos, nombre, origen) 
    values
        (?, ?, ?, ?)
Hibernate: 
    insert 
    into
        rutas
        (destino, duracion_en_minutos, nombre, origen) 
    values
        (?, ?, ?, ?)
? Ruta creada: Ruta Norte 1
2025-11-21T11:57:43.954-05:00 DEBUG 11572 --- [           main] org.hibernate.SQL                        : 
    select
        t1_0.id,
        t1_0.dia_semana,
        t1_0.duracion_horas,
        t1_0.estado,
        t1_0.hora_fin,
        t1_0.hora_inicio,
        t1_0.numero_semana,
        t1_0.ruta_id 
    from
        turnos t1_0 
    where
        t1_0.ruta_id=? 
        and t1_0.dia_semana=?
Hibernate: 
    select
        t1_0.id,
        t1_0.dia_semana,
        t1_0.duracion_horas,
        t1_0.estado,
        t1_0.hora_fin,
        t1_0.hora_inicio,
        t1_0.numero_semana,
        t1_0.ruta_id 
    from
        turnos t1_0 
    where
        t1_0.ruta_id=? 
        and t1_0.dia_semana=?
2025-11-21T11:57:43.960-05:00 DEBUG 11572 --- [           main] org.hibernate.SQL                        : 
    insert 
    into
        turnos
        (dia_semana, duracion_horas, estado, hora_fin, hora_inicio, numero_semana, ruta_id) 
    values
        (?, ?, ?, ?, ?, ?, ?)
Hibernate: 
    insert 
    into
        turnos
        (dia_semana, duracion_horas, estado, hora_fin, hora_inicio, numero_semana, ruta_id) 
    values
        (?, ?, ?, ?, ?, ?, ?)
? Turno creado para HOY (FRIDAY): 06:00-14:00
2025-11-21T11:57:43.965-05:00 DEBUG 11572 --- [           main] org.hibernate.SQL                        : 
    select
        t1_0.id,
        t1_0.dia_semana,
        t1_0.duracion_horas,
        t1_0.estado,
        t1_0.hora_fin,
        t1_0.hora_inicio,
        t1_0.numero_semana,
        t1_0.ruta_id 
    from
        turnos t1_0 
    where
        t1_0.ruta_id=? 
        and t1_0.dia_semana=?
Hibernate: 
    select
        t1_0.id,
        t1_0.dia_semana,
        t1_0.duracion_horas,
        t1_0.estado,
        t1_0.hora_fin,
        t1_0.hora_inicio,
        t1_0.numero_semana,
        t1_0.ruta_id 
    from
        turnos t1_0 
    where
        t1_0.ruta_id=? 
        and t1_0.dia_semana=?
2025-11-21T11:57:43.966-05:00 DEBUG 11572 --- [           main] org.hibernate.SQL                        : 
    insert 
    into
        turnos
        (dia_semana, duracion_horas, estado, hora_fin, hora_inicio, numero_semana, ruta_id) 
    values
        (?, ?, ?, ?, ?, ?, ?)
Hibernate: 
    insert 
    into
        turnos
        (dia_semana, duracion_horas, estado, hora_fin, hora_inicio, numero_semana, ruta_id) 
    values
        (?, ?, ?, ?, ?, ?, ?)
? Turno creado para MAÐANA (SATURDAY): 06:00-14:00
2025-11-21T11:57:43.971-05:00 DEBUG 11572 --- [           main] org.hibernate.SQL                        : 
    select
        at1_0.id,
        at1_0.conductor_id,
        at1_0.estado,
        at1_0.fecha_fin,
        at1_0.fecha_inicio,
        at1_0.hora_fin_real,
        at1_0.hora_inicio_real,
        at1_0.turno_id 
    from
        asignaciones_turno at1_0 
    where
        at1_0.conductor_id=? 
        and at1_0.fecha_inicio=?
Hibernate: 
    select
        at1_0.id,
        at1_0.conductor_id,
        at1_0.estado,
        at1_0.fecha_fin,
        at1_0.fecha_inicio,
        at1_0.hora_fin_real,
        at1_0.hora_inicio_real,
        at1_0.turno_id 
    from
        asignaciones_turno at1_0 
    where
        at1_0.conductor_id=? 
        and at1_0.fecha_inicio=?
2025-11-21T11:57:43.974-05:00 DEBUG 11572 --- [           main] org.hibernate.SQL                        : 
    insert 
    into
        asignaciones_turno
        (conductor_id, estado, fecha_fin, fecha_inicio, hora_fin_real, hora_inicio_real, turno_id) 
    values
        (?, ?, ?, ?, ?, ?, ?)
Hibernate: 
    insert 
    into
        asignaciones_turno
        (conductor_id, estado, fecha_fin, fecha_inicio, hora_fin_real, hora_inicio_real, turno_id) 
    values
        (?, ?, ?, ?, ?, ?, ?)
? Turno de HOY asignado a Juan PÚrez Gonzßlez
2025-11-21T11:57:43.978-05:00 DEBUG 11572 --- [           main] org.hibernate.SQL                        : 
    select
        at1_0.id,
        at1_0.conductor_id,
        at1_0.estado,
        at1_0.fecha_fin,
        at1_0.fecha_inicio,
        at1_0.hora_fin_real,
        at1_0.hora_inicio_real,
        at1_0.turno_id 
    from
        asignaciones_turno at1_0 
    where
        at1_0.conductor_id=? 
        and at1_0.fecha_inicio=?
Hibernate: 
    select
        at1_0.id,
        at1_0.conductor_id,
        at1_0.estado,
        at1_0.fecha_fin,
        at1_0.fecha_inicio,
        at1_0.hora_fin_real,
        at1_0.hora_inicio_real,
        at1_0.turno_id 
    from
        asignaciones_turno at1_0 
    where
        at1_0.conductor_id=? 
        and at1_0.fecha_inicio=?
2025-11-21T11:57:43.981-05:00 DEBUG 11572 --- [           main] org.hibernate.SQL                        : 
    insert 
    into
        asignaciones_turno
        (conductor_id, estado, fecha_fin, fecha_inicio, hora_fin_real, hora_inicio_real, turno_id) 
    values
        (?, ?, ?, ?, ?, ?, ?)
Hibernate: 
    insert 
    into
        asignaciones_turno
        (conductor_id, estado, fecha_fin, fecha_inicio, hora_fin_real, hora_inicio_real, turno_id) 
    values
        (?, ?, ?, ?, ?, ?, ?)
? Turno de MAÐANA asignado a Juan PÚrez Gonzßlez

====================================
? Base de datos inicializada
====================================

mvn : OpenJDK 64-Bit Server VM warning: Sharing is only supported for boot loader classes because bootstrap classpath has been appended
En línea: 1 Carácter: 1
+ mvn clean test -e -X > test-output.txt 2>&1
+ ~~~~~~~~~~~~~~~~~~~~~~~~~~~~~~~~~~~~~~~~~~~
    + CategoryInfo          : NotSpecified: (OpenJDK 64-Bit ...s been appended:String) [], RemoteException
    + FullyQualifiedErrorId : NativeCommandError
 
2025-11-21T11:57:44.582-05:00 DEBUG 11572 --- [           main] s.w.s.m.m.a.RequestMappingHandlerMapping : Mapped to com.FabricaEscuela.Feature1Back.controller.HealthController#healthCheck()
2025-11-21T11:57:44.626-05:00 DEBUG 11572 --- [           main] o.s.w.s.m.m.a.HttpEntityMethodProcessor  : Using 'application/json', given [*/*] and supported [application/json, application/*+json]
2025-11-21T11:57:44.628-05:00 DEBUG 11572 --- [           main] o.s.w.s.m.m.a.HttpEntityMethodProcessor  : Writing [{service=FleetGuard360 Backend, version=1.0.0, status=UP, timestamp=2025-11-21T11:57:44.603830400}]
2025-11-21T11:57:44.695-05:00 DEBUG 11572 --- [           main] s.w.s.m.m.a.RequestMappingHandlerMapping : Mapped to com.FabricaEscuela.Feature1Back.controller.HealthController#healthCheck()
2025-11-21T11:57:44.696-05:00 DEBUG 11572 --- [           main] o.s.w.s.m.m.a.HttpEntityMethodProcessor  : Using 'application/json', given [*/*] and supported [application/json, application/*+json]
2025-11-21T11:57:44.697-05:00 DEBUG 11572 --- [           main] o.s.w.s.m.m.a.HttpEntityMethodProcessor  : Writing [{service=FleetGuard360 Backend, version=1.0.0, status=UP, timestamp=2025-11-21T11:57:44.696834}]
[INFO] Tests run: 2, Failures: 0, Errors: 0, Skipped: 0, Time elapsed: 12.65 s -- in com.FabricaEscuela.Feature1Back.controller.HealthControllerTest
[INFO] Running com.FabricaEscuela.Feature1Back.Feature1BackApplicationTests
2025-11-21T11:57:44.767-05:00  INFO 11572 --- [           main] t.c.s.AnnotationConfigContextLoaderUtils : Could not detect default configuration classes for test class [com.FabricaEscuela.Feature1Back.Feature1BackApplicationTests]: Feature1BackApplicationTests does not declare any static, non-private, non-final, nested classes annotated with @Configuration.
2025-11-21T11:57:44.777-05:00  INFO 11572 --- [           main] .b.t.c.SpringBootTestContextBootstrapper : Found @SpringBootConfiguration com.FabricaEscuela.Feature1Back.Feature1BackApplication for test class com.FabricaEscuela.Feature1Back.Feature1BackApplicationTests
2025-11-21T11:57:44.783-05:00  INFO 11572 --- [           main] o.s.b.d.r.RestartApplicationListener     : Restart disabled due to context in which it is running

  .   ____          _            __ _ _
 /\\ / ___'_ __ _ _(_)_ __  __ _ \ \ \ \
( ( )\___ | '_ | '_| | '_ \/ _` | \ \ \ \
 \\/  ___)| |_)| | | | | || (_| |  ) ) ) )
  '  |____| .__|_| |_|_| |_\__, | / / / /
 =========|_|==============|___/=/_/_/_/

 :: Spring Boot ::               (v3.4.10)

2025-11-21T11:57:44.825-05:00  INFO 11572 --- [           main] c.F.F.Feature1BackApplicationTests       : Starting Feature1BackApplicationTests using Java 17.0.16 with PID 11572 (started by camil in C:\Users\camil\Desktop\Apps\FabricaEscuela-2025-2\backend)
2025-11-21T11:57:44.826-05:00  INFO 11572 --- [           main] c.F.F.Feature1BackApplicationTests       : No active profile set, falling back to 1 default profile: "default"
2025-11-21T11:57:44.829-05:00 DEBUG 11572 --- [           main] o.s.w.c.s.GenericWebApplicationContext   : Refreshing org.springframework.web.context.support.GenericWebApplicationContext@2a693f93
2025-11-21T11:57:45.125-05:00  INFO 11572 --- [           main] .s.d.r.c.RepositoryConfigurationDelegate : Bootstrapping Spring Data JPA repositories in DEFAULT mode.
2025-11-21T11:57:45.154-05:00  INFO 11572 --- [           main] .s.d.r.c.RepositoryConfigurationDelegate : Finished Spring Data repository scanning in 27 ms. Found 6 JPA repository interfaces.
2025-11-21T11:57:45.282-05:00  INFO 11572 --- [           main] o.hibernate.jpa.internal.util.LogHelper  : HHH000204: Processing PersistenceUnitInfo [name: default]
2025-11-21T11:57:45.287-05:00  INFO 11572 --- [           main] o.h.c.internal.RegionFactoryInitiator    : HHH000026: Second-level cache disabled
2025-11-21T11:57:45.303-05:00  INFO 11572 --- [           main] o.s.o.j.p.SpringPersistenceUnitInfo      : No LoadTimeWeaver setup: ignoring JPA class transformer
2025-11-21T11:57:45.304-05:00  INFO 11572 --- [           main] com.zaxxer.hikari.HikariDataSource       : HikariPool-2 - Starting...
2025-11-21T11:57:45.358-05:00  INFO 11572 --- [           main] com.zaxxer.hikari.pool.HikariPool        : HikariPool-2 - Added connection org.postgresql.jdbc.PgConnection@5d53005e
2025-11-21T11:57:45.359-05:00  INFO 11572 --- [           main] com.zaxxer.hikari.HikariDataSource       : HikariPool-2 - Start completed.
2025-11-21T11:57:45.367-05:00  WARN 11572 --- [           main] org.hibernate.orm.deprecation            : HHH90000025: PostgreSQLDialect does not need to be specified explicitly using 'hibernate.dialect' (remove the property setting and it will be selected by default)
2025-11-21T11:57:45.368-05:00  INFO 11572 --- [           main] org.hibernate.orm.connections.pooling    : HHH10001005: Database info:
	Database JDBC URL [Connecting through datasource 'HikariDataSource (HikariPool-2)']
	Database driver: undefined/unknown
	Database version: 17.5
	Autocommit mode: undefined/unknown
	Isolation level: undefined/unknown
	Minimum pool size: undefined/unknown
	Maximum pool size: undefined/unknown
2025-11-21T11:57:45.465-05:00  INFO 11572 --- [           main] o.h.e.t.j.p.i.JtaPlatformInitiator       : HHH000489: No JTA platform available (set 'hibernate.transaction.jta.platform' to enable JTA platform integration)
2025-11-21T11:57:45.465-05:00 DEBUG 11572 --- [           main] org.hibernate.SQL                        : 
    set client_min_messages = WARNING
Hibernate: 
    set client_min_messages = WARNING
2025-11-21T11:57:45.466-05:00 DEBUG 11572 --- [           main] org.hibernate.SQL                        : 
    alter table if exists asignaciones_turno 
       drop constraint if exists FKp6haaj79v7oc9m48f3sfq17sg
Hibernate: 
    alter table if exists asignaciones_turno 
       drop constraint if exists FKp6haaj79v7oc9m48f3sfq17sg
2025-11-21T11:57:45.473-05:00 DEBUG 11572 --- [           main] org.hibernate.SQL                        : 
    alter table if exists asignaciones_turno 
       drop constraint if exists FK7iiprjqryxgnu27cm5rtg56d7
Hibernate: 
    alter table if exists asignaciones_turno 
       drop constraint if exists FK7iiprjqryxgnu27cm5rtg56d7
2025-11-21T11:57:45.474-05:00 DEBUG 11572 --- [           main] org.hibernate.SQL                        : 
    alter table if exists codigos_verificacion 
       drop constraint if exists FKfss8u32tb0avk5xb7jf8wbhm3
Hibernate: 
    alter table if exists codigos_verificacion 
       drop constraint if exists FKfss8u32tb0avk5xb7jf8wbhm3
2025-11-21T11:57:45.476-05:00 DEBUG 11572 --- [           main] org.hibernate.SQL                        : 
    alter table if exists conductor_ruta 
       drop constraint if exists FK2b0fyxvbbdnqocxunboej23am
Hibernate: 
    alter table if exists conductor_ruta 
       drop constraint if exists FK2b0fyxvbbdnqocxunboej23am
2025-11-21T11:57:45.478-05:00 DEBUG 11572 --- [           main] org.hibernate.SQL                        : 
    alter table if exists conductor_ruta 
       drop constraint if exists FK2k2tkqvrbkl90r1vevn3k5774
Hibernate: 
    alter table if exists conductor_ruta 
       drop constraint if exists FK2k2tkqvrbkl90r1vevn3k5774
2025-11-21T11:57:45.480-05:00 DEBUG 11572 --- [           main] org.hibernate.SQL                        : 
    alter table if exists conductores 
       drop constraint if exists FKoj9v93wn70iy0yn3rxrkcrin7
Hibernate: 
    alter table if exists conductores 
       drop constraint if exists FKoj9v93wn70iy0yn3rxrkcrin7
2025-11-21T11:57:45.481-05:00 DEBUG 11572 --- [           main] org.hibernate.SQL                        : 
    alter table if exists turnos 
       drop constraint if exists FK6jm8eks5qpx3sydm1b926dc
Hibernate: 
    alter table if exists turnos 
       drop constraint if exists FK6jm8eks5qpx3sydm1b926dc
2025-11-21T11:57:45.483-05:00 DEBUG 11572 --- [           main] org.hibernate.SQL                        : 
    drop table if exists asignaciones_turno cascade
Hibernate: 
    drop table if exists asignaciones_turno cascade
2025-11-21T11:57:45.489-05:00 DEBUG 11572 --- [           main] org.hibernate.SQL                        : 
    drop table if exists codigos_verificacion cascade
Hibernate: 
    drop table if exists codigos_verificacion cascade
2025-11-21T11:57:45.493-05:00 DEBUG 11572 --- [           main] org.hibernate.SQL                        : 
    drop table if exists conductor_ruta cascade
Hibernate: 
    drop table if exists conductor_ruta cascade
2025-11-21T11:57:45.495-05:00 DEBUG 11572 --- [           main] org.hibernate.SQL                        : 
    drop table if exists conductores cascade
Hibernate: 
    drop table if exists conductores cascade
2025-11-21T11:57:45.501-05:00 DEBUG 11572 --- [           main] org.hibernate.SQL                        : 
    drop table if exists rutas cascade
Hibernate: 
    drop table if exists rutas cascade
2025-11-21T11:57:45.506-05:00 DEBUG 11572 --- [           main] org.hibernate.SQL                        : 
    drop table if exists turnos cascade
Hibernate: 
    drop table if exists turnos cascade
2025-11-21T11:57:45.511-05:00 DEBUG 11572 --- [           main] org.hibernate.SQL                        : 
    drop table if exists usuarios cascade
Hibernate: 
    drop table if exists usuarios cascade
2025-11-21T11:57:45.517-05:00 DEBUG 11572 --- [           main] org.hibernate.SQL                        : 
    create table asignaciones_turno (
        fecha_fin date,
        fecha_inicio date not null,
        conductor_id bigint not null,
        hora_fin_real timestamp(6),
        hora_inicio_real timestamp(6),
        id bigint generated by default as identity,
        turno_id bigint not null,
        estado varchar(255) not null check (estado in ('PROGRAMADA','EN_CURSO','FINALIZADA','CANCELADA')),
        primary key (id)
    )
Hibernate: 
    create table asignaciones_turno (
        fecha_fin date,
        fecha_inicio date not null,
        conductor_id bigint not null,
        hora_fin_real timestamp(6),
        hora_inicio_real timestamp(6),
        id bigint generated by default as identity,
        turno_id bigint not null,
        estado varchar(255) not null check (estado in ('PROGRAMADA','EN_CURSO','FINALIZADA','CANCELADA')),
        primary key (id)
    )
2025-11-21T11:57:45.528-05:00 DEBUG 11572 --- [           main] org.hibernate.SQL                        : 
    create table codigos_verificacion (
        usado boolean not null,
        fecha_creacion timestamp(6) not null,
        fecha_expiracion timestamp(6) not null,
        id bigint generated by default as identity,
        usuario_id bigint not null,
        codigo varchar(255) not null,
        primary key (id)
    )
Hibernate: 
    create table codigos_verificacion (
        usado boolean not null,
        fecha_creacion timestamp(6) not null,
        fecha_expiracion timestamp(6) not null,
        id bigint generated by default as identity,
        usuario_id bigint not null,
        codigo varchar(255) not null,
        primary key (id)
    )
2025-11-21T11:57:45.533-05:00 DEBUG 11572 --- [           main] org.hibernate.SQL                        : 
    create table conductor_ruta (
        conductor_id bigint not null,
        ruta_id bigint not null
    )
Hibernate: 
    create table conductor_ruta (
        conductor_id bigint not null,
        ruta_id bigint not null
    )
2025-11-21T11:57:45.534-05:00 DEBUG 11572 --- [           main] org.hibernate.SQL                        : 
    create table conductores (
        id bigint generated by default as identity,
        usuario_id bigint not null unique,
        cedula varchar(255) not null unique,
        licencia varchar(255),
        nombre_completo varchar(255),
        telefono varchar(255),
        primary key (id)
    )
Hibernate: 
    create table conductores (
        id bigint generated by default as identity,
        usuario_id bigint not null unique,
        cedula varchar(255) not null unique,
        licencia varchar(255),
        nombre_completo varchar(255),
        telefono varchar(255),
        primary key (id)
    )
2025-11-21T11:57:45.543-05:00 DEBUG 11572 --- [           main] org.hibernate.SQL                        : 
    create table rutas (
        duracion_en_minutos integer not null,
        id bigint generated by default as identity,
        destino varchar(255) not null,
        nombre varchar(255) not null,
        origen varchar(255) not null,
        primary key (id)
    )
Hibernate: 
    create table rutas (
        duracion_en_minutos integer not null,
        id bigint generated by default as identity,
        destino varchar(255) not null,
        nombre varchar(255) not null,
        origen varchar(255) not null,
        primary key (id)
    )
2025-11-21T11:57:45.550-05:00 DEBUG 11572 --- [           main] org.hibernate.SQL                        : 
    create table turnos (
        duracion_horas integer not null,
        hora_fin time(6) not null,
        hora_inicio time(6) not null,
        numero_semana integer not null,
        id bigint generated by default as identity,
        ruta_id bigint not null,
        dia_semana varchar(255) not null check (dia_semana in ('MONDAY','TUESDAY','WEDNESDAY','THURSDAY','FRIDAY','SATURDAY','SUNDAY')),
        estado varchar(255) not null check (estado in ('ACTIVO','INACTIVO','CANCELADO')),
        primary key (id)
    )
Hibernate: 
    create table turnos (
        duracion_horas integer not null,
        hora_fin time(6) not null,
        hora_inicio time(6) not null,
        numero_semana integer not null,
        id bigint generated by default as identity,
        ruta_id bigint not null,
        dia_semana varchar(255) not null check (dia_semana in ('MONDAY','TUESDAY','WEDNESDAY','THURSDAY','FRIDAY','SATURDAY','SUNDAY')),
        estado varchar(255) not null check (estado in ('ACTIVO','INACTIVO','CANCELADO')),
        primary key (id)
    )
2025-11-21T11:57:45.558-05:00 DEBUG 11572 --- [           main] org.hibernate.SQL                        : 
    create table usuarios (
        id bigint generated by default as identity,
        cedula varchar(255) not null unique,
        correo varchar(255) not null unique,
        password varchar(255) not null,
        rol varchar(255) not null check (rol in ('ADMIN','CONDUCTOR')),
        primary key (id)
    )
Hibernate: 
    create table usuarios (
        id bigint generated by default as identity,
        cedula varchar(255) not null unique,
        correo varchar(255) not null unique,
        password varchar(255) not null,
        rol varchar(255) not null check (rol in ('ADMIN','CONDUCTOR')),
        primary key (id)
    )
2025-11-21T11:57:45.569-05:00 DEBUG 11572 --- [           main] org.hibernate.SQL                        : 
    alter table if exists asignaciones_turno 
       add constraint FKp6haaj79v7oc9m48f3sfq17sg 
       foreign key (conductor_id) 
       references conductores
Hibernate: 
    alter table if exists asignaciones_turno 
       add constraint FKp6haaj79v7oc9m48f3sfq17sg 
       foreign key (conductor_id) 
       references conductores
2025-11-21T11:57:45.574-05:00 DEBUG 11572 --- [           main] org.hibernate.SQL                        : 
    alter table if exists asignaciones_turno 
       add constraint FK7iiprjqryxgnu27cm5rtg56d7 
       foreign key (turno_id) 
       references turnos
Hibernate: 
    alter table if exists asignaciones_turno 
       add constraint FK7iiprjqryxgnu27cm5rtg56d7 
       foreign key (turno_id) 
       references turnos
2025-11-21T11:57:45.576-05:00 DEBUG 11572 --- [           main] org.hibernate.SQL                        : 
    alter table if exists codigos_verificacion 
       add constraint FKfss8u32tb0avk5xb7jf8wbhm3 
       foreign key (usuario_id) 
       references usuarios
Hibernate: 
    alter table if exists codigos_verificacion 
       add constraint FKfss8u32tb0avk5xb7jf8wbhm3 
       foreign key (usuario_id) 
       references usuarios
2025-11-21T11:57:45.580-05:00 DEBUG 11572 --- [           main] org.hibernate.SQL                        : 
    alter table if exists conductor_ruta 
       add constraint FK2b0fyxvbbdnqocxunboej23am 
       foreign key (conductor_id) 
       references conductores
Hibernate: 
    alter table if exists conductor_ruta 
       add constraint FK2b0fyxvbbdnqocxunboej23am 
       foreign key (conductor_id) 
       references conductores
2025-11-21T11:57:45.582-05:00 DEBUG 11572 --- [           main] org.hibernate.SQL                        : 
    alter table if exists conductor_ruta 
       add constraint FK2k2tkqvrbkl90r1vevn3k5774 
       foreign key (ruta_id) 
       references rutas
Hibernate: 
    alter table if exists conductor_ruta 
       add constraint FK2k2tkqvrbkl90r1vevn3k5774 
       foreign key (ruta_id) 
       references rutas
2025-11-21T11:57:45.584-05:00 DEBUG 11572 --- [           main] org.hibernate.SQL                        : 
    alter table if exists conductores 
       add constraint FKoj9v93wn70iy0yn3rxrkcrin7 
       foreign key (usuario_id) 
       references usuarios
Hibernate: 
    alter table if exists conductores 
       add constraint FKoj9v93wn70iy0yn3rxrkcrin7 
       foreign key (usuario_id) 
       references usuarios
2025-11-21T11:57:45.585-05:00 DEBUG 11572 --- [           main] org.hibernate.SQL                        : 
    alter table if exists turnos 
       add constraint FK6jm8eks5qpx3sydm1b926dc 
       foreign key (ruta_id) 
       references rutas
Hibernate: 
    alter table if exists turnos 
       add constraint FK6jm8eks5qpx3sydm1b926dc 
       foreign key (ruta_id) 
       references rutas
2025-11-21T11:57:45.587-05:00  INFO 11572 --- [           main] j.LocalContainerEntityManagerFactoryBean : Initialized JPA EntityManagerFactory for persistence unit 'default'
2025-11-21T11:57:45.763-05:00  WARN 11572 --- [           main] JpaBaseConfiguration$JpaWebConfiguration : spring.jpa.open-in-view is enabled by default. Therefore, database queries may be performed during view rendering. Explicitly configure spring.jpa.open-in-view to disable this warning
2025-11-21T11:57:45.772-05:00  WARN 11572 --- [           main] .s.s.UserDetailsServiceAutoConfiguration : 

Using generated security password: b1ea472c-6245-4bf1-80e4-d35a4d31cc9e

This generated password is for development use only. Your security configuration must be updated before running your application in production.

2025-11-21T11:57:45.774-05:00  INFO 11572 --- [           main] r$InitializeUserDetailsManagerConfigurer : Global AuthenticationManager configured with UserDetailsService bean with name inMemoryUserDetailsManager
2025-11-21T11:57:45.791-05:00  INFO 11572 --- [           main] o.s.b.a.w.s.WelcomePageHandlerMapping    : Adding welcome page: class path resource [static/index.html]
2025-11-21T11:57:45.828-05:00 DEBUG 11572 --- [           main] s.w.s.m.m.a.RequestMappingHandlerMapping : 42 mappings in 'requestMappingHandlerMapping'
2025-11-21T11:57:45.885-05:00 DEBUG 11572 --- [           main] o.s.w.s.handler.SimpleUrlHandlerMapping  : Patterns [/webjars/**, /**] in 'resourceHandlerMapping'
2025-11-21T11:57:45.974-05:00 DEBUG 11572 --- [           main] s.w.s.m.m.a.RequestMappingHandlerAdapter : ControllerAdvice beans: 0 @ModelAttribute, 0 @InitBinder, 1 RequestBodyAdvice, 1 ResponseBodyAdvice
2025-11-21T11:57:45.984-05:00 DEBUG 11572 --- [           main] .m.m.a.ExceptionHandlerExceptionResolver : ControllerAdvice beans: 0 @ExceptionHandler, 1 ResponseBodyAdvice
2025-11-21T11:57:46.031-05:00  INFO 11572 --- [           main] c.F.F.Feature1BackApplicationTests       : Started Feature1BackApplicationTests in 1.249 seconds (process running for 15.344)
2025-11-21T11:57:46.036-05:00 DEBUG 11572 --- [           main] org.hibernate.SQL                        : 
    select
        u1_0.id,
        u1_0.cedula,
        u1_0.correo,
        u1_0.password,
        u1_0.rol 
    from
        usuarios u1_0 
    where
        u1_0.correo=?
Hibernate: 
    select
        u1_0.id,
        u1_0.cedula,
        u1_0.correo,
        u1_0.password,
        u1_0.rol 
    from
        usuarios u1_0 
    where
        u1_0.correo=?
2025-11-21T11:57:46.111-05:00 DEBUG 11572 --- [           main] org.hibernate.SQL                        : 
    insert 
    into
        usuarios
        (cedula, correo, password, rol) 
    values
        (?, ?, ?, ?)
Hibernate: 
    insert 
    into
        usuarios
        (cedula, correo, password, rol) 
    values
        (?, ?, ?, ?)
? Usuario admin creado:
  Correo: camiloike2@gmail.com
  CÚdula: 123456
  Contrase±a: 123456
2025-11-21T11:57:46.125-05:00 DEBUG 11572 --- [           main] org.hibernate.SQL                        : 
    select
        u1_0.id,
        u1_0.cedula,
        u1_0.correo,
        u1_0.password,
        u1_0.rol 
    from
        usuarios u1_0 
    where
        u1_0.cedula=?
Hibernate: 
    select
        u1_0.id,
        u1_0.cedula,
        u1_0.correo,
        u1_0.password,
        u1_0.rol 
    from
        usuarios u1_0 
    where
        u1_0.cedula=?
2025-11-21T11:57:46.196-05:00 DEBUG 11572 --- [           main] org.hibernate.SQL                        : 
    insert 
    into
        usuarios
        (cedula, correo, password, rol) 
    values
        (?, ?, ?, ?)
Hibernate: 
    insert 
    into
        usuarios
        (cedula, correo, password, rol) 
    values
        (?, ?, ?, ?)
2025-11-21T11:57:46.199-05:00 DEBUG 11572 --- [           main] org.hibernate.SQL                        : 
    insert 
    into
        conductores
        (cedula, licencia, nombre_completo, telefono, usuario_id) 
    values
        (?, ?, ?, ?, ?)
Hibernate: 
    insert 
    into
        conductores
        (cedula, licencia, nombre_completo, telefono, usuario_id) 
    values
        (?, ?, ?, ?, ?)
? Conductor completo creado:
  Nombre: Juan PÚrez Gonzßlez
  CÚdula: 1144199553
  Correo: conductor@fleet.com
  Contrase±a: password
2025-11-21T11:57:46.204-05:00 DEBUG 11572 --- [           main] org.hibernate.SQL                        : 
    select
        r1_0.id,
        r1_0.destino,
        r1_0.duracion_en_minutos,
        r1_0.nombre,
        r1_0.origen 
    from
        rutas r1_0
Hibernate: 
    select
        r1_0.id,
        r1_0.destino,
        r1_0.duracion_en_minutos,
        r1_0.nombre,
        r1_0.origen 
    from
        rutas r1_0
2025-11-21T11:57:46.207-05:00 DEBUG 11572 --- [           main] org.hibernate.SQL                        : 
    insert 
    into
        rutas
        (destino, duracion_en_minutos, nombre, origen) 
    values
        (?, ?, ?, ?)
Hibernate: 
    insert 
    into
        rutas
        (destino, duracion_en_minutos, nombre, origen) 
    values
        (?, ?, ?, ?)
? Ruta creada: Ruta Norte 1
2025-11-21T11:57:46.213-05:00 DEBUG 11572 --- [           main] org.hibernate.SQL                        : 
    select
        t1_0.id,
        t1_0.dia_semana,
        t1_0.duracion_horas,
        t1_0.estado,
        t1_0.hora_fin,
        t1_0.hora_inicio,
        t1_0.numero_semana,
        t1_0.ruta_id 
    from
        turnos t1_0 
    where
        t1_0.ruta_id=? 
        and t1_0.dia_semana=?
Hibernate: 
    select
        t1_0.id,
        t1_0.dia_semana,
        t1_0.duracion_horas,
        t1_0.estado,
        t1_0.hora_fin,
        t1_0.hora_inicio,
        t1_0.numero_semana,
        t1_0.ruta_id 
    from
        turnos t1_0 
    where
        t1_0.ruta_id=? 
        and t1_0.dia_semana=?
2025-11-21T11:57:46.214-05:00 DEBUG 11572 --- [           main] org.hibernate.SQL                        : 
    insert 
    into
        turnos
        (dia_semana, duracion_horas, estado, hora_fin, hora_inicio, numero_semana, ruta_id) 
    values
        (?, ?, ?, ?, ?, ?, ?)
Hibernate: 
    insert 
    into
        turnos
        (dia_semana, duracion_horas, estado, hora_fin, hora_inicio, numero_semana, ruta_id) 
    values
        (?, ?, ?, ?, ?, ?, ?)
? Turno creado para HOY (FRIDAY): 06:00-14:00
2025-11-21T11:57:46.218-05:00 DEBUG 11572 --- [           main] org.hibernate.SQL                        : 
    select
        t1_0.id,
        t1_0.dia_semana,
        t1_0.duracion_horas,
        t1_0.estado,
        t1_0.hora_fin,
        t1_0.hora_inicio,
        t1_0.numero_semana,
        t1_0.ruta_id 
    from
        turnos t1_0 
    where
        t1_0.ruta_id=? 
        and t1_0.dia_semana=?
Hibernate: 
    select
        t1_0.id,
        t1_0.dia_semana,
        t1_0.duracion_horas,
        t1_0.estado,
        t1_0.hora_fin,
        t1_0.hora_inicio,
        t1_0.numero_semana,
        t1_0.ruta_id 
    from
        turnos t1_0 
    where
        t1_0.ruta_id=? 
        and t1_0.dia_semana=?
2025-11-21T11:57:46.220-05:00 DEBUG 11572 --- [           main] org.hibernate.SQL                        : 
    insert 
    into
        turnos
        (dia_semana, duracion_horas, estado, hora_fin, hora_inicio, numero_semana, ruta_id) 
    values
        (?, ?, ?, ?, ?, ?, ?)
Hibernate: 
    insert 
    into
        turnos
        (dia_semana, duracion_horas, estado, hora_fin, hora_inicio, numero_semana, ruta_id) 
    values
        (?, ?, ?, ?, ?, ?, ?)
? Turno creado para MAÐANA (SATURDAY): 06:00-14:00
2025-11-21T11:57:46.224-05:00 DEBUG 11572 --- [           main] org.hibernate.SQL                        : 
    select
        at1_0.id,
        at1_0.conductor_id,
        at1_0.estado,
        at1_0.fecha_fin,
        at1_0.fecha_inicio,
        at1_0.hora_fin_real,
        at1_0.hora_inicio_real,
        at1_0.turno_id 
    from
        asignaciones_turno at1_0 
    where
        at1_0.conductor_id=? 
        and at1_0.fecha_inicio=?
Hibernate: 
    select
        at1_0.id,
        at1_0.conductor_id,
        at1_0.estado,
        at1_0.fecha_fin,
        at1_0.fecha_inicio,
        at1_0.hora_fin_real,
        at1_0.hora_inicio_real,
        at1_0.turno_id 
    from
        asignaciones_turno at1_0 
    where
        at1_0.conductor_id=? 
        and at1_0.fecha_inicio=?
2025-11-21T11:57:46.227-05:00 DEBUG 11572 --- [           main] org.hibernate.SQL                        : 
    insert 
    into
        asignaciones_turno
        (conductor_id, estado, fecha_fin, fecha_inicio, hora_fin_real, hora_inicio_real, turno_id) 
    values
        (?, ?, ?, ?, ?, ?, ?)
Hibernate: 
    insert 
    into
        asignaciones_turno
        (conductor_id, estado, fecha_fin, fecha_inicio, hora_fin_real, hora_inicio_real, turno_id) 
    values
        (?, ?, ?, ?, ?, ?, ?)
? Turno de HOY asignado a Juan PÚrez Gonzßlez
2025-11-21T11:57:46.231-05:00 DEBUG 11572 --- [           main] org.hibernate.SQL                        : 
    select
        at1_0.id,
        at1_0.conductor_id,
        at1_0.estado,
        at1_0.fecha_fin,
        at1_0.fecha_inicio,
        at1_0.hora_fin_real,
        at1_0.hora_inicio_real,
        at1_0.turno_id 
    from
        asignaciones_turno at1_0 
    where
        at1_0.conductor_id=? 
        and at1_0.fecha_inicio=?
Hibernate: 
    select
        at1_0.id,
        at1_0.conductor_id,
        at1_0.estado,
        at1_0.fecha_fin,
        at1_0.fecha_inicio,
        at1_0.hora_fin_real,
        at1_0.hora_inicio_real,
        at1_0.turno_id 
    from
        asignaciones_turno at1_0 
    where
        at1_0.conductor_id=? 
        and at1_0.fecha_inicio=?
2025-11-21T11:57:46.234-05:00 DEBUG 11572 --- [           main] org.hibernate.SQL                        : 
    insert 
    into
        asignaciones_turno
        (conductor_id, estado, fecha_fin, fecha_inicio, hora_fin_real, hora_inicio_real, turno_id) 
    values
        (?, ?, ?, ?, ?, ?, ?)
Hibernate: 
    insert 
    into
        asignaciones_turno
        (conductor_id, estado, fecha_fin, fecha_inicio, hora_fin_real, hora_inicio_real, turno_id) 
    values
        (?, ?, ?, ?, ?, ?, ?)
? Turno de MAÐANA asignado a Juan PÚrez Gonzßlez

====================================
? Base de datos inicializada
====================================

[INFO] Tests run: 1, Failures: 0, Errors: 0, Skipped: 0, Time elapsed: 1.482 s -- in com.FabricaEscuela.Feature1Back.Feature1BackApplicationTests
[INFO] Running com.FabricaEscuela.Feature1Back.repository.TurnoRepositoryTest
2025-11-21T11:57:46.257-05:00  INFO 11572 --- [           main] t.c.s.AnnotationConfigContextLoaderUtils : Could not detect default configuration classes for test class [com.FabricaEscuela.Feature1Back.repository.TurnoRepositoryTest]: TurnoRepositoryTest does not declare any static, non-private, non-final, nested classes annotated with @Configuration.
2025-11-21T11:57:46.304-05:00  INFO 11572 --- [           main] .b.t.c.SpringBootTestContextBootstrapper : Found @SpringBootConfiguration com.FabricaEscuela.Feature1Back.Feature1BackApplication for test class com.FabricaEscuela.Feature1Back.repository.TurnoRepositoryTest
2025-11-21T11:57:46.308-05:00  INFO 11572 --- [           main] o.s.b.d.r.RestartApplicationListener     : Restart disabled due to context in which it is running

  .   ____          _            __ _ _
 /\\ / ___'_ __ _ _(_)_ __  __ _ \ \ \ \
( ( )\___ | '_ | '_| | '_ \/ _` | \ \ \ \
 \\/  ___)| |_)| | | | | || (_| |  ) ) ) )
  '  |____| .__|_| |_|_| |_\__, | / / / /
 =========|_|==============|___/=/_/_/_/

 :: Spring Boot ::               (v3.4.10)

2025-11-21T11:57:46.352-05:00  INFO 11572 --- [           main] c.F.F.repository.TurnoRepositoryTest     : Starting TurnoRepositoryTest using Java 17.0.16 with PID 11572 (started by camil in C:\Users\camil\Desktop\Apps\FabricaEscuela-2025-2\backend)
2025-11-21T11:57:46.352-05:00  INFO 11572 --- [           main] c.F.F.repository.TurnoRepositoryTest     : No active profile set, falling back to 1 default profile: "default"
2025-11-21T11:57:46.475-05:00  INFO 11572 --- [           main] .s.d.r.c.RepositoryConfigurationDelegate : Bootstrapping Spring Data JPA repositories in DEFAULT mode.
2025-11-21T11:57:46.504-05:00  INFO 11572 --- [           main] .s.d.r.c.RepositoryConfigurationDelegate : Finished Spring Data repository scanning in 27 ms. Found 6 JPA repository interfaces.
2025-11-21T11:57:46.525-05:00  INFO 11572 --- [           main] beddedDataSourceBeanFactoryPostProcessor : Replacing 'dataSource' DataSource bean with embedded version
2025-11-21T11:57:46.558-05:00  INFO 11572 --- [           main] o.s.j.d.e.EmbeddedDatabaseFactory        : Starting embedded database: url='jdbc:h2:mem:ef67a7f4-2320-47d8-9a6f-a40cc21cc958;DB_CLOSE_DELAY=-1;DB_CLOSE_ON_EXIT=false', username='sa'
2025-11-21T11:57:46.945-05:00  INFO 11572 --- [           main] o.hibernate.jpa.internal.util.LogHelper  : HHH000204: Processing PersistenceUnitInfo [name: default]
2025-11-21T11:57:46.950-05:00  INFO 11572 --- [           main] o.h.c.internal.RegionFactoryInitiator    : HHH000026: Second-level cache disabled
2025-11-21T11:57:46.963-05:00  INFO 11572 --- [           main] o.s.o.j.p.SpringPersistenceUnitInfo      : No LoadTimeWeaver setup: ignoring JPA class transformer
2025-11-21T11:57:46.974-05:00  WARN 11572 --- [           main] org.hibernate.dialect.Dialect            : HHH000511: The 2.3.232 version for [org.hibernate.dialect.PostgreSQLDialect] is no longer supported, hence certain features may not work properly. The minimum supported version is 12.0.0. Check the community dialects project for available legacy versions.
2025-11-21T11:57:46.974-05:00  WARN 11572 --- [           main] org.hibernate.orm.deprecation            : HHH90000025: PostgreSQLDialect does not need to be specified explicitly using 'hibernate.dialect' (remove the property setting and it will be selected by default)
2025-11-21T11:57:46.993-05:00  INFO 11572 --- [           main] org.hibernate.orm.connections.pooling    : HHH10001005: Database info:
	Database JDBC URL [Connecting through datasource 'org.springframework.jdbc.datasource.embedded.EmbeddedDatabaseFactory$EmbeddedDataSourceProxy@6ed2b6ac']
	Database driver: undefined/unknown
	Database version: 2.3.232
	Autocommit mode: undefined/unknown
	Isolation level: undefined/unknown
	Minimum pool size: undefined/unknown
	Maximum pool size: undefined/unknown
2025-11-21T11:57:47.083-05:00  INFO 11572 --- [           main] o.h.e.t.j.p.i.JtaPlatformInitiator       : HHH000489: No JTA platform available (set 'hibernate.transaction.jta.platform' to enable JTA platform integration)
2025-11-21T11:57:47.083-05:00 DEBUG 11572 --- [           main] org.hibernate.SQL                        : 
    set client_min_messages = WARNING
Hibernate: 
    set client_min_messages = WARNING
2025-11-21T11:57:47.089-05:00  WARN 11572 --- [           main] o.h.t.s.i.ExceptionHandlerLoggedImpl     : GenerationTarget encountered exception accepting command : Error executing DDL "
    set client_min_messages = WARNING" via JDBC [Error de Sintaxis en sentencia SQL "\000d\000a    set [*]client_min_messages = WARNING"; se esperaba "@, AUTOCOMMIT, EXCLUSIVE, IGNORECASE, PASSWORD, SALT, MODE, DATABASE, COLLATION, CLUSTER, DATABASE_EVENT_LISTENER, ALLOW_LITERALS, DEFAULT_TABLE_TYPE, SCHEMA, CATALOG, SCHEMA_SEARCH_PATH, JAVA_OBJECT_SERIALIZER, IGNORE_CATALOGS, SESSION, TRANSACTION, TIME, NON_KEYWORDS, DEFAULT_NULL_ORDERING"
Syntax error in SQL statement "\000d\000a    set [*]client_min_messages = WARNING"; expected "@, AUTOCOMMIT, EXCLUSIVE, IGNORECASE, PASSWORD, SALT, MODE, DATABASE, COLLATION, CLUSTER, DATABASE_EVENT_LISTENER, ALLOW_LITERALS, DEFAULT_TABLE_TYPE, SCHEMA, CATALOG, SCHEMA_SEARCH_PATH, JAVA_OBJECT_SERIALIZER, IGNORE_CATALOGS, SESSION, TRANSACTION, TIME, NON_KEYWORDS, DEFAULT_NULL_ORDERING";]

org.hibernate.tool.schema.spi.CommandAcceptanceException: Error executing DDL "
    set client_min_messages = WARNING" via JDBC [Error de Sintaxis en sentencia SQL "\000d\000a    set [*]client_min_messages = WARNING"; se esperaba "@, AUTOCOMMIT, EXCLUSIVE, IGNORECASE, PASSWORD, SALT, MODE, DATABASE, COLLATION, CLUSTER, DATABASE_EVENT_LISTENER, ALLOW_LITERALS, DEFAULT_TABLE_TYPE, SCHEMA, CATALOG, SCHEMA_SEARCH_PATH, JAVA_OBJECT_SERIALIZER, IGNORE_CATALOGS, SESSION, TRANSACTION, TIME, NON_KEYWORDS, DEFAULT_NULL_ORDERING"
Syntax error in SQL statement "\000d\000a    set [*]client_min_messages = WARNING"; expected "@, AUTOCOMMIT, EXCLUSIVE, IGNORECASE, PASSWORD, SALT, MODE, DATABASE, COLLATION, CLUSTER, DATABASE_EVENT_LISTENER, ALLOW_LITERALS, DEFAULT_TABLE_TYPE, SCHEMA, CATALOG, SCHEMA_SEARCH_PATH, JAVA_OBJECT_SERIALIZER, IGNORE_CATALOGS, SESSION, TRANSACTION, TIME, NON_KEYWORDS, DEFAULT_NULL_ORDERING";]
	at org.hibernate.tool.schema.internal.exec.GenerationTargetToDatabase.accept(GenerationTargetToDatabase.java:94) ~[hibernate-core-6.6.29.Final.jar:6.6.29.Final]
	at org.hibernate.tool.schema.internal.Helper.applySqlString(Helper.java:233) ~[hibernate-core-6.6.29.Final.jar:6.6.29.Final]
	at org.hibernate.tool.schema.internal.SchemaDropperImpl.dropFromMetadata(SchemaDropperImpl.java:213) ~[hibernate-core-6.6.29.Final.jar:6.6.29.Final]
	at org.hibernate.tool.schema.internal.SchemaDropperImpl.performDrop(SchemaDropperImpl.java:186) ~[hibernate-core-6.6.29.Final.jar:6.6.29.Final]
	at org.hibernate.tool.schema.internal.SchemaDropperImpl.doDrop(SchemaDropperImpl.java:156) ~[hibernate-core-6.6.29.Final.jar:6.6.29.Final]
	at org.hibernate.tool.schema.internal.SchemaDropperImpl.doDrop(SchemaDropperImpl.java:116) ~[hibernate-core-6.6.29.Final.jar:6.6.29.Final]
	at org.hibernate.tool.schema.spi.SchemaManagementToolCoordinator.performDatabaseAction(SchemaManagementToolCoordinator.java:238) ~[hibernate-core-6.6.29.Final.jar:6.6.29.Final]
	at org.hibernate.tool.schema.spi.SchemaManagementToolCoordinator.lambda$process$5(SchemaManagementToolCoordinator.java:144) ~[hibernate-core-6.6.29.Final.jar:6.6.29.Final]
	at java.base/java.util.HashMap.forEach(HashMap.java:1421) ~[na:na]
	at org.hibernate.tool.schema.spi.SchemaManagementToolCoordinator.process(SchemaManagementToolCoordinator.java:141) ~[hibernate-core-6.6.29.Final.jar:6.6.29.Final]
	at org.hibernate.boot.internal.SessionFactoryObserverForSchemaExport.sessionFactoryCreated(SessionFactoryObserverForSchemaExport.java:37) ~[hibernate-core-6.6.29.Final.jar:6.6.29.Final]
	at org.hibernate.internal.SessionFactoryObserverChain.sessionFactoryCreated(SessionFactoryObserverChain.java:35) ~[hibernate-core-6.6.29.Final.jar:6.6.29.Final]
	at org.hibernate.internal.SessionFactoryImpl.<init>(SessionFactoryImpl.java:324) ~[hibernate-core-6.6.29.Final.jar:6.6.29.Final]
	at org.hibernate.boot.internal.SessionFactoryBuilderImpl.build(SessionFactoryBuilderImpl.java:463) ~[hibernate-core-6.6.29.Final.jar:6.6.29.Final]
	at org.hibernate.jpa.boot.internal.EntityManagerFactoryBuilderImpl.build(EntityManagerFactoryBuilderImpl.java:1517) ~[hibernate-core-6.6.29.Final.jar:6.6.29.Final]
	at org.springframework.orm.jpa.vendor.SpringHibernateJpaPersistenceProvider.createContainerEntityManagerFactory(SpringHibernateJpaPersistenceProvider.java:66) ~[spring-orm-6.2.11.jar:6.2.11]
	at org.springframework.orm.jpa.LocalContainerEntityManagerFactoryBean.createNativeEntityManagerFactory(LocalContainerEntityManagerFactoryBean.java:390) ~[spring-orm-6.2.11.jar:6.2.11]
	at org.springframework.orm.jpa.AbstractEntityManagerFactoryBean.buildNativeEntityManagerFactory(AbstractEntityManagerFactoryBean.java:419) ~[spring-orm-6.2.11.jar:6.2.11]
	at org.springframework.orm.jpa.AbstractEntityManagerFactoryBean.afterPropertiesSet(AbstractEntityManagerFactoryBean.java:400) ~[spring-orm-6.2.11.jar:6.2.11]
	at org.springframework.orm.jpa.LocalContainerEntityManagerFactoryBean.afterPropertiesSet(LocalContainerEntityManagerFactoryBean.java:366) ~[spring-orm-6.2.11.jar:6.2.11]
	at org.springframework.beans.factory.support.AbstractAutowireCapableBeanFactory.invokeInitMethods(AbstractAutowireCapableBeanFactory.java:1873) ~[spring-beans-6.2.11.jar:6.2.11]
	at org.springframework.beans.factory.support.AbstractAutowireCapableBeanFactory.initializeBean(AbstractAutowireCapableBeanFactory.java:1822) ~[spring-beans-6.2.11.jar:6.2.11]
	at org.springframework.beans.factory.support.AbstractAutowireCapableBeanFactory.doCreateBean(AbstractAutowireCapableBeanFactory.java:607) ~[spring-beans-6.2.11.jar:6.2.11]
	at org.springframework.beans.factory.support.AbstractAutowireCapableBeanFactory.createBean(AbstractAutowireCapableBeanFactory.java:529) ~[spring-beans-6.2.11.jar:6.2.11]
	at org.springframework.beans.factory.support.AbstractBeanFactory.lambda$doGetBean$0(AbstractBeanFactory.java:339) ~[spring-beans-6.2.11.jar:6.2.11]
	at org.springframework.beans.factory.support.DefaultSingletonBeanRegistry.getSingleton(DefaultSingletonBeanRegistry.java:373) ~[spring-beans-6.2.11.jar:6.2.11]
	at org.springframework.beans.factory.support.AbstractBeanFactory.doGetBean(AbstractBeanFactory.java:337) ~[spring-beans-6.2.11.jar:6.2.11]
	at org.springframework.beans.factory.support.AbstractBeanFactory.getBean(AbstractBeanFactory.java:207) ~[spring-beans-6.2.11.jar:6.2.11]
	at org.springframework.context.support.AbstractApplicationContext.finishBeanFactoryInitialization(AbstractApplicationContext.java:970) ~[spring-context-6.2.11.jar:6.2.11]
	at org.springframework.context.support.AbstractApplicationContext.refresh(AbstractApplicationContext.java:627) ~[spring-context-6.2.11.jar:6.2.11]
	at org.springframework.boot.SpringApplication.refresh(SpringApplication.java:752) ~[spring-boot-3.4.10.jar:3.4.10]
	at org.springframework.boot.SpringApplication.refreshContext(SpringApplication.java:439) ~[spring-boot-3.4.10.jar:3.4.10]
	at org.springframework.boot.SpringApplication.run(SpringApplication.java:318) ~[spring-boot-3.4.10.jar:3.4.10]
	at org.springframework.boot.test.context.SpringBootContextLoader.lambda$loadContext$3(SpringBootContextLoader.java:144) ~[spring-boot-test-3.4.10.jar:3.4.10]
	at org.springframework.util.function.ThrowingSupplier.get(ThrowingSupplier.java:58) ~[spring-core-6.2.11.jar:6.2.11]
	at org.springframework.util.function.ThrowingSupplier.get(ThrowingSupplier.java:46) ~[spring-core-6.2.11.jar:6.2.11]
	at org.springframework.boot.SpringApplication.withHook(SpringApplication.java:1461) ~[spring-boot-3.4.10.jar:3.4.10]
	at org.springframework.boot.test.context.SpringBootContextLoader$ContextLoaderHook.run(SpringBootContextLoader.java:563) ~[spring-boot-test-3.4.10.jar:3.4.10]
	at org.springframework.boot.test.context.SpringBootContextLoader.loadContext(SpringBootContextLoader.java:144) ~[spring-boot-test-3.4.10.jar:3.4.10]
	at org.springframework.boot.test.context.SpringBootContextLoader.loadContext(SpringBootContextLoader.java:110) ~[spring-boot-test-3.4.10.jar:3.4.10]
	at org.springframework.test.context.cache.DefaultCacheAwareContextLoaderDelegate.loadContextInternal(DefaultCacheAwareContextLoaderDelegate.java:225) ~[spring-test-6.2.11.jar:6.2.11]
	at org.springframework.test.context.cache.DefaultCacheAwareContextLoaderDelegate.loadContext(DefaultCacheAwareContextLoaderDelegate.java:152) ~[spring-test-6.2.11.jar:6.2.11]
	at org.springframework.test.context.support.DefaultTestContext.getApplicationContext(DefaultTestContext.java:130) ~[spring-test-6.2.11.jar:6.2.11]
	at org.springframework.test.context.support.DependencyInjectionTestExecutionListener.injectDependencies(DependencyInjectionTestExecutionListener.java:155) ~[spring-test-6.2.11.jar:6.2.11]
	at org.springframework.test.context.support.DependencyInjectionTestExecutionListener.prepareTestInstance(DependencyInjectionTestExecutionListener.java:111) ~[spring-test-6.2.11.jar:6.2.11]
	at org.springframework.test.context.TestContextManager.prepareTestInstance(TestContextManager.java:260) ~[spring-test-6.2.11.jar:6.2.11]
	at org.springframework.test.context.junit.jupiter.SpringExtension.postProcessTestInstance(SpringExtension.java:159) ~[spring-test-6.2.11.jar:6.2.11]
	at org.junit.jupiter.engine.descriptor.ClassBasedTestDescriptor.lambda$invokeTestInstancePostProcessors$11(ClassBasedTestDescriptor.java:378) ~[junit-jupiter-engine-5.11.4.jar:5.11.4]
	at org.junit.jupiter.engine.descriptor.ClassBasedTestDescriptor.executeAndMaskThrowable(ClassBasedTestDescriptor.java:383) ~[junit-jupiter-engine-5.11.4.jar:5.11.4]
	at org.junit.jupiter.engine.descriptor.ClassBasedTestDescriptor.lambda$invokeTestInstancePostProcessors$12(ClassBasedTestDescriptor.java:378) ~[junit-jupiter-engine-5.11.4.jar:5.11.4]
	at java.base/java.util.stream.ForEachOps$ForEachOp$OfRef.accept(ForEachOps.java:183) ~[na:na]
	at java.base/java.util.stream.ReferencePipeline$3$1.accept(ReferencePipeline.java:197) ~[na:na]
	at java.base/java.util.stream.ReferencePipeline$2$1.accept(ReferencePipeline.java:179) ~[na:na]
	at java.base/java.util.stream.ReferencePipeline$3$1.accept(ReferencePipeline.java:197) ~[na:na]
	at java.base/java.util.ArrayList$ArrayListSpliterator.forEachRemaining(ArrayList.java:1625) ~[na:na]
	at java.base/java.util.stream.AbstractPipeline.copyInto(AbstractPipeline.java:509) ~[na:na]
	at java.base/java.util.stream.AbstractPipeline.wrapAndCopyInto(AbstractPipeline.java:499) ~[na:na]
	at java.base/java.util.stream.ForEachOps$ForEachOp.evaluateSequential(ForEachOps.java:150) ~[na:na]
	at java.base/java.util.stream.ForEachOps$ForEachOp$OfRef.evaluateSequential(ForEachOps.java:173) ~[na:na]
	at java.base/java.util.stream.AbstractPipeline.evaluate(AbstractPipeline.java:234) ~[na:na]
	at java.base/java.util.stream.ReferencePipeline.forEach(ReferencePipeline.java:596) ~[na:na]
	at org.junit.jupiter.engine.descriptor.ClassBasedTestDescriptor.invokeTestInstancePostProcessors(ClassBasedTestDescriptor.java:377) ~[junit-jupiter-engine-5.11.4.jar:5.11.4]
	at org.junit.jupiter.engine.descriptor.ClassBasedTestDescriptor.lambda$instantiateAndPostProcessTestInstance$7(ClassBasedTestDescriptor.java:290) ~[junit-jupiter-engine-5.11.4.jar:5.11.4]
	at org.junit.platform.engine.support.hierarchical.ThrowableCollector.execute(ThrowableCollector.java:73) ~[junit-platform-engine-1.11.4.jar:1.11.4]
	at org.junit.jupiter.engine.descriptor.ClassBasedTestDescriptor.instantiateAndPostProcessTestInstance(ClassBasedTestDescriptor.java:289) ~[junit-jupiter-engine-5.11.4.jar:5.11.4]
	at org.junit.jupiter.engine.descriptor.ClassBasedTestDescriptor.lambda$testInstancesProvider$5(ClassBasedTestDescriptor.java:279) ~[junit-jupiter-engine-5.11.4.jar:5.11.4]
	at java.base/java.util.Optional.orElseGet(Optional.java:364) ~[na:na]
	at org.junit.jupiter.engine.descriptor.ClassBasedTestDescriptor.lambda$testInstancesProvider$6(ClassBasedTestDescriptor.java:278) ~[junit-jupiter-engine-5.11.4.jar:5.11.4]
	at org.junit.jupiter.engine.execution.TestInstancesProvider.getTestInstances(TestInstancesProvider.java:31) ~[junit-jupiter-engine-5.11.4.jar:5.11.4]
	at org.junit.jupiter.engine.descriptor.TestMethodTestDescriptor.lambda$prepare$1(TestMethodTestDescriptor.java:105) ~[junit-jupiter-engine-5.11.4.jar:5.11.4]
	at org.junit.platform.engine.support.hierarchical.ThrowableCollector.execute(ThrowableCollector.java:73) ~[junit-platform-engine-1.11.4.jar:1.11.4]
	at org.junit.jupiter.engine.descriptor.TestMethodTestDescriptor.prepare(TestMethodTestDescriptor.java:104) ~[junit-jupiter-engine-5.11.4.jar:5.11.4]
	at org.junit.jupiter.engine.descriptor.TestMethodTestDescriptor.prepare(TestMethodTestDescriptor.java:68) ~[junit-jupiter-engine-5.11.4.jar:5.11.4]
	at org.junit.platform.engine.support.hierarchical.NodeTestTask.lambda$prepare$2(NodeTestTask.java:128) ~[junit-platform-engine-1.11.4.jar:1.11.4]
	at org.junit.platform.engine.support.hierarchical.ThrowableCollector.execute(ThrowableCollector.java:73) ~[junit-platform-engine-1.11.4.jar:1.11.4]
	at org.junit.platform.engine.support.hierarchical.NodeTestTask.prepare(NodeTestTask.java:128) ~[junit-platform-engine-1.11.4.jar:1.11.4]
	at org.junit.platform.engine.support.hierarchical.NodeTestTask.execute(NodeTestTask.java:95) ~[junit-platform-engine-1.11.4.jar:1.11.4]
	at java.base/java.util.ArrayList.forEach(ArrayList.java:1511) ~[na:na]
	at org.junit.platform.engine.support.hierarchical.SameThreadHierarchicalTestExecutorService.invokeAll(SameThreadHierarchicalTestExecutorService.java:41) ~[junit-platform-engine-1.11.4.jar:1.11.4]
	at org.junit.platform.engine.support.hierarchical.NodeTestTask.lambda$executeRecursively$6(NodeTestTask.java:160) ~[junit-platform-engine-1.11.4.jar:1.11.4]
	at org.junit.platform.engine.support.hierarchical.ThrowableCollector.execute(ThrowableCollector.java:73) ~[junit-platform-engine-1.11.4.jar:1.11.4]
	at org.junit.platform.engine.support.hierarchical.NodeTestTask.lambda$executeRecursively$8(NodeTestTask.java:146) ~[junit-platform-engine-1.11.4.jar:1.11.4]
	at org.junit.platform.engine.support.hierarchical.Node.around(Node.java:137) ~[junit-platform-engine-1.11.4.jar:1.11.4]
	at org.junit.platform.engine.support.hierarchical.NodeTestTask.lambda$executeRecursively$9(NodeTestTask.java:144) ~[junit-platform-engine-1.11.4.jar:1.11.4]
	at org.junit.platform.engine.support.hierarchical.ThrowableCollector.execute(ThrowableCollector.java:73) ~[junit-platform-engine-1.11.4.jar:1.11.4]
	at org.junit.platform.engine.support.hierarchical.NodeTestTask.executeRecursively(NodeTestTask.java:143) ~[junit-platform-engine-1.11.4.jar:1.11.4]
	at org.junit.platform.engine.support.hierarchical.NodeTestTask.execute(NodeTestTask.java:100) ~[junit-platform-engine-1.11.4.jar:1.11.4]
	at java.base/java.util.ArrayList.forEach(ArrayList.java:1511) ~[na:na]
	at org.junit.platform.engine.support.hierarchical.SameThreadHierarchicalTestExecutorService.invokeAll(SameThreadHierarchicalTestExecutorService.java:41) ~[junit-platform-engine-1.11.4.jar:1.11.4]
	at org.junit.platform.engine.support.hierarchical.NodeTestTask.lambda$executeRecursively$6(NodeTestTask.java:160) ~[junit-platform-engine-1.11.4.jar:1.11.4]
	at org.junit.platform.engine.support.hierarchical.ThrowableCollector.execute(ThrowableCollector.java:73) ~[junit-platform-engine-1.11.4.jar:1.11.4]
	at org.junit.platform.engine.support.hierarchical.NodeTestTask.lambda$executeRecursively$8(NodeTestTask.java:146) ~[junit-platform-engine-1.11.4.jar:1.11.4]
	at org.junit.platform.engine.support.hierarchical.Node.around(Node.java:137) ~[junit-platform-engine-1.11.4.jar:1.11.4]
	at org.junit.platform.engine.support.hierarchical.NodeTestTask.lambda$executeRecursively$9(NodeTestTask.java:144) ~[junit-platform-engine-1.11.4.jar:1.11.4]
	at org.junit.platform.engine.support.hierarchical.ThrowableCollector.execute(ThrowableCollector.java:73) ~[junit-platform-engine-1.11.4.jar:1.11.4]
	at org.junit.platform.engine.support.hierarchical.NodeTestTask.executeRecursively(NodeTestTask.java:143) ~[junit-platform-engine-1.11.4.jar:1.11.4]
	at org.junit.platform.engine.support.hierarchical.NodeTestTask.execute(NodeTestTask.java:100) ~[junit-platform-engine-1.11.4.jar:1.11.4]
	at org.junit.platform.engine.support.hierarchical.SameThreadHierarchicalTestExecutorService.submit(SameThreadHierarchicalTestExecutorService.java:35) ~[junit-platform-engine-1.11.4.jar:1.11.4]
	at org.junit.platform.engine.support.hierarchical.HierarchicalTestExecutor.execute(HierarchicalTestExecutor.java:57) ~[junit-platform-engine-1.11.4.jar:1.11.4]
	at org.junit.platform.engine.support.hierarchical.HierarchicalTestEngine.execute(HierarchicalTestEngine.java:54) ~[junit-platform-engine-1.11.4.jar:1.11.4]
	at org.junit.platform.launcher.core.EngineExecutionOrchestrator.execute(EngineExecutionOrchestrator.java:198) ~[junit-platform-launcher-1.11.4.jar:1.11.4]
	at org.junit.platform.launcher.core.EngineExecutionOrchestrator.execute(EngineExecutionOrchestrator.java:169) ~[junit-platform-launcher-1.11.4.jar:1.11.4]
	at org.junit.platform.launcher.core.EngineExecutionOrchestrator.execute(EngineExecutionOrchestrator.java:93) ~[junit-platform-launcher-1.11.4.jar:1.11.4]
	at org.junit.platform.launcher.core.EngineExecutionOrchestrator.lambda$execute$0(EngineExecutionOrchestrator.java:58) ~[junit-platform-launcher-1.11.4.jar:1.11.4]
	at org.junit.platform.launcher.core.EngineExecutionOrchestrator.withInterceptedStreams(EngineExecutionOrchestrator.java:141) ~[junit-platform-launcher-1.11.4.jar:1.11.4]
	at org.junit.platform.launcher.core.EngineExecutionOrchestrator.execute(EngineExecutionOrchestrator.java:57) ~[junit-platform-launcher-1.11.4.jar:1.11.4]
	at org.junit.platform.launcher.core.DefaultLauncher.execute(DefaultLauncher.java:103) ~[junit-platform-launcher-1.11.4.jar:1.11.4]
	at org.junit.platform.launcher.core.DefaultLauncher.execute(DefaultLauncher.java:85) ~[junit-platform-launcher-1.11.4.jar:1.11.4]
	at org.junit.platform.launcher.core.DelegatingLauncher.execute(DelegatingLauncher.java:47) ~[junit-platform-launcher-1.11.4.jar:1.11.4]
	at org.apache.maven.surefire.junitplatform.LauncherAdapter.executeWithoutCancellationToken(LauncherAdapter.java:60) ~[surefire-junit-platform-3.5.4.jar:3.5.4]
	at org.apache.maven.surefire.junitplatform.LauncherAdapter.execute(LauncherAdapter.java:52) ~[surefire-junit-platform-3.5.4.jar:3.5.4]
	at org.apache.maven.surefire.junitplatform.JUnitPlatformProvider.execute(JUnitPlatformProvider.java:203) ~[surefire-junit-platform-3.5.4.jar:3.5.4]
	at org.apache.maven.surefire.junitplatform.JUnitPlatformProvider.invokeAllTests(JUnitPlatformProvider.java:168) ~[surefire-junit-platform-3.5.4.jar:3.5.4]
	at org.apache.maven.surefire.junitplatform.JUnitPlatformProvider.invoke(JUnitPlatformProvider.java:136) ~[surefire-junit-platform-3.5.4.jar:3.5.4]
	at org.apache.maven.surefire.booter.ForkedBooter.runSuitesInProcess(ForkedBooter.java:385) ~[surefire-booter-3.5.4.jar:3.5.4]
	at org.apache.maven.surefire.booter.ForkedBooter.execute(ForkedBooter.java:162) ~[surefire-booter-3.5.4.jar:3.5.4]
	at org.apache.maven.surefire.booter.ForkedBooter.run(ForkedBooter.java:507) ~[surefire-booter-3.5.4.jar:3.5.4]
	at org.apache.maven.surefire.booter.ForkedBooter.main(ForkedBooter.java:495) ~[surefire-booter-3.5.4.jar:3.5.4]
Caused by: org.h2.jdbc.JdbcSQLSyntaxErrorException: Error de Sintaxis en sentencia SQL "\000d\000a    set [*]client_min_messages = WARNING"; se esperaba "@, AUTOCOMMIT, EXCLUSIVE, IGNORECASE, PASSWORD, SALT, MODE, DATABASE, COLLATION, CLUSTER, DATABASE_EVENT_LISTENER, ALLOW_LITERALS, DEFAULT_TABLE_TYPE, SCHEMA, CATALOG, SCHEMA_SEARCH_PATH, JAVA_OBJECT_SERIALIZER, IGNORE_CATALOGS, SESSION, TRANSACTION, TIME, NON_KEYWORDS, DEFAULT_NULL_ORDERING"
Syntax error in SQL statement "\000d\000a    set [*]client_min_messages = WARNING"; expected "@, AUTOCOMMIT, EXCLUSIVE, IGNORECASE, PASSWORD, SALT, MODE, DATABASE, COLLATION, CLUSTER, DATABASE_EVENT_LISTENER, ALLOW_LITERALS, DEFAULT_TABLE_TYPE, SCHEMA, CATALOG, SCHEMA_SEARCH_PATH, JAVA_OBJECT_SERIALIZER, IGNORE_CATALOGS, SESSION, TRANSACTION, TIME, NON_KEYWORDS, DEFAULT_NULL_ORDERING"; SQL statement:

    set client_min_messages = WARNING [42001-232]
	at org.h2.message.DbException.getJdbcSQLException(DbException.java:514) ~[h2-2.3.232.jar:2.3.232]
	at org.h2.message.DbException.getJdbcSQLException(DbException.java:489) ~[h2-2.3.232.jar:2.3.232]
	at org.h2.message.DbException.getSyntaxError(DbException.java:261) ~[h2-2.3.232.jar:2.3.232]
	at org.h2.command.ParserBase.getSyntaxError(ParserBase.java:762) ~[h2-2.3.232.jar:2.3.232]
	at org.h2.command.Parser.parseSet(Parser.java:7592) ~[h2-2.3.232.jar:2.3.232]
	at org.h2.command.Parser.parsePrepared(Parser.java:614) ~[h2-2.3.232.jar:2.3.232]
	at org.h2.command.Parser.parse(Parser.java:581) ~[h2-2.3.232.jar:2.3.232]
	at org.h2.command.Parser.parse(Parser.java:561) ~[h2-2.3.232.jar:2.3.232]
	at org.h2.command.Parser.prepareCommand(Parser.java:484) ~[h2-2.3.232.jar:2.3.232]
	at org.h2.engine.SessionLocal.prepareLocal(SessionLocal.java:645) ~[h2-2.3.232.jar:2.3.232]
	at org.h2.engine.SessionLocal.prepareCommand(SessionLocal.java:561) ~[h2-2.3.232.jar:2.3.232]
	at org.h2.jdbc.JdbcConnection.prepareCommand(JdbcConnection.java:1164) ~[h2-2.3.232.jar:2.3.232]
	at org.h2.jdbc.JdbcStatement.executeInternal(JdbcStatement.java:245) ~[h2-2.3.232.jar:2.3.232]
	at org.h2.jdbc.JdbcStatement.execute(JdbcStatement.java:231) ~[h2-2.3.232.jar:2.3.232]
	at org.hibernate.tool.schema.internal.exec.GenerationTargetToDatabase.accept(GenerationTargetToDatabase.java:80) ~[hibernate-core-6.6.29.Final.jar:6.6.29.Final]
	... 117 common frames omitted

2025-11-21T11:57:47.095-05:00 DEBUG 11572 --- [           main] org.hibernate.SQL                        : 
    alter table if exists asignaciones_turno 
       drop constraint if exists FKp6haaj79v7oc9m48f3sfq17sg
Hibernate: 
    alter table if exists asignaciones_turno 
       drop constraint if exists FKp6haaj79v7oc9m48f3sfq17sg
2025-11-21T11:57:47.097-05:00 DEBUG 11572 --- [           main] org.hibernate.SQL                        : 
    alter table if exists asignaciones_turno 
       drop constraint if exists FK7iiprjqryxgnu27cm5rtg56d7
Hibernate: 
    alter table if exists asignaciones_turno 
       drop constraint if exists FK7iiprjqryxgnu27cm5rtg56d7
2025-11-21T11:57:47.097-05:00 DEBUG 11572 --- [           main] org.hibernate.SQL                        : 
    alter table if exists codigos_verificacion 
       drop constraint if exists FKfss8u32tb0avk5xb7jf8wbhm3
Hibernate: 
    alter table if exists codigos_verificacion 
       drop constraint if exists FKfss8u32tb0avk5xb7jf8wbhm3
2025-11-21T11:57:47.097-05:00 DEBUG 11572 --- [           main] org.hibernate.SQL                        : 
    alter table if exists conductor_ruta 
       drop constraint if exists FK2b0fyxvbbdnqocxunboej23am
Hibernate: 
    alter table if exists conductor_ruta 
       drop constraint if exists FK2b0fyxvbbdnqocxunboej23am
2025-11-21T11:57:47.097-05:00 DEBUG 11572 --- [           main] org.hibernate.SQL                        : 
    alter table if exists conductor_ruta 
       drop constraint if exists FK2k2tkqvrbkl90r1vevn3k5774
Hibernate: 
    alter table if exists conductor_ruta 
       drop constraint if exists FK2k2tkqvrbkl90r1vevn3k5774
2025-11-21T11:57:47.098-05:00 DEBUG 11572 --- [           main] org.hibernate.SQL                        : 
    alter table if exists conductores 
       drop constraint if exists FKoj9v93wn70iy0yn3rxrkcrin7
Hibernate: 
    alter table if exists conductores 
       drop constraint if exists FKoj9v93wn70iy0yn3rxrkcrin7
2025-11-21T11:57:47.098-05:00 DEBUG 11572 --- [           main] org.hibernate.SQL                        : 
    alter table if exists turnos 
       drop constraint if exists FK6jm8eks5qpx3sydm1b926dc
Hibernate: 
    alter table if exists turnos 
       drop constraint if exists FK6jm8eks5qpx3sydm1b926dc
2025-11-21T11:57:47.098-05:00 DEBUG 11572 --- [           main] org.hibernate.SQL                        : 
    drop table if exists asignaciones_turno cascade
Hibernate: 
    drop table if exists asignaciones_turno cascade
2025-11-21T11:57:47.099-05:00 DEBUG 11572 --- [           main] org.hibernate.SQL                        : 
    drop table if exists codigos_verificacion cascade
Hibernate: 
    drop table if exists codigos_verificacion cascade
2025-11-21T11:57:47.099-05:00 DEBUG 11572 --- [           main] org.hibernate.SQL                        : 
    drop table if exists conductor_ruta cascade
Hibernate: 
    drop table if exists conductor_ruta cascade
2025-11-21T11:57:47.100-05:00 DEBUG 11572 --- [           main] org.hibernate.SQL                        : 
    drop table if exists conductores cascade
Hibernate: 
    drop table if exists conductores cascade
2025-11-21T11:57:47.100-05:00 DEBUG 11572 --- [           main] org.hibernate.SQL                        : 
    drop table if exists rutas cascade
Hibernate: 
    drop table if exists rutas cascade
2025-11-21T11:57:47.100-05:00 DEBUG 11572 --- [           main] org.hibernate.SQL                        : 
    drop table if exists turnos cascade
Hibernate: 
    drop table if exists turnos cascade
2025-11-21T11:57:47.100-05:00 DEBUG 11572 --- [           main] org.hibernate.SQL                        : 
    drop table if exists usuarios cascade
Hibernate: 
    drop table if exists usuarios cascade
2025-11-21T11:57:47.101-05:00 DEBUG 11572 --- [           main] org.hibernate.SQL                        : 
    create table asignaciones_turno (
        fecha_fin date,
        fecha_inicio date not null,
        conductor_id bigint not null,
        hora_fin_real timestamp(6),
        hora_inicio_real timestamp(6),
        id bigint generated by default as identity,
        turno_id bigint not null,
        estado varchar(255) not null check (estado in ('PROGRAMADA','EN_CURSO','FINALIZADA','CANCELADA')),
        primary key (id)
    )
Hibernate: 
    create table asignaciones_turno (
        fecha_fin date,
        fecha_inicio date not null,
        conductor_id bigint not null,
        hora_fin_real timestamp(6),
        hora_inicio_real timestamp(6),
        id bigint generated by default as identity,
        turno_id bigint not null,
        estado varchar(255) not null check (estado in ('PROGRAMADA','EN_CURSO','FINALIZADA','CANCELADA')),
        primary key (id)
    )
2025-11-21T11:57:47.122-05:00 DEBUG 11572 --- [           main] org.hibernate.SQL                        : 
    create table codigos_verificacion (
        usado boolean not null,
        fecha_creacion timestamp(6) not null,
        fecha_expiracion timestamp(6) not null,
        id bigint generated by default as identity,
        usuario_id bigint not null,
        codigo varchar(255) not null,
        primary key (id)
    )
Hibernate: 
    create table codigos_verificacion (
        usado boolean not null,
        fecha_creacion timestamp(6) not null,
        fecha_expiracion timestamp(6) not null,
        id bigint generated by default as identity,
        usuario_id bigint not null,
        codigo varchar(255) not null,
        primary key (id)
    )
2025-11-21T11:57:47.123-05:00 DEBUG 11572 --- [           main] org.hibernate.SQL                        : 
    create table conductor_ruta (
        conductor_id bigint not null,
        ruta_id bigint not null
    )
Hibernate: 
    create table conductor_ruta (
        conductor_id bigint not null,
        ruta_id bigint not null
    )
2025-11-21T11:57:47.124-05:00 DEBUG 11572 --- [           main] org.hibernate.SQL                        : 
    create table conductores (
        id bigint generated by default as identity,
        usuario_id bigint not null unique,
        cedula varchar(255) not null unique,
        licencia varchar(255),
        nombre_completo varchar(255),
        telefono varchar(255),
        primary key (id)
    )
Hibernate: 
    create table conductores (
        id bigint generated by default as identity,
        usuario_id bigint not null unique,
        cedula varchar(255) not null unique,
        licencia varchar(255),
        nombre_completo varchar(255),
        telefono varchar(255),
        primary key (id)
    )
2025-11-21T11:57:47.128-05:00 DEBUG 11572 --- [           main] org.hibernate.SQL                        : 
    create table rutas (
        duracion_en_minutos integer not null,
        id bigint generated by default as identity,
        destino varchar(255) not null,
        nombre varchar(255) not null,
        origen varchar(255) not null,
        primary key (id)
    )
Hibernate: 
    create table rutas (
        duracion_en_minutos integer not null,
        id bigint generated by default as identity,
        destino varchar(255) not null,
        nombre varchar(255) not null,
        origen varchar(255) not null,
        primary key (id)
    )
2025-11-21T11:57:47.129-05:00 DEBUG 11572 --- [           main] org.hibernate.SQL                        : 
    create table turnos (
        duracion_horas integer not null,
        hora_fin time(6) not null,
        hora_inicio time(6) not null,
        numero_semana integer not null,
        id bigint generated by default as identity,
        ruta_id bigint not null,
        dia_semana varchar(255) not null check (dia_semana in ('MONDAY','TUESDAY','WEDNESDAY','THURSDAY','FRIDAY','SATURDAY','SUNDAY')),
        estado varchar(255) not null check (estado in ('ACTIVO','INACTIVO','CANCELADO')),
        primary key (id)
    )
Hibernate: 
    create table turnos (
        duracion_horas integer not null,
        hora_fin time(6) not null,
        hora_inicio time(6) not null,
        numero_semana integer not null,
        id bigint generated by default as identity,
        ruta_id bigint not null,
        dia_semana varchar(255) not null check (dia_semana in ('MONDAY','TUESDAY','WEDNESDAY','THURSDAY','FRIDAY','SATURDAY','SUNDAY')),
        estado varchar(255) not null check (estado in ('ACTIVO','INACTIVO','CANCELADO')),
        primary key (id)
    )
2025-11-21T11:57:47.131-05:00 DEBUG 11572 --- [           main] org.hibernate.SQL                        : 
    create table usuarios (
        id bigint generated by default as identity,
        cedula varchar(255) not null unique,
        correo varchar(255) not null unique,
        password varchar(255) not null,
        rol varchar(255) not null check (rol in ('ADMIN','CONDUCTOR')),
        primary key (id)
    )
Hibernate: 
    create table usuarios (
        id bigint generated by default as identity,
        cedula varchar(255) not null unique,
        correo varchar(255) not null unique,
        password varchar(255) not null,
        rol varchar(255) not null check (rol in ('ADMIN','CONDUCTOR')),
        primary key (id)
    )
2025-11-21T11:57:47.133-05:00 DEBUG 11572 --- [           main] org.hibernate.SQL                        : 
    alter table if exists asignaciones_turno 
       add constraint FKp6haaj79v7oc9m48f3sfq17sg 
       foreign key (conductor_id) 
       references conductores
Hibernate: 
    alter table if exists asignaciones_turno 
       add constraint FKp6haaj79v7oc9m48f3sfq17sg 
       foreign key (conductor_id) 
       references conductores
2025-11-21T11:57:47.152-05:00 DEBUG 11572 --- [           main] org.hibernate.SQL                        : 
    alter table if exists asignaciones_turno 
       add constraint FK7iiprjqryxgnu27cm5rtg56d7 
       foreign key (turno_id) 
       references turnos
Hibernate: 
    alter table if exists asignaciones_turno 
       add constraint FK7iiprjqryxgnu27cm5rtg56d7 
       foreign key (turno_id) 
       references turnos
2025-11-21T11:57:47.153-05:00 DEBUG 11572 --- [           main] org.hibernate.SQL                        : 
    alter table if exists codigos_verificacion 
       add constraint FKfss8u32tb0avk5xb7jf8wbhm3 
       foreign key (usuario_id) 
       references usuarios
Hibernate: 
    alter table if exists codigos_verificacion 
       add constraint FKfss8u32tb0avk5xb7jf8wbhm3 
       foreign key (usuario_id) 
       references usuarios
2025-11-21T11:57:47.154-05:00 DEBUG 11572 --- [           main] org.hibernate.SQL                        : 
    alter table if exists conductor_ruta 
       add constraint FK2b0fyxvbbdnqocxunboej23am 
       foreign key (conductor_id) 
       references conductores
Hibernate: 
    alter table if exists conductor_ruta 
       add constraint FK2b0fyxvbbdnqocxunboej23am 
       foreign key (conductor_id) 
       references conductores
2025-11-21T11:57:47.156-05:00 DEBUG 11572 --- [           main] org.hibernate.SQL                        : 
    alter table if exists conductor_ruta 
       add constraint FK2k2tkqvrbkl90r1vevn3k5774 
       foreign key (ruta_id) 
       references rutas
Hibernate: 
    alter table if exists conductor_ruta 
       add constraint FK2k2tkqvrbkl90r1vevn3k5774 
       foreign key (ruta_id) 
       references rutas
2025-11-21T11:57:47.160-05:00 DEBUG 11572 --- [           main] org.hibernate.SQL                        : 
    alter table if exists conductores 
       add constraint FKoj9v93wn70iy0yn3rxrkcrin7 
       foreign key (usuario_id) 
       references usuarios
Hibernate: 
    alter table if exists conductores 
       add constraint FKoj9v93wn70iy0yn3rxrkcrin7 
       foreign key (usuario_id) 
       references usuarios
2025-11-21T11:57:47.161-05:00 DEBUG 11572 --- [           main] org.hibernate.SQL                        : 
    alter table if exists turnos 
       add constraint FK6jm8eks5qpx3sydm1b926dc 
       foreign key (ruta_id) 
       references rutas
Hibernate: 
    alter table if exists turnos 
       add constraint FK6jm8eks5qpx3sydm1b926dc 
       foreign key (ruta_id) 
       references rutas
2025-11-21T11:57:47.163-05:00  INFO 11572 --- [           main] j.LocalContainerEntityManagerFactoryBean : Initialized JPA EntityManagerFactory for persistence unit 'default'
2025-11-21T11:57:47.269-05:00  WARN 11572 --- [           main] s.c.a.AnnotationConfigApplicationContext : Exception encountered during context initialization - cancelling refresh attempt: org.springframework.beans.factory.UnsatisfiedDependencyException: Error creating bean with name 'init' defined in com.FabricaEscuela.Feature1Back.Feature1BackApplication: Unsatisfied dependency expressed through method 'init' parameter 5: No qualifying bean of type 'org.springframework.security.crypto.password.PasswordEncoder' available: expected at least 1 bean which qualifies as autowire candidate. Dependency annotations: {}
2025-11-21T11:57:47.270-05:00  INFO 11572 --- [           main] j.LocalContainerEntityManagerFactoryBean : Closing JPA EntityManagerFactory for persistence unit 'default'



============================
CONDITIONS EVALUATION REPORT
============================


Positive matches:
-----------------

   DataSourceAutoConfiguration matched:
      - @ConditionalOnClass found required classes 'javax.sql.DataSource', 'org.springframework.jdbc.datasource.embedded.EmbeddedDatabaseType' (OnClassCondition)
      - @ConditionalOnMissingBean (types: io.r2dbc.spi.ConnectionFactory; SearchStrategy: all) did not find any beans (OnBeanCondition)

   DataSourceAutoConfiguration.PooledDataSourceConfiguration matched:
      - AnyNestedCondition 1 matched 1 did not; NestedCondition on DataSourceAutoConfiguration.PooledDataSourceCondition.PooledDataSourceAvailable PooledDataSource found supported DataSource; NestedCondition on 
DataSourceAutoConfiguration.PooledDataSourceCondition.ExplicitType @ConditionalOnProperty (spring.datasource.type) did not find property 'type' (DataSourceAutoConfiguration.PooledDataSourceCondition)
      - @ConditionalOnMissingBean (types: javax.sql.DataSource,javax.sql.XADataSource; SearchStrategy: all) did not find any beans (OnBeanCondition)

   DataSourceAutoConfiguration.PooledDataSourceConfiguration#jdbcConnectionDetails matched:
      - @ConditionalOnMissingBean (types: org.springframework.boot.autoconfigure.jdbc.JdbcConnectionDetails; SearchStrategy: all) did not find any beans (OnBeanCondition)

   DataSourceConfiguration.Hikari matched:
      - @ConditionalOnClass found required class 'com.zaxxer.hikari.HikariDataSource' (OnClassCondition)
      - @ConditionalOnProperty (spring.datasource.type=com.zaxxer.hikari.HikariDataSource) matched (OnPropertyCondition)
      - @ConditionalOnMissingBean (types: javax.sql.DataSource; SearchStrategy: all) did not find any beans (OnBeanCondition)

   DataSourceInitializationConfiguration matched:
      - @ConditionalOnClass found required class 'org.springframework.jdbc.datasource.init.DatabasePopulator' (OnClassCondition)
      - @ConditionalOnSingleCandidate (types: javax.sql.DataSource; SearchStrategy: all) found a single bean 'dataSource'; @ConditionalOnMissingBean (types: 
org.springframework.boot.autoconfigure.sql.init.SqlDataSourceScriptDatabaseInitializer,org.springframework.boot.autoconfigure.sql.init.SqlR2dbcScriptDatabaseInitializer; SearchStrategy: all) did not find any beans 
(OnBeanCondition)

   DataSourcePoolMetadataProvidersConfiguration.HikariPoolDataSourceMetadataProviderConfiguration matched:
      - @ConditionalOnClass found required class 'com.zaxxer.hikari.HikariDataSource' (OnClassCondition)

   DataSourceTransactionManagerAutoConfiguration matched:
      - @ConditionalOnClass found required classes 'javax.sql.DataSource', 'org.springframework.jdbc.core.JdbcTemplate', 'org.springframework.transaction.TransactionManager' (OnClassCondition)

   DataSourceTransactionManagerAutoConfiguration.JdbcTransactionManagerConfiguration matched:
      - @ConditionalOnSingleCandidate (types: javax.sql.DataSource; SearchStrategy: all) found a single bean 'dataSource' (OnBeanCondition)

   HibernateJpaAutoConfiguration matched:
      - @ConditionalOnClass found required classes 'org.springframework.orm.jpa.LocalContainerEntityManagerFactoryBean', 'jakarta.persistence.EntityManager', 'org.hibernate.engine.spi.SessionImplementor' (OnClassCondition)

   HibernateJpaConfiguration matched:
      - @ConditionalOnSingleCandidate (types: javax.sql.DataSource; SearchStrategy: all) found a single bean 'dataSource' (OnBeanCondition)

   JdbcClientAutoConfiguration matched:
      - @ConditionalOnSingleCandidate (types: org.springframework.jdbc.core.namedparam.NamedParameterJdbcTemplate; SearchStrategy: all) found a single bean 'namedParameterJdbcTemplate'; @ConditionalOnMissingBean (types: 
org.springframework.jdbc.core.simple.JdbcClient; SearchStrategy: all) did not find any beans (OnBeanCondition)

   JdbcTemplateAutoConfiguration matched:
      - @ConditionalOnClass found required classes 'javax.sql.DataSource', 'org.springframework.jdbc.core.JdbcTemplate' (OnClassCondition)
      - @ConditionalOnSingleCandidate (types: javax.sql.DataSource; SearchStrategy: all) found a single bean 'dataSource' (OnBeanCondition)

   JdbcTemplateConfiguration matched:
      - @ConditionalOnMissingBean (types: org.springframework.jdbc.core.JdbcOperations; SearchStrategy: all) did not find any beans (OnBeanCondition)

   JpaBaseConfiguration#entityManagerFactory matched:
      - @ConditionalOnMissingBean (types: org.springframework.orm.jpa.LocalContainerEntityManagerFactoryBean,jakarta.persistence.EntityManagerFactory; SearchStrategy: all) did not find any beans (OnBeanCondition)

   JpaBaseConfiguration#entityManagerFactoryBuilder matched:
      - @ConditionalOnMissingBean (types: org.springframework.boot.orm.jpa.EntityManagerFactoryBuilder; SearchStrategy: all) did not find any beans (OnBeanCondition)

   JpaBaseConfiguration#jpaVendorAdapter matched:
      - @ConditionalOnMissingBean (types: org.springframework.orm.jpa.JpaVendorAdapter; SearchStrategy: all) did not find any beans (OnBeanCondition)

   JpaBaseConfiguration#transactionManager matched:
      - @ConditionalOnMissingBean (types: org.springframework.transaction.TransactionManager; SearchStrategy: all) did not find any beans (OnBeanCondition)

   JpaBaseConfiguration.PersistenceManagedTypesConfiguration matched:
      - @ConditionalOnMissingBean (types: org.springframework.orm.jpa.LocalContainerEntityManagerFactoryBean,jakarta.persistence.EntityManagerFactory; SearchStrategy: all) did not find any beans (OnBeanCondition)

   JpaBaseConfiguration.PersistenceManagedTypesConfiguration#persistenceManagedTypes matched:
      - @ConditionalOnMissingBean (types: org.springframework.orm.jpa.persistenceunit.PersistenceManagedTypes; SearchStrategy: all) did not find any beans (OnBeanCondition)

   JpaRepositoriesAutoConfiguration matched:
      - @ConditionalOnClass found required class 'org.springframework.data.jpa.repository.JpaRepository' (OnClassCondition)
      - @ConditionalOnProperty (spring.data.jpa.repositories.enabled=true) matched (OnPropertyCondition)
      - @ConditionalOnBean (types: javax.sql.DataSource; SearchStrategy: all) found bean 'dataSource'; @ConditionalOnMissingBean (types: 
org.springframework.data.jpa.repository.support.JpaRepositoryFactoryBean,org.springframework.data.jpa.repository.config.JpaRepositoryConfigExtension; SearchStrategy: all) did not find any beans (OnBeanCondition)

   NamedParameterJdbcTemplateConfiguration matched:
      - @ConditionalOnSingleCandidate (types: org.springframework.jdbc.core.JdbcTemplate; SearchStrategy: all) found a single bean 'jdbcTemplate'; @ConditionalOnMissingBean (types: 
org.springframework.jdbc.core.namedparam.NamedParameterJdbcOperations; SearchStrategy: all) did not find any beans (OnBeanCondition)

   NoOpCacheConfiguration matched:
      - Cache org.springframework.boot.autoconfigure.cache.NoOpCacheConfiguration NONE cache type (CacheCondition)

   SqlInitializationAutoConfiguration matched:
      - @ConditionalOnProperty (spring.sql.init.enabled) matched (OnPropertyCondition)
      - NoneNestedConditions 0 matched 1 did not; NestedCondition on SqlInitializationAutoConfiguration.SqlInitializationModeCondition.ModeIsNever @ConditionalOnProperty (spring.sql.init.mode=never) did not find property 
'mode' (SqlInitializationAutoConfiguration.SqlInitializationModeCondition)

   TestDatabaseAutoConfiguration#nonTestEmbeddedDataSourceBeanFactoryPostProcessor matched:
      - @ConditionalOnProperty (spring.test.database.replace=NON_TEST) matched (OnPropertyCondition)

   TestEntityManagerAutoConfiguration matched:
      - @ConditionalOnClass found required class 'jakarta.persistence.EntityManagerFactory' (OnClassCondition)

   TestEntityManagerAutoConfiguration#testEntityManager matched:
      - @ConditionalOnMissingBean (types: org.springframework.boot.test.autoconfigure.orm.jpa.TestEntityManager; SearchStrategy: all) did not find any beans (OnBeanCondition)

   TransactionAutoConfiguration matched:
      - @ConditionalOnClass found required class 'org.springframework.transaction.PlatformTransactionManager' (OnClassCondition)

   TransactionAutoConfiguration.EnableTransactionManagementConfiguration matched:
      - @ConditionalOnBean (types: org.springframework.transaction.TransactionManager; SearchStrategy: all) found bean 'transactionManager'; @ConditionalOnMissingBean (types: 
org.springframework.transaction.annotation.AbstractTransactionManagementConfiguration; SearchStrategy: all) did not find any beans (OnBeanCondition)

   TransactionAutoConfiguration.EnableTransactionManagementConfiguration.CglibAutoProxyConfiguration matched:
      - @ConditionalOnProperty (spring.aop.proxy-target-class=true) matched (OnPropertyCondition)

   TransactionAutoConfiguration.TransactionTemplateConfiguration matched:
      - @ConditionalOnSingleCandidate (types: org.springframework.transaction.PlatformTransactionManager; SearchStrategy: all) found a single bean 'transactionManager' (OnBeanCondition)

   TransactionAutoConfiguration.TransactionTemplateConfiguration#transactionTemplate matched:
      - @ConditionalOnMissingBean (types: org.springframework.transaction.support.TransactionOperations; SearchStrategy: all) did not find any beans (OnBeanCondition)


Negative matches:
-----------------

   Cache2kCacheConfiguration:
      Did not match:
         - @ConditionalOnClass did not find required class 'org.cache2k.Cache2kBuilder' (OnClassCondition)

   CacheAutoConfiguration:
      Did not match:
         - @ConditionalOnBean (types: org.springframework.cache.interceptor.CacheAspectSupport; SearchStrategy: all) did not find any beans of type org.springframework.cache.interceptor.CacheAspectSupport (OnBeanCondition)
      Matched:
         - @ConditionalOnClass found required class 'org.springframework.cache.CacheManager' (OnClassCondition)

   CacheAutoConfiguration.CacheManagerEntityManagerFactoryDependsOnPostProcessor:
      Did not match:
         - Ancestor org.springframework.boot.autoconfigure.cache.CacheAutoConfiguration did not match (ConditionEvaluationReport.AncestorsMatchedCondition)
      Matched:
         - @ConditionalOnClass found required class 'org.springframework.orm.jpa.LocalContainerEntityManagerFactoryBean' (OnClassCondition)

   CaffeineCacheConfiguration:
      Did not match:
         - @ConditionalOnClass did not find required class 'com.github.benmanes.caffeine.cache.Caffeine' (OnClassCondition)

   CouchbaseCacheConfiguration:
      Did not match:
         - @ConditionalOnClass did not find required class 'com.couchbase.client.java.Cluster' (OnClassCondition)

   DataSourceAutoConfiguration.EmbeddedDatabaseConfiguration:
      Did not match:
         - EmbeddedDataSource spring.datasource.url is set (DataSourceAutoConfiguration.EmbeddedDatabaseCondition)

   DataSourceCheckpointRestoreConfiguration:
      Did not match:
         - @ConditionalOnClass did not find required class 'org.crac.Resource' (OnClassCondition)

   DataSourceConfiguration.Dbcp2:
      Did not match:
         - @ConditionalOnClass did not find required class 'org.apache.commons.dbcp2.BasicDataSource' (OnClassCondition)

   DataSourceConfiguration.Generic:
      Did not match:
         - @ConditionalOnProperty (spring.datasource.type) did not find property 'spring.datasource.type' (OnPropertyCondition)

   DataSourceConfiguration.OracleUcp:
      Did not match:
         - @ConditionalOnClass did not find required classes 'oracle.ucp.jdbc.PoolDataSourceImpl', 'oracle.jdbc.OracleConnection' (OnClassCondition)

   DataSourceConfiguration.Tomcat:
      Did not match:
         - @ConditionalOnClass did not find required class 'org.apache.tomcat.jdbc.pool.DataSource' (OnClassCondition)

   DataSourceJmxConfiguration:
      Did not match:
         - @ConditionalOnProperty (spring.jmx.enabled=true) found different value in property 'enabled' (OnPropertyCondition)

   DataSourcePoolMetadataProvidersConfiguration.CommonsDbcp2PoolDataSourceMetadataProviderConfiguration:
      Did not match:
         - @ConditionalOnClass did not find required class 'org.apache.commons.dbcp2.BasicDataSource' (OnClassCondition)

   DataSourcePoolMetadataProvidersConfiguration.OracleUcpPoolDataSourceMetadataProviderConfiguration:
      Did not match:
         - @ConditionalOnClass did not find required classes 'oracle.ucp.jdbc.PoolDataSource', 'oracle.jdbc.OracleConnection' (OnClassCondition)

   DataSourcePoolMetadataProvidersConfiguration.TomcatDataSourcePoolMetadataProviderConfiguration:
      Did not match:
         - @ConditionalOnClass did not find required class 'org.apache.tomcat.jdbc.pool.DataSource' (OnClassCondition)
2025-11-21T11:57:47.283-05:00  INFO 11572 --- [           main] .s.b.a.l.ConditionEvaluationReportLogger : 

Error starting ApplicationContext. To display the condition evaluation report re-run your application with 'debug' enabled.
2025-11-21T11:57:47.345-05:00 ERROR 11572 --- [           main] o.s.b.d.LoggingFailureAnalysisReporter   : 

***************************
APPLICATION FAILED TO START
***************************

Description:

Parameter 5 of method init in com.FabricaEscuela.Feature1Back.Feature1BackApplication required a bean of type 'org.springframework.security.crypto.password.PasswordEncoder' that could not be found.


Action:

Consider defining a bean of type 'org.springframework.security.crypto.password.PasswordEncoder' in your configuration.

2025-11-21T11:57:47.365-05:00  WARN 11572 --- [           main] o.s.test.context.TestContextManager      : Caught exception while allowing TestExecutionListener [org.springframework.test.context.support.DependencyInjectionTestExecutionListener] to prepare test instance [com.FabricaEscuela.Feature1Back.repository.TurnoRepositoryTest@66826ae8]

java.lang.IllegalStateException: Failed to load ApplicationContext for [MergedContextConfiguration@3c0353a8 testClass = com.FabricaEscuela.Feature1Back.repository.TurnoRepositoryTest, locations = [], classes = [com.FabricaEscuela.Feature1Back.Feature1BackApplication], contextInitializerClasses = [], activeProfiles = [], propertySourceDescriptors = [], propertySourceProperties = ["org.springframework.boot.test.autoconfigure.orm.jpa.DataJpaTestContextBootstrapper=true"], contextCustomizers = [[ImportsContextCustomizer@46c38aa key = [org.springframework.boot.autoconfigure.transaction.TransactionAutoConfiguration, org.springframework.boot.autoconfigure.data.jpa.JpaRepositoriesAutoConfiguration, org.springframework.boot.test.autoconfigure.orm.jpa.TestEntityManagerAutoConfiguration, org.springframework.boot.autoconfigure.cache.CacheAutoConfiguration, org.springframework.boot.autoconfigure.orm.jpa.HibernateJpaAutoConfiguration, org.springframework.boot.autoconfigure.sql.init.SqlInitializationAutoConfiguration, org.springframework.boot.test.autoconfigure.jdbc.TestDatabaseAutoConfiguration, org.springframework.boot.autoconfigure.flyway.FlywayAutoConfiguration, org.springframework.boot.autoconfigure.jdbc.DataSourceTransactionManagerAutoConfiguration, org.springframework.boot.autoconfigure.liquibase.LiquibaseAutoConfiguration, org.springframework.boot.autoconfigure.jdbc.JdbcClientAutoConfiguration, org.springframework.boot.autoconfigure.jdbc.DataSourceAutoConfiguration, org.springframework.boot.autoconfigure.jdbc.JdbcTemplateAutoConfiguration]], org.springframework.boot.test.context.filter.ExcludeFilterContextCustomizer@ccd1bc3, org.springframework.boot.test.json.DuplicateJsonObjectContextCustomizerFactory$DuplicateJsonObjectContextCustomizer@677b8e13, org.springframework.boot.test.mock.mockito.MockitoContextCustomizer@0, org.springframework.boot.test.web.reactor.netty.DisableReactorResourceFactoryGlobalResourcesContextCustomizerFactory$DisableReactorResourceFactoryGlobalResourcesContextCustomizerCustomizer@293cde83, org.springframework.boot.test.autoconfigure.OnFailureConditionReportContextCustomizerFactory$OnFailureConditionReportContextCustomizer@37fdfb05, org.springframework.boot.test.autoconfigure.OverrideAutoConfigurationContextCustomizerFactory$DisableAutoConfigurationContextCustomizer@1adef192, org.springframework.boot.test.autoconfigure.actuate.observability.ObservabilityContextCustomizerFactory$DisableObservabilityContextCustomizer@1f, org.springframework.boot.test.autoconfigure.filter.TypeExcludeFiltersContextCustomizer@34be3d80, org.springframework.boot.test.autoconfigure.properties.PropertyMappingContextCustomizer@1b97c224, org.springframework.boot.test.autoconfigure.web.servlet.WebDriverContextCustomizer@2b214b94, org.springframework.test.context.support.DynamicPropertiesContextCustomizer@0, org.springframework.boot.test.context.SpringBootTestAnnotation@4c2e2329], contextLoader = org.springframework.boot.test.context.SpringBootContextLoader, parent = null]
	at org.springframework.test.context.cache.DefaultCacheAwareContextLoaderDelegate.loadContext(DefaultCacheAwareContextLoaderDelegate.java:180) ~[spring-test-6.2.11.jar:6.2.11]
	at org.springframework.test.context.support.DefaultTestContext.getApplicationContext(DefaultTestContext.java:130) ~[spring-test-6.2.11.jar:6.2.11]
	at org.springframework.test.context.support.DependencyInjectionTestExecutionListener.injectDependencies(DependencyInjectionTestExecutionListener.java:155) ~[spring-test-6.2.11.jar:6.2.11]
	at org.springframework.test.context.support.DependencyInjectionTestExecutionListener.prepareTestInstance(DependencyInjectionTestExecutionListener.java:111) ~[spring-test-6.2.11.jar:6.2.11]
	at org.springframework.test.context.TestContextManager.prepareTestInstance(TestContextManager.java:260) ~[spring-test-6.2.11.jar:6.2.11]
	at org.springframework.test.context.junit.jupiter.SpringExtension.postProcessTestInstance(SpringExtension.java:159) ~[spring-test-6.2.11.jar:6.2.11]
	at org.junit.jupiter.engine.descriptor.ClassBasedTestDescriptor.lambda$invokeTestInstancePostProcessors$11(ClassBasedTestDescriptor.java:378) ~[junit-jupiter-engine-5.11.4.jar:5.11.4]
	at org.junit.jupiter.engine.descriptor.ClassBasedTestDescriptor.executeAndMaskThrowable(ClassBasedTestDescriptor.java:383) ~[junit-jupiter-engine-5.11.4.jar:5.11.4]
	at org.junit.jupiter.engine.descriptor.ClassBasedTestDescriptor.lambda$invokeTestInstancePostProcessors$12(ClassBasedTestDescriptor.java:378) ~[junit-jupiter-engine-5.11.4.jar:5.11.4]
	at java.base/java.util.stream.ForEachOps$ForEachOp$OfRef.accept(ForEachOps.java:183) ~[na:na]
	at java.base/java.util.stream.ReferencePipeline$3$1.accept(ReferencePipeline.java:197) ~[na:na]
	at java.base/java.util.stream.ReferencePipeline$2$1.accept(ReferencePipeline.java:179) ~[na:na]
	at java.base/java.util.stream.ReferencePipeline$3$1.accept(ReferencePipeline.java:197) ~[na:na]
	at java.base/java.util.ArrayList$ArrayListSpliterator.forEachRemaining(ArrayList.java:1625) ~[na:na]
	at java.base/java.util.stream.AbstractPipeline.copyInto(AbstractPipeline.java:509) ~[na:na]
	at java.base/java.util.stream.AbstractPipeline.wrapAndCopyInto(AbstractPipeline.java:499) ~[na:na]
	at java.base/java.util.stream.ForEachOps$ForEachOp.evaluateSequential(ForEachOps.java:150) ~[na:na]
	at java.base/java.util.stream.ForEachOps$ForEachOp$OfRef.evaluateSequential(ForEachOps.java:173) ~[na:na]
	at java.base/java.util.stream.AbstractPipeline.evaluate(AbstractPipeline.java:234) ~[na:na]
	at java.base/java.util.stream.ReferencePipeline.forEach(ReferencePipeline.java:596) ~[na:na]
	at org.junit.jupiter.engine.descriptor.ClassBasedTestDescriptor.invokeTestInstancePostProcessors(ClassBasedTestDescriptor.java:377) ~[junit-jupiter-engine-5.11.4.jar:5.11.4]
	at org.junit.jupiter.engine.descriptor.ClassBasedTestDescriptor.lambda$instantiateAndPostProcessTestInstance$7(ClassBasedTestDescriptor.java:290) ~[junit-jupiter-engine-5.11.4.jar:5.11.4]
	at org.junit.platform.engine.support.hierarchical.ThrowableCollector.execute(ThrowableCollector.java:73) ~[junit-platform-engine-1.11.4.jar:1.11.4]
	at org.junit.jupiter.engine.descriptor.ClassBasedTestDescriptor.instantiateAndPostProcessTestInstance(ClassBasedTestDescriptor.java:289) ~[junit-jupiter-engine-5.11.4.jar:5.11.4]
	at org.junit.jupiter.engine.descriptor.ClassBasedTestDescriptor.lambda$testInstancesProvider$5(ClassBasedTestDescriptor.java:279) ~[junit-jupiter-engine-5.11.4.jar:5.11.4]
	at java.base/java.util.Optional.orElseGet(Optional.java:364) ~[na:na]
	at org.junit.jupiter.engine.descriptor.ClassBasedTestDescriptor.lambda$testInstancesProvider$6(ClassBasedTestDescriptor.java:278) ~[junit-jupiter-engine-5.11.4.jar:5.11.4]
	at org.junit.jupiter.engine.execution.TestInstancesProvider.getTestInstances(TestInstancesProvider.java:31) ~[junit-jupiter-engine-5.11.4.jar:5.11.4]
	at org.junit.jupiter.engine.descriptor.TestMethodTestDescriptor.lambda$prepare$1(TestMethodTestDescriptor.java:105) ~[junit-jupiter-engine-5.11.4.jar:5.11.4]
	at org.junit.platform.engine.support.hierarchical.ThrowableCollector.execute(ThrowableCollector.java:73) ~[junit-platform-engine-1.11.4.jar:1.11.4]
	at org.junit.jupiter.engine.descriptor.TestMethodTestDescriptor.prepare(TestMethodTestDescriptor.java:104) ~[junit-jupiter-engine-5.11.4.jar:5.11.4]
	at org.junit.jupiter.engine.descriptor.TestMethodTestDescriptor.prepare(TestMethodTestDescriptor.java:68) ~[junit-jupiter-engine-5.11.4.jar:5.11.4]
	at org.junit.platform.engine.support.hierarchical.NodeTestTask.lambda$prepare$2(NodeTestTask.java:128) ~[junit-platform-engine-1.11.4.jar:1.11.4]
	at org.junit.platform.engine.support.hierarchical.ThrowableCollector.execute(ThrowableCollector.java:73) ~[junit-platform-engine-1.11.4.jar:1.11.4]
	at org.junit.platform.engine.support.hierarchical.NodeTestTask.prepare(NodeTestTask.java:128) ~[junit-platform-engine-1.11.4.jar:1.11.4]
	at org.junit.platform.engine.support.hierarchical.NodeTestTask.execute(NodeTestTask.java:95) ~[junit-platform-engine-1.11.4.jar:1.11.4]
	at java.base/java.util.ArrayList.forEach(ArrayList.java:1511) ~[na:na]
	at org.junit.platform.engine.support.hierarchical.SameThreadHierarchicalTestExecutorService.invokeAll(SameThreadHierarchicalTestExecutorService.java:41) ~[junit-platform-engine-1.11.4.jar:1.11.4]
	at org.junit.platform.engine.support.hierarchical.NodeTestTask.lambda$executeRecursively$6(NodeTestTask.java:160) ~[junit-platform-engine-1.11.4.jar:1.11.4]
	at org.junit.platform.engine.support.hierarchical.ThrowableCollector.execute(ThrowableCollector.java:73) ~[junit-platform-engine-1.11.4.jar:1.11.4]
	at org.junit.platform.engine.support.hierarchical.NodeTestTask.lambda$executeRecursively$8(NodeTestTask.java:146) ~[junit-platform-engine-1.11.4.jar:1.11.4]
	at org.junit.platform.engine.support.hierarchical.Node.around(Node.java:137) ~[junit-platform-engine-1.11.4.jar:1.11.4]
	at org.junit.platform.engine.support.hierarchical.NodeTestTask.lambda$executeRecursively$9(NodeTestTask.java:144) ~[junit-platform-engine-1.11.4.jar:1.11.4]
	at org.junit.platform.engine.support.hierarchical.ThrowableCollector.execute(ThrowableCollector.java:73) ~[junit-platform-engine-1.11.4.jar:1.11.4]
	at org.junit.platform.engine.support.hierarchical.NodeTestTask.executeRecursively(NodeTestTask.java:143) ~[junit-platform-engine-1.11.4.jar:1.11.4]
	at org.junit.platform.engine.support.hierarchical.NodeTestTask.execute(NodeTestTask.java:100) ~[junit-platform-engine-1.11.4.jar:1.11.4]
	at java.base/java.util.ArrayList.forEach(ArrayList.java:1511) ~[na:na]
	at org.junit.platform.engine.support.hierarchical.SameThreadHierarchicalTestExecutorService.invokeAll(SameThreadHierarchicalTestExecutorService.java:41) ~[junit-platform-engine-1.11.4.jar:1.11.4]
	at org.junit.platform.engine.support.hierarchical.NodeTestTask.lambda$executeRecursively$6(NodeTestTask.java:160) ~[junit-platform-engine-1.11.4.jar:1.11.4]
	at org.junit.platform.engine.support.hierarchical.ThrowableCollector.execute(ThrowableCollector.java:73) ~[junit-platform-engine-1.11.4.jar:1.11.4]
	at org.junit.platform.engine.support.hierarchical.NodeTestTask.lambda$executeRecursively$8(NodeTestTask.java:146) ~[junit-platform-engine-1.11.4.jar:1.11.4]
	at org.junit.platform.engine.support.hierarchical.Node.around(Node.java:137) ~[junit-platform-engine-1.11.4.jar:1.11.4]
	at org.junit.platform.engine.support.hierarchical.NodeTestTask.lambda$executeRecursively$9(NodeTestTask.java:144) ~[junit-platform-engine-1.11.4.jar:1.11.4]
	at org.junit.platform.engine.support.hierarchical.ThrowableCollector.execute(ThrowableCollector.java:73) ~[junit-platform-engine-1.11.4.jar:1.11.4]
	at org.junit.platform.engine.support.hierarchical.NodeTestTask.executeRecursively(NodeTestTask.java:143) ~[junit-platform-engine-1.11.4.jar:1.11.4]
	at org.junit.platform.engine.support.hierarchical.NodeTestTask.execute(NodeTestTask.java:100) ~[junit-platform-engine-1.11.4.jar:1.11.4]
	at org.junit.platform.engine.support.hierarchical.SameThreadHierarchicalTestExecutorService.submit(SameThreadHierarchicalTestExecutorService.java:35) ~[junit-platform-engine-1.11.4.jar:1.11.4]
	at org.junit.platform.engine.support.hierarchical.HierarchicalTestExecutor.execute(HierarchicalTestExecutor.java:57) ~[junit-platform-engine-1.11.4.jar:1.11.4]
	at org.junit.platform.engine.support.hierarchical.HierarchicalTestEngine.execute(HierarchicalTestEngine.java:54) ~[junit-platform-engine-1.11.4.jar:1.11.4]
	at org.junit.platform.launcher.core.EngineExecutionOrchestrator.execute(EngineExecutionOrchestrator.java:198) ~[junit-platform-launcher-1.11.4.jar:1.11.4]
	at org.junit.platform.launcher.core.EngineExecutionOrchestrator.execute(EngineExecutionOrchestrator.java:169) ~[junit-platform-launcher-1.11.4.jar:1.11.4]
	at org.junit.platform.launcher.core.EngineExecutionOrchestrator.execute(EngineExecutionOrchestrator.java:93) ~[junit-platform-launcher-1.11.4.jar:1.11.4]
	at org.junit.platform.launcher.core.EngineExecutionOrchestrator.lambda$execute$0(EngineExecutionOrchestrator.java:58) ~[junit-platform-launcher-1.11.4.jar:1.11.4]
	at org.junit.platform.launcher.core.EngineExecutionOrchestrator.withInterceptedStreams(EngineExecutionOrchestrator.java:141) ~[junit-platform-launcher-1.11.4.jar:1.11.4]
	at org.junit.platform.launcher.core.EngineExecutionOrchestrator.execute(EngineExecutionOrchestrator.java:57) ~[junit-platform-launcher-1.11.4.jar:1.11.4]
	at org.junit.platform.launcher.core.DefaultLauncher.execute(DefaultLauncher.java:103) ~[junit-platform-launcher-1.11.4.jar:1.11.4]
	at org.junit.platform.launcher.core.DefaultLauncher.execute(DefaultLauncher.java:85) ~[junit-platform-launcher-1.11.4.jar:1.11.4]
	at org.junit.platform.launcher.core.DelegatingLauncher.execute(DelegatingLauncher.java:47) ~[junit-platform-launcher-1.11.4.jar:1.11.4]
	at org.apache.maven.surefire.junitplatform.LauncherAdapter.executeWithoutCancellationToken(LauncherAdapter.java:60) ~[surefire-junit-platform-3.5.4.jar:3.5.4]
	at org.apache.maven.surefire.junitplatform.LauncherAdapter.execute(LauncherAdapter.java:52) ~[surefire-junit-platform-3.5.4.jar:3.5.4]
	at org.apache.maven.surefire.junitplatform.JUnitPlatformProvider.execute(JUnitPlatformProvider.java:203) ~[surefire-junit-platform-3.5.4.jar:3.5.4]
	at org.apache.maven.surefire.junitplatform.JUnitPlatformProvider.invokeAllTests(JUnitPlatformProvider.java:168) ~[surefire-junit-platform-3.5.4.jar:3.5.4]
	at org.apache.maven.surefire.junitplatform.JUnitPlatformProvider.invoke(JUnitPlatformProvider.java:136) ~[surefire-junit-platform-3.5.4.jar:3.5.4]
	at org.apache.maven.surefire.booter.ForkedBooter.runSuitesInProcess(ForkedBooter.java:385) ~[surefire-booter-3.5.4.jar:3.5.4]
	at org.apache.maven.surefire.booter.ForkedBooter.execute(ForkedBooter.java:162) ~[surefire-booter-3.5.4.jar:3.5.4]
	at org.apache.maven.surefire.booter.ForkedBooter.run(ForkedBooter.java:507) ~[surefire-booter-3.5.4.jar:3.5.4]
	at org.apache.maven.surefire.booter.ForkedBooter.main(ForkedBooter.java:495) ~[surefire-booter-3.5.4.jar:3.5.4]
Caused by: org.springframework.beans.factory.UnsatisfiedDependencyException: Error creating bean with name 'init' defined in com.FabricaEscuela.Feature1Back.Feature1BackApplication: Unsatisfied dependency expressed through method 'init' parameter 5: No qualifying bean of type 'org.springframework.security.crypto.password.PasswordEncoder' available: expected at least 1 bean which qualifies as autowire candidate. Dependency annotations: {}
	at org.springframework.beans.factory.support.ConstructorResolver.createArgumentArray(ConstructorResolver.java:804) ~[spring-beans-6.2.11.jar:6.2.11]
	at org.springframework.beans.factory.support.ConstructorResolver.instantiateUsingFactoryMethod(ConstructorResolver.java:546) ~[spring-beans-6.2.11.jar:6.2.11]
	at org.springframework.beans.factory.support.AbstractAutowireCapableBeanFactory.instantiateUsingFactoryMethod(AbstractAutowireCapableBeanFactory.java:1375) ~[spring-beans-6.2.11.jar:6.2.11]
	at org.springframework.beans.factory.support.AbstractAutowireCapableBeanFactory.createBeanInstance(AbstractAutowireCapableBeanFactory.java:1205) ~[spring-beans-6.2.11.jar:6.2.11]
	at org.springframework.beans.factory.support.AbstractAutowireCapableBeanFactory.doCreateBean(AbstractAutowireCapableBeanFactory.java:569) ~[spring-beans-6.2.11.jar:6.2.11]
	at org.springframework.beans.factory.support.AbstractAutowireCapableBeanFactory.createBean(AbstractAutowireCapableBeanFactory.java:529) ~[spring-beans-6.2.11.jar:6.2.11]
	at org.springframework.beans.factory.support.AbstractBeanFactory.lambda$doGetBean$0(AbstractBeanFactory.java:339) ~[spring-beans-6.2.11.jar:6.2.11]
	at org.springframework.beans.factory.support.DefaultSingletonBeanRegistry.getSingleton(DefaultSingletonBeanRegistry.java:373) ~[spring-beans-6.2.11.jar:6.2.11]
	at org.springframework.beans.factory.support.AbstractBeanFactory.doGetBean(AbstractBeanFactory.java:337) ~[spring-beans-6.2.11.jar:6.2.11]
	at org.springframework.beans.factory.support.AbstractBeanFactory.getBean(AbstractBeanFactory.java:202) ~[spring-beans-6.2.11.jar:6.2.11]
	at org.springframework.beans.factory.support.DefaultListableBeanFactory.instantiateSingleton(DefaultListableBeanFactory.java:1221) ~[spring-beans-6.2.11.jar:6.2.11]
	at org.springframework.beans.factory.support.DefaultListableBeanFactory.preInstantiateSingleton(DefaultListableBeanFactory.java:1187) ~[spring-beans-6.2.11.jar:6.2.11]
	at org.springframework.beans.factory.support.DefaultListableBeanFactory.preInstantiateSingletons(DefaultListableBeanFactory.java:1123) ~[spring-beans-6.2.11.jar:6.2.11]
	at org.springframework.context.support.AbstractApplicationContext.finishBeanFactoryInitialization(AbstractApplicationContext.java:987) ~[spring-context-6.2.11.jar:6.2.11]
	at org.springframework.context.support.AbstractApplicationContext.refresh(AbstractApplicationContext.java:627) ~[spring-context-6.2.11.jar:6.2.11]
	at org.springframework.boot.SpringApplication.refresh(SpringApplication.java:752) ~[spring-boot-3.4.10.jar:3.4.10]
	at org.springframework.boot.SpringApplication.refreshContext(SpringApplication.java:439) ~[spring-boot-3.4.10.jar:3.4.10]
	at org.springframework.boot.SpringApplication.run(SpringApplication.java:318) ~[spring-boot-3.4.10.jar:3.4.10]
	at org.springframework.boot.test.context.SpringBootContextLoader.lambda$loadContext$3(SpringBootContextLoader.java:144) ~[spring-boot-test-3.4.10.jar:3.4.10]
	at org.springframework.util.function.ThrowingSupplier.get(ThrowingSupplier.java:58) ~[spring-core-6.2.11.jar:6.2.11]
	at org.springframework.util.function.ThrowingSupplier.get(ThrowingSupplier.java:46) ~[spring-core-6.2.11.jar:6.2.11]
	at org.springframework.boot.SpringApplication.withHook(SpringApplication.java:1461) ~[spring-boot-3.4.10.jar:3.4.10]
	at org.springframework.boot.test.context.SpringBootContextLoader$ContextLoaderHook.run(SpringBootContextLoader.java:563) ~[spring-boot-test-3.4.10.jar:3.4.10]
	at org.springframework.boot.test.context.SpringBootContextLoader.loadContext(SpringBootContextLoader.java:144) ~[spring-boot-test-3.4.10.jar:3.4.10]
	at org.springframework.boot.test.context.SpringBootContextLoader.loadContext(SpringBootContextLoader.java:110) ~[spring-boot-test-3.4.10.jar:3.4.10]
	at org.springframework.test.context.cache.DefaultCacheAwareContextLoaderDelegate.loadContextInternal(DefaultCacheAwareContextLoaderDelegate.java:225) ~[spring-test-6.2.11.jar:6.2.11]
	at org.springframework.test.context.cache.DefaultCacheAwareContextLoaderDelegate.loadContext(DefaultCacheAwareContextLoaderDelegate.java:152) ~[spring-test-6.2.11.jar:6.2.11]
	... 76 common frames omitted
Caused by: org.springframework.beans.factory.NoSuchBeanDefinitionException: No qualifying bean of type 'org.springframework.security.crypto.password.PasswordEncoder' available: expected at least 1 bean which qualifies as autowire candidate. Dependency annotations: {}
	at org.springframework.beans.factory.support.DefaultListableBeanFactory.raiseNoMatchingBeanFound(DefaultListableBeanFactory.java:2303) ~[spring-beans-6.2.11.jar:6.2.11]
	at org.springframework.beans.factory.support.DefaultListableBeanFactory.doResolveDependency(DefaultListableBeanFactory.java:1723) ~[spring-beans-6.2.11.jar:6.2.11]
	at org.springframework.beans.factory.support.DefaultListableBeanFactory.resolveDependency(DefaultListableBeanFactory.java:1643) ~[spring-beans-6.2.11.jar:6.2.11]
	at org.springframework.beans.factory.support.ConstructorResolver.resolveAutowiredArgument(ConstructorResolver.java:913) ~[spring-beans-6.2.11.jar:6.2.11]
	at org.springframework.beans.factory.support.ConstructorResolver.createArgumentArray(ConstructorResolver.java:791) ~[spring-beans-6.2.11.jar:6.2.11]
	... 102 common frames omitted

2025-11-21T11:57:47.406-05:00  WARN 11572 --- [           main] o.s.test.context.TestContextManager      : Caught exception while allowing TestExecutionListener [org.springframework.test.context.support.DependencyInjectionTestExecutionListener] to prepare test instance [com.FabricaEscuela.Feature1Back.repository.TurnoRepositoryTest@29843f98]

java.lang.IllegalStateException: ApplicationContext failure threshold (1) exceeded: skipping repeated attempt to load context for [MergedContextConfiguration@3c0353a8 testClass = com.FabricaEscuela.Feature1Back.repository.TurnoRepositoryTest, locations = [], classes = [com.FabricaEscuela.Feature1Back.Feature1BackApplication], contextInitializerClasses = [], activeProfiles = [], propertySourceDescriptors = [], propertySourceProperties = ["org.springframework.boot.test.autoconfigure.orm.jpa.DataJpaTestContextBootstrapper=true"], contextCustomizers = [[ImportsContextCustomizer@46c38aa key = [org.springframework.boot.autoconfigure.transaction.TransactionAutoConfiguration, org.springframework.boot.autoconfigure.data.jpa.JpaRepositoriesAutoConfiguration, org.springframework.boot.test.autoconfigure.orm.jpa.TestEntityManagerAutoConfiguration, org.springframework.boot.autoconfigure.cache.CacheAutoConfiguration, org.springframework.boot.autoconfigure.orm.jpa.HibernateJpaAutoConfiguration, org.springframework.boot.autoconfigure.sql.init.SqlInitializationAutoConfiguration, org.springframework.boot.test.autoconfigure.jdbc.TestDatabaseAutoConfiguration, org.springframework.boot.autoconfigure.flyway.FlywayAutoConfiguration, org.springframework.boot.autoconfigure.jdbc.DataSourceTransactionManagerAutoConfiguration, org.springframework.boot.autoconfigure.liquibase.LiquibaseAutoConfiguration, org.springframework.boot.autoconfigure.jdbc.JdbcClientAutoConfiguration, org.springframework.boot.autoconfigure.jdbc.DataSourceAutoConfiguration, org.springframework.boot.autoconfigure.jdbc.JdbcTemplateAutoConfiguration]], org.springframework.boot.test.context.filter.ExcludeFilterContextCustomizer@ccd1bc3, org.springframework.boot.test.json.DuplicateJsonObjectContextCustomizerFactory$DuplicateJsonObjectContextCustomizer@677b8e13, org.springframework.boot.test.mock.mockito.MockitoContextCustomizer@0, org.springframework.boot.test.web.reactor.netty.DisableReactorResourceFactoryGlobalResourcesContextCustomizerFactory$DisableReactorResourceFactoryGlobalResourcesContextCustomizerCustomizer@293cde83, org.springframework.boot.test.autoconfigure.OnFailureConditionReportContextCustomizerFactory$OnFailureConditionReportContextCustomizer@37fdfb05, org.springframework.boot.test.autoconfigure.OverrideAutoConfigurationContextCustomizerFactory$DisableAutoConfigurationContextCustomizer@1adef192, org.springframework.boot.test.autoconfigure.actuate.observability.ObservabilityContextCustomizerFactory$DisableObservabilityContextCustomizer@1f, org.springframework.boot.test.autoconfigure.filter.TypeExcludeFiltersContextCustomizer@34be3d80, org.springframework.boot.test.autoconfigure.properties.PropertyMappingContextCustomizer@1b97c224, org.springframework.boot.test.autoconfigure.web.servlet.WebDriverContextCustomizer@2b214b94, org.springframework.test.context.support.DynamicPropertiesContextCustomizer@0, org.springframework.boot.test.context.SpringBootTestAnnotation@4c2e2329], contextLoader = org.springframework.boot.test.context.SpringBootContextLoader, parent = null]
	at org.springframework.test.context.cache.DefaultCacheAwareContextLoaderDelegate.loadContext(DefaultCacheAwareContextLoaderDelegate.java:145) ~[spring-test-6.2.11.jar:6.2.11]
	at org.springframework.test.context.support.DefaultTestContext.getApplicationContext(DefaultTestContext.java:130) ~[spring-test-6.2.11.jar:6.2.11]
	at org.springframework.test.context.support.DependencyInjectionTestExecutionListener.injectDependencies(DependencyInjectionTestExecutionListener.java:155) ~[spring-test-6.2.11.jar:6.2.11]
	at org.springframework.test.context.support.DependencyInjectionTestExecutionListener.prepareTestInstance(DependencyInjectionTestExecutionListener.java:111) ~[spring-test-6.2.11.jar:6.2.11]
	at org.springframework.test.context.TestContextManager.prepareTestInstance(TestContextManager.java:260) ~[spring-test-6.2.11.jar:6.2.11]
	at org.springframework.test.context.junit.jupiter.SpringExtension.postProcessTestInstance(SpringExtension.java:159) ~[spring-test-6.2.11.jar:6.2.11]
	at org.junit.jupiter.engine.descriptor.ClassBasedTestDescriptor.lambda$invokeTestInstancePostProcessors$11(ClassBasedTestDescriptor.java:378) ~[junit-jupiter-engine-5.11.4.jar:5.11.4]
	at org.junit.jupiter.engine.descriptor.ClassBasedTestDescriptor.executeAndMaskThrowable(ClassBasedTestDescriptor.java:383) ~[junit-jupiter-engine-5.11.4.jar:5.11.4]
	at org.junit.jupiter.engine.descriptor.ClassBasedTestDescriptor.lambda$invokeTestInstancePostProcessors$12(ClassBasedTestDescriptor.java:378) ~[junit-jupiter-engine-5.11.4.jar:5.11.4]
	at java.base/java.util.stream.ForEachOps$ForEachOp$OfRef.accept(ForEachOps.java:183) ~[na:na]
	at java.base/java.util.stream.ReferencePipeline$3$1.accept(ReferencePipeline.java:197) ~[na:na]
	at java.base/java.util.stream.ReferencePipeline$2$1.accept(ReferencePipeline.java:179) ~[na:na]
	at java.base/java.util.stream.ReferencePipeline$3$1.accept(ReferencePipeline.java:197) ~[na:na]
	at java.base/java.util.ArrayList$ArrayListSpliterator.forEachRemaining(ArrayList.java:1625) ~[na:na]
	at java.base/java.util.stream.AbstractPipeline.copyInto(AbstractPipeline.java:509) ~[na:na]
	at java.base/java.util.stream.AbstractPipeline.wrapAndCopyInto(AbstractPipeline.java:499) ~[na:na]
	at java.base/java.util.stream.ForEachOps$ForEachOp.evaluateSequential(ForEachOps.java:150) ~[na:na]
	at java.base/java.util.stream.ForEachOps$ForEachOp$OfRef.evaluateSequential(ForEachOps.java:173) ~[na:na]
	at java.base/java.util.stream.AbstractPipeline.evaluate(AbstractPipeline.java:234) ~[na:na]
	at java.base/java.util.stream.ReferencePipeline.forEach(ReferencePipeline.java:596) ~[na:na]
	at org.junit.jupiter.engine.descriptor.ClassBasedTestDescriptor.invokeTestInstancePostProcessors(ClassBasedTestDescriptor.java:377) ~[junit-jupiter-engine-5.11.4.jar:5.11.4]
	at org.junit.jupiter.engine.descriptor.ClassBasedTestDescriptor.lambda$instantiateAndPostProcessTestInstance$7(ClassBasedTestDescriptor.java:290) ~[junit-jupiter-engine-5.11.4.jar:5.11.4]
	at org.junit.platform.engine.support.hierarchical.ThrowableCollector.execute(ThrowableCollector.java:73) ~[junit-platform-engine-1.11.4.jar:1.11.4]
	at org.junit.jupiter.engine.descriptor.ClassBasedTestDescriptor.instantiateAndPostProcessTestInstance(ClassBasedTestDescriptor.java:289) ~[junit-jupiter-engine-5.11.4.jar:5.11.4]
	at org.junit.jupiter.engine.descriptor.ClassBasedTestDescriptor.lambda$testInstancesProvider$5(ClassBasedTestDescriptor.java:279) ~[junit-jupiter-engine-5.11.4.jar:5.11.4]
	at java.base/java.util.Optional.orElseGet(Optional.java:364) ~[na:na]
	at org.junit.jupiter.engine.descriptor.ClassBasedTestDescriptor.lambda$testInstancesProvider$6(ClassBasedTestDescriptor.java:278) ~[junit-jupiter-engine-5.11.4.jar:5.11.4]
	at org.junit.jupiter.engine.execution.TestInstancesProvider.getTestInstances(TestInstancesProvider.java:31) ~[junit-jupiter-engine-5.11.4.jar:5.11.4]
	at org.junit.jupiter.engine.descriptor.TestMethodTestDescriptor.lambda$prepare$1(TestMethodTestDescriptor.java:105) ~[junit-jupiter-engine-5.11.4.jar:5.11.4]
	at org.junit.platform.engine.support.hierarchical.ThrowableCollector.execute(ThrowableCollector.java:73) ~[junit-platform-engine-1.11.4.jar:1.11.4]
	at org.junit.jupiter.engine.descriptor.TestMethodTestDescriptor.prepare(TestMethodTestDescriptor.java:104) ~[junit-jupiter-engine-5.11.4.jar:5.11.4]
	at org.junit.jupiter.engine.descriptor.TestMethodTestDescriptor.prepare(TestMethodTestDescriptor.java:68) ~[junit-jupiter-engine-5.11.4.jar:5.11.4]
	at org.junit.platform.engine.support.hierarchical.NodeTestTask.lambda$prepare$2(NodeTestTask.java:128) ~[junit-platform-engine-1.11.4.jar:1.11.4]
	at org.junit.platform.engine.support.hierarchical.ThrowableCollector.execute(ThrowableCollector.java:73) ~[junit-platform-engine-1.11.4.jar:1.11.4]
	at org.junit.platform.engine.support.hierarchical.NodeTestTask.prepare(NodeTestTask.java:128) ~[junit-platform-engine-1.11.4.jar:1.11.4]
	at org.junit.platform.engine.support.hierarchical.NodeTestTask.execute(NodeTestTask.java:95) ~[junit-platform-engine-1.11.4.jar:1.11.4]
	at java.base/java.util.ArrayList.forEach(ArrayList.java:1511) ~[na:na]
	at org.junit.platform.engine.support.hierarchical.SameThreadHierarchicalTestExecutorService.invokeAll(SameThreadHierarchicalTestExecutorService.java:41) ~[junit-platform-engine-1.11.4.jar:1.11.4]
	at org.junit.platform.engine.support.hierarchical.NodeTestTask.lambda$executeRecursively$6(NodeTestTask.java:160) ~[junit-platform-engine-1.11.4.jar:1.11.4]
	at org.junit.platform.engine.support.hierarchical.ThrowableCollector.execute(ThrowableCollector.java:73) ~[junit-platform-engine-1.11.4.jar:1.11.4]
	at org.junit.platform.engine.support.hierarchical.NodeTestTask.lambda$executeRecursively$8(NodeTestTask.java:146) ~[junit-platform-engine-1.11.4.jar:1.11.4]
	at org.junit.platform.engine.support.hierarchical.Node.around(Node.java:137) ~[junit-platform-engine-1.11.4.jar:1.11.4]
	at org.junit.platform.engine.support.hierarchical.NodeTestTask.lambda$executeRecursively$9(NodeTestTask.java:144) ~[junit-platform-engine-1.11.4.jar:1.11.4]
	at org.junit.platform.engine.support.hierarchical.ThrowableCollector.execute(ThrowableCollector.java:73) ~[junit-platform-engine-1.11.4.jar:1.11.4]
	at org.junit.platform.engine.support.hierarchical.NodeTestTask.executeRecursively(NodeTestTask.java:143) ~[junit-platform-engine-1.11.4.jar:1.11.4]
	at org.junit.platform.engine.support.hierarchical.NodeTestTask.execute(NodeTestTask.java:100) ~[junit-platform-engine-1.11.4.jar:1.11.4]
	at java.base/java.util.ArrayList.forEach(ArrayList.java:1511) ~[na:na]
	at org.junit.platform.engine.support.hierarchical.SameThreadHierarchicalTestExecutorService.invokeAll(SameThreadHierarchicalTestExecutorService.java:41) ~[junit-platform-engine-1.11.4.jar:1.11.4]
	at org.junit.platform.engine.support.hierarchical.NodeTestTask.lambda$executeRecursively$6(NodeTestTask.java:160) ~[junit-platform-engine-1.11.4.jar:1.11.4]
	at org.junit.platform.engine.support.hierarchical.ThrowableCollector.execute(ThrowableCollector.java:73) ~[junit-platform-engine-1.11.4.jar:1.11.4]
	at org.junit.platform.engine.support.hierarchical.NodeTestTask.lambda$executeRecursively$8(NodeTestTask.java:146) ~[junit-platform-engine-1.11.4.jar:1.11.4]
	at org.junit.platform.engine.support.hierarchical.Node.around(Node.java:137) ~[junit-platform-engine-1.11.4.jar:1.11.4]
	at org.junit.platform.engine.support.hierarchical.NodeTestTask.lambda$executeRecursively$9(NodeTestTask.java:144) ~[junit-platform-engine-1.11.4.jar:1.11.4]
	at org.junit.platform.engine.support.hierarchical.ThrowableCollector.execute(ThrowableCollector.java:73) ~[junit-platform-engine-1.11.4.jar:1.11.4]
	at org.junit.platform.engine.support.hierarchical.NodeTestTask.executeRecursively(NodeTestTask.java:143) ~[junit-platform-engine-1.11.4.jar:1.11.4]
	at org.junit.platform.engine.support.hierarchical.NodeTestTask.execute(NodeTestTask.java:100) ~[junit-platform-engine-1.11.4.jar:1.11.4]
	at org.junit.platform.engine.support.hierarchical.SameThreadHierarchicalTestExecutorService.submit(SameThreadHierarchicalTestExecutorService.java:35) ~[junit-platform-engine-1.11.4.jar:1.11.4]
	at org.junit.platform.engine.support.hierarchical.HierarchicalTestExecutor.execute(HierarchicalTestExecutor.java:57) ~[junit-platform-engine-1.11.4.jar:1.11.4]
	at org.junit.platform.engine.support.hierarchical.HierarchicalTestEngine.execute(HierarchicalTestEngine.java:54) ~[junit-platform-engine-1.11.4.jar:1.11.4]
	at org.junit.platform.launcher.core.EngineExecutionOrchestrator.execute(EngineExecutionOrchestrator.java:198) ~[junit-platform-launcher-1.11.4.jar:1.11.4]
	at org.junit.platform.launcher.core.EngineExecutionOrchestrator.execute(EngineExecutionOrchestrator.java:169) ~[junit-platform-launcher-1.11.4.jar:1.11.4]
	at org.junit.platform.launcher.core.EngineExecutionOrchestrator.execute(EngineExecutionOrchestrator.java:93) ~[junit-platform-launcher-1.11.4.jar:1.11.4]
	at org.junit.platform.launcher.core.EngineExecutionOrchestrator.lambda$execute$0(EngineExecutionOrchestrator.java:58) ~[junit-platform-launcher-1.11.4.jar:1.11.4]
	at org.junit.platform.launcher.core.EngineExecutionOrchestrator.withInterceptedStreams(EngineExecutionOrchestrator.java:141) ~[junit-platform-launcher-1.11.4.jar:1.11.4]
	at org.junit.platform.launcher.core.EngineExecutionOrchestrator.execute(EngineExecutionOrchestrator.java:57) ~[junit-platform-launcher-1.11.4.jar:1.11.4]
	at org.junit.platform.launcher.core.DefaultLauncher.execute(DefaultLauncher.java:103) ~[junit-platform-launcher-1.11.4.jar:1.11.4]
	at org.junit.platform.launcher.core.DefaultLauncher.execute(DefaultLauncher.java:85) ~[junit-platform-launcher-1.11.4.jar:1.11.4]
	at org.junit.platform.launcher.core.DelegatingLauncher.execute(DelegatingLauncher.java:47) ~[junit-platform-launcher-1.11.4.jar:1.11.4]
	at org.apache.maven.surefire.junitplatform.LauncherAdapter.executeWithoutCancellationToken(LauncherAdapter.java:60) ~[surefire-junit-platform-3.5.4.jar:3.5.4]
	at org.apache.maven.surefire.junitplatform.LauncherAdapter.execute(LauncherAdapter.java:52) ~[surefire-junit-platform-3.5.4.jar:3.5.4]
	at org.apache.maven.surefire.junitplatform.JUnitPlatformProvider.execute(JUnitPlatformProvider.java:203) ~[surefire-junit-platform-3.5.4.jar:3.5.4]
	at org.apache.maven.surefire.junitplatform.JUnitPlatformProvider.invokeAllTests(JUnitPlatformProvider.java:168) ~[surefire-junit-platform-3.5.4.jar:3.5.4]
	at org.apache.maven.surefire.junitplatform.JUnitPlatformProvider.invoke(JUnitPlatformProvider.java:136) ~[surefire-junit-platform-3.5.4.jar:3.5.4]
	at org.apache.maven.surefire.booter.ForkedBooter.runSuitesInProcess(ForkedBooter.java:385) ~[surefire-booter-3.5.4.jar:3.5.4]
	at org.apache.maven.surefire.booter.ForkedBooter.execute(ForkedBooter.java:162) ~[surefire-booter-3.5.4.jar:3.5.4]
	at org.apache.maven.surefire.booter.ForkedBooter.run(ForkedBooter.java:507) ~[surefire-booter-3.5.4.jar:3.5.4]
	at org.apache.maven.surefire.booter.ForkedBooter.main(ForkedBooter.java:495) ~[surefire-booter-3.5.4.jar:3.5.4]

2025-11-21T11:57:47.410-05:00  WARN 11572 --- [           main] o.s.test.context.TestContextManager      : Caught exception while allowing TestExecutionListener [org.springframework.test.context.support.DependencyInjectionTestExecutionListener] to prepare test instance [com.FabricaEscuela.Feature1Back.repository.TurnoRepositoryTest@6c8554c9]

java.lang.IllegalStateException: ApplicationContext failure threshold (1) exceeded: skipping repeated attempt to load context for [MergedContextConfiguration@3c0353a8 testClass = com.FabricaEscuela.Feature1Back.repository.TurnoRepositoryTest, locations = [], classes = [com.FabricaEscuela.Feature1Back.Feature1BackApplication], contextInitializerClasses = [], activeProfiles = [], propertySourceDescriptors = [], propertySourceProperties = ["org.springframework.boot.test.autoconfigure.orm.jpa.DataJpaTestContextBootstrapper=true"], contextCustomizers = [[ImportsContextCustomizer@46c38aa key = [org.springframework.boot.autoconfigure.transaction.TransactionAutoConfiguration, org.springframework.boot.autoconfigure.data.jpa.JpaRepositoriesAutoConfiguration, org.springframework.boot.test.autoconfigure.orm.jpa.TestEntityManagerAutoConfiguration, org.springframework.boot.autoconfigure.cache.CacheAutoConfiguration, org.springframework.boot.autoconfigure.orm.jpa.HibernateJpaAutoConfiguration, org.springframework.boot.autoconfigure.sql.init.SqlInitializationAutoConfiguration, org.springframework.boot.test.autoconfigure.jdbc.TestDatabaseAutoConfiguration, org.springframework.boot.autoconfigure.flyway.FlywayAutoConfiguration, org.springframework.boot.autoconfigure.jdbc.DataSourceTransactionManagerAutoConfiguration, org.springframework.boot.autoconfigure.liquibase.LiquibaseAutoConfiguration, org.springframework.boot.autoconfigure.jdbc.JdbcClientAutoConfiguration, org.springframework.boot.autoconfigure.jdbc.DataSourceAutoConfiguration, org.springframework.boot.autoconfigure.jdbc.JdbcTemplateAutoConfiguration]], org.springframework.boot.test.context.filter.ExcludeFilterContextCustomizer@ccd1bc3, org.springframework.boot.test.json.DuplicateJsonObjectContextCustomizerFactory$DuplicateJsonObjectContextCustomizer@677b8e13, org.springframework.boot.test.mock.mockito.MockitoContextCustomizer@0, org.springframework.boot.test.web.reactor.netty.DisableReactorResourceFactoryGlobalResourcesContextCustomizerFactory$DisableReactorResourceFactoryGlobalResourcesContextCustomizerCustomizer@293cde83, org.springframework.boot.test.autoconfigure.OnFailureConditionReportContextCustomizerFactory$OnFailureConditionReportContextCustomizer@37fdfb05, org.springframework.boot.test.autoconfigure.OverrideAutoConfigurationContextCustomizerFactory$DisableAutoConfigurationContextCustomizer@1adef192, org.springframework.boot.test.autoconfigure.actuate.observability.ObservabilityContextCustomizerFactory$DisableObservabilityContextCustomizer@1f, org.springframework.boot.test.autoconfigure.filter.TypeExcludeFiltersContextCustomizer@34be3d80, org.springframework.boot.test.autoconfigure.properties.PropertyMappingContextCustomizer@1b97c224, org.springframework.boot.test.autoconfigure.web.servlet.WebDriverContextCustomizer@2b214b94, org.springframework.test.context.support.DynamicPropertiesContextCustomizer@0, org.springframework.boot.test.context.SpringBootTestAnnotation@4c2e2329], contextLoader = org.springframework.boot.test.context.SpringBootContextLoader, parent = null]
	at org.springframework.test.context.cache.DefaultCacheAwareContextLoaderDelegate.loadContext(DefaultCacheAwareContextLoaderDelegate.java:145) ~[spring-test-6.2.11.jar:6.2.11]
	at org.springframework.test.context.support.DefaultTestContext.getApplicationContext(DefaultTestContext.java:130) ~[spring-test-6.2.11.jar:6.2.11]
	at org.springframework.test.context.support.DependencyInjectionTestExecutionListener.injectDependencies(DependencyInjectionTestExecutionListener.java:155) ~[spring-test-6.2.11.jar:6.2.11]
	at org.springframework.test.context.support.DependencyInjectionTestExecutionListener.prepareTestInstance(DependencyInjectionTestExecutionListener.java:111) ~[spring-test-6.2.11.jar:6.2.11]
	at org.springframework.test.context.TestContextManager.prepareTestInstance(TestContextManager.java:260) ~[spring-test-6.2.11.jar:6.2.11]
	at org.springframework.test.context.junit.jupiter.SpringExtension.postProcessTestInstance(SpringExtension.java:159) ~[spring-test-6.2.11.jar:6.2.11]
	at org.junit.jupiter.engine.descriptor.ClassBasedTestDescriptor.lambda$invokeTestInstancePostProcessors$11(ClassBasedTestDescriptor.java:378) ~[junit-jupiter-engine-5.11.4.jar:5.11.4]
	at org.junit.jupiter.engine.descriptor.ClassBasedTestDescriptor.executeAndMaskThrowable(ClassBasedTestDescriptor.java:383) ~[junit-jupiter-engine-5.11.4.jar:5.11.4]
	at org.junit.jupiter.engine.descriptor.ClassBasedTestDescriptor.lambda$invokeTestInstancePostProcessors$12(ClassBasedTestDescriptor.java:378) ~[junit-jupiter-engine-5.11.4.jar:5.11.4]
	at java.base/java.util.stream.ForEachOps$ForEachOp$OfRef.accept(ForEachOps.java:183) ~[na:na]
	at java.base/java.util.stream.ReferencePipeline$3$1.accept(ReferencePipeline.java:197) ~[na:na]
	at java.base/java.util.stream.ReferencePipeline$2$1.accept(ReferencePipeline.java:179) ~[na:na]
	at java.base/java.util.stream.ReferencePipeline$3$1.accept(ReferencePipeline.java:197) ~[na:na]
	at java.base/java.util.ArrayList$ArrayListSpliterator.forEachRemaining(ArrayList.java:1625) ~[na:na]
	at java.base/java.util.stream.AbstractPipeline.copyInto(AbstractPipeline.java:509) ~[na:na]
	at java.base/java.util.stream.AbstractPipeline.wrapAndCopyInto(AbstractPipeline.java:499) ~[na:na]
	at java.base/java.util.stream.ForEachOps$ForEachOp.evaluateSequential(ForEachOps.java:150) ~[na:na]
	at java.base/java.util.stream.ForEachOps$ForEachOp$OfRef.evaluateSequential(ForEachOps.java:173) ~[na:na]
	at java.base/java.util.stream.AbstractPipeline.evaluate(AbstractPipeline.java:234) ~[na:na]
	at java.base/java.util.stream.ReferencePipeline.forEach(ReferencePipeline.java:596) ~[na:na]
	at org.junit.jupiter.engine.descriptor.ClassBasedTestDescriptor.invokeTestInstancePostProcessors(ClassBasedTestDescriptor.java:377) ~[junit-jupiter-engine-5.11.4.jar:5.11.4]
	at org.junit.jupiter.engine.descriptor.ClassBasedTestDescriptor.lambda$instantiateAndPostProcessTestInstance$7(ClassBasedTestDescriptor.java:290) ~[junit-jupiter-engine-5.11.4.jar:5.11.4]
	at org.junit.platform.engine.support.hierarchical.ThrowableCollector.execute(ThrowableCollector.java:73) ~[junit-platform-engine-1.11.4.jar:1.11.4]
	at org.junit.jupiter.engine.descriptor.ClassBasedTestDescriptor.instantiateAndPostProcessTestInstance(ClassBasedTestDescriptor.java:289) ~[junit-jupiter-engine-5.11.4.jar:5.11.4]
	at org.junit.jupiter.engine.descriptor.ClassBasedTestDescriptor.lambda$testInstancesProvider$5(ClassBasedTestDescriptor.java:279) ~[junit-jupiter-engine-5.11.4.jar:5.11.4]
	at java.base/java.util.Optional.orElseGet(Optional.java:364) ~[na:na]
	at org.junit.jupiter.engine.descriptor.ClassBasedTestDescriptor.lambda$testInstancesProvider$6(ClassBasedTestDescriptor.java:278) ~[junit-jupiter-engine-5.11.4.jar:5.11.4]
	at org.junit.jupiter.engine.execution.TestInstancesProvider.getTestInstances(TestInstancesProvider.java:31) ~[junit-jupiter-engine-5.11.4.jar:5.11.4]
	at org.junit.jupiter.engine.descriptor.TestMethodTestDescriptor.lambda$prepare$1(TestMethodTestDescriptor.java:105) ~[junit-jupiter-engine-5.11.4.jar:5.11.4]
	at org.junit.platform.engine.support.hierarchical.ThrowableCollector.execute(ThrowableCollector.java:73) ~[junit-platform-engine-1.11.4.jar:1.11.4]
	at org.junit.jupiter.engine.descriptor.TestMethodTestDescriptor.prepare(TestMethodTestDescriptor.java:104) ~[junit-jupiter-engine-5.11.4.jar:5.11.4]
	at org.junit.jupiter.engine.descriptor.TestMethodTestDescriptor.prepare(TestMethodTestDescriptor.java:68) ~[junit-jupiter-engine-5.11.4.jar:5.11.4]
	at org.junit.platform.engine.support.hierarchical.NodeTestTask.lambda$prepare$2(NodeTestTask.java:128) ~[junit-platform-engine-1.11.4.jar:1.11.4]
	at org.junit.platform.engine.support.hierarchical.ThrowableCollector.execute(ThrowableCollector.java:73) ~[junit-platform-engine-1.11.4.jar:1.11.4]
	at org.junit.platform.engine.support.hierarchical.NodeTestTask.prepare(NodeTestTask.java:128) ~[junit-platform-engine-1.11.4.jar:1.11.4]
	at org.junit.platform.engine.support.hierarchical.NodeTestTask.execute(NodeTestTask.java:95) ~[junit-platform-engine-1.11.4.jar:1.11.4]
	at java.base/java.util.ArrayList.forEach(ArrayList.java:1511) ~[na:na]
	at org.junit.platform.engine.support.hierarchical.SameThreadHierarchicalTestExecutorService.invokeAll(SameThreadHierarchicalTestExecutorService.java:41) ~[junit-platform-engine-1.11.4.jar:1.11.4]
	at org.junit.platform.engine.support.hierarchical.NodeTestTask.lambda$executeRecursively$6(NodeTestTask.java:160) ~[junit-platform-engine-1.11.4.jar:1.11.4]
	at org.junit.platform.engine.support.hierarchical.ThrowableCollector.execute(ThrowableCollector.java:73) ~[junit-platform-engine-1.11.4.jar:1.11.4]
	at org.junit.platform.engine.support.hierarchical.NodeTestTask.lambda$executeRecursively$8(NodeTestTask.java:146) ~[junit-platform-engine-1.11.4.jar:1.11.4]
	at org.junit.platform.engine.support.hierarchical.Node.around(Node.java:137) ~[junit-platform-engine-1.11.4.jar:1.11.4]
	at org.junit.platform.engine.support.hierarchical.NodeTestTask.lambda$executeRecursively$9(NodeTestTask.java:144) ~[junit-platform-engine-1.11.4.jar:1.11.4]
	at org.junit.platform.engine.support.hierarchical.ThrowableCollector.execute(ThrowableCollector.java:73) ~[junit-platform-engine-1.11.4.jar:1.11.4]
	at org.junit.platform.engine.support.hierarchical.NodeTestTask.executeRecursively(NodeTestTask.java:143) ~[junit-platform-engine-1.11.4.jar:1.11.4]
	at org.junit.platform.engine.support.hierarchical.NodeTestTask.execute(NodeTestTask.java:100) ~[junit-platform-engine-1.11.4.jar:1.11.4]
	at java.base/java.util.ArrayList.forEach(ArrayList.java:1511) ~[na:na]
	at org.junit.platform.engine.support.hierarchical.SameThreadHierarchicalTestExecutorService.invokeAll(SameThreadHierarchicalTestExecutorService.java:41) ~[junit-platform-engine-1.11.4.jar:1.11.4]
	at org.junit.platform.engine.support.hierarchical.NodeTestTask.lambda$executeRecursively$6(NodeTestTask.java:160) ~[junit-platform-engine-1.11.4.jar:1.11.4]
	at org.junit.platform.engine.support.hierarchical.ThrowableCollector.execute(ThrowableCollector.java:73) ~[junit-platform-engine-1.11.4.jar:1.11.4]
	at org.junit.platform.engine.support.hierarchical.NodeTestTask.lambda$executeRecursively$8(NodeTestTask.java:146) ~[junit-platform-engine-1.11.4.jar:1.11.4]
	at org.junit.platform.engine.support.hierarchical.Node.around(Node.java:137) ~[junit-platform-engine-1.11.4.jar:1.11.4]
	at org.junit.platform.engine.support.hierarchical.NodeTestTask.lambda$executeRecursively$9(NodeTestTask.java:144) ~[junit-platform-engine-1.11.4.jar:1.11.4]
	at org.junit.platform.engine.support.hierarchical.ThrowableCollector.execute(ThrowableCollector.java:73) ~[junit-platform-engine-1.11.4.jar:1.11.4]
	at org.junit.platform.engine.support.hierarchical.NodeTestTask.executeRecursively(NodeTestTask.java:143) ~[junit-platform-engine-1.11.4.jar:1.11.4]
	at org.junit.platform.engine.support.hierarchical.NodeTestTask.execute(NodeTestTask.java:100) ~[junit-platform-engine-1.11.4.jar:1.11.4]
	at org.junit.platform.engine.support.hierarchical.SameThreadHierarchicalTestExecutorService.submit(SameThreadHierarchicalTestExecutorService.java:35) ~[junit-platform-engine-1.11.4.jar:1.11.4]
	at org.junit.platform.engine.support.hierarchical.HierarchicalTestExecutor.execute(HierarchicalTestExecutor.java:57) ~[junit-platform-engine-1.11.4.jar:1.11.4]
	at org.junit.platform.engine.support.hierarchical.HierarchicalTestEngine.execute(HierarchicalTestEngine.java:54) ~[junit-platform-engine-1.11.4.jar:1.11.4]
	at org.junit.platform.launcher.core.EngineExecutionOrchestrator.execute(EngineExecutionOrchestrator.java:198) ~[junit-platform-launcher-1.11.4.jar:1.11.4]
	at org.junit.platform.launcher.core.EngineExecutionOrchestrator.execute(EngineExecutionOrchestrator.java:169) ~[junit-platform-launcher-1.11.4.jar:1.11.4]
	at org.junit.platform.launcher.core.EngineExecutionOrchestrator.execute(EngineExecutionOrchestrator.java:93) ~[junit-platform-launcher-1.11.4.jar:1.11.4]
	at org.junit.platform.launcher.core.EngineExecutionOrchestrator.lambda$execute$0(EngineExecutionOrchestrator.java:58) ~[junit-platform-launcher-1.11.4.jar:1.11.4]
	at org.junit.platform.launcher.core.EngineExecutionOrchestrator.withInterceptedStreams(EngineExecutionOrchestrator.java:141) ~[junit-platform-launcher-1.11.4.jar:1.11.4]
	at org.junit.platform.launcher.core.EngineExecutionOrchestrator.execute(EngineExecutionOrchestrator.java:57) ~[junit-platform-launcher-1.11.4.jar:1.11.4]
	at org.junit.platform.launcher.core.DefaultLauncher.execute(DefaultLauncher.java:103) ~[junit-platform-launcher-1.11.4.jar:1.11.4]
	at org.junit.platform.launcher.core.DefaultLauncher.execute(DefaultLauncher.java:85) ~[junit-platform-launcher-1.11.4.jar:1.11.4]
	at org.junit.platform.launcher.core.DelegatingLauncher.execute(DelegatingLauncher.java:47) ~[junit-platform-launcher-1.11.4.jar:1.11.4]
	at org.apache.maven.surefire.junitplatform.LauncherAdapter.executeWithoutCancellationToken(LauncherAdapter.java:60) ~[surefire-junit-platform-3.5.4.jar:3.5.4]
	at org.apache.maven.surefire.junitplatform.LauncherAdapter.execute(LauncherAdapter.java:52) ~[surefire-junit-platform-3.5.4.jar:3.5.4]
	at org.apache.maven.surefire.junitplatform.JUnitPlatformProvider.execute(JUnitPlatformProvider.java:203) ~[surefire-junit-platform-3.5.4.jar:3.5.4]
	at org.apache.maven.surefire.junitplatform.JUnitPlatformProvider.invokeAllTests(JUnitPlatformProvider.java:168) ~[surefire-junit-platform-3.5.4.jar:3.5.4]
	at org.apache.maven.surefire.junitplatform.JUnitPlatformProvider.invoke(JUnitPlatformProvider.java:136) ~[surefire-junit-platform-3.5.4.jar:3.5.4]
	at org.apache.maven.surefire.booter.ForkedBooter.runSuitesInProcess(ForkedBooter.java:385) ~[surefire-booter-3.5.4.jar:3.5.4]
	at org.apache.maven.surefire.booter.ForkedBooter.execute(ForkedBooter.java:162) ~[surefire-booter-3.5.4.jar:3.5.4]
	at org.apache.maven.surefire.booter.ForkedBooter.run(ForkedBooter.java:507) ~[surefire-booter-3.5.4.jar:3.5.4]
	at org.apache.maven.surefire.booter.ForkedBooter.main(ForkedBooter.java:495) ~[surefire-booter-3.5.4.jar:3.5.4]

2025-11-21T11:57:47.415-05:00  WARN 11572 --- [           main] o.s.test.context.TestContextManager      : Caught exception while allowing TestExecutionListener [org.springframework.test.context.support.DependencyInjectionTestExecutionListener] to prepare test instance [com.FabricaEscuela.Feature1Back.repository.TurnoRepositoryTest@25c2f350]

java.lang.IllegalStateException: ApplicationContext failure threshold (1) exceeded: skipping repeated attempt to load context for [MergedContextConfiguration@3c0353a8 testClass = com.FabricaEscuela.Feature1Back.repository.TurnoRepositoryTest, locations = [], classes = [com.FabricaEscuela.Feature1Back.Feature1BackApplication], contextInitializerClasses = [], activeProfiles = [], propertySourceDescriptors = [], propertySourceProperties = ["org.springframework.boot.test.autoconfigure.orm.jpa.DataJpaTestContextBootstrapper=true"], contextCustomizers = [[ImportsContextCustomizer@46c38aa key = [org.springframework.boot.autoconfigure.transaction.TransactionAutoConfiguration, org.springframework.boot.autoconfigure.data.jpa.JpaRepositoriesAutoConfiguration, org.springframework.boot.test.autoconfigure.orm.jpa.TestEntityManagerAutoConfiguration, org.springframework.boot.autoconfigure.cache.CacheAutoConfiguration, org.springframework.boot.autoconfigure.orm.jpa.HibernateJpaAutoConfiguration, org.springframework.boot.autoconfigure.sql.init.SqlInitializationAutoConfiguration, org.springframework.boot.test.autoconfigure.jdbc.TestDatabaseAutoConfiguration, org.springframework.boot.autoconfigure.flyway.FlywayAutoConfiguration, org.springframework.boot.autoconfigure.jdbc.DataSourceTransactionManagerAutoConfiguration, org.springframework.boot.autoconfigure.liquibase.LiquibaseAutoConfiguration, org.springframework.boot.autoconfigure.jdbc.JdbcClientAutoConfiguration, org.springframework.boot.autoconfigure.jdbc.DataSourceAutoConfiguration, org.springframework.boot.autoconfigure.jdbc.JdbcTemplateAutoConfiguration]], org.springframework.boot.test.context.filter.ExcludeFilterContextCustomizer@ccd1bc3, org.springframework.boot.test.json.DuplicateJsonObjectContextCustomizerFactory$DuplicateJsonObjectContextCustomizer@677b8e13, org.springframework.boot.test.mock.mockito.MockitoContextCustomizer@0, org.springframework.boot.test.web.reactor.netty.DisableReactorResourceFactoryGlobalResourcesContextCustomizerFactory$DisableReactorResourceFactoryGlobalResourcesContextCustomizerCustomizer@293cde83, org.springframework.boot.test.autoconfigure.OnFailureConditionReportContextCustomizerFactory$OnFailureConditionReportContextCustomizer@37fdfb05, org.springframework.boot.test.autoconfigure.OverrideAutoConfigurationContextCustomizerFactory$DisableAutoConfigurationContextCustomizer@1adef192, org.springframework.boot.test.autoconfigure.actuate.observability.ObservabilityContextCustomizerFactory$DisableObservabilityContextCustomizer@1f, org.springframework.boot.test.autoconfigure.filter.TypeExcludeFiltersContextCustomizer@34be3d80, org.springframework.boot.test.autoconfigure.properties.PropertyMappingContextCustomizer@1b97c224, org.springframework.boot.test.autoconfigure.web.servlet.WebDriverContextCustomizer@2b214b94, org.springframework.test.context.support.DynamicPropertiesContextCustomizer@0, org.springframework.boot.test.context.SpringBootTestAnnotation@4c2e2329], contextLoader = org.springframework.boot.test.context.SpringBootContextLoader, parent = null]
	at org.springframework.test.context.cache.DefaultCacheAwareContextLoaderDelegate.loadContext(DefaultCacheAwareContextLoaderDelegate.java:145) ~[spring-test-6.2.11.jar:6.2.11]
	at org.springframework.test.context.support.DefaultTestContext.getApplicationContext(DefaultTestContext.java:130) ~[spring-test-6.2.11.jar:6.2.11]
	at org.springframework.test.context.support.DependencyInjectionTestExecutionListener.injectDependencies(DependencyInjectionTestExecutionListener.java:155) ~[spring-test-6.2.11.jar:6.2.11]
	at org.springframework.test.context.support.DependencyInjectionTestExecutionListener.prepareTestInstance(DependencyInjectionTestExecutionListener.java:111) ~[spring-test-6.2.11.jar:6.2.11]
	at org.springframework.test.context.TestContextManager.prepareTestInstance(TestContextManager.java:260) ~[spring-test-6.2.11.jar:6.2.11]
	at org.springframework.test.context.junit.jupiter.SpringExtension.postProcessTestInstance(SpringExtension.java:159) ~[spring-test-6.2.11.jar:6.2.11]
	at org.junit.jupiter.engine.descriptor.ClassBasedTestDescriptor.lambda$invokeTestInstancePostProcessors$11(ClassBasedTestDescriptor.java:378) ~[junit-jupiter-engine-5.11.4.jar:5.11.4]
	at org.junit.jupiter.engine.descriptor.ClassBasedTestDescriptor.executeAndMaskThrowable(ClassBasedTestDescriptor.java:383) ~[junit-jupiter-engine-5.11.4.jar:5.11.4]
	at org.junit.jupiter.engine.descriptor.ClassBasedTestDescriptor.lambda$invokeTestInstancePostProcessors$12(ClassBasedTestDescriptor.java:378) ~[junit-jupiter-engine-5.11.4.jar:5.11.4]
	at java.base/java.util.stream.ForEachOps$ForEachOp$OfRef.accept(ForEachOps.java:183) ~[na:na]
	at java.base/java.util.stream.ReferencePipeline$3$1.accept(ReferencePipeline.java:197) ~[na:na]
	at java.base/java.util.stream.ReferencePipeline$2$1.accept(ReferencePipeline.java:179) ~[na:na]
	at java.base/java.util.stream.ReferencePipeline$3$1.accept(ReferencePipeline.java:197) ~[na:na]
	at java.base/java.util.ArrayList$ArrayListSpliterator.forEachRemaining(ArrayList.java:1625) ~[na:na]
	at java.base/java.util.stream.AbstractPipeline.copyInto(AbstractPipeline.java:509) ~[na:na]
	at java.base/java.util.stream.AbstractPipeline.wrapAndCopyInto(AbstractPipeline.java:499) ~[na:na]
	at java.base/java.util.stream.ForEachOps$ForEachOp.evaluateSequential(ForEachOps.java:150) ~[na:na]
	at java.base/java.util.stream.ForEachOps$ForEachOp$OfRef.evaluateSequential(ForEachOps.java:173) ~[na:na]
	at java.base/java.util.stream.AbstractPipeline.evaluate(AbstractPipeline.java:234) ~[na:na]
	at java.base/java.util.stream.ReferencePipeline.forEach(ReferencePipeline.java:596) ~[na:na]
	at org.junit.jupiter.engine.descriptor.ClassBasedTestDescriptor.invokeTestInstancePostProcessors(ClassBasedTestDescriptor.java:377) ~[junit-jupiter-engine-5.11.4.jar:5.11.4]
	at org.junit.jupiter.engine.descriptor.ClassBasedTestDescriptor.lambda$instantiateAndPostProcessTestInstance$7(ClassBasedTestDescriptor.java:290) ~[junit-jupiter-engine-5.11.4.jar:5.11.4]
	at org.junit.platform.engine.support.hierarchical.ThrowableCollector.execute(ThrowableCollector.java:73) ~[junit-platform-engine-1.11.4.jar:1.11.4]
	at org.junit.jupiter.engine.descriptor.ClassBasedTestDescriptor.instantiateAndPostProcessTestInstance(ClassBasedTestDescriptor.java:289) ~[junit-jupiter-engine-5.11.4.jar:5.11.4]
	at org.junit.jupiter.engine.descriptor.ClassBasedTestDescriptor.lambda$testInstancesProvider$5(ClassBasedTestDescriptor.java:279) ~[junit-jupiter-engine-5.11.4.jar:5.11.4]
	at java.base/java.util.Optional.orElseGet(Optional.java:364) ~[na:na]
	at org.junit.jupiter.engine.descriptor.ClassBasedTestDescriptor.lambda$testInstancesProvider$6(ClassBasedTestDescriptor.java:278) ~[junit-jupiter-engine-5.11.4.jar:5.11.4]
	at org.junit.jupiter.engine.execution.TestInstancesProvider.getTestInstances(TestInstancesProvider.java:31) ~[junit-jupiter-engine-5.11.4.jar:5.11.4]
	at org.junit.jupiter.engine.descriptor.TestMethodTestDescriptor.lambda$prepare$1(TestMethodTestDescriptor.java:105) ~[junit-jupiter-engine-5.11.4.jar:5.11.4]
	at org.junit.platform.engine.support.hierarchical.ThrowableCollector.execute(ThrowableCollector.java:73) ~[junit-platform-engine-1.11.4.jar:1.11.4]
	at org.junit.jupiter.engine.descriptor.TestMethodTestDescriptor.prepare(TestMethodTestDescriptor.java:104) ~[junit-jupiter-engine-5.11.4.jar:5.11.4]
	at org.junit.jupiter.engine.descriptor.TestMethodTestDescriptor.prepare(TestMethodTestDescriptor.java:68) ~[junit-jupiter-engine-5.11.4.jar:5.11.4]
	at org.junit.platform.engine.support.hierarchical.NodeTestTask.lambda$prepare$2(NodeTestTask.java:128) ~[junit-platform-engine-1.11.4.jar:1.11.4]
	at org.junit.platform.engine.support.hierarchical.ThrowableCollector.execute(ThrowableCollector.java:73) ~[junit-platform-engine-1.11.4.jar:1.11.4]
	at org.junit.platform.engine.support.hierarchical.NodeTestTask.prepare(NodeTestTask.java:128) ~[junit-platform-engine-1.11.4.jar:1.11.4]
	at org.junit.platform.engine.support.hierarchical.NodeTestTask.execute(NodeTestTask.java:95) ~[junit-platform-engine-1.11.4.jar:1.11.4]
	at java.base/java.util.ArrayList.forEach(ArrayList.java:1511) ~[na:na]
	at org.junit.platform.engine.support.hierarchical.SameThreadHierarchicalTestExecutorService.invokeAll(SameThreadHierarchicalTestExecutorService.java:41) ~[junit-platform-engine-1.11.4.jar:1.11.4]
	at org.junit.platform.engine.support.hierarchical.NodeTestTask.lambda$executeRecursively$6(NodeTestTask.java:160) ~[junit-platform-engine-1.11.4.jar:1.11.4]
	at org.junit.platform.engine.support.hierarchical.ThrowableCollector.execute(ThrowableCollector.java:73) ~[junit-platform-engine-1.11.4.jar:1.11.4]
	at org.junit.platform.engine.support.hierarchical.NodeTestTask.lambda$executeRecursively$8(NodeTestTask.java:146) ~[junit-platform-engine-1.11.4.jar:1.11.4]
	at org.junit.platform.engine.support.hierarchical.Node.around(Node.java:137) ~[junit-platform-engine-1.11.4.jar:1.11.4]
	at org.junit.platform.engine.support.hierarchical.NodeTestTask.lambda$executeRecursively$9(NodeTestTask.java:144) ~[junit-platform-engine-1.11.4.jar:1.11.4]
	at org.junit.platform.engine.support.hierarchical.ThrowableCollector.execute(ThrowableCollector.java:73) ~[junit-platform-engine-1.11.4.jar:1.11.4]
	at org.junit.platform.engine.support.hierarchical.NodeTestTask.executeRecursively(NodeTestTask.java:143) ~[junit-platform-engine-1.11.4.jar:1.11.4]
	at org.junit.platform.engine.support.hierarchical.NodeTestTask.execute(NodeTestTask.java:100) ~[junit-platform-engine-1.11.4.jar:1.11.4]
	at java.base/java.util.ArrayList.forEach(ArrayList.java:1511) ~[na:na]
	at org.junit.platform.engine.support.hierarchical.SameThreadHierarchicalTestExecutorService.invokeAll(SameThreadHierarchicalTestExecutorService.java:41) ~[junit-platform-engine-1.11.4.jar:1.11.4]
	at org.junit.platform.engine.support.hierarchical.NodeTestTask.lambda$executeRecursively$6(NodeTestTask.java:160) ~[junit-platform-engine-1.11.4.jar:1.11.4]
	at org.junit.platform.engine.support.hierarchical.ThrowableCollector.execute(ThrowableCollector.java:73) ~[junit-platform-engine-1.11.4.jar:1.11.4]
	at org.junit.platform.engine.support.hierarchical.NodeTestTask.lambda$executeRecursively$8(NodeTestTask.java:146) ~[junit-platform-engine-1.11.4.jar:1.11.4]
	at org.junit.platform.engine.support.hierarchical.Node.around(Node.java:137) ~[junit-platform-engine-1.11.4.jar:1.11.4]
	at org.junit.platform.engine.support.hierarchical.NodeTestTask.lambda$executeRecursively$9(NodeTestTask.java:144) ~[junit-platform-engine-1.11.4.jar:1.11.4]
	at org.junit.platform.engine.support.hierarchical.ThrowableCollector.execute(ThrowableCollector.java:73) ~[junit-platform-engine-1.11.4.jar:1.11.4]
	at org.junit.platform.engine.support.hierarchical.NodeTestTask.executeRecursively(NodeTestTask.java:143) ~[junit-platform-engine-1.11.4.jar:1.11.4]
	at org.junit.platform.engine.support.hierarchical.NodeTestTask.execute(NodeTestTask.java:100) ~[junit-platform-engine-1.11.4.jar:1.11.4]
	at org.junit.platform.engine.support.hierarchical.SameThreadHierarchicalTestExecutorService.submit(SameThreadHierarchicalTestExecutorService.java:35) ~[junit-platform-engine-1.11.4.jar:1.11.4]
	at org.junit.platform.engine.support.hierarchical.HierarchicalTestExecutor.execute(HierarchicalTestExecutor.java:57) ~[junit-platform-engine-1.11.4.jar:1.11.4]
	at org.junit.platform.engine.support.hierarchical.HierarchicalTestEngine.execute(HierarchicalTestEngine.java:54) ~[junit-platform-engine-1.11.4.jar:1.11.4]
	at org.junit.platform.launcher.core.EngineExecutionOrchestrator.execute(EngineExecutionOrchestrator.java:198) ~[junit-platform-launcher-1.11.4.jar:1.11.4]
	at org.junit.platform.launcher.core.EngineExecutionOrchestrator.execute(EngineExecutionOrchestrator.java:169) ~[junit-platform-launcher-1.11.4.jar:1.11.4]
	at org.junit.platform.launcher.core.EngineExecutionOrchestrator.execute(EngineExecutionOrchestrator.java:93) ~[junit-platform-launcher-1.11.4.jar:1.11.4]
	at org.junit.platform.launcher.core.EngineExecutionOrchestrator.lambda$execute$0(EngineExecutionOrchestrator.java:58) ~[junit-platform-launcher-1.11.4.jar:1.11.4]
	at org.junit.platform.launcher.core.EngineExecutionOrchestrator.withInterceptedStreams(EngineExecutionOrchestrator.java:141) ~[junit-platform-launcher-1.11.4.jar:1.11.4]
	at org.junit.platform.launcher.core.EngineExecutionOrchestrator.execute(EngineExecutionOrchestrator.java:57) ~[junit-platform-launcher-1.11.4.jar:1.11.4]
	at org.junit.platform.launcher.core.DefaultLauncher.execute(DefaultLauncher.java:103) ~[junit-platform-launcher-1.11.4.jar:1.11.4]
	at org.junit.platform.launcher.core.DefaultLauncher.execute(DefaultLauncher.java:85) ~[junit-platform-launcher-1.11.4.jar:1.11.4]
	at org.junit.platform.launcher.core.DelegatingLauncher.execute(DelegatingLauncher.java:47) ~[junit-platform-launcher-1.11.4.jar:1.11.4]
	at org.apache.maven.surefire.junitplatform.LauncherAdapter.executeWithoutCancellationToken(LauncherAdapter.java:60) ~[surefire-junit-platform-3.5.4.jar:3.5.4]
	at org.apache.maven.surefire.junitplatform.LauncherAdapter.execute(LauncherAdapter.java:52) ~[surefire-junit-platform-3.5.4.jar:3.5.4]
	at org.apache.maven.surefire.junitplatform.JUnitPlatformProvider.execute(JUnitPlatformProvider.java:203) ~[surefire-junit-platform-3.5.4.jar:3.5.4]
	at org.apache.maven.surefire.junitplatform.JUnitPlatformProvider.invokeAllTests(JUnitPlatformProvider.java:168) ~[surefire-junit-platform-3.5.4.jar:3.5.4]
	at org.apache.maven.surefire.junitplatform.JUnitPlatformProvider.invoke(JUnitPlatformProvider.java:136) ~[surefire-junit-platform-3.5.4.jar:3.5.4]
	at org.apache.maven.surefire.booter.ForkedBooter.runSuitesInProcess(ForkedBooter.java:385) ~[surefire-booter-3.5.4.jar:3.5.4]
	at org.apache.maven.surefire.booter.ForkedBooter.execute(ForkedBooter.java:162) ~[surefire-booter-3.5.4.jar:3.5.4]
	at org.apache.maven.surefire.booter.ForkedBooter.run(ForkedBooter.java:507) ~[surefire-booter-3.5.4.jar:3.5.4]
	at org.apache.maven.surefire.booter.ForkedBooter.main(ForkedBooter.java:495) ~[surefire-booter-3.5.4.jar:3.5.4]

2025-11-21T11:57:47.420-05:00  WARN 11572 --- [           main] o.s.test.context.TestContextManager      : Caught exception while allowing TestExecutionListener [org.springframework.test.context.support.DependencyInjectionTestExecutionListener] to prepare test instance [com.FabricaEscuela.Feature1Back.repository.TurnoRepositoryTest@568d4740]

java.lang.IllegalStateException: ApplicationContext failure threshold (1) exceeded: skipping repeated attempt to load context for [MergedContextConfiguration@3c0353a8 testClass = com.FabricaEscuela.Feature1Back.repository.TurnoRepositoryTest, locations = [], classes = [com.FabricaEscuela.Feature1Back.Feature1BackApplication], contextInitializerClasses = [], activeProfiles = [], propertySourceDescriptors = [], propertySourceProperties = ["org.springframework.boot.test.autoconfigure.orm.jpa.DataJpaTestContextBootstrapper=true"], contextCustomizers = [[ImportsContextCustomizer@46c38aa key = [org.springframework.boot.autoconfigure.transaction.TransactionAutoConfiguration, org.springframework.boot.autoconfigure.data.jpa.JpaRepositoriesAutoConfiguration, org.springframework.boot.test.autoconfigure.orm.jpa.TestEntityManagerAutoConfiguration, org.springframework.boot.autoconfigure.cache.CacheAutoConfiguration, org.springframework.boot.autoconfigure.orm.jpa.HibernateJpaAutoConfiguration, org.springframework.boot.autoconfigure.sql.init.SqlInitializationAutoConfiguration, org.springframework.boot.test.autoconfigure.jdbc.TestDatabaseAutoConfiguration, org.springframework.boot.autoconfigure.flyway.FlywayAutoConfiguration, org.springframework.boot.autoconfigure.jdbc.DataSourceTransactionManagerAutoConfiguration, org.springframework.boot.autoconfigure.liquibase.LiquibaseAutoConfiguration, org.springframework.boot.autoconfigure.jdbc.JdbcClientAutoConfiguration, org.springframework.boot.autoconfigure.jdbc.DataSourceAutoConfiguration, org.springframework.boot.autoconfigure.jdbc.JdbcTemplateAutoConfiguration]], org.springframework.boot.test.context.filter.ExcludeFilterContextCustomizer@ccd1bc3, org.springframework.boot.test.json.DuplicateJsonObjectContextCustomizerFactory$DuplicateJsonObjectContextCustomizer@677b8e13, org.springframework.boot.test.mock.mockito.MockitoContextCustomizer@0, org.springframework.boot.test.web.reactor.netty.DisableReactorResourceFactoryGlobalResourcesContextCustomizerFactory$DisableReactorResourceFactoryGlobalResourcesContextCustomizerCustomizer@293cde83, org.springframework.boot.test.autoconfigure.OnFailureConditionReportContextCustomizerFactory$OnFailureConditionReportContextCustomizer@37fdfb05, org.springframework.boot.test.autoconfigure.OverrideAutoConfigurationContextCustomizerFactory$DisableAutoConfigurationContextCustomizer@1adef192, org.springframework.boot.test.autoconfigure.actuate.observability.ObservabilityContextCustomizerFactory$DisableObservabilityContextCustomizer@1f, org.springframework.boot.test.autoconfigure.filter.TypeExcludeFiltersContextCustomizer@34be3d80, org.springframework.boot.test.autoconfigure.properties.PropertyMappingContextCustomizer@1b97c224, org.springframework.boot.test.autoconfigure.web.servlet.WebDriverContextCustomizer@2b214b94, org.springframework.test.context.support.DynamicPropertiesContextCustomizer@0, org.springframework.boot.test.context.SpringBootTestAnnotation@4c2e2329], contextLoader = org.springframework.boot.test.context.SpringBootContextLoader, parent = null]
	at org.springframework.test.context.cache.DefaultCacheAwareContextLoaderDelegate.loadContext(DefaultCacheAwareContextLoaderDelegate.java:145) ~[spring-test-6.2.11.jar:6.2.11]
	at org.springframework.test.context.support.DefaultTestContext.getApplicationContext(DefaultTestContext.java:130) ~[spring-test-6.2.11.jar:6.2.11]
	at org.springframework.test.context.support.DependencyInjectionTestExecutionListener.injectDependencies(DependencyInjectionTestExecutionListener.java:155) ~[spring-test-6.2.11.jar:6.2.11]
	at org.springframework.test.context.support.DependencyInjectionTestExecutionListener.prepareTestInstance(DependencyInjectionTestExecutionListener.java:111) ~[spring-test-6.2.11.jar:6.2.11]
	at org.springframework.test.context.TestContextManager.prepareTestInstance(TestContextManager.java:260) ~[spring-test-6.2.11.jar:6.2.11]
	at org.springframework.test.context.junit.jupiter.SpringExtension.postProcessTestInstance(SpringExtension.java:159) ~[spring-test-6.2.11.jar:6.2.11]
	at org.junit.jupiter.engine.descriptor.ClassBasedTestDescriptor.lambda$invokeTestInstancePostProcessors$11(ClassBasedTestDescriptor.java:378) ~[junit-jupiter-engine-5.11.4.jar:5.11.4]
	at org.junit.jupiter.engine.descriptor.ClassBasedTestDescriptor.executeAndMaskThrowable(ClassBasedTestDescriptor.java:383) ~[junit-jupiter-engine-5.11.4.jar:5.11.4]
	at org.junit.jupiter.engine.descriptor.ClassBasedTestDescriptor.lambda$invokeTestInstancePostProcessors$12(ClassBasedTestDescriptor.java:378) ~[junit-jupiter-engine-5.11.4.jar:5.11.4]
	at java.base/java.util.stream.ForEachOps$ForEachOp$OfRef.accept(ForEachOps.java:183) ~[na:na]
	at java.base/java.util.stream.ReferencePipeline$3$1.accept(ReferencePipeline.java:197) ~[na:na]
	at java.base/java.util.stream.ReferencePipeline$2$1.accept(ReferencePipeline.java:179) ~[na:na]
	at java.base/java.util.stream.ReferencePipeline$3$1.accept(ReferencePipeline.java:197) ~[na:na]
	at java.base/java.util.ArrayList$ArrayListSpliterator.forEachRemaining(ArrayList.java:1625) ~[na:na]
	at java.base/java.util.stream.AbstractPipeline.copyInto(AbstractPipeline.java:509) ~[na:na]
	at java.base/java.util.stream.AbstractPipeline.wrapAndCopyInto(AbstractPipeline.java:499) ~[na:na]
	at java.base/java.util.stream.ForEachOps$ForEachOp.evaluateSequential(ForEachOps.java:150) ~[na:na]
	at java.base/java.util.stream.ForEachOps$ForEachOp$OfRef.evaluateSequential(ForEachOps.java:173) ~[na:na]
	at java.base/java.util.stream.AbstractPipeline.evaluate(AbstractPipeline.java:234) ~[na:na]
	at java.base/java.util.stream.ReferencePipeline.forEach(ReferencePipeline.java:596) ~[na:na]
	at org.junit.jupiter.engine.descriptor.ClassBasedTestDescriptor.invokeTestInstancePostProcessors(ClassBasedTestDescriptor.java:377) ~[junit-jupiter-engine-5.11.4.jar:5.11.4]
	at org.junit.jupiter.engine.descriptor.ClassBasedTestDescriptor.lambda$instantiateAndPostProcessTestInstance$7(ClassBasedTestDescriptor.java:290) ~[junit-jupiter-engine-5.11.4.jar:5.11.4]
	at org.junit.platform.engine.support.hierarchical.ThrowableCollector.execute(ThrowableCollector.java:73) ~[junit-platform-engine-1.11.4.jar:1.11.4]
	at org.junit.jupiter.engine.descriptor.ClassBasedTestDescriptor.instantiateAndPostProcessTestInstance(ClassBasedTestDescriptor.java:289) ~[junit-jupiter-engine-5.11.4.jar:5.11.4]
	at org.junit.jupiter.engine.descriptor.ClassBasedTestDescriptor.lambda$testInstancesProvider$5(ClassBasedTestDescriptor.java:279) ~[junit-jupiter-engine-5.11.4.jar:5.11.4]
	at java.base/java.util.Optional.orElseGet(Optional.java:364) ~[na:na]
	at org.junit.jupiter.engine.descriptor.ClassBasedTestDescriptor.lambda$testInstancesProvider$6(ClassBasedTestDescriptor.java:278) ~[junit-jupiter-engine-5.11.4.jar:5.11.4]
	at org.junit.jupiter.engine.execution.TestInstancesProvider.getTestInstances(TestInstancesProvider.java:31) ~[junit-jupiter-engine-5.11.4.jar:5.11.4]
	at org.junit.jupiter.engine.descriptor.TestMethodTestDescriptor.lambda$prepare$1(TestMethodTestDescriptor.java:105) ~[junit-jupiter-engine-5.11.4.jar:5.11.4]
	at org.junit.platform.engine.support.hierarchical.ThrowableCollector.execute(ThrowableCollector.java:73) ~[junit-platform-engine-1.11.4.jar:1.11.4]
	at org.junit.jupiter.engine.descriptor.TestMethodTestDescriptor.prepare(TestMethodTestDescriptor.java:104) ~[junit-jupiter-engine-5.11.4.jar:5.11.4]
	at org.junit.jupiter.engine.descriptor.TestMethodTestDescriptor.prepare(TestMethodTestDescriptor.java:68) ~[junit-jupiter-engine-5.11.4.jar:5.11.4]
	at org.junit.platform.engine.support.hierarchical.NodeTestTask.lambda$prepare$2(NodeTestTask.java:128) ~[junit-platform-engine-1.11.4.jar:1.11.4]
	at org.junit.platform.engine.support.hierarchical.ThrowableCollector.execute(ThrowableCollector.java:73) ~[junit-platform-engine-1.11.4.jar:1.11.4]
	at org.junit.platform.engine.support.hierarchical.NodeTestTask.prepare(NodeTestTask.java:128) ~[junit-platform-engine-1.11.4.jar:1.11.4]
	at org.junit.platform.engine.support.hierarchical.NodeTestTask.execute(NodeTestTask.java:95) ~[junit-platform-engine-1.11.4.jar:1.11.4]
	at java.base/java.util.ArrayList.forEach(ArrayList.java:1511) ~[na:na]
	at org.junit.platform.engine.support.hierarchical.SameThreadHierarchicalTestExecutorService.invokeAll(SameThreadHierarchicalTestExecutorService.java:41) ~[junit-platform-engine-1.11.4.jar:1.11.4]
	at org.junit.platform.engine.support.hierarchical.NodeTestTask.lambda$executeRecursively$6(NodeTestTask.java:160) ~[junit-platform-engine-1.11.4.jar:1.11.4]
	at org.junit.platform.engine.support.hierarchical.ThrowableCollector.execute(ThrowableCollector.java:73) ~[junit-platform-engine-1.11.4.jar:1.11.4]
	at org.junit.platform.engine.support.hierarchical.NodeTestTask.lambda$executeRecursively$8(NodeTestTask.java:146) ~[junit-platform-engine-1.11.4.jar:1.11.4]
	at org.junit.platform.engine.support.hierarchical.Node.around(Node.java:137) ~[junit-platform-engine-1.11.4.jar:1.11.4]
	at org.junit.platform.engine.support.hierarchical.NodeTestTask.lambda$executeRecursively$9(NodeTestTask.java:144) ~[junit-platform-engine-1.11.4.jar:1.11.4]
	at org.junit.platform.engine.support.hierarchical.ThrowableCollector.execute(ThrowableCollector.java:73) ~[junit-platform-engine-1.11.4.jar:1.11.4]
	at org.junit.platform.engine.support.hierarchical.NodeTestTask.executeRecursively(NodeTestTask.java:143) ~[junit-platform-engine-1.11.4.jar:1.11.4]
	at org.junit.platform.engine.support.hierarchical.NodeTestTask.execute(NodeTestTask.java:100) ~[junit-platform-engine-1.11.4.jar:1.11.4]
	at java.base/java.util.ArrayList.forEach(ArrayList.java:1511) ~[na:na]
	at org.junit.platform.engine.support.hierarchical.SameThreadHierarchicalTestExecutorService.invokeAll(SameThreadHierarchicalTestExecutorService.java:41) ~[junit-platform-engine-1.11.4.jar:1.11.4]
	at org.junit.platform.engine.support.hierarchical.NodeTestTask.lambda$executeRecursively$6(NodeTestTask.java:160) ~[junit-platform-engine-1.11.4.jar:1.11.4]
	at org.junit.platform.engine.support.hierarchical.ThrowableCollector.execute(ThrowableCollector.java:73) ~[junit-platform-engine-1.11.4.jar:1.11.4]
	at org.junit.platform.engine.support.hierarchical.NodeTestTask.lambda$executeRecursively$8(NodeTestTask.java:146) ~[junit-platform-engine-1.11.4.jar:1.11.4]
	at org.junit.platform.engine.support.hierarchical.Node.around(Node.java:137) ~[junit-platform-engine-1.11.4.jar:1.11.4]
	at org.junit.platform.engine.support.hierarchical.NodeTestTask.lambda$executeRecursively$9(NodeTestTask.java:144) ~[junit-platform-engine-1.11.4.jar:1.11.4]

   DataSourceTransactionManagerAutoConfiguration.JdbcTransactionManagerConfiguration#transactionManager:
      Did not match:
         - @ConditionalOnMissingBean (types: org.springframework.transaction.TransactionManager; SearchStrategy: all) found beans of type 'org.springframework.transaction.TransactionManager' transactionManager (OnBeanCondition)

   FlywayAutoConfiguration:
      Did not match:
         - @ConditionalOnClass did not find required class 'org.flywaydb.core.Flyway' (OnClassCondition)

   GenericCacheConfiguration:
      Did not match:
         - Cache org.springframework.boot.autoconfigure.cache.GenericCacheConfiguration unknown cache type (CacheCondition)

   HazelcastCacheConfiguration:
      Did not match:
         - @ConditionalOnClass did not find required class 'com.hazelcast.core.HazelcastInstance' (OnClassCondition)

   InfinispanCacheConfiguration:
      Did not match:
         - @ConditionalOnClass did not find required class 'org.infinispan.spring.embedded.provider.SpringEmbeddedCacheManager' (OnClassCondition)

   JCacheCacheConfiguration:
      Did not match:
         - @ConditionalOnClass did not find required class 'javax.cache.Caching' (OnClassCondition)

   JpaBaseConfiguration.JpaWebConfiguration:
      Did not match:
         - not a servlet web application (OnWebApplicationCondition)
      Matched:
         - @ConditionalOnClass found required class 'org.springframework.web.servlet.config.annotation.WebMvcConfigurer' (OnClassCondition)

   JpaRepositoriesAutoConfiguration#entityManagerFactoryBootstrapExecutorCustomizer:
      Did not match:
         - AnyNestedCondition 0 matched 2 did not; NestedCondition on JpaRepositoriesAutoConfiguration.BootstrapExecutorCondition.LazyBootstrapMode @ConditionalOnProperty (spring.data.jpa.repositories.bootstrap-mode=lazy) 
found different value in property 'bootstrap-mode'; NestedCondition on JpaRepositoriesAutoConfiguration.BootstrapExecutorCondition.DeferredBootstrapMode @ConditionalOnProperty 
(spring.data.jpa.repositories.bootstrap-mode=deferred) found different value in property 'bootstrap-mode' (JpaRepositoriesAutoConfiguration.BootstrapExecutorCondition)

   LiquibaseAutoConfiguration:
      Did not match:
         - @ConditionalOnClass did not find required class 'liquibase.change.DatabaseChange' (OnClassCondition)

   R2dbcInitializationConfiguration:
      Did not match:
         - @ConditionalOnClass did not find required classes 'io.r2dbc.spi.ConnectionFactory', 'org.springframework.r2dbc.connection.init.DatabasePopulator' (OnClassCondition)

   RedisCacheConfiguration:
      Did not match:
         - @ConditionalOnClass did not find required class 'org.springframework.data.redis.connection.RedisConnectionFactory' (OnClassCondition)

   SimpleCacheConfiguration:
      Did not match:
         - Cache org.springframework.boot.autoconfigure.cache.SimpleCacheConfiguration unknown cache type (CacheCondition)

   TestDatabaseAutoConfiguration#dataSource:
      Did not match:
         - @ConditionalOnProperty (spring.test.database.replace=AUTO_CONFIGURED) did not find property 'replace' (OnPropertyCondition)

   TestDatabaseAutoConfiguration#embeddedDataSourceBeanFactoryPostProcessor:
      Did not match:
         - @ConditionalOnProperty (spring.test.database.replace=ANY) did not find property 'replace' (OnPropertyCondition)

   TransactionAutoConfiguration#transactionalOperator:
      Did not match:
         - @ConditionalOnSingleCandidate (types: org.springframework.transaction.ReactiveTransactionManager; SearchStrategy: all) did not find any beans (OnBeanCondition)

   TransactionAutoConfiguration.AspectJTransactionManagementConfiguration:
      Did not match:
         - @ConditionalOnBean (types: org.springframework.transaction.aspectj.AbstractTransactionAspect; SearchStrategy: all) did not find any beans of type org.springframework.transaction.aspectj.AbstractTransactionAspect 
(OnBeanCondition)

   TransactionAutoConfiguration.EnableTransactionManagementConfiguration.JdkDynamicAutoProxyConfiguration:
      Did not match:
         - @ConditionalOnProperty (spring.aop.proxy-target-class=false) did not find property 'proxy-target-class' (OnPropertyCondition)


Exclusions:
-----------

    None


Unconditional classes:
----------------------

    org.springframework.boot.test.autoconfigure.jdbc.TestDatabaseAutoConfiguration



	at org.junit.platform.engine.support.hierarchical.ThrowableCollector.execute(ThrowableCollector.java:73) ~[junit-platform-engine-1.11.4.jar:1.11.4]
	at org.junit.platform.engine.support.hierarchical.NodeTestTask.executeRecursively(NodeTestTask.java:143) ~[junit-platform-engine-1.11.4.jar:1.11.4]
	at org.junit.platform.engine.support.hierarchical.NodeTestTask.execute(NodeTestTask.java:100) ~[junit-platform-engine-1.11.4.jar:1.11.4]
	at org.junit.platform.engine.support.hierarchical.SameThreadHierarchicalTestExecutorService.submit(SameThreadHierarchicalTestExecutorService.java:35) ~[junit-platform-engine-1.11.4.jar:1.11.4]
	at org.junit.platform.engine.support.hierarchical.HierarchicalTestExecutor.execute(HierarchicalTestExecutor.java:57) ~[junit-platform-engine-1.11.4.jar:1.11.4]
	at org.junit.platform.engine.support.hierarchical.HierarchicalTestEngine.execute(HierarchicalTestEngine.java:54) ~[junit-platform-engine-1.11.4.jar:1.11.4]
	at org.junit.platform.launcher.core.EngineExecutionOrchestrator.execute(EngineExecutionOrchestrator.java:198) ~[junit-platform-launcher-1.11.4.jar:1.11.4]
	at org.junit.platform.launcher.core.EngineExecutionOrchestrator.execute(EngineExecutionOrchestrator.java:169) ~[junit-platform-launcher-1.11.4.jar:1.11.4]
	at org.junit.platform.launcher.core.EngineExecutionOrchestrator.execute(EngineExecutionOrchestrator.java:93) ~[junit-platform-launcher-1.11.4.jar:1.11.4]
	at org.junit.platform.launcher.core.EngineExecutionOrchestrator.lambda$execute$0(EngineExecutionOrchestrator.java:58) ~[junit-platform-launcher-1.11.4.jar:1.11.4]
	at org.junit.platform.launcher.core.EngineExecutionOrchestrator.withInterceptedStreams(EngineExecutionOrchestrator.java:141) ~[junit-platform-launcher-1.11.4.jar:1.11.4]
	at org.junit.platform.launcher.core.EngineExecutionOrchestrator.execute(EngineExecutionOrchestrator.java:57) ~[junit-platform-launcher-1.11.4.jar:1.11.4]
	at org.junit.platform.launcher.core.DefaultLauncher.execute(DefaultLauncher.java:103) ~[junit-platform-launcher-1.11.4.jar:1.11.4]
	at org.junit.platform.launcher.core.DefaultLauncher.execute(DefaultLauncher.java:85) ~[junit-platform-launcher-1.11.4.jar:1.11.4]
	at org.junit.platform.launcher.core.DelegatingLauncher.execute(DelegatingLauncher.java:47) ~[junit-platform-launcher-1.11.4.jar:1.11.4]
	at org.apache.maven.surefire.junitplatform.LauncherAdapter.executeWithoutCancellationToken(LauncherAdapter.java:60) ~[surefire-junit-platform-3.5.4.jar:3.5.4]
	at org.apache.maven.surefire.junitplatform.LauncherAdapter.execute(LauncherAdapter.java:52) ~[surefire-junit-platform-3.5.4.jar:3.5.4]
	at org.apache.maven.surefire.junitplatform.JUnitPlatformProvider.execute(JUnitPlatformProvider.java:203) ~[surefire-junit-platform-3.5.4.jar:3.5.4]
	at org.apache.maven.surefire.junitplatform.JUnitPlatformProvider.invokeAllTests(JUnitPlatformProvider.java:168) ~[surefire-junit-platform-3.5.4.jar:3.5.4]
	at org.apache.maven.surefire.junitplatform.JUnitPlatformProvider.invoke(JUnitPlatformProvider.java:136) ~[surefire-junit-platform-3.5.4.jar:3.5.4]
	at org.apache.maven.surefire.booter.ForkedBooter.runSuitesInProcess(ForkedBooter.java:385) ~[surefire-booter-3.5.4.jar:3.5.4]
	at org.apache.maven.surefire.booter.ForkedBooter.execute(ForkedBooter.java:162) ~[surefire-booter-3.5.4.jar:3.5.4]
	at org.apache.maven.surefire.booter.ForkedBooter.run(ForkedBooter.java:507) ~[surefire-booter-3.5.4.jar:3.5.4]
	at org.apache.maven.surefire.booter.ForkedBooter.main(ForkedBooter.java:495) ~[surefire-booter-3.5.4.jar:3.5.4]

2025-11-21T11:57:47.444-05:00  WARN 11572 --- [           main] o.s.test.context.TestContextManager      : Caught exception while allowing TestExecutionListener [org.springframework.test.context.support.DependencyInjectionTestExecutionListener] to prepare test instance [com.FabricaEscuela.Feature1Back.repository.TurnoRepositoryTest@5a673c4b]

java.lang.IllegalStateException: ApplicationContext failure threshold (1) exceeded: skipping repeated attempt to load context for [MergedContextConfiguration@3c0353a8 testClass = com.FabricaEscuela.Feature1Back.repository.TurnoRepositoryTest, locations = [], classes = [com.FabricaEscuela.Feature1Back.Feature1BackApplication], contextInitializerClasses = [], activeProfiles = [], propertySourceDescriptors = [], propertySourceProperties = ["org.springframework.boot.test.autoconfigure.orm.jpa.DataJpaTestContextBootstrapper=true"], contextCustomizers = [[ImportsContextCustomizer@46c38aa key = [org.springframework.boot.autoconfigure.transaction.TransactionAutoConfiguration, org.springframework.boot.autoconfigure.data.jpa.JpaRepositoriesAutoConfiguration, org.springframework.boot.test.autoconfigure.orm.jpa.TestEntityManagerAutoConfiguration, org.springframework.boot.autoconfigure.cache.CacheAutoConfiguration, org.springframework.boot.autoconfigure.orm.jpa.HibernateJpaAutoConfiguration, org.springframework.boot.autoconfigure.sql.init.SqlInitializationAutoConfiguration, org.springframework.boot.test.autoconfigure.jdbc.TestDatabaseAutoConfiguration, org.springframework.boot.autoconfigure.flyway.FlywayAutoConfiguration, org.springframework.boot.autoconfigure.jdbc.DataSourceTransactionManagerAutoConfiguration, org.springframework.boot.autoconfigure.liquibase.LiquibaseAutoConfiguration, org.springframework.boot.autoconfigure.jdbc.JdbcClientAutoConfiguration, org.springframework.boot.autoconfigure.jdbc.DataSourceAutoConfiguration, org.springframework.boot.autoconfigure.jdbc.JdbcTemplateAutoConfiguration]], org.springframework.boot.test.context.filter.ExcludeFilterContextCustomizer@ccd1bc3, org.springframework.boot.test.json.DuplicateJsonObjectContextCustomizerFactory$DuplicateJsonObjectContextCustomizer@677b8e13, org.springframework.boot.test.mock.mockito.MockitoContextCustomizer@0, org.springframework.boot.test.web.reactor.netty.DisableReactorResourceFactoryGlobalResourcesContextCustomizerFactory$DisableReactorResourceFactoryGlobalResourcesContextCustomizerCustomizer@293cde83, org.springframework.boot.test.autoconfigure.OnFailureConditionReportContextCustomizerFactory$OnFailureConditionReportContextCustomizer@37fdfb05, org.springframework.boot.test.autoconfigure.OverrideAutoConfigurationContextCustomizerFactory$DisableAutoConfigurationContextCustomizer@1adef192, org.springframework.boot.test.autoconfigure.actuate.observability.ObservabilityContextCustomizerFactory$DisableObservabilityContextCustomizer@1f, org.springframework.boot.test.autoconfigure.filter.TypeExcludeFiltersContextCustomizer@34be3d80, org.springframework.boot.test.autoconfigure.properties.PropertyMappingContextCustomizer@1b97c224, org.springframework.boot.test.autoconfigure.web.servlet.WebDriverContextCustomizer@2b214b94, org.springframework.test.context.support.DynamicPropertiesContextCustomizer@0, org.springframework.boot.test.context.SpringBootTestAnnotation@4c2e2329], contextLoader = org.springframework.boot.test.context.SpringBootContextLoader, parent = null]
	at org.springframework.test.context.cache.DefaultCacheAwareContextLoaderDelegate.loadContext(DefaultCacheAwareContextLoaderDelegate.java:145) ~[spring-test-6.2.11.jar:6.2.11]
	at org.springframework.test.context.support.DefaultTestContext.getApplicationContext(DefaultTestContext.java:130) ~[spring-test-6.2.11.jar:6.2.11]
	at org.springframework.test.context.support.DependencyInjectionTestExecutionListener.injectDependencies(DependencyInjectionTestExecutionListener.java:155) ~[spring-test-6.2.11.jar:6.2.11]
	at org.springframework.test.context.support.DependencyInjectionTestExecutionListener.prepareTestInstance(DependencyInjectionTestExecutionListener.java:111) ~[spring-test-6.2.11.jar:6.2.11]
	at org.springframework.test.context.TestContextManager.prepareTestInstance(TestContextManager.java:260) ~[spring-test-6.2.11.jar:6.2.11]
	at org.springframework.test.context.junit.jupiter.SpringExtension.postProcessTestInstance(SpringExtension.java:159) ~[spring-test-6.2.11.jar:6.2.11]
	at org.junit.jupiter.engine.descriptor.ClassBasedTestDescriptor.lambda$invokeTestInstancePostProcessors$11(ClassBasedTestDescriptor.java:378) ~[junit-jupiter-engine-5.11.4.jar:5.11.4]
	at org.junit.jupiter.engine.descriptor.ClassBasedTestDescriptor.executeAndMaskThrowable(ClassBasedTestDescriptor.java:383) ~[junit-jupiter-engine-5.11.4.jar:5.11.4]
	at org.junit.jupiter.engine.descriptor.ClassBasedTestDescriptor.lambda$invokeTestInstancePostProcessors$12(ClassBasedTestDescriptor.java:378) ~[junit-jupiter-engine-5.11.4.jar:5.11.4]
	at java.base/java.util.stream.ForEachOps$ForEachOp$OfRef.accept(ForEachOps.java:183) ~[na:na]
	at java.base/java.util.stream.ReferencePipeline$3$1.accept(ReferencePipeline.java:197) ~[na:na]
	at java.base/java.util.stream.ReferencePipeline$2$1.accept(ReferencePipeline.java:179) ~[na:na]
	at java.base/java.util.stream.ReferencePipeline$3$1.accept(ReferencePipeline.java:197) ~[na:na]
	at java.base/java.util.ArrayList$ArrayListSpliterator.forEachRemaining(ArrayList.java:1625) ~[na:na]
	at java.base/java.util.stream.AbstractPipeline.copyInto(AbstractPipeline.java:509) ~[na:na]
	at java.base/java.util.stream.AbstractPipeline.wrapAndCopyInto(AbstractPipeline.java:499) ~[na:na]
	at java.base/java.util.stream.ForEachOps$ForEachOp.evaluateSequential(ForEachOps.java:150) ~[na:na]
	at java.base/java.util.stream.ForEachOps$ForEachOp$OfRef.evaluateSequential(ForEachOps.java:173) ~[na:na]
	at java.base/java.util.stream.AbstractPipeline.evaluate(AbstractPipeline.java:234) ~[na:na]
	at java.base/java.util.stream.ReferencePipeline.forEach(ReferencePipeline.java:596) ~[na:na]
	at org.junit.jupiter.engine.descriptor.ClassBasedTestDescriptor.invokeTestInstancePostProcessors(ClassBasedTestDescriptor.java:377) ~[junit-jupiter-engine-5.11.4.jar:5.11.4]
	at org.junit.jupiter.engine.descriptor.ClassBasedTestDescriptor.lambda$instantiateAndPostProcessTestInstance$7(ClassBasedTestDescriptor.java:290) ~[junit-jupiter-engine-5.11.4.jar:5.11.4]
	at org.junit.platform.engine.support.hierarchical.ThrowableCollector.execute(ThrowableCollector.java:73) ~[junit-platform-engine-1.11.4.jar:1.11.4]
	at org.junit.jupiter.engine.descriptor.ClassBasedTestDescriptor.instantiateAndPostProcessTestInstance(ClassBasedTestDescriptor.java:289) ~[junit-jupiter-engine-5.11.4.jar:5.11.4]
	at org.junit.jupiter.engine.descriptor.ClassBasedTestDescriptor.lambda$testInstancesProvider$5(ClassBasedTestDescriptor.java:279) ~[junit-jupiter-engine-5.11.4.jar:5.11.4]
	at java.base/java.util.Optional.orElseGet(Optional.java:364) ~[na:na]
	at org.junit.jupiter.engine.descriptor.ClassBasedTestDescriptor.lambda$testInstancesProvider$6(ClassBasedTestDescriptor.java:278) ~[junit-jupiter-engine-5.11.4.jar:5.11.4]
	at org.junit.jupiter.engine.execution.TestInstancesProvider.getTestInstances(TestInstancesProvider.java:31) ~[junit-jupiter-engine-5.11.4.jar:5.11.4]
	at org.junit.jupiter.engine.descriptor.TestMethodTestDescriptor.lambda$prepare$1(TestMethodTestDescriptor.java:105) ~[junit-jupiter-engine-5.11.4.jar:5.11.4]
	at org.junit.platform.engine.support.hierarchical.ThrowableCollector.execute(ThrowableCollector.java:73) ~[junit-platform-engine-1.11.4.jar:1.11.4]
	at org.junit.jupiter.engine.descriptor.TestMethodTestDescriptor.prepare(TestMethodTestDescriptor.java:104) ~[junit-jupiter-engine-5.11.4.jar:5.11.4]
	at org.junit.jupiter.engine.descriptor.TestMethodTestDescriptor.prepare(TestMethodTestDescriptor.java:68) ~[junit-jupiter-engine-5.11.4.jar:5.11.4]
	at org.junit.platform.engine.support.hierarchical.NodeTestTask.lambda$prepare$2(NodeTestTask.java:128) ~[junit-platform-engine-1.11.4.jar:1.11.4]
	at org.junit.platform.engine.support.hierarchical.ThrowableCollector.execute(ThrowableCollector.java:73) ~[junit-platform-engine-1.11.4.jar:1.11.4]
	at org.junit.platform.engine.support.hierarchical.NodeTestTask.prepare(NodeTestTask.java:128) ~[junit-platform-engine-1.11.4.jar:1.11.4]
	at org.junit.platform.engine.support.hierarchical.NodeTestTask.execute(NodeTestTask.java:95) ~[junit-platform-engine-1.11.4.jar:1.11.4]
	at java.base/java.util.ArrayList.forEach(ArrayList.java:1511) ~[na:na]
	at org.junit.platform.engine.support.hierarchical.SameThreadHierarchicalTestExecutorService.invokeAll(SameThreadHierarchicalTestExecutorService.java:41) ~[junit-platform-engine-1.11.4.jar:1.11.4]
	at org.junit.platform.engine.support.hierarchical.NodeTestTask.lambda$executeRecursively$6(NodeTestTask.java:160) ~[junit-platform-engine-1.11.4.jar:1.11.4]
	at org.junit.platform.engine.support.hierarchical.ThrowableCollector.execute(ThrowableCollector.java:73) ~[junit-platform-engine-1.11.4.jar:1.11.4]
	at org.junit.platform.engine.support.hierarchical.NodeTestTask.lambda$executeRecursively$8(NodeTestTask.java:146) ~[junit-platform-engine-1.11.4.jar:1.11.4]
	at org.junit.platform.engine.support.hierarchical.Node.around(Node.java:137) ~[junit-platform-engine-1.11.4.jar:1.11.4]
	at org.junit.platform.engine.support.hierarchical.NodeTestTask.lambda$executeRecursively$9(NodeTestTask.java:144) ~[junit-platform-engine-1.11.4.jar:1.11.4]
	at org.junit.platform.engine.support.hierarchical.ThrowableCollector.execute(ThrowableCollector.java:73) ~[junit-platform-engine-1.11.4.jar:1.11.4]
	at org.junit.platform.engine.support.hierarchical.NodeTestTask.executeRecursively(NodeTestTask.java:143) ~[junit-platform-engine-1.11.4.jar:1.11.4]
	at org.junit.platform.engine.support.hierarchical.NodeTestTask.execute(NodeTestTask.java:100) ~[junit-platform-engine-1.11.4.jar:1.11.4]
	at java.base/java.util.ArrayList.forEach(ArrayList.java:1511) ~[na:na]
	at org.junit.platform.engine.support.hierarchical.SameThreadHierarchicalTestExecutorService.invokeAll(SameThreadHierarchicalTestExecutorService.java:41) ~[junit-platform-engine-1.11.4.jar:1.11.4]
	at org.junit.platform.engine.support.hierarchical.NodeTestTask.lambda$executeRecursively$6(NodeTestTask.java:160) ~[junit-platform-engine-1.11.4.jar:1.11.4]
	at org.junit.platform.engine.support.hierarchical.ThrowableCollector.execute(ThrowableCollector.java:73) ~[junit-platform-engine-1.11.4.jar:1.11.4]
	at org.junit.platform.engine.support.hierarchical.NodeTestTask.lambda$executeRecursively$8(NodeTestTask.java:146) ~[junit-platform-engine-1.11.4.jar:1.11.4]
	at org.junit.platform.engine.support.hierarchical.Node.around(Node.java:137) ~[junit-platform-engine-1.11.4.jar:1.11.4]
	at org.junit.platform.engine.support.hierarchical.NodeTestTask.lambda$executeRecursively$9(NodeTestTask.java:144) ~[junit-platform-engine-1.11.4.jar:1.11.4]
	at org.junit.platform.engine.support.hierarchical.ThrowableCollector.execute(ThrowableCollector.java:73) ~[junit-platform-engine-1.11.4.jar:1.11.4]
	at org.junit.platform.engine.support.hierarchical.NodeTestTask.executeRecursively(NodeTestTask.java:143) ~[junit-platform-engine-1.11.4.jar:1.11.4]
	at org.junit.platform.engine.support.hierarchical.NodeTestTask.execute(NodeTestTask.java:100) ~[junit-platform-engine-1.11.4.jar:1.11.4]
	at org.junit.platform.engine.support.hierarchical.SameThreadHierarchicalTestExecutorService.submit(SameThreadHierarchicalTestExecutorService.java:35) ~[junit-platform-engine-1.11.4.jar:1.11.4]
	at org.junit.platform.engine.support.hierarchical.HierarchicalTestExecutor.execute(HierarchicalTestExecutor.java:57) ~[junit-platform-engine-1.11.4.jar:1.11.4]
	at org.junit.platform.engine.support.hierarchical.HierarchicalTestEngine.execute(HierarchicalTestEngine.java:54) ~[junit-platform-engine-1.11.4.jar:1.11.4]
	at org.junit.platform.launcher.core.EngineExecutionOrchestrator.execute(EngineExecutionOrchestrator.java:198) ~[junit-platform-launcher-1.11.4.jar:1.11.4]
	at org.junit.platform.launcher.core.EngineExecutionOrchestrator.execute(EngineExecutionOrchestrator.java:169) ~[junit-platform-launcher-1.11.4.jar:1.11.4]
	at org.junit.platform.launcher.core.EngineExecutionOrchestrator.execute(EngineExecutionOrchestrator.java:93) ~[junit-platform-launcher-1.11.4.jar:1.11.4]
	at org.junit.platform.launcher.core.EngineExecutionOrchestrator.lambda$execute$0(EngineExecutionOrchestrator.java:58) ~[junit-platform-launcher-1.11.4.jar:1.11.4]
	at org.junit.platform.launcher.core.EngineExecutionOrchestrator.withInterceptedStreams(EngineExecutionOrchestrator.java:141) ~[junit-platform-launcher-1.11.4.jar:1.11.4]
	at org.junit.platform.launcher.core.EngineExecutionOrchestrator.execute(EngineExecutionOrchestrator.java:57) ~[junit-platform-launcher-1.11.4.jar:1.11.4]
	at org.junit.platform.launcher.core.DefaultLauncher.execute(DefaultLauncher.java:103) ~[junit-platform-launcher-1.11.4.jar:1.11.4]
	at org.junit.platform.launcher.core.DefaultLauncher.execute(DefaultLauncher.java:85) ~[junit-platform-launcher-1.11.4.jar:1.11.4]
	at org.junit.platform.launcher.core.DelegatingLauncher.execute(DelegatingLauncher.java:47) ~[junit-platform-launcher-1.11.4.jar:1.11.4]
	at org.apache.maven.surefire.junitplatform.LauncherAdapter.executeWithoutCancellationToken(LauncherAdapter.java:60) ~[surefire-junit-platform-3.5.4.jar:3.5.4]
	at org.apache.maven.surefire.junitplatform.LauncherAdapter.execute(LauncherAdapter.java:52) ~[surefire-junit-platform-3.5.4.jar:3.5.4]
	at org.apache.maven.surefire.junitplatform.JUnitPlatformProvider.execute(JUnitPlatformProvider.java:203) ~[surefire-junit-platform-3.5.4.jar:3.5.4]
	at org.apache.maven.surefire.junitplatform.JUnitPlatformProvider.invokeAllTests(JUnitPlatformProvider.java:168) ~[surefire-junit-platform-3.5.4.jar:3.5.4]
	at org.apache.maven.surefire.junitplatform.JUnitPlatformProvider.invoke(JUnitPlatformProvider.java:136) ~[surefire-junit-platform-3.5.4.jar:3.5.4]
	at org.apache.maven.surefire.booter.ForkedBooter.runSuitesInProcess(ForkedBooter.java:385) ~[surefire-booter-3.5.4.jar:3.5.4]
	at org.apache.maven.surefire.booter.ForkedBooter.execute(ForkedBooter.java:162) ~[surefire-booter-3.5.4.jar:3.5.4]
	at org.apache.maven.surefire.booter.ForkedBooter.run(ForkedBooter.java:507) ~[surefire-booter-3.5.4.jar:3.5.4]
	at org.apache.maven.surefire.booter.ForkedBooter.main(ForkedBooter.java:495) ~[surefire-booter-3.5.4.jar:3.5.4]

2025-11-21T11:57:47.450-05:00  WARN 11572 --- [           main] o.s.test.context.TestContextManager      : Caught exception while allowing TestExecutionListener [org.springframework.test.context.support.DependencyInjectionTestExecutionListener] to prepare test instance [com.FabricaEscuela.Feature1Back.repository.TurnoRepositoryTest@35034003]

java.lang.IllegalStateException: ApplicationContext failure threshold (1) exceeded: skipping repeated attempt to load context for [MergedContextConfiguration@3c0353a8 testClass = com.FabricaEscuela.Feature1Back.repository.TurnoRepositoryTest, locations = [], classes = [com.FabricaEscuela.Feature1Back.Feature1BackApplication], contextInitializerClasses = [], activeProfiles = [], propertySourceDescriptors = [], propertySourceProperties = ["org.springframework.boot.test.autoconfigure.orm.jpa.DataJpaTestContextBootstrapper=true"], contextCustomizers = [[ImportsContextCustomizer@46c38aa key = [org.springframework.boot.autoconfigure.transaction.TransactionAutoConfiguration, org.springframework.boot.autoconfigure.data.jpa.JpaRepositoriesAutoConfiguration, org.springframework.boot.test.autoconfigure.orm.jpa.TestEntityManagerAutoConfiguration, org.springframework.boot.autoconfigure.cache.CacheAutoConfiguration, org.springframework.boot.autoconfigure.orm.jpa.HibernateJpaAutoConfiguration, org.springframework.boot.autoconfigure.sql.init.SqlInitializationAutoConfiguration, org.springframework.boot.test.autoconfigure.jdbc.TestDatabaseAutoConfiguration, org.springframework.boot.autoconfigure.flyway.FlywayAutoConfiguration, org.springframework.boot.autoconfigure.jdbc.DataSourceTransactionManagerAutoConfiguration, org.springframework.boot.autoconfigure.liquibase.LiquibaseAutoConfiguration, org.springframework.boot.autoconfigure.jdbc.JdbcClientAutoConfiguration, org.springframework.boot.autoconfigure.jdbc.DataSourceAutoConfiguration, org.springframework.boot.autoconfigure.jdbc.JdbcTemplateAutoConfiguration]], org.springframework.boot.test.context.filter.ExcludeFilterContextCustomizer@ccd1bc3, org.springframework.boot.test.json.DuplicateJsonObjectContextCustomizerFactory$DuplicateJsonObjectContextCustomizer@677b8e13, org.springframework.boot.test.mock.mockito.MockitoContextCustomizer@0, org.springframework.boot.test.web.reactor.netty.DisableReactorResourceFactoryGlobalResourcesContextCustomizerFactory$DisableReactorResourceFactoryGlobalResourcesContextCustomizerCustomizer@293cde83, org.springframework.boot.test.autoconfigure.OnFailureConditionReportContextCustomizerFactory$OnFailureConditionReportContextCustomizer@37fdfb05, org.springframework.boot.test.autoconfigure.OverrideAutoConfigurationContextCustomizerFactory$DisableAutoConfigurationContextCustomizer@1adef192, org.springframework.boot.test.autoconfigure.actuate.observability.ObservabilityContextCustomizerFactory$DisableObservabilityContextCustomizer@1f, org.springframework.boot.test.autoconfigure.filter.TypeExcludeFiltersContextCustomizer@34be3d80, org.springframework.boot.test.autoconfigure.properties.PropertyMappingContextCustomizer@1b97c224, org.springframework.boot.test.autoconfigure.web.servlet.WebDriverContextCustomizer@2b214b94, org.springframework.test.context.support.DynamicPropertiesContextCustomizer@0, org.springframework.boot.test.context.SpringBootTestAnnotation@4c2e2329], contextLoader = org.springframework.boot.test.context.SpringBootContextLoader, parent = null]
	at org.springframework.test.context.cache.DefaultCacheAwareContextLoaderDelegate.loadContext(DefaultCacheAwareContextLoaderDelegate.java:145) ~[spring-test-6.2.11.jar:6.2.11]
	at org.springframework.test.context.support.DefaultTestContext.getApplicationContext(DefaultTestContext.java:130) ~[spring-test-6.2.11.jar:6.2.11]
	at org.springframework.test.context.support.DependencyInjectionTestExecutionListener.injectDependencies(DependencyInjectionTestExecutionListener.java:155) ~[spring-test-6.2.11.jar:6.2.11]
	at org.springframework.test.context.support.DependencyInjectionTestExecutionListener.prepareTestInstance(DependencyInjectionTestExecutionListener.java:111) ~[spring-test-6.2.11.jar:6.2.11]
	at org.springframework.test.context.TestContextManager.prepareTestInstance(TestContextManager.java:260) ~[spring-test-6.2.11.jar:6.2.11]
	at org.springframework.test.context.junit.jupiter.SpringExtension.postProcessTestInstance(SpringExtension.java:159) ~[spring-test-6.2.11.jar:6.2.11]
	at org.junit.jupiter.engine.descriptor.ClassBasedTestDescriptor.lambda$invokeTestInstancePostProcessors$11(ClassBasedTestDescriptor.java:378) ~[junit-jupiter-engine-5.11.4.jar:5.11.4]
	at org.junit.jupiter.engine.descriptor.ClassBasedTestDescriptor.executeAndMaskThrowable(ClassBasedTestDescriptor.java:383) ~[junit-jupiter-engine-5.11.4.jar:5.11.4]
	at org.junit.jupiter.engine.descriptor.ClassBasedTestDescriptor.lambda$invokeTestInstancePostProcessors$12(ClassBasedTestDescriptor.java:378) ~[junit-jupiter-engine-5.11.4.jar:5.11.4]
	at java.base/java.util.stream.ForEachOps$ForEachOp$OfRef.accept(ForEachOps.java:183) ~[na:na]
	at java.base/java.util.stream.ReferencePipeline$3$1.accept(ReferencePipeline.java:197) ~[na:na]
	at java.base/java.util.stream.ReferencePipeline$2$1.accept(ReferencePipeline.java:179) ~[na:na]
	at java.base/java.util.stream.ReferencePipeline$3$1.accept(ReferencePipeline.java:197) ~[na:na]
	at java.base/java.util.ArrayList$ArrayListSpliterator.forEachRemaining(ArrayList.java:1625) ~[na:na]
	at java.base/java.util.stream.AbstractPipeline.copyInto(AbstractPipeline.java:509) ~[na:na]
	at java.base/java.util.stream.AbstractPipeline.wrapAndCopyInto(AbstractPipeline.java:499) ~[na:na]
	at java.base/java.util.stream.ForEachOps$ForEachOp.evaluateSequential(ForEachOps.java:150) ~[na:na]
	at java.base/java.util.stream.ForEachOps$ForEachOp$OfRef.evaluateSequential(ForEachOps.java:173) ~[na:na]
	at java.base/java.util.stream.AbstractPipeline.evaluate(AbstractPipeline.java:234) ~[na:na]
	at java.base/java.util.stream.ReferencePipeline.forEach(ReferencePipeline.java:596) ~[na:na]
	at org.junit.jupiter.engine.descriptor.ClassBasedTestDescriptor.invokeTestInstancePostProcessors(ClassBasedTestDescriptor.java:377) ~[junit-jupiter-engine-5.11.4.jar:5.11.4]
	at org.junit.jupiter.engine.descriptor.ClassBasedTestDescriptor.lambda$instantiateAndPostProcessTestInstance$7(ClassBasedTestDescriptor.java:290) ~[junit-jupiter-engine-5.11.4.jar:5.11.4]
	at org.junit.platform.engine.support.hierarchical.ThrowableCollector.execute(ThrowableCollector.java:73) ~[junit-platform-engine-1.11.4.jar:1.11.4]
	at org.junit.jupiter.engine.descriptor.ClassBasedTestDescriptor.instantiateAndPostProcessTestInstance(ClassBasedTestDescriptor.java:289) ~[junit-jupiter-engine-5.11.4.jar:5.11.4]
	at org.junit.jupiter.engine.descriptor.ClassBasedTestDescriptor.lambda$testInstancesProvider$5(ClassBasedTestDescriptor.java:279) ~[junit-jupiter-engine-5.11.4.jar:5.11.4]
	at java.base/java.util.Optional.orElseGet(Optional.java:364) ~[na:na]
	at org.junit.jupiter.engine.descriptor.ClassBasedTestDescriptor.lambda$testInstancesProvider$6(ClassBasedTestDescriptor.java:278) ~[junit-jupiter-engine-5.11.4.jar:5.11.4]
	at org.junit.jupiter.engine.execution.TestInstancesProvider.getTestInstances(TestInstancesProvider.java:31) ~[junit-jupiter-engine-5.11.4.jar:5.11.4]
	at org.junit.jupiter.engine.descriptor.TestMethodTestDescriptor.lambda$prepare$1(TestMethodTestDescriptor.java:105) ~[junit-jupiter-engine-5.11.4.jar:5.11.4]
	at org.junit.platform.engine.support.hierarchical.ThrowableCollector.execute(ThrowableCollector.java:73) ~[junit-platform-engine-1.11.4.jar:1.11.4]
	at org.junit.jupiter.engine.descriptor.TestMethodTestDescriptor.prepare(TestMethodTestDescriptor.java:104) ~[junit-jupiter-engine-5.11.4.jar:5.11.4]
	at org.junit.jupiter.engine.descriptor.TestMethodTestDescriptor.prepare(TestMethodTestDescriptor.java:68) ~[junit-jupiter-engine-5.11.4.jar:5.11.4]
	at org.junit.platform.engine.support.hierarchical.NodeTestTask.lambda$prepare$2(NodeTestTask.java:128) ~[junit-platform-engine-1.11.4.jar:1.11.4]
	at org.junit.platform.engine.support.hierarchical.ThrowableCollector.execute(ThrowableCollector.java:73) ~[junit-platform-engine-1.11.4.jar:1.11.4]
	at org.junit.platform.engine.support.hierarchical.NodeTestTask.prepare(NodeTestTask.java:128) ~[junit-platform-engine-1.11.4.jar:1.11.4]
	at org.junit.platform.engine.support.hierarchical.NodeTestTask.execute(NodeTestTask.java:95) ~[junit-platform-engine-1.11.4.jar:1.11.4]
	at java.base/java.util.ArrayList.forEach(ArrayList.java:1511) ~[na:na]
	at org.junit.platform.engine.support.hierarchical.SameThreadHierarchicalTestExecutorService.invokeAll(SameThreadHierarchicalTestExecutorService.java:41) ~[junit-platform-engine-1.11.4.jar:1.11.4]
	at org.junit.platform.engine.support.hierarchical.NodeTestTask.lambda$executeRecursively$6(NodeTestTask.java:160) ~[junit-platform-engine-1.11.4.jar:1.11.4]
	at org.junit.platform.engine.support.hierarchical.ThrowableCollector.execute(ThrowableCollector.java:73) ~[junit-platform-engine-1.11.4.jar:1.11.4]
	at org.junit.platform.engine.support.hierarchical.NodeTestTask.lambda$executeRecursively$8(NodeTestTask.java:146) ~[junit-platform-engine-1.11.4.jar:1.11.4]
	at org.junit.platform.engine.support.hierarchical.Node.around(Node.java:137) ~[junit-platform-engine-1.11.4.jar:1.11.4]
	at org.junit.platform.engine.support.hierarchical.NodeTestTask.lambda$executeRecursively$9(NodeTestTask.java:144) ~[junit-platform-engine-1.11.4.jar:1.11.4]
	at org.junit.platform.engine.support.hierarchical.ThrowableCollector.execute(ThrowableCollector.java:73) ~[junit-platform-engine-1.11.4.jar:1.11.4]
	at org.junit.platform.engine.support.hierarchical.NodeTestTask.executeRecursively(NodeTestTask.java:143) ~[junit-platform-engine-1.11.4.jar:1.11.4]
	at org.junit.platform.engine.support.hierarchical.NodeTestTask.execute(NodeTestTask.java:100) ~[junit-platform-engine-1.11.4.jar:1.11.4]
	at java.base/java.util.ArrayList.forEach(ArrayList.java:1511) ~[na:na]
	at org.junit.platform.engine.support.hierarchical.SameThreadHierarchicalTestExecutorService.invokeAll(SameThreadHierarchicalTestExecutorService.java:41) ~[junit-platform-engine-1.11.4.jar:1.11.4]
	at org.junit.platform.engine.support.hierarchical.NodeTestTask.lambda$executeRecursively$6(NodeTestTask.java:160) ~[junit-platform-engine-1.11.4.jar:1.11.4]
	at org.junit.platform.engine.support.hierarchical.ThrowableCollector.execute(ThrowableCollector.java:73) ~[junit-platform-engine-1.11.4.jar:1.11.4]
	at org.junit.platform.engine.support.hierarchical.NodeTestTask.lambda$executeRecursively$8(NodeTestTask.java:146) ~[junit-platform-engine-1.11.4.jar:1.11.4]
	at org.junit.platform.engine.support.hierarchical.Node.around(Node.java:137) ~[junit-platform-engine-1.11.4.jar:1.11.4]
	at org.junit.platform.engine.support.hierarchical.NodeTestTask.lambda$executeRecursively$9(NodeTestTask.java:144) ~[junit-platform-engine-1.11.4.jar:1.11.4]
	at org.junit.platform.engine.support.hierarchical.ThrowableCollector.execute(ThrowableCollector.java:73) ~[junit-platform-engine-1.11.4.jar:1.11.4]
	at org.junit.platform.engine.support.hierarchical.NodeTestTask.executeRecursively(NodeTestTask.java:143) ~[junit-platform-engine-1.11.4.jar:1.11.4]
	at org.junit.platform.engine.support.hierarchical.NodeTestTask.execute(NodeTestTask.java:100) ~[junit-platform-engine-1.11.4.jar:1.11.4]
	at org.junit.platform.engine.support.hierarchical.SameThreadHierarchicalTestExecutorService.submit(SameThreadHierarchicalTestExecutorService.java:35) ~[junit-platform-engine-1.11.4.jar:1.11.4]
	at org.junit.platform.engine.support.hierarchical.HierarchicalTestExecutor.execute(HierarchicalTestExecutor.java:57) ~[junit-platform-engine-1.11.4.jar:1.11.4]
	at org.junit.platform.engine.support.hierarchical.HierarchicalTestEngine.execute(HierarchicalTestEngine.java:54) ~[junit-platform-engine-1.11.4.jar:1.11.4]
	at org.junit.platform.launcher.core.EngineExecutionOrchestrator.execute(EngineExecutionOrchestrator.java:198) ~[junit-platform-launcher-1.11.4.jar:1.11.4]
	at org.junit.platform.launcher.core.EngineExecutionOrchestrator.execute(EngineExecutionOrchestrator.java:169) ~[junit-platform-launcher-1.11.4.jar:1.11.4]
	at org.junit.platform.launcher.core.EngineExecutionOrchestrator.execute(EngineExecutionOrchestrator.java:93) ~[junit-platform-launcher-1.11.4.jar:1.11.4]
	at org.junit.platform.launcher.core.EngineExecutionOrchestrator.lambda$execute$0(EngineExecutionOrchestrator.java:58) ~[junit-platform-launcher-1.11.4.jar:1.11.4]
	at org.junit.platform.launcher.core.EngineExecutionOrchestrator.withInterceptedStreams(EngineExecutionOrchestrator.java:141) ~[junit-platform-launcher-1.11.4.jar:1.11.4]
	at org.junit.platform.launcher.core.EngineExecutionOrchestrator.execute(EngineExecutionOrchestrator.java:57) ~[junit-platform-launcher-1.11.4.jar:1.11.4]
	at org.junit.platform.launcher.core.DefaultLauncher.execute(DefaultLauncher.java:103) ~[junit-platform-launcher-1.11.4.jar:1.11.4]
	at org.junit.platform.launcher.core.DefaultLauncher.execute(DefaultLauncher.java:85) ~[junit-platform-launcher-1.11.4.jar:1.11.4]
	at org.junit.platform.launcher.core.DelegatingLauncher.execute(DelegatingLauncher.java:47) ~[junit-platform-launcher-1.11.4.jar:1.11.4]
	at org.apache.maven.surefire.junitplatform.LauncherAdapter.executeWithoutCancellationToken(LauncherAdapter.java:60) ~[surefire-junit-platform-3.5.4.jar:3.5.4]
	at org.apache.maven.surefire.junitplatform.LauncherAdapter.execute(LauncherAdapter.java:52) ~[surefire-junit-platform-3.5.4.jar:3.5.4]
	at org.apache.maven.surefire.junitplatform.JUnitPlatformProvider.execute(JUnitPlatformProvider.java:203) ~[surefire-junit-platform-3.5.4.jar:3.5.4]
	at org.apache.maven.surefire.junitplatform.JUnitPlatformProvider.invokeAllTests(JUnitPlatformProvider.java:168) ~[surefire-junit-platform-3.5.4.jar:3.5.4]
	at org.apache.maven.surefire.junitplatform.JUnitPlatformProvider.invoke(JUnitPlatformProvider.java:136) ~[surefire-junit-platform-3.5.4.jar:3.5.4]
	at org.apache.maven.surefire.booter.ForkedBooter.runSuitesInProcess(ForkedBooter.java:385) ~[surefire-booter-3.5.4.jar:3.5.4]
	at org.apache.maven.surefire.booter.ForkedBooter.execute(ForkedBooter.java:162) ~[surefire-booter-3.5.4.jar:3.5.4]
	at org.apache.maven.surefire.booter.ForkedBooter.run(ForkedBooter.java:507) ~[surefire-booter-3.5.4.jar:3.5.4]
	at org.apache.maven.surefire.booter.ForkedBooter.main(ForkedBooter.java:495) ~[surefire-booter-3.5.4.jar:3.5.4]

[ERROR] Tests run: 7, Failures: 0, Errors: 7, Skipped: 0, Time elapsed: 1.210 s <<< FAILURE! -- in com.FabricaEscuela.Feature1Back.repository.TurnoRepositoryTest
[ERROR] com.FabricaEscuela.Feature1Back.repository.TurnoRepositoryTest.findByRutaAndDiaSemanaAndNumeroSemana_debeRetornarTurnoEspecifico -- Time elapsed: 0.025 s <<< ERROR!
java.lang.IllegalStateException: Failed to load ApplicationContext for [MergedContextConfiguration@3c0353a8 testClass = com.FabricaEscuela.Feature1Back.repository.TurnoRepositoryTest, locations = [], classes = [com.FabricaEscuela.Feature1Back.Feature1BackApplication], contextInitializerClasses = [], activeProfiles = [], propertySourceDescriptors = [], propertySourceProperties = ["org.springframework.boot.test.autoconfigure.orm.jpa.DataJpaTestContextBootstrapper=true"], contextCustomizers = [[ImportsContextCustomizer@46c38aa key = [org.springframework.boot.autoconfigure.transaction.TransactionAutoConfiguration, org.springframework.boot.autoconfigure.data.jpa.JpaRepositoriesAutoConfiguration, org.springframework.boot.test.autoconfigure.orm.jpa.TestEntityManagerAutoConfiguration, org.springframework.boot.autoconfigure.cache.CacheAutoConfiguration, org.springframework.boot.autoconfigure.orm.jpa.HibernateJpaAutoConfiguration, org.springframework.boot.autoconfigure.sql.init.SqlInitializationAutoConfiguration, org.springframework.boot.test.autoconfigure.jdbc.TestDatabaseAutoConfiguration, org.springframework.boot.autoconfigure.flyway.FlywayAutoConfiguration, org.springframework.boot.autoconfigure.jdbc.DataSourceTransactionManagerAutoConfiguration, org.springframework.boot.autoconfigure.liquibase.LiquibaseAutoConfiguration, org.springframework.boot.autoconfigure.jdbc.JdbcClientAutoConfiguration, org.springframework.boot.autoconfigure.jdbc.DataSourceAutoConfiguration, org.springframework.boot.autoconfigure.jdbc.JdbcTemplateAutoConfiguration]], org.springframework.boot.test.context.filter.ExcludeFilterContextCustomizer@ccd1bc3, org.springframework.boot.test.json.DuplicateJsonObjectContextCustomizerFactory$DuplicateJsonObjectContextCustomizer@677b8e13, org.springframework.boot.test.mock.mockito.MockitoContextCustomizer@0, org.springframework.boot.test.web.reactor.netty.DisableReactorResourceFactoryGlobalResourcesContextCustomizerFactory$DisableReactorResourceFactoryGlobalResourcesContextCustomizerCustomizer@293cde83, org.springframework.boot.test.autoconfigure.OnFailureConditionReportContextCustomizerFactory$OnFailureConditionReportContextCustomizer@37fdfb05, org.springframework.boot.test.autoconfigure.OverrideAutoConfigurationContextCustomizerFactory$DisableAutoConfigurationContextCustomizer@1adef192, org.springframework.boot.test.autoconfigure.actuate.observability.ObservabilityContextCustomizerFactory$DisableObservabilityContextCustomizer@1f, org.springframework.boot.test.autoconfigure.filter.TypeExcludeFiltersContextCustomizer@34be3d80, org.springframework.boot.test.autoconfigure.properties.PropertyMappingContextCustomizer@1b97c224, org.springframework.boot.test.autoconfigure.web.servlet.WebDriverContextCustomizer@2b214b94, org.springframework.test.context.support.DynamicPropertiesContextCustomizer@0, org.springframework.boot.test.context.SpringBootTestAnnotation@4c2e2329], contextLoader = org.springframework.boot.test.context.SpringBootContextLoader, parent = null]
	at org.springframework.test.context.cache.DefaultCacheAwareContextLoaderDelegate.loadContext(DefaultCacheAwareContextLoaderDelegate.java:180)
	at org.springframework.test.context.support.DefaultTestContext.getApplicationContext(DefaultTestContext.java:130)
	at org.springframework.test.context.support.DependencyInjectionTestExecutionListener.injectDependencies(DependencyInjectionTestExecutionListener.java:155)
	at org.springframework.test.context.support.DependencyInjectionTestExecutionListener.prepareTestInstance(DependencyInjectionTestExecutionListener.java:111)
	at org.springframework.test.context.TestContextManager.prepareTestInstance(TestContextManager.java:260)
	at org.springframework.test.context.junit.jupiter.SpringExtension.postProcessTestInstance(SpringExtension.java:159)
	at java.base/java.util.stream.ForEachOps$ForEachOp$OfRef.accept(ForEachOps.java:183)
	at java.base/java.util.stream.ReferencePipeline$3$1.accept(ReferencePipeline.java:197)
	at java.base/java.util.stream.ReferencePipeline$2$1.accept(ReferencePipeline.java:179)
	at java.base/java.util.stream.ReferencePipeline$3$1.accept(ReferencePipeline.java:197)
	at java.base/java.util.ArrayList$ArrayListSpliterator.forEachRemaining(ArrayList.java:1625)
	at java.base/java.util.stream.AbstractPipeline.copyInto(AbstractPipeline.java:509)
	at java.base/java.util.stream.AbstractPipeline.wrapAndCopyInto(AbstractPipeline.java:499)
	at java.base/java.util.stream.ForEachOps$ForEachOp.evaluateSequential(ForEachOps.java:150)
	at java.base/java.util.stream.ForEachOps$ForEachOp$OfRef.evaluateSequential(ForEachOps.java:173)
	at java.base/java.util.stream.AbstractPipeline.evaluate(AbstractPipeline.java:234)
	at java.base/java.util.stream.ReferencePipeline.forEach(ReferencePipeline.java:596)
	at java.base/java.util.Optional.orElseGet(Optional.java:364)
	at java.base/java.util.ArrayList.forEach(ArrayList.java:1511)
	at java.base/java.util.ArrayList.forEach(ArrayList.java:1511)
Caused by: org.springframework.beans.factory.UnsatisfiedDependencyException: Error creating bean with name 'init' defined in com.FabricaEscuela.Feature1Back.Feature1BackApplication: Unsatisfied dependency expressed through method 'init' parameter 5: No qualifying bean of type 'org.springframework.security.crypto.password.PasswordEncoder' available: expected at least 1 bean which qualifies as autowire candidate. Dependency annotations: {}
	at org.springframework.beans.factory.support.ConstructorResolver.createArgumentArray(ConstructorResolver.java:804)
	at org.springframework.beans.factory.support.ConstructorResolver.instantiateUsingFactoryMethod(ConstructorResolver.java:546)
	at org.springframework.beans.factory.support.AbstractAutowireCapableBeanFactory.instantiateUsingFactoryMethod(AbstractAutowireCapableBeanFactory.java:1375)
	at org.springframework.beans.factory.support.AbstractAutowireCapableBeanFactory.createBeanInstance(AbstractAutowireCapableBeanFactory.java:1205)
	at org.springframework.beans.factory.support.AbstractAutowireCapableBeanFactory.doCreateBean(AbstractAutowireCapableBeanFactory.java:569)
	at org.springframework.beans.factory.support.AbstractAutowireCapableBeanFactory.createBean(AbstractAutowireCapableBeanFactory.java:529)
	at org.springframework.beans.factory.support.AbstractBeanFactory.lambda$doGetBean$0(AbstractBeanFactory.java:339)
	at org.springframework.beans.factory.support.DefaultSingletonBeanRegistry.getSingleton(DefaultSingletonBeanRegistry.java:373)
	at org.springframework.beans.factory.support.AbstractBeanFactory.doGetBean(AbstractBeanFactory.java:337)
	at org.springframework.beans.factory.support.AbstractBeanFactory.getBean(AbstractBeanFactory.java:202)
	at org.springframework.beans.factory.support.DefaultListableBeanFactory.instantiateSingleton(DefaultListableBeanFactory.java:1221)
	at org.springframework.beans.factory.support.DefaultListableBeanFactory.preInstantiateSingleton(DefaultListableBeanFactory.java:1187)
	at org.springframework.beans.factory.support.DefaultListableBeanFactory.preInstantiateSingletons(DefaultListableBeanFactory.java:1123)
	at org.springframework.context.support.AbstractApplicationContext.finishBeanFactoryInitialization(AbstractApplicationContext.java:987)
	at org.springframework.context.support.AbstractApplicationContext.refresh(AbstractApplicationContext.java:627)
	at org.springframework.boot.SpringApplication.refresh(SpringApplication.java:752)
	at org.springframework.boot.SpringApplication.refreshContext(SpringApplication.java:439)
	at org.springframework.boot.SpringApplication.run(SpringApplication.java:318)
	at org.springframework.boot.test.context.SpringBootContextLoader.lambda$loadContext$3(SpringBootContextLoader.java:144)
	at org.springframework.util.function.ThrowingSupplier.get(ThrowingSupplier.java:58)
	at org.springframework.util.function.ThrowingSupplier.get(ThrowingSupplier.java:46)
	at org.springframework.boot.SpringApplication.withHook(SpringApplication.java:1461)
	at org.springframework.boot.test.context.SpringBootContextLoader$ContextLoaderHook.run(SpringBootContextLoader.java:563)
	at org.springframework.boot.test.context.SpringBootContextLoader.loadContext(SpringBootContextLoader.java:144)
	at org.springframework.boot.test.context.SpringBootContextLoader.loadContext(SpringBootContextLoader.java:110)
	at org.springframework.test.context.cache.DefaultCacheAwareContextLoaderDelegate.loadContextInternal(DefaultCacheAwareContextLoaderDelegate.java:225)
	at org.springframework.test.context.cache.DefaultCacheAwareContextLoaderDelegate.loadContext(DefaultCacheAwareContextLoaderDelegate.java:152)
	... 19 more
Caused by: org.springframework.beans.factory.NoSuchBeanDefinitionException: No qualifying bean of type 'org.springframework.security.crypto.password.PasswordEncoder' available: expected at least 1 bean which qualifies as autowire candidate. Dependency annotations: {}
	at org.springframework.beans.factory.support.DefaultListableBeanFactory.raiseNoMatchingBeanFound(DefaultListableBeanFactory.java:2303)
	at org.springframework.beans.factory.support.DefaultListableBeanFactory.doResolveDependency(DefaultListableBeanFactory.java:1723)
	at org.springframework.beans.factory.support.DefaultListableBeanFactory.resolveDependency(DefaultListableBeanFactory.java:1643)
	at org.springframework.beans.factory.support.ConstructorResolver.resolveAutowiredArgument(ConstructorResolver.java:913)
	at org.springframework.beans.factory.support.ConstructorResolver.createArgumentArray(ConstructorResolver.java:791)
	... 45 more

[ERROR] com.FabricaEscuela.Feature1Back.repository.TurnoRepositoryTest.findAll_conMultiplesTurnos_debeRetornarTodos -- Time elapsed: 0.001 s <<< ERROR!
java.lang.IllegalStateException: ApplicationContext failure threshold (1) exceeded: skipping repeated attempt to load context for [MergedContextConfiguration@3c0353a8 testClass = com.FabricaEscuela.Feature1Back.repository.TurnoRepositoryTest, locations = [], classes = [com.FabricaEscuela.Feature1Back.Feature1BackApplication], contextInitializerClasses = [], activeProfiles = [], propertySourceDescriptors = [], propertySourceProperties = ["org.springframework.boot.test.autoconfigure.orm.jpa.DataJpaTestContextBootstrapper=true"], contextCustomizers = [[ImportsContextCustomizer@46c38aa key = [org.springframework.boot.autoconfigure.transaction.TransactionAutoConfiguration, org.springframework.boot.autoconfigure.data.jpa.JpaRepositoriesAutoConfiguration, org.springframework.boot.test.autoconfigure.orm.jpa.TestEntityManagerAutoConfiguration, org.springframework.boot.autoconfigure.cache.CacheAutoConfiguration, org.springframework.boot.autoconfigure.orm.jpa.HibernateJpaAutoConfiguration, org.springframework.boot.autoconfigure.sql.init.SqlInitializationAutoConfiguration, org.springframework.boot.test.autoconfigure.jdbc.TestDatabaseAutoConfiguration, org.springframework.boot.autoconfigure.flyway.FlywayAutoConfiguration, org.springframework.boot.autoconfigure.jdbc.DataSourceTransactionManagerAutoConfiguration, org.springframework.boot.autoconfigure.liquibase.LiquibaseAutoConfiguration, org.springframework.boot.autoconfigure.jdbc.JdbcClientAutoConfiguration, org.springframework.boot.autoconfigure.jdbc.DataSourceAutoConfiguration, org.springframework.boot.autoconfigure.jdbc.JdbcTemplateAutoConfiguration]], org.springframework.boot.test.context.filter.ExcludeFilterContextCustomizer@ccd1bc3, org.springframework.boot.test.json.DuplicateJsonObjectContextCustomizerFactory$DuplicateJsonObjectContextCustomizer@677b8e13, org.springframework.boot.test.mock.mockito.MockitoContextCustomizer@0, org.springframework.boot.test.web.reactor.netty.DisableReactorResourceFactoryGlobalResourcesContextCustomizerFactory$DisableReactorResourceFactoryGlobalResourcesContextCustomizerCustomizer@293cde83, org.springframework.boot.test.autoconfigure.OnFailureConditionReportContextCustomizerFactory$OnFailureConditionReportContextCustomizer@37fdfb05, org.springframework.boot.test.autoconfigure.OverrideAutoConfigurationContextCustomizerFactory$DisableAutoConfigurationContextCustomizer@1adef192, org.springframework.boot.test.autoconfigure.actuate.observability.ObservabilityContextCustomizerFactory$DisableObservabilityContextCustomizer@1f, org.springframework.boot.test.autoconfigure.filter.TypeExcludeFiltersContextCustomizer@34be3d80, org.springframework.boot.test.autoconfigure.properties.PropertyMappingContextCustomizer@1b97c224, org.springframework.boot.test.autoconfigure.web.servlet.WebDriverContextCustomizer@2b214b94, org.springframework.test.context.support.DynamicPropertiesContextCustomizer@0, org.springframework.boot.test.context.SpringBootTestAnnotation@4c2e2329], contextLoader = org.springframework.boot.test.context.SpringBootContextLoader, parent = null]
	at org.springframework.test.context.cache.DefaultCacheAwareContextLoaderDelegate.loadContext(DefaultCacheAwareContextLoaderDelegate.java:145)
	at org.springframework.test.context.support.DefaultTestContext.getApplicationContext(DefaultTestContext.java:130)
	at org.springframework.test.context.support.DependencyInjectionTestExecutionListener.injectDependencies(DependencyInjectionTestExecutionListener.java:155)
	at org.springframework.test.context.support.DependencyInjectionTestExecutionListener.prepareTestInstance(DependencyInjectionTestExecutionListener.java:111)
	at org.springframework.test.context.TestContextManager.prepareTestInstance(TestContextManager.java:260)
	at org.springframework.test.context.junit.jupiter.SpringExtension.postProcessTestInstance(SpringExtension.java:159)
	at java.base/java.util.stream.ForEachOps$ForEachOp$OfRef.accept(ForEachOps.java:183)
	at java.base/java.util.stream.ReferencePipeline$3$1.accept(ReferencePipeline.java:197)
	at java.base/java.util.stream.ReferencePipeline$2$1.accept(ReferencePipeline.java:179)
	at java.base/java.util.stream.ReferencePipeline$3$1.accept(ReferencePipeline.java:197)
	at java.base/java.util.ArrayList$ArrayListSpliterator.forEachRemaining(ArrayList.java:1625)
	at java.base/java.util.stream.AbstractPipeline.copyInto(AbstractPipeline.java:509)
	at java.base/java.util.stream.AbstractPipeline.wrapAndCopyInto(AbstractPipeline.java:499)
	at java.base/java.util.stream.ForEachOps$ForEachOp.evaluateSequential(ForEachOps.java:150)
	at java.base/java.util.stream.ForEachOps$ForEachOp$OfRef.evaluateSequential(ForEachOps.java:173)
	at java.base/java.util.stream.AbstractPipeline.evaluate(AbstractPipeline.java:234)
	at java.base/java.util.stream.ReferencePipeline.forEach(ReferencePipeline.java:596)
	at java.base/java.util.Optional.orElseGet(Optional.java:364)
	at java.base/java.util.ArrayList.forEach(ArrayList.java:1511)
	at java.base/java.util.ArrayList.forEach(ArrayList.java:1511)

[ERROR] com.FabricaEscuela.Feature1Back.repository.TurnoRepositoryTest.save_debeGuardarTurnoCorrectamente -- Time elapsed: 0.002 s <<< ERROR!
java.lang.IllegalStateException: ApplicationContext failure threshold (1) exceeded: skipping repeated attempt to load context for [MergedContextConfiguration@3c0353a8 testClass = com.FabricaEscuela.Feature1Back.repository.TurnoRepositoryTest, locations = [], classes = [com.FabricaEscuela.Feature1Back.Feature1BackApplication], contextInitializerClasses = [], activeProfiles = [], propertySourceDescriptors = [], propertySourceProperties = ["org.springframework.boot.test.autoconfigure.orm.jpa.DataJpaTestContextBootstrapper=true"], contextCustomizers = [[ImportsContextCustomizer@46c38aa key = [org.springframework.boot.autoconfigure.transaction.TransactionAutoConfiguration, org.springframework.boot.autoconfigure.data.jpa.JpaRepositoriesAutoConfiguration, org.springframework.boot.test.autoconfigure.orm.jpa.TestEntityManagerAutoConfiguration, org.springframework.boot.autoconfigure.cache.CacheAutoConfiguration, org.springframework.boot.autoconfigure.orm.jpa.HibernateJpaAutoConfiguration, org.springframework.boot.autoconfigure.sql.init.SqlInitializationAutoConfiguration, org.springframework.boot.test.autoconfigure.jdbc.TestDatabaseAutoConfiguration, org.springframework.boot.autoconfigure.flyway.FlywayAutoConfiguration, org.springframework.boot.autoconfigure.jdbc.DataSourceTransactionManagerAutoConfiguration, org.springframework.boot.autoconfigure.liquibase.LiquibaseAutoConfiguration, org.springframework.boot.autoconfigure.jdbc.JdbcClientAutoConfiguration, org.springframework.boot.autoconfigure.jdbc.DataSourceAutoConfiguration, org.springframework.boot.autoconfigure.jdbc.JdbcTemplateAutoConfiguration]], org.springframework.boot.test.context.filter.ExcludeFilterContextCustomizer@ccd1bc3, org.springframework.boot.test.json.DuplicateJsonObjectContextCustomizerFactory$DuplicateJsonObjectContextCustomizer@677b8e13, org.springframework.boot.test.mock.mockito.MockitoContextCustomizer@0, org.springframework.boot.test.web.reactor.netty.DisableReactorResourceFactoryGlobalResourcesContextCustomizerFactory$DisableReactorResourceFactoryGlobalResourcesContextCustomizerCustomizer@293cde83, org.springframework.boot.test.autoconfigure.OnFailureConditionReportContextCustomizerFactory$OnFailureConditionReportContextCustomizer@37fdfb05, org.springframework.boot.test.autoconfigure.OverrideAutoConfigurationContextCustomizerFactory$DisableAutoConfigurationContextCustomizer@1adef192, org.springframework.boot.test.autoconfigure.actuate.observability.ObservabilityContextCustomizerFactory$DisableObservabilityContextCustomizer@1f, org.springframework.boot.test.autoconfigure.filter.TypeExcludeFiltersContextCustomizer@34be3d80, org.springframework.boot.test.autoconfigure.properties.PropertyMappingContextCustomizer@1b97c224, org.springframework.boot.test.autoconfigure.web.servlet.WebDriverContextCustomizer@2b214b94, org.springframework.test.context.support.DynamicPropertiesContextCustomizer@0, org.springframework.boot.test.context.SpringBootTestAnnotation@4c2e2329], contextLoader = org.springframework.boot.test.context.SpringBootContextLoader, parent = null]
	at org.springframework.test.context.cache.DefaultCacheAwareContextLoaderDelegate.loadContext(DefaultCacheAwareContextLoaderDelegate.java:145)
	at org.springframework.test.context.support.DefaultTestContext.getApplicationContext(DefaultTestContext.java:130)
	at org.springframework.test.context.support.DependencyInjectionTestExecutionListener.injectDependencies(DependencyInjectionTestExecutionListener.java:155)
	at org.springframework.test.context.support.DependencyInjectionTestExecutionListener.prepareTestInstance(DependencyInjectionTestExecutionListener.java:111)
	at org.springframework.test.context.TestContextManager.prepareTestInstance(TestContextManager.java:260)
	at org.springframework.test.context.junit.jupiter.SpringExtension.postProcessTestInstance(SpringExtension.java:159)
	at java.base/java.util.stream.ForEachOps$ForEachOp$OfRef.accept(ForEachOps.java:183)
	at java.base/java.util.stream.ReferencePipeline$3$1.accept(ReferencePipeline.java:197)
	at java.base/java.util.stream.ReferencePipeline$2$1.accept(ReferencePipeline.java:179)
	at java.base/java.util.stream.ReferencePipeline$3$1.accept(ReferencePipeline.java:197)
	at java.base/java.util.ArrayList$ArrayListSpliterator.forEachRemaining(ArrayList.java:1625)
	at java.base/java.util.stream.AbstractPipeline.copyInto(AbstractPipeline.java:509)
	at java.base/java.util.stream.AbstractPipeline.wrapAndCopyInto(AbstractPipeline.java:499)
	at java.base/java.util.stream.ForEachOps$ForEachOp.evaluateSequential(ForEachOps.java:150)
	at java.base/java.util.stream.ForEachOps$ForEachOp$OfRef.evaluateSequential(ForEachOps.java:173)
	at java.base/java.util.stream.AbstractPipeline.evaluate(AbstractPipeline.java:234)
	at java.base/java.util.stream.ReferencePipeline.forEach(ReferencePipeline.java:596)
	at java.base/java.util.Optional.orElseGet(Optional.java:364)
	at java.base/java.util.ArrayList.forEach(ArrayList.java:1511)
	at java.base/java.util.ArrayList.forEach(ArrayList.java:1511)

[ERROR] com.FabricaEscuela.Feature1Back.repository.TurnoRepositoryTest.findByRutaAndNumeroSemana_debeRetornarTurnosFiltrados -- Time elapsed: 0 s <<< ERROR!
java.lang.IllegalStateException: ApplicationContext failure threshold (1) exceeded: skipping repeated attempt to load context for [MergedContextConfiguration@3c0353a8 testClass = com.FabricaEscuela.Feature1Back.repository.TurnoRepositoryTest, locations = [], classes = [com.FabricaEscuela.Feature1Back.Feature1BackApplication], contextInitializerClasses = [], activeProfiles = [], propertySourceDescriptors = [], propertySourceProperties = ["org.springframework.boot.test.autoconfigure.orm.jpa.DataJpaTestContextBootstrapper=true"], contextCustomizers = [[ImportsContextCustomizer@46c38aa key = [org.springframework.boot.autoconfigure.transaction.TransactionAutoConfiguration, org.springframework.boot.autoconfigure.data.jpa.JpaRepositoriesAutoConfiguration, org.springframework.boot.test.autoconfigure.orm.jpa.TestEntityManagerAutoConfiguration, org.springframework.boot.autoconfigure.cache.CacheAutoConfiguration, org.springframework.boot.autoconfigure.orm.jpa.HibernateJpaAutoConfiguration, org.springframework.boot.autoconfigure.sql.init.SqlInitializationAutoConfiguration, org.springframework.boot.test.autoconfigure.jdbc.TestDatabaseAutoConfiguration, org.springframework.boot.autoconfigure.flyway.FlywayAutoConfiguration, org.springframework.boot.autoconfigure.jdbc.DataSourceTransactionManagerAutoConfiguration, org.springframework.boot.autoconfigure.liquibase.LiquibaseAutoConfiguration, org.springframework.boot.autoconfigure.jdbc.JdbcClientAutoConfiguration, org.springframework.boot.autoconfigure.jdbc.DataSourceAutoConfiguration, org.springframework.boot.autoconfigure.jdbc.JdbcTemplateAutoConfiguration]], org.springframework.boot.test.context.filter.ExcludeFilterContextCustomizer@ccd1bc3, org.springframework.boot.test.json.DuplicateJsonObjectContextCustomizerFactory$DuplicateJsonObjectContextCustomizer@677b8e13, org.springframework.boot.test.mock.mockito.MockitoContextCustomizer@0, org.springframework.boot.test.web.reactor.netty.DisableReactorResourceFactoryGlobalResourcesContextCustomizerFactory$DisableReactorResourceFactoryGlobalResourcesContextCustomizerCustomizer@293cde83, org.springframework.boot.test.autoconfigure.OnFailureConditionReportContextCustomizerFactory$OnFailureConditionReportContextCustomizer@37fdfb05, org.springframework.boot.test.autoconfigure.OverrideAutoConfigurationContextCustomizerFactory$DisableAutoConfigurationContextCustomizer@1adef192, org.springframework.boot.test.autoconfigure.actuate.observability.ObservabilityContextCustomizerFactory$DisableObservabilityContextCustomizer@1f, org.springframework.boot.test.autoconfigure.filter.TypeExcludeFiltersContextCustomizer@34be3d80, org.springframework.boot.test.autoconfigure.properties.PropertyMappingContextCustomizer@1b97c224, org.springframework.boot.test.autoconfigure.web.servlet.WebDriverContextCustomizer@2b214b94, org.springframework.test.context.support.DynamicPropertiesContextCustomizer@0, org.springframework.boot.test.context.SpringBootTestAnnotation@4c2e2329], contextLoader = org.springframework.boot.test.context.SpringBootContextLoader, parent = null]
	at org.springframework.test.context.cache.DefaultCacheAwareContextLoaderDelegate.loadContext(DefaultCacheAwareContextLoaderDelegate.java:145)
	at org.springframework.test.context.support.DefaultTestContext.getApplicationContext(DefaultTestContext.java:130)
	at org.springframework.test.context.support.DependencyInjectionTestExecutionListener.injectDependencies(DependencyInjectionTestExecutionListener.java:155)
	at org.springframework.test.context.support.DependencyInjectionTestExecutionListener.prepareTestInstance(DependencyInjectionTestExecutionListener.java:111)
	at org.springframework.test.context.TestContextManager.prepareTestInstance(TestContextManager.java:260)
	at org.springframework.test.context.junit.jupiter.SpringExtension.postProcessTestInstance(SpringExtension.java:159)
	at java.base/java.util.stream.ForEachOps$ForEachOp$OfRef.accept(ForEachOps.java:183)
	at java.base/java.util.stream.ReferencePipeline$3$1.accept(ReferencePipeline.java:197)
	at java.base/java.util.stream.ReferencePipeline$2$1.accept(ReferencePipeline.java:179)
	at java.base/java.util.stream.ReferencePipeline$3$1.accept(ReferencePipeline.java:197)
	at java.base/java.util.ArrayList$ArrayListSpliterator.forEachRemaining(ArrayList.java:1625)
	at java.base/java.util.stream.AbstractPipeline.copyInto(AbstractPipeline.java:509)
	at java.base/java.util.stream.AbstractPipeline.wrapAndCopyInto(AbstractPipeline.java:499)
	at java.base/java.util.stream.ForEachOps$ForEachOp.evaluateSequential(ForEachOps.java:150)
	at java.base/java.util.stream.ForEachOps$ForEachOp$OfRef.evaluateSequential(ForEachOps.java:173)
	at java.base/java.util.stream.AbstractPipeline.evaluate(AbstractPipeline.java:234)
	at java.base/java.util.stream.ReferencePipeline.forEach(ReferencePipeline.java:596)
	at java.base/java.util.Optional.orElseGet(Optional.java:364)
	at java.base/java.util.ArrayList.forEach(ArrayList.java:1511)
	at java.base/java.util.ArrayList.forEach(ArrayList.java:1511)

[ERROR] com.FabricaEscuela.Feature1Back.repository.TurnoRepositoryTest.findByRuta_debeRetornarTurnosDeLaRuta -- Time elapsed: 0.001 s <<< ERROR!
java.lang.IllegalStateException: ApplicationContext failure threshold (1) exceeded: skipping repeated attempt to load context for [MergedContextConfiguration@3c0353a8 testClass = com.FabricaEscuela.Feature1Back.repository.TurnoRepositoryTest, locations = [], classes = [com.FabricaEscuela.Feature1Back.Feature1BackApplication], contextInitializerClasses = [], activeProfiles = [], propertySourceDescriptors = [], propertySourceProperties = ["org.springframework.boot.test.autoconfigure.orm.jpa.DataJpaTestContextBootstrapper=true"], contextCustomizers = [[ImportsContextCustomizer@46c38aa key = [org.springframework.boot.autoconfigure.transaction.TransactionAutoConfiguration, org.springframework.boot.autoconfigure.data.jpa.JpaRepositoriesAutoConfiguration, org.springframework.boot.test.autoconfigure.orm.jpa.TestEntityManagerAutoConfiguration, org.springframework.boot.autoconfigure.cache.CacheAutoConfiguration, org.springframework.boot.autoconfigure.orm.jpa.HibernateJpaAutoConfiguration, org.springframework.boot.autoconfigure.sql.init.SqlInitializationAutoConfiguration, org.springframework.boot.test.autoconfigure.jdbc.TestDatabaseAutoConfiguration, org.springframework.boot.autoconfigure.flyway.FlywayAutoConfiguration, org.springframework.boot.autoconfigure.jdbc.DataSourceTransactionManagerAutoConfiguration, org.springframework.boot.autoconfigure.liquibase.LiquibaseAutoConfiguration, org.springframework.boot.autoconfigure.jdbc.JdbcClientAutoConfiguration, org.springframework.boot.autoconfigure.jdbc.DataSourceAutoConfiguration, org.springframework.boot.autoconfigure.jdbc.JdbcTemplateAutoConfiguration]], org.springframework.boot.test.context.filter.ExcludeFilterContextCustomizer@ccd1bc3, org.springframework.boot.test.json.DuplicateJsonObjectContextCustomizerFactory$DuplicateJsonObjectContextCustomizer@677b8e13, org.springframework.boot.test.mock.mockito.MockitoContextCustomizer@0, org.springframework.boot.test.web.reactor.netty.DisableReactorResourceFactoryGlobalResourcesContextCustomizerFactory$DisableReactorResourceFactoryGlobalResourcesContextCustomizerCustomizer@293cde83, org.springframework.boot.test.autoconfigure.OnFailureConditionReportContextCustomizerFactory$OnFailureConditionReportContextCustomizer@37fdfb05, org.springframework.boot.test.autoconfigure.OverrideAutoConfigurationContextCustomizerFactory$DisableAutoConfigurationContextCustomizer@1adef192, org.springframework.boot.test.autoconfigure.actuate.observability.ObservabilityContextCustomizerFactory$DisableObservabilityContextCustomizer@1f, org.springframework.boot.test.autoconfigure.filter.TypeExcludeFiltersContextCustomizer@34be3d80, org.springframework.boot.test.autoconfigure.properties.PropertyMappingContextCustomizer@1b97c224, org.springframework.boot.test.autoconfigure.web.servlet.WebDriverContextCustomizer@2b214b94, org.springframework.test.context.support.DynamicPropertiesContextCustomizer@0, org.springframework.boot.test.context.SpringBootTestAnnotation@4c2e2329], contextLoader = org.springframework.boot.test.context.SpringBootContextLoader, parent = null]
	at org.springframework.test.context.cache.DefaultCacheAwareContextLoaderDelegate.loadContext(DefaultCacheAwareContextLoaderDelegate.java:145)
	at org.springframework.test.context.support.DefaultTestContext.getApplicationContext(DefaultTestContext.java:130)
	at org.springframework.test.context.support.DependencyInjectionTestExecutionListener.injectDependencies(DependencyInjectionTestExecutionListener.java:155)
	at org.springframework.test.context.support.DependencyInjectionTestExecutionListener.prepareTestInstance(DependencyInjectionTestExecutionListener.java:111)
	at org.springframework.test.context.TestContextManager.prepareTestInstance(TestContextManager.java:260)
	at org.springframework.test.context.junit.jupiter.SpringExtension.postProcessTestInstance(SpringExtension.java:159)
	at java.base/java.util.stream.ForEachOps$ForEachOp$OfRef.accept(ForEachOps.java:183)
	at java.base/java.util.stream.ReferencePipeline$3$1.accept(ReferencePipeline.java:197)
	at java.base/java.util.stream.ReferencePipeline$2$1.accept(ReferencePipeline.java:179)
	at java.base/java.util.stream.ReferencePipeline$3$1.accept(ReferencePipeline.java:197)
	at java.base/java.util.ArrayList$ArrayListSpliterator.forEachRemaining(ArrayList.java:1625)
	at java.base/java.util.stream.AbstractPipeline.copyInto(AbstractPipeline.java:509)
	at java.base/java.util.stream.AbstractPipeline.wrapAndCopyInto(AbstractPipeline.java:499)
	at java.base/java.util.stream.ForEachOps$ForEachOp.evaluateSequential(ForEachOps.java:150)
	at java.base/java.util.stream.ForEachOps$ForEachOp$OfRef.evaluateSequential(ForEachOps.java:173)
	at java.base/java.util.stream.AbstractPipeline.evaluate(AbstractPipeline.java:234)
	at java.base/java.util.stream.ReferencePipeline.forEach(ReferencePipeline.java:596)
	at java.base/java.util.Optional.orElseGet(Optional.java:364)
	at java.base/java.util.ArrayList.forEach(ArrayList.java:1511)
	at java.base/java.util.ArrayList.forEach(ArrayList.java:1511)

[ERROR] com.FabricaEscuela.Feature1Back.repository.TurnoRepositoryTest.delete_debeEliminarTurno -- Time elapsed: 0.001 s <<< ERROR!
java.lang.IllegalStateException: ApplicationContext failure threshold (1) exceeded: skipping repeated attempt to load context for [MergedContextConfiguration@3c0353a8 testClass = com.FabricaEscuela.Feature1Back.repository.TurnoRepositoryTest, locations = [], classes = [com.FabricaEscuela.Feature1Back.Feature1BackApplication], contextInitializerClasses = [], activeProfiles = [], propertySourceDescriptors = [], propertySourceProperties = ["org.springframework.boot.test.autoconfigure.orm.jpa.DataJpaTestContextBootstrapper=true"], contextCustomizers = [[ImportsContextCustomizer@46c38aa key = [org.springframework.boot.autoconfigure.transaction.TransactionAutoConfiguration, org.springframework.boot.autoconfigure.data.jpa.JpaRepositoriesAutoConfiguration, org.springframework.boot.test.autoconfigure.orm.jpa.TestEntityManagerAutoConfiguration, org.springframework.boot.autoconfigure.cache.CacheAutoConfiguration, org.springframework.boot.autoconfigure.orm.jpa.HibernateJpaAutoConfiguration, org.springframework.boot.autoconfigure.sql.init.SqlInitializationAutoConfiguration, org.springframework.boot.test.autoconfigure.jdbc.TestDatabaseAutoConfiguration, org.springframework.boot.autoconfigure.flyway.FlywayAutoConfiguration, org.springframework.boot.autoconfigure.jdbc.DataSourceTransactionManagerAutoConfiguration, org.springframework.boot.autoconfigure.liquibase.LiquibaseAutoConfiguration, org.springframework.boot.autoconfigure.jdbc.JdbcClientAutoConfiguration, org.springframework.boot.autoconfigure.jdbc.DataSourceAutoConfiguration, org.springframework.boot.autoconfigure.jdbc.JdbcTemplateAutoConfiguration]], org.springframework.boot.test.context.filter.ExcludeFilterContextCustomizer@ccd1bc3, org.springframework.boot.test.json.DuplicateJsonObjectContextCustomizerFactory$DuplicateJsonObjectContextCustomizer@677b8e13, org.springframework.boot.test.mock.mockito.MockitoContextCustomizer@0, org.springframework.boot.test.web.reactor.netty.DisableReactorResourceFactoryGlobalResourcesContextCustomizerFactory$DisableReactorResourceFactoryGlobalResourcesContextCustomizerCustomizer@293cde83, org.springframework.boot.test.autoconfigure.OnFailureConditionReportContextCustomizerFactory$OnFailureConditionReportContextCustomizer@37fdfb05, org.springframework.boot.test.autoconfigure.OverrideAutoConfigurationContextCustomizerFactory$DisableAutoConfigurationContextCustomizer@1adef192, org.springframework.boot.test.autoconfigure.actuate.observability.ObservabilityContextCustomizerFactory$DisableObservabilityContextCustomizer@1f, org.springframework.boot.test.autoconfigure.filter.TypeExcludeFiltersContextCustomizer@34be3d80, org.springframework.boot.test.autoconfigure.properties.PropertyMappingContextCustomizer@1b97c224, org.springframework.boot.test.autoconfigure.web.servlet.WebDriverContextCustomizer@2b214b94, org.springframework.test.context.support.DynamicPropertiesContextCustomizer@0, org.springframework.boot.test.context.SpringBootTestAnnotation@4c2e2329], contextLoader = org.springframework.boot.test.context.SpringBootContextLoader, parent = null]
	at org.springframework.test.context.cache.DefaultCacheAwareContextLoaderDelegate.loadContext(DefaultCacheAwareContextLoaderDelegate.java:145)
	at org.springframework.test.context.support.DefaultTestContext.getApplicationContext(DefaultTestContext.java:130)
	at org.springframework.test.context.support.DependencyInjectionTestExecutionListener.injectDependencies(DependencyInjectionTestExecutionListener.java:155)
	at org.springframework.test.context.support.DependencyInjectionTestExecutionListener.prepareTestInstance(DependencyInjectionTestExecutionListener.java:111)
	at org.springframework.test.context.TestContextManager.prepareTestInstance(TestContextManager.java:260)
	at org.springframework.test.context.junit.jupiter.SpringExtension.postProcessTestInstance(SpringExtension.java:159)
	at java.base/java.util.stream.ForEachOps$ForEachOp$OfRef.accept(ForEachOps.java:183)
	at java.base/java.util.stream.ReferencePipeline$3$1.accept(ReferencePipeline.java:197)
	at java.base/java.util.stream.ReferencePipeline$2$1.accept(ReferencePipeline.java:179)
	at java.base/java.util.stream.ReferencePipeline$3$1.accept(ReferencePipeline.java:197)
	at java.base/java.util.ArrayList$ArrayListSpliterator.forEachRemaining(ArrayList.java:1625)
	at java.base/java.util.stream.AbstractPipeline.copyInto(AbstractPipeline.java:509)
	at java.base/java.util.stream.AbstractPipeline.wrapAndCopyInto(AbstractPipeline.java:499)
	at java.base/java.util.stream.ForEachOps$ForEachOp.evaluateSequential(ForEachOps.java:150)
	at java.base/java.util.stream.ForEachOps$ForEachOp$OfRef.evaluateSequential(ForEachOps.java:173)
	at java.base/java.util.stream.AbstractPipeline.evaluate(AbstractPipeline.java:234)
	at java.base/java.util.stream.ReferencePipeline.forEach(ReferencePipeline.java:596)
	at java.base/java.util.Optional.orElseGet(Optional.java:364)
	at java.base/java.util.ArrayList.forEach(ArrayList.java:1511)
	at java.base/java.util.ArrayList.forEach(ArrayList.java:1511)

[ERROR] com.FabricaEscuela.Feature1Back.repository.TurnoRepositoryTest.findByRutaAndDiaSemana_debeRetornarTurnosDelDia -- Time elapsed: 0.003 s <<< ERROR!
java.lang.IllegalStateException: ApplicationContext failure threshold (1) exceeded: skipping repeated attempt to load context for [MergedContextConfiguration@3c0353a8 testClass = com.FabricaEscuela.Feature1Back.repository.TurnoRepositoryTest, locations = [], classes = [com.FabricaEscuela.Feature1Back.Feature1BackApplication], contextInitializerClasses = [], activeProfiles = [], propertySourceDescriptors = [], propertySourceProperties = ["org.springframework.boot.test.autoconfigure.orm.jpa.DataJpaTestContextBootstrapper=true"], contextCustomizers = [[ImportsContextCustomizer@46c38aa key = [org.springframework.boot.autoconfigure.transaction.TransactionAutoConfiguration, org.springframework.boot.autoconfigure.data.jpa.JpaRepositoriesAutoConfiguration, org.springframework.boot.test.autoconfigure.orm.jpa.TestEntityManagerAutoConfiguration, org.springframework.boot.autoconfigure.cache.CacheAutoConfiguration, org.springframework.boot.autoconfigure.orm.jpa.HibernateJpaAutoConfiguration, org.springframework.boot.autoconfigure.sql.init.SqlInitializationAutoConfiguration, org.springframework.boot.test.autoconfigure.jdbc.TestDatabaseAutoConfiguration, org.springframework.boot.autoconfigure.flyway.FlywayAutoConfiguration, org.springframework.boot.autoconfigure.jdbc.DataSourceTransactionManagerAutoConfiguration, org.springframework.boot.autoconfigure.liquibase.LiquibaseAutoConfiguration, org.springframework.boot.autoconfigure.jdbc.JdbcClientAutoConfiguration, org.springframework.boot.autoconfigure.jdbc.DataSourceAutoConfiguration, org.springframework.boot.autoconfigure.jdbc.JdbcTemplateAutoConfiguration]], org.springframework.boot.test.context.filter.ExcludeFilterContextCustomizer@ccd1bc3, org.springframework.boot.test.json.DuplicateJsonObjectContextCustomizerFactory$DuplicateJsonObjectContextCustomizer@677b8e13, org.springframework.boot.test.mock.mockito.MockitoContextCustomizer@0, org.springframework.boot.test.web.reactor.netty.DisableReactorResourceFactoryGlobalResourcesContextCustomizerFactory$DisableReactorResourceFactoryGlobalResourcesContextCustomizerCustomizer@293cde83, org.springframework.boot.test.autoconfigure.OnFailureConditionReportContextCustomizerFactory$OnFailureConditionReportContextCustomizer@37fdfb05, org.springframework.boot.test.autoconfigure.OverrideAutoConfigurationContextCustomizerFactory$DisableAutoConfigurationContextCustomizer@1adef192, org.springframework.boot.test.autoconfigure.actuate.observability.ObservabilityContextCustomizerFactory$DisableObservabilityContextCustomizer@1f, org.springframework.boot.test.autoconfigure.filter.TypeExcludeFiltersContextCustomizer@34be3d80, org.springframework.boot.test.autoconfigure.properties.PropertyMappingContextCustomizer@1b97c224, org.springframework.boot.test.autoconfigure.web.servlet.WebDriverContextCustomizer@2b214b94, org.springframework.test.context.support.DynamicPropertiesContextCustomizer@0, org.springframework.boot.test.context.SpringBootTestAnnotation@4c2e2329], contextLoader = org.springframework.boot.test.context.SpringBootContextLoader, parent = null]
	at org.springframework.test.context.cache.DefaultCacheAwareContextLoaderDelegate.loadContext(DefaultCacheAwareContextLoaderDelegate.java:145)
	at org.springframework.test.context.support.DefaultTestContext.getApplicationContext(DefaultTestContext.java:130)
	at org.springframework.test.context.support.DependencyInjectionTestExecutionListener.injectDependencies(DependencyInjectionTestExecutionListener.java:155)
	at org.springframework.test.context.support.DependencyInjectionTestExecutionListener.prepareTestInstance(DependencyInjectionTestExecutionListener.java:111)
	at org.springframework.test.context.TestContextManager.prepareTestInstance(TestContextManager.java:260)
	at org.springframework.test.context.junit.jupiter.SpringExtension.postProcessTestInstance(SpringExtension.java:159)
	at java.base/java.util.stream.ForEachOps$ForEachOp$OfRef.accept(ForEachOps.java:183)
	at java.base/java.util.stream.ReferencePipeline$3$1.accept(ReferencePipeline.java:197)
	at java.base/java.util.stream.ReferencePipeline$2$1.accept(ReferencePipeline.java:179)
	at java.base/java.util.stream.ReferencePipeline$3$1.accept(ReferencePipeline.java:197)
	at java.base/java.util.ArrayList$ArrayListSpliterator.forEachRemaining(ArrayList.java:1625)
	at java.base/java.util.stream.AbstractPipeline.copyInto(AbstractPipeline.java:509)
	at java.base/java.util.stream.AbstractPipeline.wrapAndCopyInto(AbstractPipeline.java:499)
	at java.base/java.util.stream.ForEachOps$ForEachOp.evaluateSequential(ForEachOps.java:150)
	at java.base/java.util.stream.ForEachOps$ForEachOp$OfRef.evaluateSequential(ForEachOps.java:173)
	at java.base/java.util.stream.AbstractPipeline.evaluate(AbstractPipeline.java:234)
	at java.base/java.util.stream.ReferencePipeline.forEach(ReferencePipeline.java:596)
	at java.base/java.util.Optional.orElseGet(Optional.java:364)
	at java.base/java.util.ArrayList.forEach(ArrayList.java:1511)
	at java.base/java.util.ArrayList.forEach(ArrayList.java:1511)

[INFO] Running com.FabricaEscuela.Feature1Back.service.TurnoServiceTest
[INFO] Tests run: 10, Failures: 0, Errors: 0, Skipped: 0, Time elapsed: 1.182 s -- in com.FabricaEscuela.Feature1Back.service.TurnoServiceTest
[DEBUG] Closing the fork 1 after saying GoodBye.
[INFO] 
[INFO] Results:
[INFO] 
[ERROR] Errors: 
[ERROR]   TurnoRepositoryTest.delete_debeEliminarTurno ╗ IllegalState ApplicationContext failure threshold (1) exceeded: skipping repeated attempt to load context for [MergedContextConfiguration@3c0353a8 testClass = com.FabricaEscuela.Feature1Back.repository.TurnoRepositoryTest, locations = [], classes = [com.FabricaEscuela.Feature1Back.Feature1BackApplication], contextInitializerClasses = [], activeProfiles = [], propertySourceDescriptors = [], propertySourceProperties = ["org.springframework.boot.test.autoconfigure.orm.jpa.DataJpaTestContextBootstrapper=true"], contextCustomizers = [[ImportsContextCustomizer@46c38aa key = [org.springframework.boot.autoconfigure.transaction.TransactionAutoConfiguration, org.springframework.boot.autoconfigure.data.jpa.JpaRepositoriesAutoConfiguration, org.springframework.boot.test.autoconfigure.orm.jpa.TestEntityManagerAutoConfiguration, org.springframework.boot.autoconfigure.cache.CacheAutoConfiguration, org.springframework.boot.autoconfigure.orm.jpa.HibernateJpaAutoConfiguration, org.springframework.boot.autoconfigure.sql.init.SqlInitializationAutoConfiguration, org.springframework.boot.test.autoconfigure.jdbc.TestDatabaseAutoConfiguration, org.springframework.boot.autoconfigure.flyway.FlywayAutoConfiguration, org.springframework.boot.autoconfigure.jdbc.DataSourceTransactionManagerAutoConfiguration, org.springframework.boot.autoconfigure.liquibase.LiquibaseAutoConfiguration, org.springframework.boot.autoconfigure.jdbc.JdbcClientAutoConfiguration, org.springframework.boot.autoconfigure.jdbc.DataSourceAutoConfiguration, org.springframework.boot.autoconfigure.jdbc.JdbcTemplateAutoConfiguration]], org.springframework.boot.test.context.filter.ExcludeFilterContextCustomizer@ccd1bc3, org.springframework.boot.test.json.DuplicateJsonObjectContextCustomizerFactory$DuplicateJsonObjectContextCustomizer@677b8e13, org.springframework.boot.test.mock.mockito.MockitoContextCustomizer@0, org.springframework.boot.test.web.reactor.netty.DisableReactorResourceFactoryGlobalResourcesContextCustomizerFactory$DisableReactorResourceFactoryGlobalResourcesContextCustomizerCustomizer@293cde83, org.springframework.boot.test.autoconfigure.OnFailureConditionReportContextCustomizerFactory$OnFailureConditionReportContextCustomizer@37fdfb05, org.springframework.boot.test.autoconfigure.OverrideAutoConfigurationContextCustomizerFactory$DisableAutoConfigurationContextCustomizer@1adef192, org.springframework.boot.test.autoconfigure.actuate.observability.ObservabilityContextCustomizerFactory$DisableObservabilityContextCustomizer@1f, org.springframework.boot.test.autoconfigure.filter.TypeExcludeFiltersContextCustomizer@34be3d80, org.springframework.boot.test.autoconfigure.properties.PropertyMappingContextCustomizer@1b97c224, org.springframework.boot.test.autoconfigure.web.servlet.WebDriverContextCustomizer@2b214b94, org.springframework.test.context.support.DynamicPropertiesContextCustomizer@0, org.springframework.boot.test.context.SpringBootTestAnnotation@4c2e2329], contextLoader = org.springframework.boot.test.context.SpringBootContextLoader, parent = null]
[ERROR]   TurnoRepositoryTest.findAll_conMultiplesTurnos_debeRetornarTodos ╗ IllegalState ApplicationContext failure threshold (1) exceeded: skipping repeated attempt to load context for [MergedContextConfiguration@3c0353a8 testClass = com.FabricaEscuela.Feature1Back.repository.TurnoRepositoryTest, locations = [], classes = [com.FabricaEscuela.Feature1Back.Feature1BackApplication], contextInitializerClasses = [], activeProfiles = [], propertySourceDescriptors = [], propertySourceProperties = ["org.springframework.boot.test.autoconfigure.orm.jpa.DataJpaTestContextBootstrapper=true"], contextCustomizers = [[ImportsContextCustomizer@46c38aa key = [org.springframework.boot.autoconfigure.transaction.TransactionAutoConfiguration, org.springframework.boot.autoconfigure.data.jpa.JpaRepositoriesAutoConfiguration, org.springframework.boot.test.autoconfigure.orm.jpa.TestEntityManagerAutoConfiguration, org.springframework.boot.autoconfigure.cache.CacheAutoConfiguration, org.springframework.boot.autoconfigure.orm.jpa.HibernateJpaAutoConfiguration, org.springframework.boot.autoconfigure.sql.init.SqlInitializationAutoConfiguration, org.springframework.boot.test.autoconfigure.jdbc.TestDatabaseAutoConfiguration, org.springframework.boot.autoconfigure.flyway.FlywayAutoConfiguration, org.springframework.boot.autoconfigure.jdbc.DataSourceTransactionManagerAutoConfiguration, org.springframework.boot.autoconfigure.liquibase.LiquibaseAutoConfiguration, org.springframework.boot.autoconfigure.jdbc.JdbcClientAutoConfiguration, org.springframework.boot.autoconfigure.jdbc.DataSourceAutoConfiguration, org.springframework.boot.autoconfigure.jdbc.JdbcTemplateAutoConfiguration]], org.springframework.boot.test.context.filter.ExcludeFilterContextCustomizer@ccd1bc3, org.springframework.boot.test.json.DuplicateJsonObjectContextCustomizerFactory$DuplicateJsonObjectContextCustomizer@677b8e13, org.springframework.boot.test.mock.mockito.MockitoContextCustomizer@0, org.springframework.boot.test.web.reactor.netty.DisableReactorResourceFactoryGlobalResourcesContextCustomizerFactory$DisableReactorResourceFactoryGlobalResourcesContextCustomizerCustomizer@293cde83, org.springframework.boot.test.autoconfigure.OnFailureConditionReportContextCustomizerFactory$OnFailureConditionReportContextCustomizer@37fdfb05, org.springframework.boot.test.autoconfigure.OverrideAutoConfigurationContextCustomizerFactory$DisableAutoConfigurationContextCustomizer@1adef192, org.springframework.boot.test.autoconfigure.actuate.observability.ObservabilityContextCustomizerFactory$DisableObservabilityContextCustomizer@1f, org.springframework.boot.test.autoconfigure.filter.TypeExcludeFiltersContextCustomizer@34be3d80, org.springframework.boot.test.autoconfigure.properties.PropertyMappingContextCustomizer@1b97c224, org.springframework.boot.test.autoconfigure.web.servlet.WebDriverContextCustomizer@2b214b94, org.springframework.test.context.support.DynamicPropertiesContextCustomizer@0, org.springframework.boot.test.context.SpringBootTestAnnotation@4c2e2329], contextLoader = org.springframework.boot.test.context.SpringBootContextLoader, parent = null]
[ERROR]   TurnoRepositoryTest.findByRutaAndDiaSemanaAndNumeroSemana_debeRetornarTurnoEspecifico ╗ IllegalState Failed to load ApplicationContext for [MergedContextConfiguration@3c0353a8 testClass = com.FabricaEscuela.Feature1Back.repository.TurnoRepositoryTest, locations = [], classes = [com.FabricaEscuela.Feature1Back.Feature1BackApplication], contextInitializerClasses = [], activeProfiles = [], propertySourceDescriptors = [], propertySourceProperties = ["org.springframework.boot.test.autoconfigure.orm.jpa.DataJpaTestContextBootstrapper=true"], contextCustomizers = [[ImportsContextCustomizer@46c38aa key = [org.springframework.boot.autoconfigure.transaction.TransactionAutoConfiguration, org.springframework.boot.autoconfigure.data.jpa.JpaRepositoriesAutoConfiguration, org.springframework.boot.test.autoconfigure.orm.jpa.TestEntityManagerAutoConfiguration, org.springframework.boot.autoconfigure.cache.CacheAutoConfiguration, org.springframework.boot.autoconfigure.orm.jpa.HibernateJpaAutoConfiguration, org.springframework.boot.autoconfigure.sql.init.SqlInitializationAutoConfiguration, org.springframework.boot.test.autoconfigure.jdbc.TestDatabaseAutoConfiguration, org.springframework.boot.autoconfigure.flyway.FlywayAutoConfiguration, org.springframework.boot.autoconfigure.jdbc.DataSourceTransactionManagerAutoConfiguration, org.springframework.boot.autoconfigure.liquibase.LiquibaseAutoConfiguration, org.springframework.boot.autoconfigure.jdbc.JdbcClientAutoConfiguration, org.springframework.boot.autoconfigure.jdbc.DataSourceAutoConfiguration, org.springframework.boot.autoconfigure.jdbc.JdbcTemplateAutoConfiguration]], org.springframework.boot.test.context.filter.ExcludeFilterContextCustomizer@ccd1bc3, org.springframework.boot.test.json.DuplicateJsonObjectContextCustomizerFactory$DuplicateJsonObjectContextCustomizer@677b8e13, org.springframework.boot.test.mock.mockito.MockitoContextCustomizer@0, org.springframework.boot.test.web.reactor.netty.DisableReactorResourceFactoryGlobalResourcesContextCustomizerFactory$DisableReactorResourceFactoryGlobalResourcesContextCustomizerCustomizer@293cde83, org.springframework.boot.test.autoconfigure.OnFailureConditionReportContextCustomizerFactory$OnFailureConditionReportContextCustomizer@37fdfb05, org.springframework.boot.test.autoconfigure.OverrideAutoConfigurationContextCustomizerFactory$DisableAutoConfigurationContextCustomizer@1adef192, org.springframework.boot.test.autoconfigure.actuate.observability.ObservabilityContextCustomizerFactory$DisableObservabilityContextCustomizer@1f, org.springframework.boot.test.autoconfigure.filter.TypeExcludeFiltersContextCustomizer@34be3d80, org.springframework.boot.test.autoconfigure.properties.PropertyMappingContextCustomizer@1b97c224, org.springframework.boot.test.autoconfigure.web.servlet.WebDriverContextCustomizer@2b214b94, org.springframework.test.context.support.DynamicPropertiesContextCustomizer@0, org.springframework.boot.test.context.SpringBootTestAnnotation@4c2e2329], contextLoader = org.springframework.boot.test.context.SpringBootContextLoader, parent = null]
[ERROR]   TurnoRepositoryTest.findByRutaAndDiaSemana_debeRetornarTurnosDelDia ╗ IllegalState ApplicationContext failure threshold (1) exceeded: skipping repeated attempt to load context for [MergedContextConfiguration@3c0353a8 testClass = com.FabricaEscuela.Feature1Back.repository.TurnoRepositoryTest, locations = [], classes = [com.FabricaEscuela.Feature1Back.Feature1BackApplication], contextInitializerClasses = [], activeProfiles = [], propertySourceDescriptors = [], propertySourceProperties = ["org.springframework.boot.test.autoconfigure.orm.jpa.DataJpaTestContextBootstrapper=true"], contextCustomizers = [[ImportsContextCustomizer@46c38aa key = [org.springframework.boot.autoconfigure.transaction.TransactionAutoConfiguration, org.springframework.boot.autoconfigure.data.jpa.JpaRepositoriesAutoConfiguration, org.springframework.boot.test.autoconfigure.orm.jpa.TestEntityManagerAutoConfiguration, org.springframework.boot.autoconfigure.cache.CacheAutoConfiguration, org.springframework.boot.autoconfigure.orm.jpa.HibernateJpaAutoConfiguration, org.springframework.boot.autoconfigure.sql.init.SqlInitializationAutoConfiguration, org.springframework.boot.test.autoconfigure.jdbc.TestDatabaseAutoConfiguration, org.springframework.boot.autoconfigure.flyway.FlywayAutoConfiguration, org.springframework.boot.autoconfigure.jdbc.DataSourceTransactionManagerAutoConfiguration, org.springframework.boot.autoconfigure.liquibase.LiquibaseAutoConfiguration, org.springframework.boot.autoconfigure.jdbc.JdbcClientAutoConfiguration, org.springframework.boot.autoconfigure.jdbc.DataSourceAutoConfiguration, org.springframework.boot.autoconfigure.jdbc.JdbcTemplateAutoConfiguration]], org.springframework.boot.test.context.filter.ExcludeFilterContextCustomizer@ccd1bc3, org.springframework.boot.test.json.DuplicateJsonObjectContextCustomizerFactory$DuplicateJsonObjectContextCustomizer@677b8e13, org.springframework.boot.test.mock.mockito.MockitoContextCustomizer@0, org.springframework.boot.test.web.reactor.netty.DisableReactorResourceFactoryGlobalResourcesContextCustomizerFactory$DisableReactorResourceFactoryGlobalResourcesContextCustomizerCustomizer@293cde83, org.springframework.boot.test.autoconfigure.OnFailureConditionReportContextCustomizerFactory$OnFailureConditionReportContextCustomizer@37fdfb05, org.springframework.boot.test.autoconfigure.OverrideAutoConfigurationContextCustomizerFactory$DisableAutoConfigurationContextCustomizer@1adef192, org.springframework.boot.test.autoconfigure.actuate.observability.ObservabilityContextCustomizerFactory$DisableObservabilityContextCustomizer@1f, org.springframework.boot.test.autoconfigure.filter.TypeExcludeFiltersContextCustomizer@34be3d80, org.springframework.boot.test.autoconfigure.properties.PropertyMappingContextCustomizer@1b97c224, org.springframework.boot.test.autoconfigure.web.servlet.WebDriverContextCustomizer@2b214b94, org.springframework.test.context.support.DynamicPropertiesContextCustomizer@0, org.springframework.boot.test.context.SpringBootTestAnnotation@4c2e2329], contextLoader = org.springframework.boot.test.context.SpringBootContextLoader, parent = null]
[ERROR]   TurnoRepositoryTest.findByRutaAndNumeroSemana_debeRetornarTurnosFiltrados ╗ IllegalState ApplicationContext failure threshold (1) exceeded: skipping repeated attempt to load context for [MergedContextConfiguration@3c0353a8 testClass = com.FabricaEscuela.Feature1Back.repository.TurnoRepositoryTest, locations = [], classes = [com.FabricaEscuela.Feature1Back.Feature1BackApplication], contextInitializerClasses = [], activeProfiles = [], propertySourceDescriptors = [], propertySourceProperties = ["org.springframework.boot.test.autoconfigure.orm.jpa.DataJpaTestContextBootstrapper=true"], contextCustomizers = [[ImportsContextCustomizer@46c38aa key = [org.springframework.boot.autoconfigure.transaction.TransactionAutoConfiguration, org.springframework.boot.autoconfigure.data.jpa.JpaRepositoriesAutoConfiguration, org.springframework.boot.test.autoconfigure.orm.jpa.TestEntityManagerAutoConfiguration, org.springframework.boot.autoconfigure.cache.CacheAutoConfiguration, org.springframework.boot.autoconfigure.orm.jpa.HibernateJpaAutoConfiguration, org.springframework.boot.autoconfigure.sql.init.SqlInitializationAutoConfiguration, org.springframework.boot.test.autoconfigure.jdbc.TestDatabaseAutoConfiguration, org.springframework.boot.autoconfigure.flyway.FlywayAutoConfiguration, org.springframework.boot.autoconfigure.jdbc.DataSourceTransactionManagerAutoConfiguration, org.springframework.boot.autoconfigure.liquibase.LiquibaseAutoConfiguration, org.springframework.boot.autoconfigure.jdbc.JdbcClientAutoConfiguration, org.springframework.boot.autoconfigure.jdbc.DataSourceAutoConfiguration, org.springframework.boot.autoconfigure.jdbc.JdbcTemplateAutoConfiguration]], org.springframework.boot.test.context.filter.ExcludeFilterContextCustomizer@ccd1bc3, org.springframework.boot.test.json.DuplicateJsonObjectContextCustomizerFactory$DuplicateJsonObjectContextCustomizer@677b8e13, org.springframework.boot.test.mock.mockito.MockitoContextCustomizer@0, org.springframework.boot.test.web.reactor.netty.DisableReactorResourceFactoryGlobalResourcesContextCustomizerFactory$DisableReactorResourceFactoryGlobalResourcesContextCustomizerCustomizer@293cde83, org.springframework.boot.test.autoconfigure.OnFailureConditionReportContextCustomizerFactory$OnFailureConditionReportContextCustomizer@37fdfb05, org.springframework.boot.test.autoconfigure.OverrideAutoConfigurationContextCustomizerFactory$DisableAutoConfigurationContextCustomizer@1adef192, org.springframework.boot.test.autoconfigure.actuate.observability.ObservabilityContextCustomizerFactory$DisableObservabilityContextCustomizer@1f, org.springframework.boot.test.autoconfigure.filter.TypeExcludeFiltersContextCustomizer@34be3d80, org.springframework.boot.test.autoconfigure.properties.PropertyMappingContextCustomizer@1b97c224, org.springframework.boot.test.autoconfigure.web.servlet.WebDriverContextCustomizer@2b214b94, org.springframework.test.context.support.DynamicPropertiesContextCustomizer@0, org.springframework.boot.test.context.SpringBootTestAnnotation@4c2e2329], contextLoader = org.springframework.boot.test.context.SpringBootContextLoader, parent = null]
[ERROR]   TurnoRepositoryTest.findByRuta_debeRetornarTurnosDeLaRuta ╗ IllegalState ApplicationContext failure threshold (1) exceeded: skipping repeated attempt to load context for [MergedContextConfiguration@3c0353a8 testClass = com.FabricaEscuela.Feature1Back.repository.TurnoRepositoryTest, locations = [], classes = [com.FabricaEscuela.Feature1Back.Feature1BackApplication], contextInitializerClasses = [], activeProfiles = [], propertySourceDescriptors = [], propertySourceProperties = ["org.springframework.boot.test.autoconfigure.orm.jpa.DataJpaTestContextBootstrapper=true"], contextCustomizers = [[ImportsContextCustomizer@46c38aa key = [org.springframework.boot.autoconfigure.transaction.TransactionAutoConfiguration, org.springframework.boot.autoconfigure.data.jpa.JpaRepositoriesAutoConfiguration, org.springframework.boot.test.autoconfigure.orm.jpa.TestEntityManagerAutoConfiguration, org.springframework.boot.autoconfigure.cache.CacheAutoConfiguration, org.springframework.boot.autoconfigure.orm.jpa.HibernateJpaAutoConfiguration, org.springframework.boot.autoconfigure.sql.init.SqlInitializationAutoConfiguration, org.springframework.boot.test.autoconfigure.jdbc.TestDatabaseAutoConfiguration, org.springframework.boot.autoconfigure.flyway.FlywayAutoConfiguration, org.springframework.boot.autoconfigure.jdbc.DataSourceTransactionManagerAutoConfiguration, org.springframework.boot.autoconfigure.liquibase.LiquibaseAutoConfiguration, org.springframework.boot.autoconfigure.jdbc.JdbcClientAutoConfiguration, org.springframework.boot.autoconfigure.jdbc.DataSourceAutoConfiguration, org.springframework.boot.autoconfigure.jdbc.JdbcTemplateAutoConfiguration]], org.springframework.boot.test.context.filter.ExcludeFilterContextCustomizer@ccd1bc3, org.springframework.boot.test.json.DuplicateJsonObjectContextCustomizerFactory$DuplicateJsonObjectContextCustomizer@677b8e13, org.springframework.boot.test.mock.mockito.MockitoContextCustomizer@0, org.springframework.boot.test.web.reactor.netty.DisableReactorResourceFactoryGlobalResourcesContextCustomizerFactory$DisableReactorResourceFactoryGlobalResourcesContextCustomizerCustomizer@293cde83, org.springframework.boot.test.autoconfigure.OnFailureConditionReportContextCustomizerFactory$OnFailureConditionReportContextCustomizer@37fdfb05, org.springframework.boot.test.autoconfigure.OverrideAutoConfigurationContextCustomizerFactory$DisableAutoConfigurationContextCustomizer@1adef192, org.springframework.boot.test.autoconfigure.actuate.observability.ObservabilityContextCustomizerFactory$DisableObservabilityContextCustomizer@1f, org.springframework.boot.test.autoconfigure.filter.TypeExcludeFiltersContextCustomizer@34be3d80, org.springframework.boot.test.autoconfigure.properties.PropertyMappingContextCustomizer@1b97c224, org.springframework.boot.test.autoconfigure.web.servlet.WebDriverContextCustomizer@2b214b94, org.springframework.test.context.support.DynamicPropertiesContextCustomizer@0, org.springframework.boot.test.context.SpringBootTestAnnotation@4c2e2329], contextLoader = org.springframework.boot.test.context.SpringBootContextLoader, parent = null]
[ERROR]   TurnoRepositoryTest.save_debeGuardarTurnoCorrectamente ╗ IllegalState ApplicationContext failure threshold (1) exceeded: skipping repeated attempt to load context for [MergedContextConfiguration@3c0353a8 testClass = com.FabricaEscuela.Feature1Back.repository.TurnoRepositoryTest, locations = [], classes = [com.FabricaEscuela.Feature1Back.Feature1BackApplication], contextInitializerClasses = [], activeProfiles = [], propertySourceDescriptors = [], propertySourceProperties = ["org.springframework.boot.test.autoconfigure.orm.jpa.DataJpaTestContextBootstrapper=true"], contextCustomizers = [[ImportsContextCustomizer@46c38aa key = [org.springframework.boot.autoconfigure.transaction.TransactionAutoConfiguration, org.springframework.boot.autoconfigure.data.jpa.JpaRepositoriesAutoConfiguration, org.springframework.boot.test.autoconfigure.orm.jpa.TestEntityManagerAutoConfiguration, org.springframework.boot.autoconfigure.cache.CacheAutoConfiguration, org.springframework.boot.autoconfigure.orm.jpa.HibernateJpaAutoConfiguration, org.springframework.boot.autoconfigure.sql.init.SqlInitializationAutoConfiguration, org.springframework.boot.test.autoconfigure.jdbc.TestDatabaseAutoConfiguration, org.springframework.boot.autoconfigure.flyway.FlywayAutoConfiguration, org.springframework.boot.autoconfigure.jdbc.DataSourceTransactionManagerAutoConfiguration, org.springframework.boot.autoconfigure.liquibase.LiquibaseAutoConfiguration, org.springframework.boot.autoconfigure.jdbc.JdbcClientAutoConfiguration, org.springframework.boot.autoconfigure.jdbc.DataSourceAutoConfiguration, org.springframework.boot.autoconfigure.jdbc.JdbcTemplateAutoConfiguration]], org.springframework.boot.test.context.filter.ExcludeFilterContextCustomizer@ccd1bc3, org.springframework.boot.test.json.DuplicateJsonObjectContextCustomizerFactory$DuplicateJsonObjectContextCustomizer@677b8e13, org.springframework.boot.test.mock.mockito.MockitoContextCustomizer@0, org.springframework.boot.test.web.reactor.netty.DisableReactorResourceFactoryGlobalResourcesContextCustomizerFactory$DisableReactorResourceFactoryGlobalResourcesContextCustomizerCustomizer@293cde83, org.springframework.boot.test.autoconfigure.OnFailureConditionReportContextCustomizerFactory$OnFailureConditionReportContextCustomizer@37fdfb05, org.springframework.boot.test.autoconfigure.OverrideAutoConfigurationContextCustomizerFactory$DisableAutoConfigurationContextCustomizer@1adef192, org.springframework.boot.test.autoconfigure.actuate.observability.ObservabilityContextCustomizerFactory$DisableObservabilityContextCustomizer@1f, org.springframework.boot.test.autoconfigure.filter.TypeExcludeFiltersContextCustomizer@34be3d80, org.springframework.boot.test.autoconfigure.properties.PropertyMappingContextCustomizer@1b97c224, org.springframework.boot.test.autoconfigure.web.servlet.WebDriverContextCustomizer@2b214b94, org.springframework.test.context.support.DynamicPropertiesContextCustomizer@0, org.springframework.boot.test.context.SpringBootTestAnnotation@4c2e2329], contextLoader = org.springframework.boot.test.context.SpringBootContextLoader, parent = null]
[INFO] 
[ERROR] Tests run: 20, Failures: 0, Errors: 7, Skipped: 0
[INFO] 
[INFO] ------------------------------------------------------------------------
[INFO] BUILD FAILURE
[INFO] ------------------------------------------------------------------------
[INFO] Total time:  28.051 s
[INFO] Finished at: 2025-11-21T11:57:49-05:00
[INFO] ------------------------------------------------------------------------
[ERROR] Failed to execute goal org.apache.maven.plugins:maven-surefire-plugin:3.5.4:test (default-test) on project Feature1Back: 
[ERROR] 
[ERROR] See C:\Users\camil\Desktop\Apps\FabricaEscuela-2025-2\backend\target\surefire-reports for the individual test results.
[ERROR] See dump files (if any exist) [date].dump, [date]-jvmRun[N].dump and [date].dumpstream.
[ERROR] -> [Help 1]
org.apache.maven.lifecycle.LifecycleExecutionException: Failed to execute goal org.apache.maven.plugins:maven-surefire-plugin:3.5.4:test (default-test) on project Feature1Back: 

See C:\Users\camil\Desktop\Apps\FabricaEscuela-2025-2\backend\target\surefire-reports for the individual test results.
See dump files (if any exist) [date].dump, [date]-jvmRun[N].dump and [date].dumpstream.
    at org.apache.maven.lifecycle.internal.MojoExecutor.doExecute2 (MojoExecutor.java:333)
    at org.apache.maven.lifecycle.internal.MojoExecutor.doExecute (MojoExecutor.java:316)
    at org.apache.maven.lifecycle.internal.MojoExecutor.execute (MojoExecutor.java:212)
    at org.apache.maven.lifecycle.internal.MojoExecutor.execute (MojoExecutor.java:174)
    at org.apache.maven.lifecycle.internal.MojoExecutor.access$000 (MojoExecutor.java:75)
    at org.apache.maven.lifecycle.internal.MojoExecutor$1.run (MojoExecutor.java:162)
    at org.apache.maven.plugin.DefaultMojosExecutionStrategy.execute (DefaultMojosExecutionStrategy.java:39)
    at org.apache.maven.lifecycle.internal.MojoExecutor.execute (MojoExecutor.java:159)
    at org.apache.maven.lifecycle.internal.LifecycleModuleBuilder.buildProject (LifecycleModuleBuilder.java:105)
    at org.apache.maven.lifecycle.internal.LifecycleModuleBuilder.buildProject (LifecycleModuleBuilder.java:73)
    at org.apache.maven.lifecycle.internal.builder.singlethreaded.SingleThreadedBuilder.build (SingleThreadedBuilder.java:53)
    at org.apache.maven.lifecycle.internal.LifecycleStarter.execute (LifecycleStarter.java:118)
    at org.apache.maven.DefaultMaven.doExecute (DefaultMaven.java:261)
    at org.apache.maven.DefaultMaven.doExecute (DefaultMaven.java:173)
    at org.apache.maven.DefaultMaven.execute (DefaultMaven.java:101)
    at org.apache.maven.cli.MavenCli.execute (MavenCli.java:906)
    at org.apache.maven.cli.MavenCli.doMain (MavenCli.java:283)
    at org.apache.maven.cli.MavenCli.main (MavenCli.java:206)
    at jdk.internal.reflect.NativeMethodAccessorImpl.invoke0 (Native Method)
    at jdk.internal.reflect.NativeMethodAccessorImpl.invoke (NativeMethodAccessorImpl.java:77)
    at jdk.internal.reflect.DelegatingMethodAccessorImpl.invoke (DelegatingMethodAccessorImpl.java:43)
    at java.lang.reflect.Method.invoke (Method.java:569)
    at org.codehaus.plexus.classworlds.launcher.Launcher.launchEnhanced (Launcher.java:255)
    at org.codehaus.plexus.classworlds.launcher.Launcher.launch (Launcher.java:201)
    at org.codehaus.plexus.classworlds.launcher.Launcher.mainWithExitCode (Launcher.java:361)
    at org.codehaus.plexus.classworlds.launcher.Launcher.main (Launcher.java:314)
Caused by: org.apache.maven.plugin.MojoFailureException: 

See C:\Users\camil\Desktop\Apps\FabricaEscuela-2025-2\backend\target\surefire-reports for the individual test results.
See dump files (if any exist) [date].dump, [date]-jvmRun[N].dump and [date].dumpstream.
    at org.apache.maven.plugin.surefire.SurefireHelper.throwException (SurefireHelper.java:247)
    at org.apache.maven.plugin.surefire.SurefireHelper.reportExecution (SurefireHelper.java:159)
    at org.apache.maven.plugin.surefire.SurefireMojo.handleSummary (SurefireMojo.java:547)
    at org.apache.maven.plugin.surefire.AbstractSurefireMojo.executeAfterPreconditionsChecked (AbstractSurefireMojo.java:1147)
    at org.apache.maven.plugin.surefire.AbstractSurefireMojo.execute (AbstractSurefireMojo.java:969)
    at org.apache.maven.plugin.DefaultBuildPluginManager.executeMojo (DefaultBuildPluginManager.java:126)
    at org.apache.maven.lifecycle.internal.MojoExecutor.doExecute2 (MojoExecutor.java:328)
    at org.apache.maven.lifecycle.internal.MojoExecutor.doExecute (MojoExecutor.java:316)
    at org.apache.maven.lifecycle.internal.MojoExecutor.execute (MojoExecutor.java:212)
    at org.apache.maven.lifecycle.internal.MojoExecutor.execute (MojoExecutor.java:174)
    at org.apache.maven.lifecycle.internal.MojoExecutor.access$000 (MojoExecutor.java:75)
    at org.apache.maven.lifecycle.internal.MojoExecutor$1.run (MojoExecutor.java:162)
    at org.apache.maven.plugin.DefaultMojosExecutionStrategy.execute (DefaultMojosExecutionStrategy.java:39)
    at org.apache.maven.lifecycle.internal.MojoExecutor.execute (MojoExecutor.java:159)
    at org.apache.maven.lifecycle.internal.LifecycleModuleBuilder.buildProject (LifecycleModuleBuilder.java:105)
    at org.apache.maven.lifecycle.internal.LifecycleModuleBuilder.buildProject (LifecycleModuleBuilder.java:73)
    at org.apache.maven.lifecycle.internal.builder.singlethreaded.SingleThreadedBuilder.build (SingleThreadedBuilder.java:53)
    at org.apache.maven.lifecycle.internal.LifecycleStarter.execute (LifecycleStarter.java:118)
    at org.apache.maven.DefaultMaven.doExecute (DefaultMaven.java:261)
    at org.apache.maven.DefaultMaven.doExecute (DefaultMaven.java:173)
    at org.apache.maven.DefaultMaven.execute (DefaultMaven.java:101)
    at org.apache.maven.cli.MavenCli.execute (MavenCli.java:906)
    at org.apache.maven.cli.MavenCli.doMain (MavenCli.java:283)
    at org.apache.maven.cli.MavenCli.main (MavenCli.java:206)
    at jdk.internal.reflect.NativeMethodAccessorImpl.invoke0 (Native Method)
    at jdk.internal.reflect.NativeMethodAccessorImpl.invoke (NativeMethodAccessorImpl.java:77)
    at jdk.internal.reflect.DelegatingMethodAccessorImpl.invoke (DelegatingMethodAccessorImpl.java:43)
    at java.lang.reflect.Method.invoke (Method.java:569)
    at org.codehaus.plexus.classworlds.launcher.Launcher.launchEnhanced (Launcher.java:255)
    at org.codehaus.plexus.classworlds.launcher.Launcher.launch (Launcher.java:201)
    at org.codehaus.plexus.classworlds.launcher.Launcher.mainWithExitCode (Launcher.java:361)
    at org.codehaus.plexus.classworlds.launcher.Launcher.main (Launcher.java:314)
[ERROR] 
[ERROR] 
[ERROR] For more information about the errors and possible solutions, please read the following articles:
[ERROR] [Help 1] http://cwiki.apache.org/confluence/display/MAVEN/MojoFailureException
[DEBUG] Shutting down adapter factory; available factories [file-lock, rwlock-local, semaphore-local, noop]; available name mappers [discriminating, file-gav, file-hgav, file-static, gav, static]
[DEBUG] Shutting down 'file-lock' factory
[DEBUG] Shutting down 'rwlock-local' factory
[DEBUG] Shutting down 'semaphore-local' factory
[DEBUG] Shutting down 'noop' factory
